ts-jest[ts-jest-transformer] (WARN) Define `ts-jest` config under `globals` is deprecated. Please do
transform: {
    <transform_regex>: ['ts-jest', { /* ts-jest config goes here in Jest */ }],
},
See more at https://kulshekhar.github.io/ts-jest/docs/getting-started/presets#advanced
  console.log
    Deployer Public Key: b330ff7591dcabe02147dbc4d97a8a88273a31cff4ea5aa0c736e77c166df188

      at Object.<anonymous> (tests/pegin-transmit-e2e.test.ts:17:13)

  console.log
    Deployer Private Key: 91ff07504b4d29e0ca39ee664128ee552bb2ffff9fe057fd8102a891d3802632

      at Object.<anonymous> (tests/pegin-transmit-e2e.test.ts:18:13)

  console.log
    *** Deploying NFT ***

      at Object.<anonymous> (tests/pegin-transmit-e2e.test.ts:20:13)

  console.log
    App ID: 2671e337fee952ff2d5b5eb20482eb5ba62cdb24c8c35b0d234d5576ef4bd213

      at Function.create (src/core/context.ts:44:11)

  console.warn
    App VK is not provided, using charms app vk command to retrieve it

      48 |
      49 | 		if (!obj.appVk) {
    > 50 | 			console.warn(
         | 			        ^
      51 | 				'App VK is not provided, using charms app vk command to retrieve it'
      52 | 			);
      53 | 			thus.appVk = await getVerificationKey(thus);

      at Function.create (src/core/context.ts:50:12)
      at Function.createForDeploy (src/core/context.ts:78:18)
      at deployNftCli (src/cli/deploy.ts:116:32)
      at async Object.<anonymous> (tests/pegin-transmit-e2e.test.ts:22:26)

  console.info
    Executing command: /Users/gadiguy/workspace/charms/target/release/charms app vk

      at src/core/charms-sdk.ts:16:11

  console.error
    Stderr: cargo:warning=rustc +succinct --version: "rustc 1.82.0-dev\n"
    [sp1]  warning: unused variable: `token_app`
    [sp1]    --> src/token.rs:14:33
    [sp1]     |
    [sp1]  14 | pub fn token_transmit_satisfied(token_app: &App, tx: &Transaction) -> bool {
    [sp1]     |                                 ^^^^^^^^^ help: if this is intentional, prefix it with an underscore: `_token_app`
    [sp1]     |
    [sp1]     = note: `#[warn(unused_variables)]` on by default
    [sp1]  
    [sp1]  warning: unused variable: `tx`
    [sp1]    --> src/token.rs:14:50
    [sp1]     |
    [sp1]  14 | pub fn token_transmit_satisfied(token_app: &App, tx: &Transaction) -> bool {
    [sp1]     |                                                  ^^ help: if this is intentional, prefix it with an underscore: `_tx`
    [sp1]  
    [sp1]  warning: `grail-pro-charms` (bin "grail-pro-charms") generated 2 warnings
    [sp1]      Finished `release` profile [optimized] target(s) in 0.11s
    cargo:rustc-env=SP1_ELF_grail-pro-charms=/Users/gadiguy/workspace/grail-pro-charms/zkapp/target/elf-compilation/riscv32im-succinct-zkvm-elf/release/grail-pro-charms
    detected old compiler flags: recompile the ELF for additional security

      30 | 				}
      31 | 				if (stderr) {
    > 32 | 					console.error(`Stderr: ${stderr}`);
         | 					        ^
      33 | 				}
      34 | 				console.info(`Executed successfully: ${stdout}`);
      35 | 				resolve(stdout);

      at src/core/charms-sdk.ts:32:14

  console.info
    Executed successfully: d6d0766949e9de4f5108173f41ba4d386693b9017683a01faf49d011a9658259

      at src/core/charms-sdk.ts:34:13

  console.log
    App Verification Key: d6d0766949e9de4f5108173f41ba4d386693b9017683a01faf49d011a9658259

      at Function.create (src/core/context.ts:57:11)

  console.log
    Creating spell...

      at createSpell (src/core/spells.ts:153:10)

  console.log
    Executing spell creation with Yaml:  version: 4
    apps:
      $00: >-
        n/2671e337fee952ff2d5b5eb20482eb5ba62cdb24c8c35b0d234d5576ef4bd213/d6d0766949e9de4f5108173f41ba4d386693b9017683a01faf49d011a9658259
    private_inputs:
      $00: 3f8893b36b46fa92db08bf629a91b3e4e8b12498af926c32fa367520fecf463a:0
    public_inputs:
      $00:
        action: deploy
    ins: []
    outs:
      - address: bcrt1pek4umpt8g8yg729y5djcharzz9n5p0r334dp433h095dutdp928q86xmxq
        charms:
          $00:
            ticker: GRAIL-NFT
            current_cosigners: b330ff7591dcabe02147dbc4d97a8a88273a31cff4ea5aa0c736e77c166df188
            current_threshold: 1

      at createSpell (src/core/spells.ts:161:10)

  console.info
    Executing command: /Users/gadiguy/workspace/charms/target/release/charms spell prove --spell /var/folders/xg/k82dtxmx2vjd9rfw69vsjl0m0000gn/T/charms-XLzimO/spell.yaml --fee-rate 2000 --app-bins ./zkapp/target/charms-app --funding-utxo 3f8893b36b46fa92db08bf629a91b3e4e8b12498af926c32fa367520fecf463a:0 --funding-utxo-value 39062500 --change-address bcrt1qncuc0ewzpmvnhkamftg3l62c52hmyk230rap4z --temporary-secret-str 2e74109949a3fb1f05ce6503688f481db353d0b1895b43986a32b3b88e5279b5

      at src/core/charms-sdk.ts:16:11

  console.error
    Stderr: detected old compiler flags: recompile the ELF for additional security
    [src/spell.rs:427:9] input_vec.len() = 466
    detected old compiler flags: recompile the ELF for additional security
    detected old compiler flags: recompile the ELF for additional security
    [2m2025-07-30T09:07:11.373898Z[0m [32m INFO[0m [1mprove_core[0m: new
    stdout: app: App(n/2671e337fee952ff2d5b5eb20482eb5ba62cdb24c8c35b0d234d5576ef4bd213/d6d0766949e9de4f5108173f41ba4d386693b9017683a01faf49d011a9658259)
    stdout: tx.ins: {}
    stdout: tx.outs: [{App(n/2671e337fee952ff2d5b5eb20482eb5ba62cdb24c8c35b0d234d5576ef4bd213/d6d0766949e9de4f5108173f41ba4d386693b9017683a01faf49d011a9658259): Data(Map([(Text("ticker"), Text("GRAIL-NFT")), (Text("current_cosigners"), Text("b330ff7591dcabe02147dbc4d97a8a88273a31cff4ea5aa0c736e77c166df188")), (Text("current_threshold"), Integer(Integer(1)))]))}]
    stderr: WARNING: Using insecure random number generator.
    stdout: public_inputs: {"action": "deploy"}
    stderr: Ticker: GRAIL-NFT
    stderr: Threshold: 1
    stderr: Cosigners: ["b330ff7591dcabe02147dbc4d97a8a88273a31cff4ea5aa0c736e77c166df188"]
    stdout: app: App(n/2671e337fee952ff2d5b5eb20482eb5ba62cdb24c8c35b0d234d5576ef4bd213/d6d0766949e9de4f5108173f41ba4d386693b9017683a01faf49d011a9658259)
    stdout: tx.ins: {}
    stdout: tx.outs: [{App(n/2671e337fee952ff2d5b5eb20482eb5ba62cdb24c8c35b0d234d5576ef4bd213/d6d0766949e9de4f5108173f41ba4d386693b9017683a01faf49d011a9658259): Data(Map([(Text("ticker"), Text("GRAIL-NFT")), (Text("current_cosigners"), Text("b330ff7591dcabe02147dbc4d97a8a88273a31cff4ea5aa0c736e77c166df188")), (Text("current_threshold"), Integer(Integer(1)))]))}]
    stderr: WARNING: Using insecure random number generator.
    stdout: public_inputs: {"action": "deploy"}
    stderr: Ticker: GRAIL-NFT
    stderr: Threshold: 1
    stderr: Cosigners: ["b330ff7591dcabe02147dbc4d97a8a88273a31cff4ea5aa0c736e77c166df188"]
    [2m2025-07-30T09:07:19.362894Z[0m [32m INFO[0m [1mprove_core[0m: close [3mtime.busy[0m[2m=[0m7.82s [3mtime.idle[0m[2m=[0m172ms
    [2m2025-07-30T09:07:19.362916Z[0m [32m INFO[0m [1mcompress[0m: new
    [2m2025-07-30T09:07:44.836668Z[0m [32m INFO[0m [1mcompress[0m: close [3mtime.busy[0m[2m=[0m25.5s [3mtime.idle[0m[2m=[0m2.81ms
    detected old compiler flags: recompile the ELF for additional security
    [src/tx/bitcoin_tx.rs:143:27] tx.weight() + Weight::from_wu(2) = Weight(
        216,
    )
    [src/tx/bitcoin_tx.rs:144:11] signatures_weight = Weight(
        0,
    )
    [src/tx/bitcoin_tx.rs:145:11] script_input_weight = Weight(
        627,
    )
    [src/tx/bitcoin_tx.rs:146:11] change_output_weight = Weight(
        172,
    )
    [src/tx/bitcoin_tx.rs:148:31] total_tx_weight = Weight(
        1015,
    )
    [src/tx/bitcoin_tx.rs:115:5] (tx.input[0].witness.size(), tx.input[0].base_size(),
    tx.input[0].total_size()) = (
        463,
        41,
        504,
    )
    [src/tx/bitcoin_tx.rs:120:5] (script_len, tx.input[spell_input_idx].witness.size(),
    tx.input[spell_input_idx].base_size(), tx.input[spell_input_idx].total_size()) = (
        359,
        463,
        41,
        504,
    )
    [src/tx/bitcoin_tx.rs:126:5] tx.output[tx.output.len() - 1].size() = 31

      30 | 				}
      31 | 				if (stderr) {
    > 32 | 					console.error(`Stderr: ${stderr}`);
         | 					        ^
      33 | 				}
      34 | 				console.info(`Executed successfully: ${stdout}`);
      35 | 				resolve(stdout);

      at src/core/charms-sdk.ts:32:14

  console.info
    Executed successfully: 1753866431 Proving spell
    1753866464 Proof obtained 1
    Using mock proof!
    1753866467 Proof obtained 2
    ["02000000013a46cffe207536fa326c92af9824b1e8e4b3919a62bf08db92fa466bb393883f0000000000ffffffff01b4a85002000000002251208583d23eb30550c0090bde490cdf00c8c8a596a5a75b04b327f69f3262026de800000000","02000000000101e18d61a877a00ee49ae1338549edc0f6c0da9b364ce1cf4508858e37715dcaba0000000000ffffffff02e803000000000000225120cdabcd856741c88f28a4a3658bf462116740bc718d5a1ac6377968de2da12a8e60e64802000000001600149e3987e5c20ed93bdbbb4ad11fe958a2afb259510341aa9719ea3139c153e7bee44cbe34b1d03565632964db3489292aa6eceaa94365d965bfae3858682643a95080c383d1646bed129548568f45ac92702abd8699aa81fd67010063057370656c6c4d390182a36776657273696f6e04627478a2647265667380646f75747381a100a3667469636b657269475241494c2d4e46547163757272656e745f636f7369676e6572737840623333306666373539316463616265303231343764626334643937613861383832373361333163666634656135616130633733366537376331363664663138387163757272656e745f7468726573686f6c6401716170705f7075626c69635f696e70757473a183616e98201826187118e3183718fe18e9185218ff182d185b185e18b204188218eb185b18a6182c18db182418c818c3185b0d1823184d1855187618ef184b18d213982018d618d018761869184918e918de184f18510817183f184118ba184d18381866189318b9011876188318a0181f18af184918d01118a9186518821859a166616374696f6e666465706c6f798068201464dc15018910a16b98d64810eb000832a2fb3bebd70bd7c72192da2750b087ac21c01464dc15018910a16b98d64810eb000832a2fb3bebd70bd7c72192da2750b08700000000"]

      at src/core/charms-sdk.ts:34:13

  console.log
    Spell created successfully: {
      "commitmentTxBytes": "0x02000000013a46cffe207536fa326c92af9824b1e8e4b3919a62bf08db92fa466bb393883f0000000000ffffffff01b4a85002000000002251208583d23eb30550c0090bde490cdf00c8c8a596a5a75b04b327f69f3262026de800000000",
      "spellTxBytes": "0x02000000000101e18d61a877a00ee49ae1338549edc0f6c0da9b364ce1cf4508858e37715dcaba0000000000ffffffff02e803000000000000225120cdabcd856741c88f28a4a3658bf462116740bc718d5a1ac6377968de2da12a8e60e64802000000001600149e3987e5c20ed93bdbbb4ad11fe958a2afb259510341aa9719ea3139c153e7bee44cbe34b1d03565632964db3489292aa6eceaa94365d965bfae3858682643a95080c383d1646bed129548568f45ac92702abd8699aa81fd67010063057370656c6c4d390182a36776657273696f6e04627478a2647265667380646f75747381a100a3667469636b657269475241494c2d4e46547163757272656e745f636f7369676e6572737840623333306666373539316463616265303231343764626334643937613861383832373361333163666634656135616130633733366537376331363664663138387163757272656e745f7468726573686f6c6401716170705f7075626c69635f696e70757473a183616e98201826187118e3183718fe18e9185218ff182d185b185e18b204188218eb185b18a6182c18db182418c818c3185b0d1823184d1855187618ef184b18d213982018d618d018761869184918e918de184f18510817183f184118ba184d18381866189318b9011876188318a0181f18af184918d01118a9186518821859a166616374696f6e666465706c6f798068201464dc15018910a16b98d64810eb000832a2fb3bebd70bd7c72192da2750b087ac21c01464dc15018910a16b98d64810eb000832a2fb3bebd70bd7c72192da2750b08700000000"
    }

      at createSpell (src/core/spells.ts:171:10)

  console.log
    Spell created: {
      "commitmentTxBytes": "0x02000000013a46cffe207536fa326c92af9824b1e8e4b3919a62bf08db92fa466bb393883f0000000000ffffffff01b4a85002000000002251208583d23eb30550c0090bde490cdf00c8c8a596a5a75b04b327f69f3262026de800000000",
      "spellTxBytes": "0x02000000000101e18d61a877a00ee49ae1338549edc0f6c0da9b364ce1cf4508858e37715dcaba0000000000ffffffff02e803000000000000225120cdabcd856741c88f28a4a3658bf462116740bc718d5a1ac6377968de2da12a8e60e64802000000001600149e3987e5c20ed93bdbbb4ad11fe958a2afb259510341aa9719ea3139c153e7bee44cbe34b1d03565632964db3489292aa6eceaa94365d965bfae3858682643a95080c383d1646bed129548568f45ac92702abd8699aa81fd67010063057370656c6c4d390182a36776657273696f6e04627478a2647265667380646f75747381a100a3667469636b657269475241494c2d4e46547163757272656e745f636f7369676e6572737840623333306666373539316463616265303231343764626334643937613861383832373361333163666634656135616130633733366537376331363664663138387163757272656e745f7468726573686f6c6401716170705f7075626c69635f696e70757473a183616e98201826187118e3183718fe18e9185218ff182d185b185e18b204188218eb185b18a6182c18db182418c818c3185b0d1823184d1855187618ef184b18d213982018d618d018761869184918e918de184f18510817183f184118ba184d18381866189318b9011876188318a0181f18af184918d01118a9186518821859a166616374696f6e666465706c6f798068201464dc15018910a16b98d64810eb000832a2fb3bebd70bd7c72192da2750b087ac21c01464dc15018910a16b98d64810eb000832a2fb3bebd70bd7c72192da2750b08700000000"
    }

      at deployNft (src/cli/deploy.ts:72:10)

  console.log
    Transmitting spell...

      at transmitSpell (src/api/spell-operations.ts:178:10)

  console.log
    !!!!!! Signing transaction with inputs: undefined

      at BitcoinClient.signTransaction (src/core/bitcoin.ts:153:11)

  console.info
    Sending commitment transaction: 020000000001013a46cffe207536fa326c92af9824b1e8e4b3919a62bf08db92fa466bb393883f0000000000ffffffff01b4a85002000000002251208583d23eb30550c0090bde490cdf00c8c8a596a5a75b04b327f69f3262026de802473044022008913b17f6c4d1beb541b75e27f85f6fd3abdf9ac67a1ba54a83ee94ada2e655022016094832126ab3133b4c55b657acc079dd0657e154862ecddb148fa0095082a3812102aa86c3b5cd5a569ec6be054c4cd4c6e8e9d7cd74077c1c8f49e8aa24ab89899c00000000

      at transmitSpell (src/api/spell-operations.ts:186:10)

  console.info
    Sending spell transaction: 02000000000101e18d61a877a00ee49ae1338549edc0f6c0da9b364ce1cf4508858e37715dcaba0000000000ffffffff02e803000000000000225120cdabcd856741c88f28a4a3658bf462116740bc718d5a1ac6377968de2da12a8e60e64802000000001600149e3987e5c20ed93bdbbb4ad11fe958a2afb259510341aa9719ea3139c153e7bee44cbe34b1d03565632964db3489292aa6eceaa94365d965bfae3858682643a95080c383d1646bed129548568f45ac92702abd8699aa81fd67010063057370656c6c4d390182a36776657273696f6e04627478a2647265667380646f75747381a100a3667469636b657269475241494c2d4e46547163757272656e745f636f7369676e6572737840623333306666373539316463616265303231343764626334643937613861383832373361333163666634656135616130633733366537376331363664663138387163757272656e745f7468726573686f6c6401716170705f7075626c69635f696e70757473a183616e98201826187118e3183718fe18e9185218ff182d185b185e18b204188218eb185b18a6182c18db182418c818c3185b0d1823184d1855187618ef184b18d213982018d618d018761869184918e918de184f18510817183f184118ba184d18381866189318b9011876188318a0181f18af184918d01118a9186518821859a166616374696f6e666465706c6f798068201464dc15018910a16b98d64810eb000832a2fb3bebd70bd7c72192da2750b087ac21c01464dc15018910a16b98d64810eb000832a2fb3bebd70bd7c72192da2750b08700000000

      at transmitSpell (src/api/spell-operations.ts:194:10)

  console.log
    Spell transmitted successfully: [
      'baca5d71378e850845cfe14c369bdac0f6c0ed498533e19ae40ea077a8618de1',
      'ca513cb18e092a2319044f5a949a4da58bb483d2f0b2c44d04c18e7cf04cec2e'
    ]

      at transmitSpell (src/api/spell-operations.ts:200:10)

  console.log
    Deployment Result: {
      appId: '2671e337fee952ff2d5b5eb20482eb5ba62cdb24c8c35b0d234d5576ef4bd213',
      appVk: 'd6d0766949e9de4f5108173f41ba4d386693b9017683a01faf49d011a9658259',
      spellTxid: 'ca513cb18e092a2319044f5a949a4da58bb483d2f0b2c44d04c18e7cf04cec2e'
    }

      at Object.<anonymous> (tests/pegin-transmit-e2e.test.ts:31:13)

  console.log
    *** User payment ***

      at Object.<anonymous> (tests/pegin-transmit-e2e.test.ts:33:13)

  console.log
    New Public Key: 3cda856c63cafffa5b658775356f569ba9a425e505bf79ae0983ac63398c0f49

      at Object.<anonymous> (tests/pegin-transmit-e2e.test.ts:38:13)

  console.log
    Sending funds to user payment address: bcrt1p3pmeqv09ztlnh82we0zr4sgz3adgj890kupum089vwr5tvejzu2sga6t3p

      at sendUserPaymentBtc (src/cli/user-payment.ts:69:10)

  console.log
    Funds sent successfully, txid:  f40672897b5db8d3ef4eb7ef7a63845d550a1c22e641dbc8e6968c527bebf7d8

      at sendUserPaymentBtc (src/cli/user-payment.ts:71:10)

  console.log
    Recovery public key: 4d8640323bf1c25a44a3d7a79549e26e530f72ba85e0b2815db0c3cc195f9068

      at sendUserPaymentBtc (src/cli/user-payment.ts:72:10)

  console.log
    User Payment Result: {
      txid: 'f40672897b5db8d3ef4eb7ef7a63845d550a1c22e641dbc8e6968c527bebf7d8',
      recoveryPublicKey: '4d8640323bf1c25a44a3d7a79549e26e530f72ba85e0b2815db0c3cc195f9068'
    }

      at Object.<anonymous> (tests/pegin-transmit-e2e.test.ts:49:13)

  console.log
    *** Peg-in ***

      at Object.<anonymous> (tests/pegin-transmit-e2e.test.ts:51:13)

  console.log
    App ID: 2671e337fee952ff2d5b5eb20482eb5ba62cdb24c8c35b0d234d5576ef4bd213

      at Function.create (src/core/context.ts:44:11)

  console.log
    App Verification Key: d6d0766949e9de4f5108173f41ba4d386693b9017683a01faf49d011a9658259

      at Function.create (src/core/context.ts:57:11)

  console.info
    Executing command: /Users/gadiguy/workspace/charms/target/release/charms tx show-spell --tx 02000000000101e18d61a877a00ee49ae1338549edc0f6c0da9b364ce1cf4508858e37715dcaba0000000000ffffffff02e803000000000000225120cdabcd856741c88f28a4a3658bf462116740bc718d5a1ac6377968de2da12a8e60e64802000000001600149e3987e5c20ed93bdbbb4ad11fe958a2afb259510341aa9719ea3139c153e7bee44cbe34b1d03565632964db3489292aa6eceaa94365d965bfae3858682643a95080c383d1646bed129548568f45ac92702abd8699aa81fd67010063057370656c6c4d390182a36776657273696f6e04627478a2647265667380646f75747381a100a3667469636b657269475241494c2d4e46547163757272656e745f636f7369676e6572737840623333306666373539316463616265303231343764626334643937613861383832373361333163666634656135616130633733366537376331363664663138387163757272656e745f7468726573686f6c6401716170705f7075626c69635f696e70757473a183616e98201826187118e3183718fe18e9185218ff182d185b185e18b204188218eb185b18a6182c18db182418c818c3185b0d1823184d1855187618ef184b18d213982018d618d018761869184918e918de184f18510817183f184118ba184d18381866189318b9011876188318a0181f18af184918d01118a9186518821859a166616374696f6e666465706c6f798068201464dc15018910a16b98d64810eb000832a2fb3bebd70bd7c72192da2750b087ac21c01464dc15018910a16b98d64810eb000832a2fb3bebd70bd7c72192da2750b08700000000

      at src/core/charms-sdk.ts:16:11

  console.info
    Executed successfully: version: 4
    apps:
      $0000: n/2671e337fee952ff2d5b5eb20482eb5ba62cdb24c8c35b0d234d5576ef4bd213/d6d0766949e9de4f5108173f41ba4d386693b9017683a01faf49d011a9658259
    public_args:
      $0000:
        action: deploy
    ins: []
    outs:
    - charms:
        $0000:
          ticker: GRAIL-NFT
          current_cosigners: b330ff7591dcabe02147dbc4d97a8a88273a31cff4ea5aa0c736e77c166df188
          current_threshold: 1

      at src/core/charms-sdk.ts:34:13

  console.log
    User payment transaction amount: 1000000

      at createPeginSpell (src/api/create-pegin-spell.ts:48:10)

  console.info
    Executing command: /Users/gadiguy/workspace/charms/target/release/charms tx show-spell --tx 02000000000101e18d61a877a00ee49ae1338549edc0f6c0da9b364ce1cf4508858e37715dcaba0000000000ffffffff02e803000000000000225120cdabcd856741c88f28a4a3658bf462116740bc718d5a1ac6377968de2da12a8e60e64802000000001600149e3987e5c20ed93bdbbb4ad11fe958a2afb259510341aa9719ea3139c153e7bee44cbe34b1d03565632964db3489292aa6eceaa94365d965bfae3858682643a95080c383d1646bed129548568f45ac92702abd8699aa81fd67010063057370656c6c4d390182a36776657273696f6e04627478a2647265667380646f75747381a100a3667469636b657269475241494c2d4e46547163757272656e745f636f7369676e6572737840623333306666373539316463616265303231343764626334643937613861383832373361333163666634656135616130633733366537376331363664663138387163757272656e745f7468726573686f6c6401716170705f7075626c69635f696e70757473a183616e98201826187118e3183718fe18e9185218ff182d185b185e18b204188218eb185b18a6182c18db182418c818c3185b0d1823184d1855187618ef184b18d213982018d618d018761869184918e918de184f18510817183f184118ba184d18381866189318b9011876188318a0181f18af184918d01118a9186518821859a166616374696f6e666465706c6f798068201464dc15018910a16b98d64810eb000832a2fb3bebd70bd7c72192da2750b087ac21c01464dc15018910a16b98d64810eb000832a2fb3bebd70bd7c72192da2750b08700000000

      at src/core/charms-sdk.ts:16:11

  console.info
    Executed successfully: version: 4
    apps:
      $0000: n/2671e337fee952ff2d5b5eb20482eb5ba62cdb24c8c35b0d234d5576ef4bd213/d6d0766949e9de4f5108173f41ba4d386693b9017683a01faf49d011a9658259
    public_args:
      $0000:
        action: deploy
    ins: []
    outs:
    - charms:
        $0000:
          ticker: GRAIL-NFT
          current_cosigners: b330ff7591dcabe02147dbc4d97a8a88273a31cff4ea5aa0c736e77c166df188
          current_threshold: 1

      at src/core/charms-sdk.ts:34:13

  console.log
    Previous NFT spell: {
      "version": 4,
      "apps": {
        "$0000": "n/2671e337fee952ff2d5b5eb20482eb5ba62cdb24c8c35b0d234d5576ef4bd213/d6d0766949e9de4f5108173f41ba4d386693b9017683a01faf49d011a9658259"
      },
      "public_args": {
        "$0000": {
          "action": "deploy"
        }
      },
      "ins": [],
      "outs": [
        {
          "charms": {
            "$0000": {
              "ticker": "GRAIL-NFT",
              "current_cosigners": "b330ff7591dcabe02147dbc4d97a8a88273a31cff4ea5aa0c736e77c166df188",
              "current_threshold": 1
            }
          }
        }
      ]
    }

      at createGeneralizedSpell (src/api/create-generalized-spell.ts:212:10)

  console.log
    Creating spell...

      at createSpell (src/core/spells.ts:153:10)

  console.log
    Executing spell creation with Yaml:  version: 4
    apps:
      $00: >-
        n/2671e337fee952ff2d5b5eb20482eb5ba62cdb24c8c35b0d234d5576ef4bd213/d6d0766949e9de4f5108173f41ba4d386693b9017683a01faf49d011a9658259
      $01: >-
        t/2671e337fee952ff2d5b5eb20482eb5ba62cdb24c8c35b0d234d5576ef4bd213/d6d0766949e9de4f5108173f41ba4d386693b9017683a01faf49d011a9658259
    public_inputs:
      $00:
        action: update
      $01:
        action: mint
    ins:
      - utxo_id: ca513cb18e092a2319044f5a949a4da58bb483d2f0b2c44d04c18e7cf04cec2e:0
        charms:
          $00:
            ticker: GRAIL-NFT
            current_cosigners: b330ff7591dcabe02147dbc4d97a8a88273a31cff4ea5aa0c736e77c166df188
            current_threshold: 1
      - utxo_id: f40672897b5db8d3ef4eb7ef7a63845d550a1c22e641dbc8e6968c527bebf7d8:0
    outs:
      - address: bcrt1ptzk3sqm38syp5dlwjjt65798u0unxqd969gf3wzsrm4qwghw4zyszrgdjc
        charms:
          $00:
            ticker: GRAIL-NFT
            current_cosigners: 3cda856c63cafffa5b658775356f569ba9a425e505bf79ae0983ac63398c0f49
            current_threshold: 1
      - address: bcrt1pg2gd8hewfmwthnxcpqxt74jg7k97mdtktfjx3avvjfkvh9jjujhqfl8kwx
        charms:
          $00:
            type: user_charms
          $01:
            amount: 1000000

      at createSpell (src/core/spells.ts:161:10)

  console.info
    Executing command: /Users/gadiguy/workspace/charms/target/release/charms spell prove --spell /var/folders/xg/k82dtxmx2vjd9rfw69vsjl0m0000gn/T/charms-jIZENE/spell.yaml --fee-rate 2000 --app-bins ./zkapp/target/charms-app --funding-utxo ca513cb18e092a2319044f5a949a4da58bb483d2f0b2c44d04c18e7cf04cec2e:1 --funding-utxo-value 38332000 --change-address bcrt1qzuemedlhwm3yejrw73n27drnm4kve7dhxm2jln --prev-txs 02000000000101e18d61a877a00ee49ae1338549edc0f6c0da9b364ce1cf4508858e37715dcaba0000000000ffffffff02e803000000000000225120cdabcd856741c88f28a4a3658bf462116740bc718d5a1ac6377968de2da12a8e60e64802000000001600149e3987e5c20ed93bdbbb4ad11fe958a2afb259510341aa9719ea3139c153e7bee44cbe34b1d03565632964db3489292aa6eceaa94365d965bfae3858682643a95080c383d1646bed129548568f45ac92702abd8699aa81fd67010063057370656c6c4d390182a36776657273696f6e04627478a2647265667380646f75747381a100a3667469636b657269475241494c2d4e46547163757272656e745f636f7369676e6572737840623333306666373539316463616265303231343764626334643937613861383832373361333163666634656135616130633733366537376331363664663138387163757272656e745f7468726573686f6c6401716170705f7075626c69635f696e70757473a183616e98201826187118e3183718fe18e9185218ff182d185b185e18b204188218eb185b18a6182c18db182418c818c3185b0d1823184d1855187618ef184b18d213982018d618d018761869184918e918de184f18510817183f184118ba184d18381866189318b9011876188318a0181f18af184918d01118a9186518821859a166616374696f6e666465706c6f798068201464dc15018910a16b98d64810eb000832a2fb3bebd70bd7c72192da2750b087ac21c01464dc15018910a16b98d64810eb000832a2fb3bebd70bd7c72192da2750b08700000000,020000000001017b5193e8da4b5b2ab983114d6b41d006845b5a0b2d59bb32f3e3f6a1ba0da65e0000000000fdffffff0240420f000000000022512088779031e512ff3b9d4ecbc43ac1028f5a891cafb703cdbce5638745b3321715fd383102000000002251204290d3df2e4edcbbccd8080cbf5648f58bedb5765a6468f58c926ccb9652e4ae0140927258ef6dadaac89ab09cc15d7341077362f887c4944e95e7ab352845ea8ba5b937b3482d2760d6e62dfc1bddddab5ead5dad7caf9ce7cfb661ef6483219c78dd040000 --temporary-secret-str 9d2f355e22b28bbc5d8c6edac2888f72d849431e34a84723ca903c06e50e0d15

      at src/core/charms-sdk.ts:16:11

  console.error
    Stderr: detected old compiler flags: recompile the ELF for additional security
    [src/spell.rs:427:9] input_vec.len() = 2259
    detected old compiler flags: recompile the ELF for additional security
    detected old compiler flags: recompile the ELF for additional security
    [2m2025-07-30T09:07:51.963059Z[0m [32m INFO[0m [1mprove_core[0m: new
    stdout: app: App(n/2671e337fee952ff2d5b5eb20482eb5ba62cdb24c8c35b0d234d5576ef4bd213/d6d0766949e9de4f5108173f41ba4d386693b9017683a01faf49d011a9658259)
    stdout: tx.ins: {UtxoId(ca513cb18e092a2319044f5a949a4da58bb483d2f0b2c44d04c18e7cf04cec2e:0): {App(n/2671e337fee952ff2d5b5eb20482eb5ba62cdb24c8c35b0d234d5576ef4bd213/d6d0766949e9de4f5108173f41ba4d386693b9017683a01faf49d011a9658259): Data(Map([(Text("ticker"), Text("GRAIL-NFT")), (Text("current_cosigners"), Text("b330ff7591dcabe02147dbc4d97a8a88273a31cff4ea5aa0c736e77c166df188")), (Text("current_threshold"), Integer(Integer(1)))]))}, UtxoId(f40672897b5db8d3ef4eb7ef7a63845d550a1c22e641dbc8e6968c527bebf7d8:0): {}}
    stdout: tx.outs: [{App(n/2671e337fee952ff2d5b5eb20482eb5ba62cdb24c8c35b0d234d5576ef4bd213/d6d0766949e9de4f5108173f41ba4d386693b9017683a01faf49d011a9658259): Data(Map([(Text("ticker"), Text("GRAIL-NFT")), (Text("current_cosigners"), Text("3cda856c63cafffa5b658775356f569ba9a425e505bf79ae0983ac63398c0f49")), (Text("current_threshold"), Integer(Integer(1)))]))}, {App(n/2671e337fee952ff2d5b5eb20482eb5ba62cdb24c8c35b0d234d5576ef4bd213/d6d0766949e9de4f5108173f41ba4d386693b9017683a01faf49d011a9658259): Data(Map([(Text("type"), Text("user_charms"))])), App(t/2671e337fee952ff2d5b5eb20482eb5ba62cdb24c8c35b0d234d5576ef4bd213/d6d0766949e9de4f5108173f41ba4d386693b9017683a01faf49d011a9658259): Data(Map([(Text("amount"), Integer(Integer(1000000)))]))}]
    stderr: WARNING: Using insecure random number generator.
    stdout: public_inputs: {"action": "update"}
    stderr: Ticker: GRAIL-NFT
    stderr: Threshold: 1
    stderr: Cosigners: ["3cda856c63cafffa5b658775356f569ba9a425e505bf79ae0983ac63398c0f49"]
    stdout: app: App(n/2671e337fee952ff2d5b5eb20482eb5ba62cdb24c8c35b0d234d5576ef4bd213/d6d0766949e9de4f5108173f41ba4d386693b9017683a01faf49d011a9658259)
    stdout: tx.ins: {UtxoId(ca513cb18e092a2319044f5a949a4da58bb483d2f0b2c44d04c18e7cf04cec2e:0): {App(n/2671e337fee952ff2d5b5eb20482eb5ba62cdb24c8c35b0d234d5576ef4bd213/d6d0766949e9de4f5108173f41ba4d386693b9017683a01faf49d011a9658259): Data(Map([(Text("ticker"), Text("GRAIL-NFT")), (Text("current_cosigners"), Text("b330ff7591dcabe02147dbc4d97a8a88273a31cff4ea5aa0c736e77c166df188")), (Text("current_threshold"), Integer(Integer(1)))]))}, UtxoId(f40672897b5db8d3ef4eb7ef7a63845d550a1c22e641dbc8e6968c527bebf7d8:0): {}}
    stdout: tx.outs: [{App(n/2671e337fee952ff2d5b5eb20482eb5ba62cdb24c8c35b0d234d5576ef4bd213/d6d0766949e9de4f5108173f41ba4d386693b9017683a01faf49d011a9658259): Data(Map([(Text("ticker"), Text("GRAIL-NFT")), (Text("current_cosigners"), Text("3cda856c63cafffa5b658775356f569ba9a425e505bf79ae0983ac63398c0f49")), (Text("current_threshold"), Integer(Integer(1)))]))}, {App(n/2671e337fee952ff2d5b5eb20482eb5ba62cdb24c8c35b0d234d5576ef4bd213/d6d0766949e9de4f5108173f41ba4d386693b9017683a01faf49d011a9658259): Data(Map([(Text("type"), Text("user_charms"))])), App(t/2671e337fee952ff2d5b5eb20482eb5ba62cdb24c8c35b0d234d5576ef4bd213/d6d0766949e9de4f5108173f41ba4d386693b9017683a01faf49d011a9658259): Data(Map([(Text("amount"), Integer(Integer(1000000)))]))}]
    stderr: WARNING: Using insecure random number generator.
    stdout: public_inputs: {"action": "update"}
    stderr: Ticker: GRAIL-NFT
    stderr: Threshold: 1
    stderr: Cosigners: ["3cda856c63cafffa5b658775356f569ba9a425e505bf79ae0983ac63398c0f49"]
    [2m2025-07-30T09:08:02.478211Z[0m [32m INFO[0m [1mprove_core[0m: close [3mtime.busy[0m[2m=[0m10.3s [3mtime.idle[0m[2m=[0m198ms
    [2m2025-07-30T09:08:02.478230Z[0m [32m INFO[0m [1mcompress[0m: new
    [2m2025-07-30T09:08:27.363102Z[0m [32m INFO[0m [1mcompress[0m: close [3mtime.busy[0m[2m=[0m24.9s [3mtime.idle[0m[2m=[0m2.28ms
    detected old compiler flags: recompile the ELF for additional security
    [2m2025-07-30T09:08:27.369285Z[0m [32m INFO[0m [1mprove_core[0m: new
    stdout: app: App(t/2671e337fee952ff2d5b5eb20482eb5ba62cdb24c8c35b0d234d5576ef4bd213/d6d0766949e9de4f5108173f41ba4d386693b9017683a01faf49d011a9658259)
    stdout: tx.ins: {UtxoId(ca513cb18e092a2319044f5a949a4da58bb483d2f0b2c44d04c18e7cf04cec2e:0): {App(n/2671e337fee952ff2d5b5eb20482eb5ba62cdb24c8c35b0d234d5576ef4bd213/d6d0766949e9de4f5108173f41ba4d386693b9017683a01faf49d011a9658259): Data(Map([(Text("ticker"), Text("GRAIL-NFT")), (Text("current_cosigners"), Text("b330ff7591dcabe02147dbc4d97a8a88273a31cff4ea5aa0c736e77c166df188")), (Text("current_threshold"), Integer(Integer(1)))]))}, UtxoId(f40672897b5db8d3ef4eb7ef7a63845d550a1c22e641dbc8e6968c527bebf7d8:0): {}}
    stdout: tx.outs: [{App(n/2671e337fee952ff2d5b5eb20482eb5ba62cdb24c8c35b0d234d5576ef4bd213/d6d0766949e9de4f5108173f41ba4d386693b9017683a01faf49d011a9658259): Data(Map([(Text("ticker"), Text("GRAIL-NFT")), (Text("current_cosigners"), Text("3cda856c63cafffa5b658775356f569ba9a425e505bf79ae0983ac63398c0f49")), (Text("current_threshold"), Integer(Integer(1)))]))}, {App(n/2671e337fee952ff2d5b5eb20482eb5ba62cdb24c8c35b0d234d5576ef4bd213/d6d0766949e9de4f5108173f41ba4d386693b9017683a01faf49d011a9658259): Data(Map([(Text("type"), Text("user_charms"))])), App(t/2671e337fee952ff2d5b5eb20482eb5ba62cdb24c8c35b0d234d5576ef4bd213/d6d0766949e9de4f5108173f41ba4d386693b9017683a01faf49d011a9658259): Data(Map([(Text("amount"), Integer(Integer(1000000)))]))}]
    stderr: WARNING: Using insecure random number generator.
    stdout: public_inputs: {"action": "mint"}
    stdout: app: App(t/2671e337fee952ff2d5b5eb20482eb5ba62cdb24c8c35b0d234d5576ef4bd213/d6d0766949e9de4f5108173f41ba4d386693b9017683a01faf49d011a9658259)
    stdout: tx.ins: {UtxoId(ca513cb18e092a2319044f5a949a4da58bb483d2f0b2c44d04c18e7cf04cec2e:0): {App(n/2671e337fee952ff2d5b5eb20482eb5ba62cdb24c8c35b0d234d5576ef4bd213/d6d0766949e9de4f5108173f41ba4d386693b9017683a01faf49d011a9658259): Data(Map([(Text("ticker"), Text("GRAIL-NFT")), (Text("current_cosigners"), Text("b330ff7591dcabe02147dbc4d97a8a88273a31cff4ea5aa0c736e77c166df188")), (Text("current_threshold"), Integer(Integer(1)))]))}, UtxoId(f40672897b5db8d3ef4eb7ef7a63845d550a1c22e641dbc8e6968c527bebf7d8:0): {}}
    stdout: tx.outs: [{App(n/2671e337fee952ff2d5b5eb20482eb5ba62cdb24c8c35b0d234d5576ef4bd213/d6d0766949e9de4f5108173f41ba4d386693b9017683a01faf49d011a9658259): Data(Map([(Text("ticker"), Text("GRAIL-NFT")), (Text("current_cosigners"), Text("3cda856c63cafffa5b658775356f569ba9a425e505bf79ae0983ac63398c0f49")), (Text("current_threshold"), Integer(Integer(1)))]))}, {App(n/2671e337fee952ff2d5b5eb20482eb5ba62cdb24c8c35b0d234d5576ef4bd213/d6d0766949e9de4f5108173f41ba4d386693b9017683a01faf49d011a9658259): Data(Map([(Text("type"), Text("user_charms"))])), App(t/2671e337fee952ff2d5b5eb20482eb5ba62cdb24c8c35b0d234d5576ef4bd213/d6d0766949e9de4f5108173f41ba4d386693b9017683a01faf49d011a9658259): Data(Map([(Text("amount"), Integer(Integer(1000000)))]))}]
    stderr: WARNING: Using insecure random number generator.
    stdout: public_inputs: {"action": "mint"}
    [2m2025-07-30T09:08:37.856639Z[0m [32m INFO[0m [1mprove_core[0m: close [3mtime.busy[0m[2m=[0m10.3s [3mtime.idle[0m[2m=[0m203ms
    [2m2025-07-30T09:08:37.856657Z[0m [32m INFO[0m [1mcompress[0m: new
    [2m2025-07-30T09:09:03.089473Z[0m [32m INFO[0m [1mcompress[0m: close [3mtime.busy[0m[2m=[0m25.2s [3mtime.idle[0m[2m=[0m2.83ms
    detected old compiler flags: recompile the ELF for additional security
    [src/tx/bitcoin_tx.rs:143:27] tx.weight() + Weight::from_wu(2) = Weight(
        714,
    )
    [src/tx/bitcoin_tx.rs:144:11] signatures_weight = Weight(
        132,
    )
    [src/tx/bitcoin_tx.rs:145:11] script_input_weight = Weight(
        802,
    )
    [src/tx/bitcoin_tx.rs:146:11] change_output_weight = Weight(
        172,
    )
    [src/tx/bitcoin_tx.rs:148:31] total_tx_weight = Weight(
        1820,
    )
    [src/tx/bitcoin_tx.rs:115:5] (tx.input[0].witness.size(), tx.input[0].base_size(),
    tx.input[0].total_size()) = (
        1,
        41,
        42,
    )
    [src/tx/bitcoin_tx.rs:120:5] (script_len, tx.input[spell_input_idx].witness.size(),
    tx.input[spell_input_idx].base_size(), tx.input[spell_input_idx].total_size()) = (
        534,
        638,
        41,
        679,
    )
    [src/tx/bitcoin_tx.rs:126:5] tx.output[tx.output.len() - 1].size() = 31

      30 | 				}
      31 | 				if (stderr) {
    > 32 | 					console.error(`Stderr: ${stderr}`);
         | 					        ^
      33 | 				}
      34 | 				console.info(`Executed successfully: ${stdout}`);
      35 | 				resolve(stdout);

      at src/core/charms-sdk.ts:32:14

  console.info
    Executed successfully: 1753866471 Proving spell
    1753866543 Proof obtained 1
    Using mock proof!
    1753866546 Proof obtained 2
    ["02000000012eec4cf07c8ec1044dc4b2f0d283b48ba54d9a945a4f0419232a098eb13c51ca0100000000ffffffff01308345020000000022512076bf985ba0662f4e7e2f26b54de769276aef84726659ca29b9c45d2ab4c8024200000000","020000000001032eec4cf07c8ec1044dc4b2f0d283b48ba54d9a945a4f0419232a098eb13c51ca0000000000ffffffffd8f7eb7b528c96e6c8db41e6221c0a555d84637aefb74eefd3b85d7b897206f40000000000fffffffff6062a0464ba11d0954181d2f1ee6520f159b76de8f7a88a6b08cb4d939765b90000000000ffffffff03e80300000000000022512058ad1803713c081a37ee9497aa78a7e3f93301a5d15098b8501eea0722eea889e8030000000000002251204290d3df2e4edcbbccd8080cbf5648f58bedb5765a6468f58c926ccb9652e4aed8de4602000000001600141733bcb7f776e24cc86ef466af3473dd6cccf9b7000003415dad5dccaab4ce2d44600690c640e1bc87858c6316ac1d71cea2187d984472a3153a31eeb7fe7dcd11b4c97879b23a93db55e4274770d6189c566a2f8da1821281fd16020063057370656c6c4de80182a36776657273696f6e04627478a2647265667380646f75747382a100a3667469636b657269475241494c2d4e46547163757272656e745f636f7369676e6572737840336364613835366336336361666666613562363538373735333536663536396261396134323565353035626637396165303938336163363333393863306634397163757272656e745f7468726573686f6c6401a200a164747970656b757365725f636861726d7301a166616d6f756e741a000f4240716170705f7075626c69635f696e70757473a283616e98201826187118e3183718fe18e9185218ff182d185b185e18b204188218eb185b18a6182c18db182418c818c3185b0d1823184d1855187618ef184b18d213982018d618d018761869184918e918de184f18510817183f184118ba184d18381866189318b9011876188318a0181f18af184918d01118a9186518821859a166616374696f6e6675706461746583617498201826187118e3183718fe18e9185218ff182d185b185e18b204188218eb185b18a6182c18db182418c818c3185b0d1823184d1855187618ef184b18d213982018d618d018761869184918e918de184f18510817183f184118ba184d18381866189318b9011876188318a0181f18af184918d01118a9186518821859a166616374696f6e646d696e748068204aad5d300ae0a0a5ce4a2248642add98435604fe12c5f9dd29c48a4418a5c1a0ac21c14aad5d300ae0a0a5ce4a2248642add98435604fe12c5f9dd29c48a4418a5c1a000000000"]

      at src/core/charms-sdk.ts:34:13

  console.log
    Spell created successfully: {
      "commitmentTxBytes": "0x02000000012eec4cf07c8ec1044dc4b2f0d283b48ba54d9a945a4f0419232a098eb13c51ca0100000000ffffffff01308345020000000022512076bf985ba0662f4e7e2f26b54de769276aef84726659ca29b9c45d2ab4c8024200000000",
      "spellTxBytes": "0x020000000001032eec4cf07c8ec1044dc4b2f0d283b48ba54d9a945a4f0419232a098eb13c51ca0000000000ffffffffd8f7eb7b528c96e6c8db41e6221c0a555d84637aefb74eefd3b85d7b897206f40000000000fffffffff6062a0464ba11d0954181d2f1ee6520f159b76de8f7a88a6b08cb4d939765b90000000000ffffffff03e80300000000000022512058ad1803713c081a37ee9497aa78a7e3f93301a5d15098b8501eea0722eea889e8030000000000002251204290d3df2e4edcbbccd8080cbf5648f58bedb5765a6468f58c926ccb9652e4aed8de4602000000001600141733bcb7f776e24cc86ef466af3473dd6cccf9b7000003415dad5dccaab4ce2d44600690c640e1bc87858c6316ac1d71cea2187d984472a3153a31eeb7fe7dcd11b4c97879b23a93db55e4274770d6189c566a2f8da1821281fd16020063057370656c6c4de80182a36776657273696f6e04627478a2647265667380646f75747382a100a3667469636b657269475241494c2d4e46547163757272656e745f636f7369676e6572737840336364613835366336336361666666613562363538373735333536663536396261396134323565353035626637396165303938336163363333393863306634397163757272656e745f7468726573686f6c6401a200a164747970656b757365725f636861726d7301a166616d6f756e741a000f4240716170705f7075626c69635f696e70757473a283616e98201826187118e3183718fe18e9185218ff182d185b185e18b204188218eb185b18a6182c18db182418c818c3185b0d1823184d1855187618ef184b18d213982018d618d018761869184918e918de184f18510817183f184118ba184d18381866189318b9011876188318a0181f18af184918d01118a9186518821859a166616374696f6e6675706461746583617498201826187118e3183718fe18e9185218ff182d185b185e18b204188218eb185b18a6182c18db182418c818c3185b0d1823184d1855187618ef184b18d213982018d618d018761869184918e918de184f18510817183f184118ba184d18381866189318b9011876188318a0181f18af184918d01118a9186518821859a166616374696f6e646d696e748068204aad5d300ae0a0a5ce4a2248642add98435604fe12c5f9dd29c48a4418a5c1a0ac21c14aad5d300ae0a0a5ce4a2248642add98435604fe12c5f9dd29c48a4418a5c1a000000000"
    }

      at createSpell (src/core/spells.ts:171:10)

  console.log
    Spell created: {
      "commitmentTxBytes": "0x02000000012eec4cf07c8ec1044dc4b2f0d283b48ba54d9a945a4f0419232a098eb13c51ca0100000000ffffffff01308345020000000022512076bf985ba0662f4e7e2f26b54de769276aef84726659ca29b9c45d2ab4c8024200000000",
      "spellTxBytes": "0x020000000001032eec4cf07c8ec1044dc4b2f0d283b48ba54d9a945a4f0419232a098eb13c51ca0000000000ffffffffd8f7eb7b528c96e6c8db41e6221c0a555d84637aefb74eefd3b85d7b897206f40000000000fffffffff6062a0464ba11d0954181d2f1ee6520f159b76de8f7a88a6b08cb4d939765b90000000000ffffffff03e80300000000000022512058ad1803713c081a37ee9497aa78a7e3f93301a5d15098b8501eea0722eea889e8030000000000002251204290d3df2e4edcbbccd8080cbf5648f58bedb5765a6468f58c926ccb9652e4aed8de4602000000001600141733bcb7f776e24cc86ef466af3473dd6cccf9b7022420b330ff7591dcabe02147dbc4d97a8a88273a31cff4ea5aa0c736e77c166df188ac519c21c150929b74c1a04954b78b4b6035e97a5e078a5a0f28ec96d547bfee9ace803ac00224203cda856c63cafffa5b658775356f569ba9a425e505bf79ae0983ac63398c0f49ac519c41c150929b74c1a04954b78b4b6035e97a5e078a5a0f28ec96d547bfee9ace803ac0476a2734d03fc0a4b5a7dbc3b2889821b5c87fd51f1c47fb8f7254b8aa053ee803415dad5dccaab4ce2d44600690c640e1bc87858c6316ac1d71cea2187d984472a3153a31eeb7fe7dcd11b4c97879b23a93db55e4274770d6189c566a2f8da1821281fd16020063057370656c6c4de80182a36776657273696f6e04627478a2647265667380646f75747382a100a3667469636b657269475241494c2d4e46547163757272656e745f636f7369676e6572737840336364613835366336336361666666613562363538373735333536663536396261396134323565353035626637396165303938336163363333393863306634397163757272656e745f7468726573686f6c6401a200a164747970656b757365725f636861726d7301a166616d6f756e741a000f4240716170705f7075626c69635f696e70757473a283616e98201826187118e3183718fe18e9185218ff182d185b185e18b204188218eb185b18a6182c18db182418c818c3185b0d1823184d1855187618ef184b18d213982018d618d018761869184918e918de184f18510817183f184118ba184d18381866189318b9011876188318a0181f18af184918d01118a9186518821859a166616374696f6e6675706461746583617498201826187118e3183718fe18e9185218ff182d185b185e18b204188218eb185b18a6182c18db182418c818c3185b0d1823184d1855187618ef184b18d213982018d618d018761869184918e918de184f18510817183f184118ba184d18381866189318b9011876188318a0181f18af184918d01118a9186518821859a166616374696f6e646d696e748068204aad5d300ae0a0a5ce4a2248642add98435604fe12c5f9dd29c48a4418a5c1a0ac21c14aad5d300ae0a0a5ce4a2248642add98435604fe12c5f9dd29c48a4418a5c1a000000000"
    }

      at createGeneralizedSpell (src/api/create-generalized-spell.ts:377:10)

  console.log
    Peg-in spell created: {
      "commitmentTxBytes": "0x02000000012eec4cf07c8ec1044dc4b2f0d283b48ba54d9a945a4f0419232a098eb13c51ca0100000000ffffffff01308345020000000022512076bf985ba0662f4e7e2f26b54de769276aef84726659ca29b9c45d2ab4c8024200000000",
      "spellTxBytes": "0x020000000001032eec4cf07c8ec1044dc4b2f0d283b48ba54d9a945a4f0419232a098eb13c51ca0000000000ffffffffd8f7eb7b528c96e6c8db41e6221c0a555d84637aefb74eefd3b85d7b897206f40000000000fffffffff6062a0464ba11d0954181d2f1ee6520f159b76de8f7a88a6b08cb4d939765b90000000000ffffffff03e80300000000000022512058ad1803713c081a37ee9497aa78a7e3f93301a5d15098b8501eea0722eea889e8030000000000002251204290d3df2e4edcbbccd8080cbf5648f58bedb5765a6468f58c926ccb9652e4aed8de4602000000001600141733bcb7f776e24cc86ef466af3473dd6cccf9b7022420b330ff7591dcabe02147dbc4d97a8a88273a31cff4ea5aa0c736e77c166df188ac519c21c150929b74c1a04954b78b4b6035e97a5e078a5a0f28ec96d547bfee9ace803ac00224203cda856c63cafffa5b658775356f569ba9a425e505bf79ae0983ac63398c0f49ac519c41c150929b74c1a04954b78b4b6035e97a5e078a5a0f28ec96d547bfee9ace803ac0476a2734d03fc0a4b5a7dbc3b2889821b5c87fd51f1c47fb8f7254b8aa053ee803415dad5dccaab4ce2d44600690c640e1bc87858c6316ac1d71cea2187d984472a3153a31eeb7fe7dcd11b4c97879b23a93db55e4274770d6189c566a2f8da1821281fd16020063057370656c6c4de80182a36776657273696f6e04627478a2647265667380646f75747382a100a3667469636b657269475241494c2d4e46547163757272656e745f636f7369676e6572737840336364613835366336336361666666613562363538373735333536663536396261396134323565353035626637396165303938336163363333393863306634397163757272656e745f7468726573686f6c6401a200a164747970656b757365725f636861726d7301a166616d6f756e741a000f4240716170705f7075626c69635f696e70757473a283616e98201826187118e3183718fe18e9185218ff182d185b185e18b204188218eb185b18a6182c18db182418c818c3185b0d1823184d1855187618ef184b18d213982018d618d018761869184918e918de184f18510817183f184118ba184d18381866189318b9011876188318a0181f18af184918d01118a9186518821859a166616374696f6e6675706461746583617498201826187118e3183718fe18e9185218ff182d185b185e18b204188218eb185b18a6182c18db182418c818c3185b0d1823184d1855187618ef184b18d213982018d618d018761869184918e918de184f18510817183f184118ba184d18381866189318b9011876188318a0181f18af184918d01118a9186518821859a166616374696f6e646d696e748068204aad5d300ae0a0a5ce4a2248642add98435604fe12c5f9dd29c48a4418a5c1a0ac21c14aad5d300ae0a0a5ce4a2248642add98435604fe12c5f9dd29c48a4418a5c1a000000000"
    }

      at createPeginSpell (src/api/create-pegin-spell.ts:70:10)

  console.log
    Spell created: {
      "commitmentTxBytes": "0x02000000012eec4cf07c8ec1044dc4b2f0d283b48ba54d9a945a4f0419232a098eb13c51ca0100000000ffffffff01308345020000000022512076bf985ba0662f4e7e2f26b54de769276aef84726659ca29b9c45d2ab4c8024200000000",
      "spellTxBytes": "0x020000000001032eec4cf07c8ec1044dc4b2f0d283b48ba54d9a945a4f0419232a098eb13c51ca0000000000ffffffffd8f7eb7b528c96e6c8db41e6221c0a555d84637aefb74eefd3b85d7b897206f40000000000fffffffff6062a0464ba11d0954181d2f1ee6520f159b76de8f7a88a6b08cb4d939765b90000000000ffffffff03e80300000000000022512058ad1803713c081a37ee9497aa78a7e3f93301a5d15098b8501eea0722eea889e8030000000000002251204290d3df2e4edcbbccd8080cbf5648f58bedb5765a6468f58c926ccb9652e4aed8de4602000000001600141733bcb7f776e24cc86ef466af3473dd6cccf9b7022420b330ff7591dcabe02147dbc4d97a8a88273a31cff4ea5aa0c736e77c166df188ac519c21c150929b74c1a04954b78b4b6035e97a5e078a5a0f28ec96d547bfee9ace803ac00224203cda856c63cafffa5b658775356f569ba9a425e505bf79ae0983ac63398c0f49ac519c41c150929b74c1a04954b78b4b6035e97a5e078a5a0f28ec96d547bfee9ace803ac0476a2734d03fc0a4b5a7dbc3b2889821b5c87fd51f1c47fb8f7254b8aa053ee803415dad5dccaab4ce2d44600690c640e1bc87858c6316ac1d71cea2187d984472a3153a31eeb7fe7dcd11b4c97879b23a93db55e4274770d6189c566a2f8da1821281fd16020063057370656c6c4de80182a36776657273696f6e04627478a2647265667380646f75747382a100a3667469636b657269475241494c2d4e46547163757272656e745f636f7369676e6572737840336364613835366336336361666666613562363538373735333536663536396261396134323565353035626637396165303938336163363333393863306634397163757272656e745f7468726573686f6c6401a200a164747970656b757365725f636861726d7301a166616d6f756e741a000f4240716170705f7075626c69635f696e70757473a283616e98201826187118e3183718fe18e9185218ff182d185b185e18b204188218eb185b18a6182c18db182418c818c3185b0d1823184d1855187618ef184b18d213982018d618d018761869184918e918de184f18510817183f184118ba184d18381866189318b9011876188318a0181f18af184918d01118a9186518821859a166616374696f6e6675706461746583617498201826187118e3183718fe18e9185218ff182d185b185e18b204188218eb185b18a6182c18db182418c818c3185b0d1823184d1855187618ef184b18d213982018d618d018761869184918e918de184f18510817183f184118ba184d18381866189318b9011876188318a0181f18af184918d01118a9186518821859a166616374696f6e646d696e748068204aad5d300ae0a0a5ce4a2248642add98435604fe12c5f9dd29c48a4418a5c1a0ac21c14aad5d300ae0a0a5ce4a2248642add98435604fe12c5f9dd29c48a4418a5c1a000000000"
    }

      at peginCli (src/cli/pegin.ts:143:10)

  console.log
    Signed spell: {
      "commitmentTxBytes": "0x02000000012eec4cf07c8ec1044dc4b2f0d283b48ba54d9a945a4f0419232a098eb13c51ca0100000000ffffffff01308345020000000022512076bf985ba0662f4e7e2f26b54de769276aef84726659ca29b9c45d2ab4c8024200000000",
      "spellTxBytes": "0x020000000001032eec4cf07c8ec1044dc4b2f0d283b48ba54d9a945a4f0419232a098eb13c51ca0000000000ffffffffd8f7eb7b528c96e6c8db41e6221c0a555d84637aefb74eefd3b85d7b897206f40000000000fffffffff6062a0464ba11d0954181d2f1ee6520f159b76de8f7a88a6b08cb4d939765b90000000000ffffffff03e80300000000000022512058ad1803713c081a37ee9497aa78a7e3f93301a5d15098b8501eea0722eea889e8030000000000002251204290d3df2e4edcbbccd8080cbf5648f58bedb5765a6468f58c926ccb9652e4aed8de4602000000001600141733bcb7f776e24cc86ef466af3473dd6cccf9b7034082541b4cfe4269e9f94baa96b4b778488e8a87742cd14c50eb32359d696c3ea6c1e8a0558d385636fec90ad3fc03d9cebe5121e89f3cb2c7505a84eca541072f2420b330ff7591dcabe02147dbc4d97a8a88273a31cff4ea5aa0c736e77c166df188ac519c21c150929b74c1a04954b78b4b6035e97a5e078a5a0f28ec96d547bfee9ace803ac0034075eab798a9d5c3405120230a36469ba499ccad3c5d49e4a0614bdb337a7354878315c96bb7763a75fc839a4e4e65ef88f388a06a95ebd546213dc934c69f669824203cda856c63cafffa5b658775356f569ba9a425e505bf79ae0983ac63398c0f49ac519c41c150929b74c1a04954b78b4b6035e97a5e078a5a0f28ec96d547bfee9ace803ac0476a2734d03fc0a4b5a7dbc3b2889821b5c87fd51f1c47fb8f7254b8aa053ee803400ea1e3032c44665071da19b50be4280d7d2338501246b8bff007443170d2a43077f46af90658a4a673b7b515445bc06b22f3c5fc4a521aa2de2612f71e5614cdfd16020063057370656c6c4de80182a36776657273696f6e04627478a2647265667380646f75747382a100a3667469636b657269475241494c2d4e46547163757272656e745f636f7369676e6572737840336364613835366336336361666666613562363538373735333536663536396261396134323565353035626637396165303938336163363333393863306634397163757272656e745f7468726573686f6c6401a200a164747970656b757365725f636861726d7301a166616d6f756e741a000f4240716170705f7075626c69635f696e70757473a283616e98201826187118e3183718fe18e9185218ff182d185b185e18b204188218eb185b18a6182c18db182418c818c3185b0d1823184d1855187618ef184b18d213982018d618d018761869184918e918de184f18510817183f184118ba184d18381866189318b9011876188318a0181f18af184918d01118a9186518821859a166616374696f6e6675706461746583617498201826187118e3183718fe18e9185218ff182d185b185e18b204188218eb185b18a6182c18db182418c818c3185b0d1823184d1855187618ef184b18d213982018d618d018761869184918e918de184f18510817183f184118ba184d18381866189318b9011876188318a0181f18af184918d01118a9186518821859a166616374696f6e646d696e748068204aad5d300ae0a0a5ce4a2248642add98435604fe12c5f9dd29c48a4418a5c1a0ac21c14aad5d300ae0a0a5ce4a2248642add98435604fe12c5f9dd29c48a4418a5c1a000000000"
    }

      at peginCli (src/cli/pegin.ts:159:10)

  console.log
    Transmitting spell...

      at transmitSpell (src/api/spell-operations.ts:178:10)

  console.log
    !!!!!! Signing transaction with inputs: undefined

      at BitcoinClient.signTransaction (src/core/bitcoin.ts:153:11)

  console.info
    Sending commitment transaction: 020000000001012eec4cf07c8ec1044dc4b2f0d283b48ba54d9a945a4f0419232a098eb13c51ca0100000000ffffffff01308345020000000022512076bf985ba0662f4e7e2f26b54de769276aef84726659ca29b9c45d2ab4c80242024730440220334351c3ce491c9f26eaa685f454b3a119e07f27db52c21383c93d63be895d86022043e6b97d26d553a0d43edea8665bb88856f2452ed863c9ac34d05f8c26ae187b812102855e0827dedaa59f5032d0f3d2e5074b53ea6b6cdb12d664ea2e15f894517a3300000000

      at transmitSpell (src/api/spell-operations.ts:186:10)

  console.info
    Sending spell transaction: 020000000001032eec4cf07c8ec1044dc4b2f0d283b48ba54d9a945a4f0419232a098eb13c51ca0000000000ffffffffd8f7eb7b528c96e6c8db41e6221c0a555d84637aefb74eefd3b85d7b897206f40000000000fffffffff6062a0464ba11d0954181d2f1ee6520f159b76de8f7a88a6b08cb4d939765b90000000000ffffffff03e80300000000000022512058ad1803713c081a37ee9497aa78a7e3f93301a5d15098b8501eea0722eea889e8030000000000002251204290d3df2e4edcbbccd8080cbf5648f58bedb5765a6468f58c926ccb9652e4aed8de4602000000001600141733bcb7f776e24cc86ef466af3473dd6cccf9b7034082541b4cfe4269e9f94baa96b4b778488e8a87742cd14c50eb32359d696c3ea6c1e8a0558d385636fec90ad3fc03d9cebe5121e89f3cb2c7505a84eca541072f2420b330ff7591dcabe02147dbc4d97a8a88273a31cff4ea5aa0c736e77c166df188ac519c21c150929b74c1a04954b78b4b6035e97a5e078a5a0f28ec96d547bfee9ace803ac0034075eab798a9d5c3405120230a36469ba499ccad3c5d49e4a0614bdb337a7354878315c96bb7763a75fc839a4e4e65ef88f388a06a95ebd546213dc934c69f669824203cda856c63cafffa5b658775356f569ba9a425e505bf79ae0983ac63398c0f49ac519c41c150929b74c1a04954b78b4b6035e97a5e078a5a0f28ec96d547bfee9ace803ac0476a2734d03fc0a4b5a7dbc3b2889821b5c87fd51f1c47fb8f7254b8aa053ee803400ea1e3032c44665071da19b50be4280d7d2338501246b8bff007443170d2a43077f46af90658a4a673b7b515445bc06b22f3c5fc4a521aa2de2612f71e5614cdfd16020063057370656c6c4de80182a36776657273696f6e04627478a2647265667380646f75747382a100a3667469636b657269475241494c2d4e46547163757272656e745f636f7369676e6572737840336364613835366336336361666666613562363538373735333536663536396261396134323565353035626637396165303938336163363333393863306634397163757272656e745f7468726573686f6c6401a200a164747970656b757365725f636861726d7301a166616d6f756e741a000f4240716170705f7075626c69635f696e70757473a283616e98201826187118e3183718fe18e9185218ff182d185b185e18b204188218eb185b18a6182c18db182418c818c3185b0d1823184d1855187618ef184b18d213982018d618d018761869184918e918de184f18510817183f184118ba184d18381866189318b9011876188318a0181f18af184918d01118a9186518821859a166616374696f6e6675706461746583617498201826187118e3183718fe18e9185218ff182d185b185e18b204188218eb185b18a6182c18db182418c818c3185b0d1823184d1855187618ef184b18d213982018d618d018761869184918e918de184f18510817183f184118ba184d18381866189318b9011876188318a0181f18af184918d01118a9186518821859a166616374696f6e646d696e748068204aad5d300ae0a0a5ce4a2248642add98435604fe12c5f9dd29c48a4418a5c1a0ac21c14aad5d300ae0a0a5ce4a2248642add98435604fe12c5f9dd29c48a4418a5c1a000000000

      at transmitSpell (src/api/spell-operations.ts:194:10)

  console.log
    Spell transmitted successfully: [
      'b96597934dcb086b8aa8f7e86db759f12065eef1d2814195d011ba64042a06f6',
      'a94c32f88d6da20a67ab527bc903e226d13cd070a14086fb8440ffde219ca6c9'
    ]

      at transmitSpell (src/api/spell-operations.ts:200:10)

  console.log
    Pegin Result: [
      'b96597934dcb086b8aa8f7e86db759f12065eef1d2814195d011ba64042a06f6',
      'a94c32f88d6da20a67ab527bc903e226d13cd070a14086fb8440ffde219ca6c9'
    ]

      at Object.<anonymous> (tests/pegin-transmit-e2e.test.ts:69:13)

  console.log
    *** Generate a block ***

      at Object.<anonymous> (tests/pegin-transmit-e2e.test.ts:71:13)

  console.log
    *** Transmit ***

      at Object.<anonymous> (tests/pegin-transmit-e2e.test.ts:75:13)

  console.log
    App ID: 2671e337fee952ff2d5b5eb20482eb5ba62cdb24c8c35b0d234d5576ef4bd213

      at Function.create (src/core/context.ts:44:11)

  console.log
    App Verification Key: d6d0766949e9de4f5108173f41ba4d386693b9017683a01faf49d011a9658259

      at Function.create (src/core/context.ts:57:11)

  console.log
    Blocks generated: {
      "address": "bcrt1qz2f3k6csurz6csj6mpxjacujufu8rcz3q2met3",
      "blocks": [
        "01e6e57d400bdbfb957cf4eab08cb848e542e437bd0a6ec0c64eb2e57e690f9f"
      ]
    }

      at tests/bitcoin-utils.ts:18:13

  console.info
    Executing command: /Users/gadiguy/workspace/charms/target/release/charms tx show-spell --tx 020000000001032eec4cf07c8ec1044dc4b2f0d283b48ba54d9a945a4f0419232a098eb13c51ca0000000000ffffffffd8f7eb7b528c96e6c8db41e6221c0a555d84637aefb74eefd3b85d7b897206f40000000000fffffffff6062a0464ba11d0954181d2f1ee6520f159b76de8f7a88a6b08cb4d939765b90000000000ffffffff03e80300000000000022512058ad1803713c081a37ee9497aa78a7e3f93301a5d15098b8501eea0722eea889e8030000000000002251204290d3df2e4edcbbccd8080cbf5648f58bedb5765a6468f58c926ccb9652e4aed8de4602000000001600141733bcb7f776e24cc86ef466af3473dd6cccf9b7034082541b4cfe4269e9f94baa96b4b778488e8a87742cd14c50eb32359d696c3ea6c1e8a0558d385636fec90ad3fc03d9cebe5121e89f3cb2c7505a84eca541072f2420b330ff7591dcabe02147dbc4d97a8a88273a31cff4ea5aa0c736e77c166df188ac519c21c150929b74c1a04954b78b4b6035e97a5e078a5a0f28ec96d547bfee9ace803ac0034075eab798a9d5c3405120230a36469ba499ccad3c5d49e4a0614bdb337a7354878315c96bb7763a75fc839a4e4e65ef88f388a06a95ebd546213dc934c69f669824203cda856c63cafffa5b658775356f569ba9a425e505bf79ae0983ac63398c0f49ac519c41c150929b74c1a04954b78b4b6035e97a5e078a5a0f28ec96d547bfee9ace803ac0476a2734d03fc0a4b5a7dbc3b2889821b5c87fd51f1c47fb8f7254b8aa053ee803400ea1e3032c44665071da19b50be4280d7d2338501246b8bff007443170d2a43077f46af90658a4a673b7b515445bc06b22f3c5fc4a521aa2de2612f71e5614cdfd16020063057370656c6c4de80182a36776657273696f6e04627478a2647265667380646f75747382a100a3667469636b657269475241494c2d4e46547163757272656e745f636f7369676e6572737840336364613835366336336361666666613562363538373735333536663536396261396134323565353035626637396165303938336163363333393863306634397163757272656e745f7468726573686f6c6401a200a164747970656b757365725f636861726d7301a166616d6f756e741a000f4240716170705f7075626c69635f696e70757473a283616e98201826187118e3183718fe18e9185218ff182d185b185e18b204188218eb185b18a6182c18db182418c818c3185b0d1823184d1855187618ef184b18d213982018d618d018761869184918e918de184f18510817183f184118ba184d18381866189318b9011876188318a0181f18af184918d01118a9186518821859a166616374696f6e6675706461746583617498201826187118e3183718fe18e9185218ff182d185b185e18b204188218eb185b18a6182c18db182418c818c3185b0d1823184d1855187618ef184b18d213982018d618d018761869184918e918de184f18510817183f184118ba184d18381866189318b9011876188318a0181f18af184918d01118a9186518821859a166616374696f6e646d696e748068204aad5d300ae0a0a5ce4a2248642add98435604fe12c5f9dd29c48a4418a5c1a0ac21c14aad5d300ae0a0a5ce4a2248642add98435604fe12c5f9dd29c48a4418a5c1a000000000

      at src/core/charms-sdk.ts:16:11

  console.info
    Executed successfully: version: 4
    apps:
      $0000: n/2671e337fee952ff2d5b5eb20482eb5ba62cdb24c8c35b0d234d5576ef4bd213/d6d0766949e9de4f5108173f41ba4d386693b9017683a01faf49d011a9658259
      $0001: t/2671e337fee952ff2d5b5eb20482eb5ba62cdb24c8c35b0d234d5576ef4bd213/d6d0766949e9de4f5108173f41ba4d386693b9017683a01faf49d011a9658259
    public_args:
      $0000:
        action: update
      $0001:
        action: mint
    ins:
    - utxo_id: ca513cb18e092a2319044f5a949a4da58bb483d2f0b2c44d04c18e7cf04cec2e:0
    - utxo_id: f40672897b5db8d3ef4eb7ef7a63845d550a1c22e641dbc8e6968c527bebf7d8:0
    outs:
    - charms:
        $0000:
          ticker: GRAIL-NFT
          current_cosigners: 3cda856c63cafffa5b658775356f569ba9a425e505bf79ae0983ac63398c0f49
          current_threshold: 1
    - charms:
        $0000:
          type: user_charms
        $0001:
          amount: 1000000

      at src/core/charms-sdk.ts:34:13

  console.log
    !!! 1 {
      spendable: true,
      value: 38199000,
      txid: 'a94c32f88d6da20a67ab527bc903e226d13cd070a14086fb8440ffde219ca6c9',
      vout: 2
    } undefined

      at src/core/spells.ts:216:12

  console.info
    Executing command: /Users/gadiguy/workspace/charms/target/release/charms tx show-spell --tx 020000000001010000000000000000000000000000000000000000000000000000000000000000ffffffff0402750400ffffffff02e40b540200000000160014c699b99a00cc336f2cd3615b2361af367128c86a0000000000000000266a24aa21a9ede2f61c3f71d1defd3fa999dfa36953755c690689799962b48bebd836974e8cf90120000000000000000000000000000000000000000000000000000000000000000000000000

      at src/core/charms-sdk.ts:16:11

  console.error
    Stderr: No spell found in the transaction

      30 | 				}
      31 | 				if (stderr) {
    > 32 | 					console.error(`Stderr: ${stderr}`);
         | 					        ^
      33 | 				}
      34 | 				console.info(`Executed successfully: ${stdout}`);
      35 | 				resolve(stdout);

      at src/core/charms-sdk.ts:32:14

  console.info
    Executed successfully:

      at src/core/charms-sdk.ts:34:13

  console.log
    !!! 1 {
      spendable: true,
      value: 39062500,
      txid: 'fe73cd7b08c8ee555ac53e7fa1da2ccd0268ee297293158db61d906a90264064',
      vout: 0
    } undefined

      at src/core/spells.ts:216:12

  console.info
    Executing command: /Users/gadiguy/workspace/charms/target/release/charms tx show-spell --tx 020000000001010000000000000000000000000000000000000000000000000000000000000000ffffffff0402740400ffffffff02e40b540200000000160014c699b99a00cc336f2cd3615b2361af367128c86a0000000000000000266a24aa21a9ede2f61c3f71d1defd3fa999dfa36953755c690689799962b48bebd836974e8cf90120000000000000000000000000000000000000000000000000000000000000000000000000

      at src/core/charms-sdk.ts:16:11

  console.error
    Stderr: No spell found in the transaction

      30 | 				}
      31 | 				if (stderr) {
    > 32 | 					console.error(`Stderr: ${stderr}`);
         | 					        ^
      33 | 				}
      34 | 				console.info(`Executed successfully: ${stdout}`);
      35 | 				resolve(stdout);

      at src/core/charms-sdk.ts:32:14

  console.info
    Executed successfully:

      at src/core/charms-sdk.ts:34:13

  console.log
    !!! 1 {
      spendable: true,
      value: 39062500,
      txid: '0bf53996b1304c5fd75b94839a3ec84f36a1bff9a38240d0c510e98b2c7df087',
      vout: 0
    } undefined

      at src/core/spells.ts:216:12

  console.info
    Executing command: /Users/gadiguy/workspace/charms/target/release/charms tx show-spell --tx 020000000001010000000000000000000000000000000000000000000000000000000000000000ffffffff0402730400ffffffff02e40b540200000000160014c699b99a00cc336f2cd3615b2361af367128c86a0000000000000000266a24aa21a9ede2f61c3f71d1defd3fa999dfa36953755c690689799962b48bebd836974e8cf90120000000000000000000000000000000000000000000000000000000000000000000000000

      at src/core/charms-sdk.ts:16:11

  console.error
    Stderr: No spell found in the transaction

      30 | 				}
      31 | 				if (stderr) {
    > 32 | 					console.error(`Stderr: ${stderr}`);
         | 					        ^
      33 | 				}
      34 | 				console.info(`Executed successfully: ${stdout}`);
      35 | 				resolve(stdout);

      at src/core/charms-sdk.ts:32:14

  console.info
    Executed successfully:

      at src/core/charms-sdk.ts:34:13

  console.log
    !!! 1 {
      spendable: true,
      value: 39062500,
      txid: 'd22e314f352cb376b051cf5e1835cf5c897764bcea75a6754f6bf24bba0a60de',
      vout: 0
    } undefined

      at src/core/spells.ts:216:12

  console.info
    Executing command: /Users/gadiguy/workspace/charms/target/release/charms tx show-spell --tx 020000000001010000000000000000000000000000000000000000000000000000000000000000ffffffff04026c0400ffffffff02e40b540200000000160014c699b99a00cc336f2cd3615b2361af367128c86a0000000000000000266a24aa21a9ede2f61c3f71d1defd3fa999dfa36953755c690689799962b48bebd836974e8cf90120000000000000000000000000000000000000000000000000000000000000000000000000

      at src/core/charms-sdk.ts:16:11

  console.error
    Stderr: No spell found in the transaction

      30 | 				}
      31 | 				if (stderr) {
    > 32 | 					console.error(`Stderr: ${stderr}`);
         | 					        ^
      33 | 				}
      34 | 				console.info(`Executed successfully: ${stdout}`);
      35 | 				resolve(stdout);

      at src/core/charms-sdk.ts:32:14

  console.info
    Executed successfully:

      at src/core/charms-sdk.ts:34:13

  console.log
    !!! 1 {
      spendable: true,
      value: 39062500,
      txid: '248ee45e725c0269472118f22c89f64e2c722e758d16d163fbc90a2aae332b66',
      vout: 0
    } undefined

      at src/core/spells.ts:216:12

  console.info
    Executing command: /Users/gadiguy/workspace/charms/target/release/charms tx show-spell --tx 020000000001010000000000000000000000000000000000000000000000000000000000000000ffffffff04026b0400ffffffff02e40b540200000000160014c699b99a00cc336f2cd3615b2361af367128c86a0000000000000000266a24aa21a9ede2f61c3f71d1defd3fa999dfa36953755c690689799962b48bebd836974e8cf90120000000000000000000000000000000000000000000000000000000000000000000000000

      at src/core/charms-sdk.ts:16:11

  console.error
    Stderr: No spell found in the transaction

      30 | 				}
      31 | 				if (stderr) {
    > 32 | 					console.error(`Stderr: ${stderr}`);
         | 					        ^
      33 | 				}
      34 | 				console.info(`Executed successfully: ${stdout}`);
      35 | 				resolve(stdout);

      at src/core/charms-sdk.ts:32:14

  console.info
    Executed successfully:

      at src/core/charms-sdk.ts:34:13

  console.log
    !!! 1 {
      spendable: true,
      value: 39062500,
      txid: '7072ed8088f2580ae82069e8871ad84f8ff41b1b2b78afdbf717ac3385be0387',
      vout: 0
    } undefined

      at src/core/spells.ts:216:12

  console.info
    Executing command: /Users/gadiguy/workspace/charms/target/release/charms tx show-spell --tx 020000000001010000000000000000000000000000000000000000000000000000000000000000ffffffff04026a0400ffffffff02e40b540200000000160014c699b99a00cc336f2cd3615b2361af367128c86a0000000000000000266a24aa21a9ede2f61c3f71d1defd3fa999dfa36953755c690689799962b48bebd836974e8cf90120000000000000000000000000000000000000000000000000000000000000000000000000

      at src/core/charms-sdk.ts:16:11

  console.error
    Stderr: No spell found in the transaction

      30 | 				}
      31 | 				if (stderr) {
    > 32 | 					console.error(`Stderr: ${stderr}`);
         | 					        ^
      33 | 				}
      34 | 				console.info(`Executed successfully: ${stdout}`);
      35 | 				resolve(stdout);

      at src/core/charms-sdk.ts:32:14

  console.info
    Executed successfully:

      at src/core/charms-sdk.ts:34:13

  console.log
    !!! 1 {
      spendable: true,
      value: 39062500,
      txid: 'e7a6943d97ae68eb763c1743bfe6e986113779058230fb8efcc211fac0f80e55',
      vout: 0
    } undefined

      at src/core/spells.ts:216:12

  console.info
    Executing command: /Users/gadiguy/workspace/charms/target/release/charms tx show-spell --tx 020000000001010000000000000000000000000000000000000000000000000000000000000000ffffffff0402680400ffffffff02e40b540200000000160014c699b99a00cc336f2cd3615b2361af367128c86a0000000000000000266a24aa21a9ede2f61c3f71d1defd3fa999dfa36953755c690689799962b48bebd836974e8cf90120000000000000000000000000000000000000000000000000000000000000000000000000

      at src/core/charms-sdk.ts:16:11

  console.error
    Stderr: No spell found in the transaction

      30 | 				}
      31 | 				if (stderr) {
    > 32 | 					console.error(`Stderr: ${stderr}`);
         | 					        ^
      33 | 				}
      34 | 				console.info(`Executed successfully: ${stdout}`);
      35 | 				resolve(stdout);

      at src/core/charms-sdk.ts:32:14

  console.info
    Executed successfully:

      at src/core/charms-sdk.ts:34:13

  console.log
    !!! 1 {
      spendable: true,
      value: 39062500,
      txid: '9bf3e5bf1d067dee059123ced88e08bba3df157f52b8b61410ccb400a0b47173',
      vout: 0
    } undefined

      at src/core/spells.ts:216:12

  console.info
    Executing command: /Users/gadiguy/workspace/charms/target/release/charms tx show-spell --tx 020000000001010000000000000000000000000000000000000000000000000000000000000000ffffffff0402650400ffffffff02e40b540200000000160014c699b99a00cc336f2cd3615b2361af367128c86a0000000000000000266a24aa21a9ede2f61c3f71d1defd3fa999dfa36953755c690689799962b48bebd836974e8cf90120000000000000000000000000000000000000000000000000000000000000000000000000

      at src/core/charms-sdk.ts:16:11

  console.error
    Stderr: No spell found in the transaction

      30 | 				}
      31 | 				if (stderr) {
    > 32 | 					console.error(`Stderr: ${stderr}`);
         | 					        ^
      33 | 				}
      34 | 				console.info(`Executed successfully: ${stdout}`);
      35 | 				resolve(stdout);

      at src/core/charms-sdk.ts:32:14

  console.info
    Executed successfully:

      at src/core/charms-sdk.ts:34:13

  console.log
    !!! 1 {
      spendable: true,
      value: 39062500,
      txid: '11e2909b35b62026019244aded7a4f5d3e5ac847a2bab309a00cf336ef83b909',
      vout: 0
    } undefined

      at src/core/spells.ts:216:12

  console.info
    Executing command: /Users/gadiguy/workspace/charms/target/release/charms tx show-spell --tx 020000000001010000000000000000000000000000000000000000000000000000000000000000ffffffff0402640400ffffffff02e40b540200000000160014c699b99a00cc336f2cd3615b2361af367128c86a0000000000000000266a24aa21a9ede2f61c3f71d1defd3fa999dfa36953755c690689799962b48bebd836974e8cf90120000000000000000000000000000000000000000000000000000000000000000000000000

      at src/core/charms-sdk.ts:16:11

  console.error
    Stderr: No spell found in the transaction

      30 | 				}
      31 | 				if (stderr) {
    > 32 | 					console.error(`Stderr: ${stderr}`);
         | 					        ^
      33 | 				}
      34 | 				console.info(`Executed successfully: ${stdout}`);
      35 | 				resolve(stdout);

      at src/core/charms-sdk.ts:32:14

  console.info
    Executed successfully:

      at src/core/charms-sdk.ts:34:13

  console.log
    !!! 1 {
      spendable: true,
      value: 39062500,
      txid: 'c62d932c5554038c494a2a2b7d00da3a1649fe7bfbffa508d524c7924b5e8c1d',
      vout: 0
    } undefined

      at src/core/spells.ts:216:12

  console.info
    Executing command: /Users/gadiguy/workspace/charms/target/release/charms tx show-spell --tx 020000000001010000000000000000000000000000000000000000000000000000000000000000ffffffff0402600400ffffffff02e40b540200000000160014c699b99a00cc336f2cd3615b2361af367128c86a0000000000000000266a24aa21a9ede2f61c3f71d1defd3fa999dfa36953755c690689799962b48bebd836974e8cf90120000000000000000000000000000000000000000000000000000000000000000000000000

      at src/core/charms-sdk.ts:16:11

  console.error
    Stderr: No spell found in the transaction

      30 | 				}
      31 | 				if (stderr) {
    > 32 | 					console.error(`Stderr: ${stderr}`);
         | 					        ^
      33 | 				}
      34 | 				console.info(`Executed successfully: ${stdout}`);
      35 | 				resolve(stdout);

      at src/core/charms-sdk.ts:32:14

  console.info
    Executed successfully:

      at src/core/charms-sdk.ts:34:13

  console.log
    !!! 1 {
      spendable: true,
      value: 39062500,
      txid: '12cf573fb768ab9e2a33f0f34758ed8ad21128939286893503101d69fcc8c79b',
      vout: 0
    } undefined

      at src/core/spells.ts:216:12

  console.info
    Executing command: /Users/gadiguy/workspace/charms/target/release/charms tx show-spell --tx 020000000001010000000000000000000000000000000000000000000000000000000000000000ffffffff04025d0400ffffffff02e40b540200000000160014c699b99a00cc336f2cd3615b2361af367128c86a0000000000000000266a24aa21a9ede2f61c3f71d1defd3fa999dfa36953755c690689799962b48bebd836974e8cf90120000000000000000000000000000000000000000000000000000000000000000000000000

      at src/core/charms-sdk.ts:16:11

  console.error
    Stderr: No spell found in the transaction

      30 | 				}
      31 | 				if (stderr) {
    > 32 | 					console.error(`Stderr: ${stderr}`);
         | 					        ^
      33 | 				}
      34 | 				console.info(`Executed successfully: ${stdout}`);
      35 | 				resolve(stdout);

      at src/core/charms-sdk.ts:32:14

  console.info
    Executed successfully:

      at src/core/charms-sdk.ts:34:13

  console.log
    !!! 1 {
      spendable: true,
      value: 39062500,
      txid: '092085d5447450e54e8327bda69899bbd33f35c5d176ba938127bae6f8e6fc06',
      vout: 0
    } undefined

      at src/core/spells.ts:216:12

  console.info
    Executing command: /Users/gadiguy/workspace/charms/target/release/charms tx show-spell --tx 020000000001010000000000000000000000000000000000000000000000000000000000000000ffffffff0402590400ffffffff02e40b540200000000160014c699b99a00cc336f2cd3615b2361af367128c86a0000000000000000266a24aa21a9ede2f61c3f71d1defd3fa999dfa36953755c690689799962b48bebd836974e8cf90120000000000000000000000000000000000000000000000000000000000000000000000000

      at src/core/charms-sdk.ts:16:11

  console.error
    Stderr: No spell found in the transaction

      30 | 				}
      31 | 				if (stderr) {
    > 32 | 					console.error(`Stderr: ${stderr}`);
         | 					        ^
      33 | 				}
      34 | 				console.info(`Executed successfully: ${stdout}`);
      35 | 				resolve(stdout);

      at src/core/charms-sdk.ts:32:14

  console.info
    Executed successfully:

      at src/core/charms-sdk.ts:34:13

  console.log
    !!! 1 {
      spendable: true,
      value: 39062500,
      txid: '269aefe5971c5e255d3a23a4923e0c1ac7920167fae7b08dc554d5fe810bbe8d',
      vout: 0
    } undefined

      at src/core/spells.ts:216:12

  console.info
    Executing command: /Users/gadiguy/workspace/charms/target/release/charms tx show-spell --tx 020000000001010000000000000000000000000000000000000000000000000000000000000000ffffffff0402580400ffffffff02e40b540200000000160014c699b99a00cc336f2cd3615b2361af367128c86a0000000000000000266a24aa21a9ede2f61c3f71d1defd3fa999dfa36953755c690689799962b48bebd836974e8cf90120000000000000000000000000000000000000000000000000000000000000000000000000

      at src/core/charms-sdk.ts:16:11

  console.error
    Stderr: No spell found in the transaction

      30 | 				}
      31 | 				if (stderr) {
    > 32 | 					console.error(`Stderr: ${stderr}`);
         | 					        ^
      33 | 				}
      34 | 				console.info(`Executed successfully: ${stdout}`);
      35 | 				resolve(stdout);

      at src/core/charms-sdk.ts:32:14

  console.info
    Executed successfully:

      at src/core/charms-sdk.ts:34:13

  console.log
    !!! 1 {
      spendable: true,
      value: 39062500,
      txid: '3910cb1b2bb96d3e5a02ccae568ff0e88d99965542cbf329da143982bf4ef73c',
      vout: 0
    } undefined

      at src/core/spells.ts:216:12

  console.info
    Executing command: /Users/gadiguy/workspace/charms/target/release/charms tx show-spell --tx 020000000001010000000000000000000000000000000000000000000000000000000000000000ffffffff0402570400ffffffff02e40b540200000000160014c699b99a00cc336f2cd3615b2361af367128c86a0000000000000000266a24aa21a9ede2f61c3f71d1defd3fa999dfa36953755c690689799962b48bebd836974e8cf90120000000000000000000000000000000000000000000000000000000000000000000000000

      at src/core/charms-sdk.ts:16:11

  console.error
    Stderr: No spell found in the transaction

      30 | 				}
      31 | 				if (stderr) {
    > 32 | 					console.error(`Stderr: ${stderr}`);
         | 					        ^
      33 | 				}
      34 | 				console.info(`Executed successfully: ${stdout}`);
      35 | 				resolve(stdout);

      at src/core/charms-sdk.ts:32:14

  console.info
    Executed successfully:

      at src/core/charms-sdk.ts:34:13

  console.log
    !!! 1 {
      spendable: true,
      value: 39062500,
      txid: 'e50964e613fe1364fe67d361c118f1d4dbc0cf7cb56f208b8932901e9d2f10c8',
      vout: 0
    } undefined

      at src/core/spells.ts:216:12

  console.info
    Executing command: /Users/gadiguy/workspace/charms/target/release/charms tx show-spell --tx 020000000001010000000000000000000000000000000000000000000000000000000000000000ffffffff0402540400ffffffff02e40b540200000000160014c699b99a00cc336f2cd3615b2361af367128c86a0000000000000000266a24aa21a9ede2f61c3f71d1defd3fa999dfa36953755c690689799962b48bebd836974e8cf90120000000000000000000000000000000000000000000000000000000000000000000000000

      at src/core/charms-sdk.ts:16:11

  console.error
    Stderr: No spell found in the transaction

      30 | 				}
      31 | 				if (stderr) {
    > 32 | 					console.error(`Stderr: ${stderr}`);
         | 					        ^
      33 | 				}
      34 | 				console.info(`Executed successfully: ${stdout}`);
      35 | 				resolve(stdout);

      at src/core/charms-sdk.ts:32:14

  console.info
    Executed successfully:

      at src/core/charms-sdk.ts:34:13

  console.log
    !!! 1 {
      spendable: true,
      value: 39062500,
      txid: 'd0fe994325ed70b97654508a3c2e7ca11d81ad0f36da84dff54f7301ad837e40',
      vout: 0
    } undefined

      at src/core/spells.ts:216:12

  console.info
    Executing command: /Users/gadiguy/workspace/charms/target/release/charms tx show-spell --tx 020000000001010000000000000000000000000000000000000000000000000000000000000000ffffffff04024f0400ffffffff02e40b540200000000160014c699b99a00cc336f2cd3615b2361af367128c86a0000000000000000266a24aa21a9ede2f61c3f71d1defd3fa999dfa36953755c690689799962b48bebd836974e8cf90120000000000000000000000000000000000000000000000000000000000000000000000000

      at src/core/charms-sdk.ts:16:11

  console.error
    Stderr: No spell found in the transaction

      30 | 				}
      31 | 				if (stderr) {
    > 32 | 					console.error(`Stderr: ${stderr}`);
         | 					        ^
      33 | 				}
      34 | 				console.info(`Executed successfully: ${stdout}`);
      35 | 				resolve(stdout);

      at src/core/charms-sdk.ts:32:14

  console.info
    Executed successfully:

      at src/core/charms-sdk.ts:34:13

  console.log
    !!! 1 {
      spendable: true,
      value: 39062500,
      txid: 'cb729fde91df966336ec725b4b66c23e4f842f0c8db9712d64298638c2179b23',
      vout: 0
    } undefined

      at src/core/spells.ts:216:12

  console.info
    Executing command: /Users/gadiguy/workspace/charms/target/release/charms tx show-spell --tx 020000000001010000000000000000000000000000000000000000000000000000000000000000ffffffff04024e0400ffffffff02e40b540200000000160014c699b99a00cc336f2cd3615b2361af367128c86a0000000000000000266a24aa21a9ede2f61c3f71d1defd3fa999dfa36953755c690689799962b48bebd836974e8cf90120000000000000000000000000000000000000000000000000000000000000000000000000

      at src/core/charms-sdk.ts:16:11

  console.error
    Stderr: No spell found in the transaction

      30 | 				}
      31 | 				if (stderr) {
    > 32 | 					console.error(`Stderr: ${stderr}`);
         | 					        ^
      33 | 				}
      34 | 				console.info(`Executed successfully: ${stdout}`);
      35 | 				resolve(stdout);

      at src/core/charms-sdk.ts:32:14

  console.info
    Executed successfully:

      at src/core/charms-sdk.ts:34:13

  console.log
    !!! 1 {
      spendable: true,
      value: 39062500,
      txid: '7f2f537ecae52877adb00ed58d1cfb71b636f201085e6517b5b12ddd0f79b45d',
      vout: 0
    } undefined

      at src/core/spells.ts:216:12

  console.info
    Executing command: /Users/gadiguy/workspace/charms/target/release/charms tx show-spell --tx 020000000001010000000000000000000000000000000000000000000000000000000000000000ffffffff04024c0400ffffffff02e40b540200000000160014c699b99a00cc336f2cd3615b2361af367128c86a0000000000000000266a24aa21a9ede2f61c3f71d1defd3fa999dfa36953755c690689799962b48bebd836974e8cf90120000000000000000000000000000000000000000000000000000000000000000000000000

      at src/core/charms-sdk.ts:16:11

  console.error
    Stderr: No spell found in the transaction

      30 | 				}
      31 | 				if (stderr) {
    > 32 | 					console.error(`Stderr: ${stderr}`);
         | 					        ^
      33 | 				}
      34 | 				console.info(`Executed successfully: ${stdout}`);
      35 | 				resolve(stdout);

      at src/core/charms-sdk.ts:32:14

  console.info
    Executed successfully:

      at src/core/charms-sdk.ts:34:13

  console.log
    !!! 1 {
      spendable: true,
      value: 39062500,
      txid: '4021eb7f2da027fe333c5107a1105d9c1add89c883b904f6185d703f9415265a',
      vout: 0
    } undefined

      at src/core/spells.ts:216:12

  console.info
    Executing command: /Users/gadiguy/workspace/charms/target/release/charms tx show-spell --tx 020000000001010000000000000000000000000000000000000000000000000000000000000000ffffffff04024a0400ffffffff02e40b540200000000160014c699b99a00cc336f2cd3615b2361af367128c86a0000000000000000266a24aa21a9ede2f61c3f71d1defd3fa999dfa36953755c690689799962b48bebd836974e8cf90120000000000000000000000000000000000000000000000000000000000000000000000000

      at src/core/charms-sdk.ts:16:11

  console.error
    Stderr: No spell found in the transaction

      30 | 				}
      31 | 				if (stderr) {
    > 32 | 					console.error(`Stderr: ${stderr}`);
         | 					        ^
      33 | 				}
      34 | 				console.info(`Executed successfully: ${stdout}`);
      35 | 				resolve(stdout);

      at src/core/charms-sdk.ts:32:14

  console.info
    Executed successfully:

      at src/core/charms-sdk.ts:34:13

  console.log
    !!! 1 {
      spendable: true,
      value: 39062500,
      txid: '6eb73c8f54ea81184f478da07c3158a84250493a7a5d336e33730be86c90ba80',
      vout: 0
    } undefined

      at src/core/spells.ts:216:12

  console.info
    Executing command: /Users/gadiguy/workspace/charms/target/release/charms tx show-spell --tx 020000000001010000000000000000000000000000000000000000000000000000000000000000ffffffff0402480400ffffffff02e40b540200000000160014c699b99a00cc336f2cd3615b2361af367128c86a0000000000000000266a24aa21a9ede2f61c3f71d1defd3fa999dfa36953755c690689799962b48bebd836974e8cf90120000000000000000000000000000000000000000000000000000000000000000000000000

      at src/core/charms-sdk.ts:16:11

  console.error
    Stderr: No spell found in the transaction

      30 | 				}
      31 | 				if (stderr) {
    > 32 | 					console.error(`Stderr: ${stderr}`);
         | 					        ^
      33 | 				}
      34 | 				console.info(`Executed successfully: ${stdout}`);
      35 | 				resolve(stdout);

      at src/core/charms-sdk.ts:32:14

  console.info
    Executed successfully:

      at src/core/charms-sdk.ts:34:13

  console.log
    !!! 1 {
      spendable: true,
      value: 39062500,
      txid: 'c0ea5d01441ada82e3062a866b73f47a06c91d052d8ec103b9f0464c82d818e8',
      vout: 0
    } undefined

      at src/core/spells.ts:216:12

  console.info
    Executing command: /Users/gadiguy/workspace/charms/target/release/charms tx show-spell --tx 020000000001010000000000000000000000000000000000000000000000000000000000000000ffffffff0402450400ffffffff02e40b540200000000160014c699b99a00cc336f2cd3615b2361af367128c86a0000000000000000266a24aa21a9ede2f61c3f71d1defd3fa999dfa36953755c690689799962b48bebd836974e8cf90120000000000000000000000000000000000000000000000000000000000000000000000000

      at src/core/charms-sdk.ts:16:11

  console.error
    Stderr: No spell found in the transaction

      30 | 				}
      31 | 				if (stderr) {
    > 32 | 					console.error(`Stderr: ${stderr}`);
         | 					        ^
      33 | 				}
      34 | 				console.info(`Executed successfully: ${stdout}`);
      35 | 				resolve(stdout);

      at src/core/charms-sdk.ts:32:14

  console.info
    Executed successfully:

      at src/core/charms-sdk.ts:34:13

  console.log
    !!! 1 {
      spendable: true,
      value: 39062500,
      txid: '49599f1f6ffc8094bf00999c5a4a791100b20c614afff6fc39868d9a62cb1c86',
      vout: 0
    } undefined

      at src/core/spells.ts:216:12

  console.info
    Executing command: /Users/gadiguy/workspace/charms/target/release/charms tx show-spell --tx 020000000001010000000000000000000000000000000000000000000000000000000000000000ffffffff0402410400ffffffff02e40b540200000000160014c699b99a00cc336f2cd3615b2361af367128c86a0000000000000000266a24aa21a9ede2f61c3f71d1defd3fa999dfa36953755c690689799962b48bebd836974e8cf90120000000000000000000000000000000000000000000000000000000000000000000000000

      at src/core/charms-sdk.ts:16:11

  console.error
    Stderr: No spell found in the transaction

      30 | 				}
      31 | 				if (stderr) {
    > 32 | 					console.error(`Stderr: ${stderr}`);
         | 					        ^
      33 | 				}
      34 | 				console.info(`Executed successfully: ${stdout}`);
      35 | 				resolve(stdout);

      at src/core/charms-sdk.ts:32:14

  console.info
    Executed successfully:

      at src/core/charms-sdk.ts:34:13

  console.log
    !!! 1 {
      spendable: true,
      value: 39062500,
      txid: '6de7fcdbde3d73b803ce90295b3341531a797a3fcaaf10ba6afc6e63d2fbc838',
      vout: 0
    } undefined

      at src/core/spells.ts:216:12

  console.info
    Executing command: /Users/gadiguy/workspace/charms/target/release/charms tx show-spell --tx 020000000001010000000000000000000000000000000000000000000000000000000000000000ffffffff04023e0400ffffffff02e40b540200000000160014c699b99a00cc336f2cd3615b2361af367128c86a0000000000000000266a24aa21a9ede2f61c3f71d1defd3fa999dfa36953755c690689799962b48bebd836974e8cf90120000000000000000000000000000000000000000000000000000000000000000000000000

      at src/core/charms-sdk.ts:16:11

  console.error
    Stderr: No spell found in the transaction

      30 | 				}
      31 | 				if (stderr) {
    > 32 | 					console.error(`Stderr: ${stderr}`);
         | 					        ^
      33 | 				}
      34 | 				console.info(`Executed successfully: ${stdout}`);
      35 | 				resolve(stdout);

      at src/core/charms-sdk.ts:32:14

  console.info
    Executed successfully:

      at src/core/charms-sdk.ts:34:13

  console.log
    !!! 1 {
      spendable: true,
      value: 39062500,
      txid: 'e215fba02e02b4e3c559c7e808ef71a00f1e9abc27db646a4fe7af9a1e178983',
      vout: 0
    } undefined

      at src/core/spells.ts:216:12

  console.info
    Executing command: /Users/gadiguy/workspace/charms/target/release/charms tx show-spell --tx 020000000001010000000000000000000000000000000000000000000000000000000000000000ffffffff0402470400ffffffff02e40b540200000000160014c699b99a00cc336f2cd3615b2361af367128c86a0000000000000000266a24aa21a9ede2f61c3f71d1defd3fa999dfa36953755c690689799962b48bebd836974e8cf90120000000000000000000000000000000000000000000000000000000000000000000000000

      at src/core/charms-sdk.ts:16:11

  console.error
    Stderr: No spell found in the transaction

      30 | 				}
      31 | 				if (stderr) {
    > 32 | 					console.error(`Stderr: ${stderr}`);
         | 					        ^
      33 | 				}
      34 | 				console.info(`Executed successfully: ${stdout}`);
      35 | 				resolve(stdout);

      at src/core/charms-sdk.ts:32:14

  console.info
    Executed successfully:

      at src/core/charms-sdk.ts:34:13

  console.log
    !!! 1 {
      spendable: true,
      value: 39062500,
      txid: '7a982d7a47d3c11782bf53a98c09b4ad3e4e4f84d871c1f50677a03486cb4dd3',
      vout: 0
    } undefined

      at src/core/spells.ts:216:12

  console.info
    Executing command: /Users/gadiguy/workspace/charms/target/release/charms tx show-spell --tx 020000000001010000000000000000000000000000000000000000000000000000000000000000ffffffff04023b0400ffffffff02e40b540200000000160014c699b99a00cc336f2cd3615b2361af367128c86a0000000000000000266a24aa21a9ede2f61c3f71d1defd3fa999dfa36953755c690689799962b48bebd836974e8cf90120000000000000000000000000000000000000000000000000000000000000000000000000

      at src/core/charms-sdk.ts:16:11

  console.error
    Stderr: No spell found in the transaction

      30 | 				}
      31 | 				if (stderr) {
    > 32 | 					console.error(`Stderr: ${stderr}`);
         | 					        ^
      33 | 				}
      34 | 				console.info(`Executed successfully: ${stdout}`);
      35 | 				resolve(stdout);

      at src/core/charms-sdk.ts:32:14

  console.info
    Executed successfully:

      at src/core/charms-sdk.ts:34:13

  console.log
    !!! 1 {
      spendable: true,
      value: 39062500,
      txid: '8803773b7f1227c1cfa1a8e5c8dc52a0e18f08e170c776362bb533cf6ddad219',
      vout: 0
    } undefined

      at src/core/spells.ts:216:12

  console.info
    Executing command: /Users/gadiguy/workspace/charms/target/release/charms tx show-spell --tx 020000000001010000000000000000000000000000000000000000000000000000000000000000ffffffff0402510400ffffffff02e40b540200000000160014c699b99a00cc336f2cd3615b2361af367128c86a0000000000000000266a24aa21a9ede2f61c3f71d1defd3fa999dfa36953755c690689799962b48bebd836974e8cf90120000000000000000000000000000000000000000000000000000000000000000000000000

      at src/core/charms-sdk.ts:16:11

  console.error
    Stderr: No spell found in the transaction

      30 | 				}
      31 | 				if (stderr) {
    > 32 | 					console.error(`Stderr: ${stderr}`);
         | 					        ^
      33 | 				}
      34 | 				console.info(`Executed successfully: ${stdout}`);
      35 | 				resolve(stdout);

      at src/core/charms-sdk.ts:32:14

  console.info
    Executed successfully:

      at src/core/charms-sdk.ts:34:13

  console.log
    !!! 1 {
      spendable: true,
      value: 39062500,
      txid: '28d84138156d0bb56b151c8304a814411175c124917ce0020cb9c519ff53dde2',
      vout: 0
    } undefined

      at src/core/spells.ts:216:12

  console.info
    Executing command: /Users/gadiguy/workspace/charms/target/release/charms tx show-spell --tx 020000000001010000000000000000000000000000000000000000000000000000000000000000ffffffff04023a0400ffffffff02e40b540200000000160014c699b99a00cc336f2cd3615b2361af367128c86a0000000000000000266a24aa21a9ede2f61c3f71d1defd3fa999dfa36953755c690689799962b48bebd836974e8cf90120000000000000000000000000000000000000000000000000000000000000000000000000

      at src/core/charms-sdk.ts:16:11

  console.error
    Stderr: No spell found in the transaction

      30 | 				}
      31 | 				if (stderr) {
    > 32 | 					console.error(`Stderr: ${stderr}`);
         | 					        ^
      33 | 				}
      34 | 				console.info(`Executed successfully: ${stdout}`);
      35 | 				resolve(stdout);

      at src/core/charms-sdk.ts:32:14

  console.info
    Executed successfully:

      at src/core/charms-sdk.ts:34:13

  console.log
    !!! 1 {
      spendable: true,
      value: 39062500,
      txid: '0ed001e70f4e0b9a627590d8e5505d9fa26963d317c7b43f88ce80821f2ea8c7',
      vout: 0
    } undefined

      at src/core/spells.ts:216:12

  console.info
    Executing command: /Users/gadiguy/workspace/charms/target/release/charms tx show-spell --tx 020000000001010000000000000000000000000000000000000000000000000000000000000000ffffffff0402390400ffffffff02e40b540200000000160014c699b99a00cc336f2cd3615b2361af367128c86a0000000000000000266a24aa21a9ede2f61c3f71d1defd3fa999dfa36953755c690689799962b48bebd836974e8cf90120000000000000000000000000000000000000000000000000000000000000000000000000

      at src/core/charms-sdk.ts:16:11

  console.error
    Stderr: No spell found in the transaction

      30 | 				}
      31 | 				if (stderr) {
    > 32 | 					console.error(`Stderr: ${stderr}`);
         | 					        ^
      33 | 				}
      34 | 				console.info(`Executed successfully: ${stdout}`);
      35 | 				resolve(stdout);

      at src/core/charms-sdk.ts:32:14

  console.info
    Executed successfully:

      at src/core/charms-sdk.ts:34:13

  console.log
    !!! 1 {
      spendable: true,
      value: 39062500,
      txid: 'cb6e8cadda826683b4d98c7fad01769f5fdcca6150e70e033df44c5ce71c4215',
      vout: 0
    } undefined

      at src/core/spells.ts:216:12

  console.info
    Executing command: /Users/gadiguy/workspace/charms/target/release/charms tx show-spell --tx 020000000001010000000000000000000000000000000000000000000000000000000000000000ffffffff0402370400ffffffff02e40b540200000000160014c699b99a00cc336f2cd3615b2361af367128c86a0000000000000000266a24aa21a9ede2f61c3f71d1defd3fa999dfa36953755c690689799962b48bebd836974e8cf90120000000000000000000000000000000000000000000000000000000000000000000000000

      at src/core/charms-sdk.ts:16:11

  console.error
    Stderr: No spell found in the transaction

      30 | 				}
      31 | 				if (stderr) {
    > 32 | 					console.error(`Stderr: ${stderr}`);
         | 					        ^
      33 | 				}
      34 | 				console.info(`Executed successfully: ${stdout}`);
      35 | 				resolve(stdout);

      at src/core/charms-sdk.ts:32:14

  console.info
    Executed successfully:

      at src/core/charms-sdk.ts:34:13

  console.log
    !!! 1 {
      spendable: true,
      value: 39062500,
      txid: '34baf0448ee6799c088a010390534f6ada80cb3824eeaf76e8e60404b5202094',
      vout: 0
    } undefined

      at src/core/spells.ts:216:12

  console.info
    Executing command: /Users/gadiguy/workspace/charms/target/release/charms tx show-spell --tx 020000000001010000000000000000000000000000000000000000000000000000000000000000ffffffff0402360400ffffffff02e40b540200000000160014c699b99a00cc336f2cd3615b2361af367128c86a0000000000000000266a24aa21a9ede2f61c3f71d1defd3fa999dfa36953755c690689799962b48bebd836974e8cf90120000000000000000000000000000000000000000000000000000000000000000000000000

      at src/core/charms-sdk.ts:16:11

  console.error
    Stderr: No spell found in the transaction

      30 | 				}
      31 | 				if (stderr) {
    > 32 | 					console.error(`Stderr: ${stderr}`);
         | 					        ^
      33 | 				}
      34 | 				console.info(`Executed successfully: ${stdout}`);
      35 | 				resolve(stdout);

      at src/core/charms-sdk.ts:32:14

  console.info
    Executed successfully:

      at src/core/charms-sdk.ts:34:13

  console.log
    !!! 1 {
      spendable: true,
      value: 39062500,
      txid: '0309d9fab04290b5392ad987fd837a99cd858efb3ebec723664a7c5add7075e8',
      vout: 0
    } undefined

      at src/core/spells.ts:216:12

  console.info
    Executing command: /Users/gadiguy/workspace/charms/target/release/charms tx show-spell --tx 020000000001010000000000000000000000000000000000000000000000000000000000000000ffffffff0402350400ffffffff02e40b540200000000160014c699b99a00cc336f2cd3615b2361af367128c86a0000000000000000266a24aa21a9ede2f61c3f71d1defd3fa999dfa36953755c690689799962b48bebd836974e8cf90120000000000000000000000000000000000000000000000000000000000000000000000000

      at src/core/charms-sdk.ts:16:11

  console.error
    Stderr: No spell found in the transaction

      30 | 				}
      31 | 				if (stderr) {
    > 32 | 					console.error(`Stderr: ${stderr}`);
         | 					        ^
      33 | 				}
      34 | 				console.info(`Executed successfully: ${stdout}`);
      35 | 				resolve(stdout);

      at src/core/charms-sdk.ts:32:14

  console.info
    Executed successfully:

      at src/core/charms-sdk.ts:34:13

  console.log
    !!! 1 {
      spendable: true,
      value: 39062500,
      txid: '011ea6755471625f8b61f050cb9d05d61793c11e8be111340ca82576added9e3',
      vout: 0
    } undefined

      at src/core/spells.ts:216:12

  console.info
    Executing command: /Users/gadiguy/workspace/charms/target/release/charms tx show-spell --tx 020000000001010000000000000000000000000000000000000000000000000000000000000000ffffffff0402340400ffffffff02e40b540200000000160014c699b99a00cc336f2cd3615b2361af367128c86a0000000000000000266a24aa21a9ede2f61c3f71d1defd3fa999dfa36953755c690689799962b48bebd836974e8cf90120000000000000000000000000000000000000000000000000000000000000000000000000

      at src/core/charms-sdk.ts:16:11

  console.error
    Stderr: No spell found in the transaction

      30 | 				}
      31 | 				if (stderr) {
    > 32 | 					console.error(`Stderr: ${stderr}`);
         | 					        ^
      33 | 				}
      34 | 				console.info(`Executed successfully: ${stdout}`);
      35 | 				resolve(stdout);

      at src/core/charms-sdk.ts:32:14

  console.info
    Executed successfully:

      at src/core/charms-sdk.ts:34:13

  console.log
    !!! 1 {
      spendable: true,
      value: 39062500,
      txid: '73d6e49405593c1e9d9b6c6c94aa00822e58258641042418ae35ffb0466cec87',
      vout: 0
    } undefined

      at src/core/spells.ts:216:12

  console.info
    Executing command: /Users/gadiguy/workspace/charms/target/release/charms tx show-spell --tx 020000000001010000000000000000000000000000000000000000000000000000000000000000ffffffff04022f0400ffffffff02e40b540200000000160014c699b99a00cc336f2cd3615b2361af367128c86a0000000000000000266a24aa21a9ede2f61c3f71d1defd3fa999dfa36953755c690689799962b48bebd836974e8cf90120000000000000000000000000000000000000000000000000000000000000000000000000

      at src/core/charms-sdk.ts:16:11

  console.error
    Stderr: No spell found in the transaction

      30 | 				}
      31 | 				if (stderr) {
    > 32 | 					console.error(`Stderr: ${stderr}`);
         | 					        ^
      33 | 				}
      34 | 				console.info(`Executed successfully: ${stdout}`);
      35 | 				resolve(stdout);

      at src/core/charms-sdk.ts:32:14

  console.info
    Executed successfully:

      at src/core/charms-sdk.ts:34:13

  console.log
    !!! 1 {
      spendable: true,
      value: 39062500,
      txid: '558afd689a2cbb7b25e93b67540107202344a616786fec4aee260250be185a41',
      vout: 0
    } undefined

      at src/core/spells.ts:216:12

  console.info
    Executing command: /Users/gadiguy/workspace/charms/target/release/charms tx show-spell --tx 020000000001010000000000000000000000000000000000000000000000000000000000000000ffffffff04022e0400ffffffff02e40b540200000000160014c699b99a00cc336f2cd3615b2361af367128c86a0000000000000000266a24aa21a9ede2f61c3f71d1defd3fa999dfa36953755c690689799962b48bebd836974e8cf90120000000000000000000000000000000000000000000000000000000000000000000000000

      at src/core/charms-sdk.ts:16:11

  console.error
    Stderr: No spell found in the transaction

      30 | 				}
      31 | 				if (stderr) {
    > 32 | 					console.error(`Stderr: ${stderr}`);
         | 					        ^
      33 | 				}
      34 | 				console.info(`Executed successfully: ${stdout}`);
      35 | 				resolve(stdout);

      at src/core/charms-sdk.ts:32:14

  console.info
    Executed successfully:

      at src/core/charms-sdk.ts:34:13

  console.log
    !!! 1 {
      spendable: true,
      value: 39062500,
      txid: 'aab7808b509ac5b66e8e1ca7d66778723bb3ddbbc19970259239e0d8e7c7fc7d',
      vout: 0
    } undefined

      at src/core/spells.ts:216:12

  console.info
    Executing command: /Users/gadiguy/workspace/charms/target/release/charms tx show-spell --tx 020000000001010000000000000000000000000000000000000000000000000000000000000000ffffffff04022d0400ffffffff02e40b540200000000160014c699b99a00cc336f2cd3615b2361af367128c86a0000000000000000266a24aa21a9ede2f61c3f71d1defd3fa999dfa36953755c690689799962b48bebd836974e8cf90120000000000000000000000000000000000000000000000000000000000000000000000000

      at src/core/charms-sdk.ts:16:11

  console.error
    Stderr: No spell found in the transaction

      30 | 				}
      31 | 				if (stderr) {
    > 32 | 					console.error(`Stderr: ${stderr}`);
         | 					        ^
      33 | 				}
      34 | 				console.info(`Executed successfully: ${stdout}`);
      35 | 				resolve(stdout);

      at src/core/charms-sdk.ts:32:14

  console.info
    Executed successfully:

      at src/core/charms-sdk.ts:34:13

  console.log
    !!! 1 {
      spendable: true,
      value: 39062500,
      txid: '894413f53f7ece58298ff4003f7781732fbd76aa28eceb0598b1acee0e4b9f25',
      vout: 0
    } undefined

      at src/core/spells.ts:216:12

  console.info
    Executing command: /Users/gadiguy/workspace/charms/target/release/charms tx show-spell --tx 020000000001010000000000000000000000000000000000000000000000000000000000000000ffffffff04022c0400ffffffff02e40b540200000000160014c699b99a00cc336f2cd3615b2361af367128c86a0000000000000000266a24aa21a9ede2f61c3f71d1defd3fa999dfa36953755c690689799962b48bebd836974e8cf90120000000000000000000000000000000000000000000000000000000000000000000000000

      at src/core/charms-sdk.ts:16:11

  console.error
    Stderr: No spell found in the transaction

      30 | 				}
      31 | 				if (stderr) {
    > 32 | 					console.error(`Stderr: ${stderr}`);
         | 					        ^
      33 | 				}
      34 | 				console.info(`Executed successfully: ${stdout}`);
      35 | 				resolve(stdout);

      at src/core/charms-sdk.ts:32:14

  console.info
    Executed successfully:

      at src/core/charms-sdk.ts:34:13

  console.log
    !!! 1 {
      spendable: true,
      value: 39062500,
      txid: '3d9120da58c35c4875b3a08dbc962463faa6b199d0525594fecf3e0a4aae53b2',
      vout: 0
    } undefined

      at src/core/spells.ts:216:12

  console.info
    Executing command: /Users/gadiguy/workspace/charms/target/release/charms tx show-spell --tx 020000000001010000000000000000000000000000000000000000000000000000000000000000ffffffff0402280400ffffffff02e40b540200000000160014c699b99a00cc336f2cd3615b2361af367128c86a0000000000000000266a24aa21a9ede2f61c3f71d1defd3fa999dfa36953755c690689799962b48bebd836974e8cf90120000000000000000000000000000000000000000000000000000000000000000000000000

      at src/core/charms-sdk.ts:16:11

  console.error
    Stderr: No spell found in the transaction

      30 | 				}
      31 | 				if (stderr) {
    > 32 | 					console.error(`Stderr: ${stderr}`);
         | 					        ^
      33 | 				}
      34 | 				console.info(`Executed successfully: ${stdout}`);
      35 | 				resolve(stdout);

      at src/core/charms-sdk.ts:32:14

  console.info
    Executed successfully:

      at src/core/charms-sdk.ts:34:13

  console.log
    !!! 1 {
      spendable: true,
      value: 39062500,
      txid: '6969d28e1c5b071f70c2faecdc64fc0899c05659d9b8156c53c6056a51fc05a6',
      vout: 0
    } undefined

      at src/core/spells.ts:216:12

  console.info
    Executing command: /Users/gadiguy/workspace/charms/target/release/charms tx show-spell --tx 020000000001010000000000000000000000000000000000000000000000000000000000000000ffffffff0402270400ffffffff02e40b540200000000160014c699b99a00cc336f2cd3615b2361af367128c86a0000000000000000266a24aa21a9ede2f61c3f71d1defd3fa999dfa36953755c690689799962b48bebd836974e8cf90120000000000000000000000000000000000000000000000000000000000000000000000000

      at src/core/charms-sdk.ts:16:11

  console.error
    Stderr: No spell found in the transaction

      30 | 				}
      31 | 				if (stderr) {
    > 32 | 					console.error(`Stderr: ${stderr}`);
         | 					        ^
      33 | 				}
      34 | 				console.info(`Executed successfully: ${stdout}`);
      35 | 				resolve(stdout);

      at src/core/charms-sdk.ts:32:14

  console.info
    Executed successfully:

      at src/core/charms-sdk.ts:34:13

  console.log
    !!! 1 {
      spendable: true,
      value: 39062500,
      txid: 'e91b303b6b0774f49c972fcf2ecdf561d420076ba8874a3083195298e3d698a9',
      vout: 0
    } undefined

      at src/core/spells.ts:216:12

  console.info
    Executing command: /Users/gadiguy/workspace/charms/target/release/charms tx show-spell --tx 020000000001010000000000000000000000000000000000000000000000000000000000000000ffffffff0402250400ffffffff02e40b540200000000160014c699b99a00cc336f2cd3615b2361af367128c86a0000000000000000266a24aa21a9ede2f61c3f71d1defd3fa999dfa36953755c690689799962b48bebd836974e8cf90120000000000000000000000000000000000000000000000000000000000000000000000000

      at src/core/charms-sdk.ts:16:11

  console.error
    Stderr: No spell found in the transaction

      30 | 				}
      31 | 				if (stderr) {
    > 32 | 					console.error(`Stderr: ${stderr}`);
         | 					        ^
      33 | 				}
      34 | 				console.info(`Executed successfully: ${stdout}`);
      35 | 				resolve(stdout);

      at src/core/charms-sdk.ts:32:14

  console.info
    Executed successfully:

      at src/core/charms-sdk.ts:34:13

  console.log
    !!! 1 {
      spendable: true,
      value: 39062500,
      txid: 'f8b5792aec03afa786a30791f60245b9afd324b4e735a164e11df97ebf2d17fb',
      vout: 0
    } undefined

      at src/core/spells.ts:216:12

  console.info
    Executing command: /Users/gadiguy/workspace/charms/target/release/charms tx show-spell --tx 020000000001010000000000000000000000000000000000000000000000000000000000000000ffffffff0402240400ffffffff02e40b540200000000160014c699b99a00cc336f2cd3615b2361af367128c86a0000000000000000266a24aa21a9ede2f61c3f71d1defd3fa999dfa36953755c690689799962b48bebd836974e8cf90120000000000000000000000000000000000000000000000000000000000000000000000000

      at src/core/charms-sdk.ts:16:11

  console.error
    Stderr: No spell found in the transaction

      30 | 				}
      31 | 				if (stderr) {
    > 32 | 					console.error(`Stderr: ${stderr}`);
         | 					        ^
      33 | 				}
      34 | 				console.info(`Executed successfully: ${stdout}`);
      35 | 				resolve(stdout);

      at src/core/charms-sdk.ts:32:14

  console.info
    Executed successfully:

      at src/core/charms-sdk.ts:34:13

  console.log
    !!! 1 {
      spendable: true,
      value: 39062500,
      txid: '52f8c28f1980cede0b5d365be65dfef6041dabd96ba95570e0ba829adf03f5d0',
      vout: 0
    } undefined

      at src/core/spells.ts:216:12

  console.info
    Executing command: /Users/gadiguy/workspace/charms/target/release/charms tx show-spell --tx 020000000001010000000000000000000000000000000000000000000000000000000000000000ffffffff0402230400ffffffff02e40b540200000000160014c699b99a00cc336f2cd3615b2361af367128c86a0000000000000000266a24aa21a9ede2f61c3f71d1defd3fa999dfa36953755c690689799962b48bebd836974e8cf90120000000000000000000000000000000000000000000000000000000000000000000000000

      at src/core/charms-sdk.ts:16:11

  console.error
    Stderr: No spell found in the transaction

      30 | 				}
      31 | 				if (stderr) {
    > 32 | 					console.error(`Stderr: ${stderr}`);
         | 					        ^
      33 | 				}
      34 | 				console.info(`Executed successfully: ${stdout}`);
      35 | 				resolve(stdout);

      at src/core/charms-sdk.ts:32:14

  console.info
    Executed successfully:

      at src/core/charms-sdk.ts:34:13

  console.log
    !!! 1 {
      spendable: true,
      value: 39062500,
      txid: '268c6ebe8e7f86af8ebcdca017659aab4ca0feffa94d5d3585b83c9dad88388b',
      vout: 0
    } undefined

      at src/core/spells.ts:216:12

  console.info
    Executing command: /Users/gadiguy/workspace/charms/target/release/charms tx show-spell --tx 020000000001010000000000000000000000000000000000000000000000000000000000000000ffffffff0402220400ffffffff02e40b540200000000160014c699b99a00cc336f2cd3615b2361af367128c86a0000000000000000266a24aa21a9ede2f61c3f71d1defd3fa999dfa36953755c690689799962b48bebd836974e8cf90120000000000000000000000000000000000000000000000000000000000000000000000000

      at src/core/charms-sdk.ts:16:11

  console.error
    Stderr: No spell found in the transaction

      30 | 				}
      31 | 				if (stderr) {
    > 32 | 					console.error(`Stderr: ${stderr}`);
         | 					        ^
      33 | 				}
      34 | 				console.info(`Executed successfully: ${stdout}`);
      35 | 				resolve(stdout);

      at src/core/charms-sdk.ts:32:14

  console.info
    Executed successfully:

      at src/core/charms-sdk.ts:34:13

  console.log
    !!! 1 {
      spendable: true,
      value: 39062500,
      txid: '118113b8f94e68de013408bb89a2e5027c261bab9467f9108b3c9bb086b35204',
      vout: 0
    } undefined

      at src/core/spells.ts:216:12

  console.info
    Executing command: /Users/gadiguy/workspace/charms/target/release/charms tx show-spell --tx 020000000001010000000000000000000000000000000000000000000000000000000000000000ffffffff0402210400ffffffff02e40b540200000000160014c699b99a00cc336f2cd3615b2361af367128c86a0000000000000000266a24aa21a9ede2f61c3f71d1defd3fa999dfa36953755c690689799962b48bebd836974e8cf90120000000000000000000000000000000000000000000000000000000000000000000000000

      at src/core/charms-sdk.ts:16:11

  console.error
    Stderr: No spell found in the transaction

      30 | 				}
      31 | 				if (stderr) {
    > 32 | 					console.error(`Stderr: ${stderr}`);
         | 					        ^
      33 | 				}
      34 | 				console.info(`Executed successfully: ${stdout}`);
      35 | 				resolve(stdout);

      at src/core/charms-sdk.ts:32:14

  console.info
    Executed successfully:

      at src/core/charms-sdk.ts:34:13

  console.log
    !!! 1 {
      spendable: true,
      value: 39062500,
      txid: '3f9ea191630c8af0392a5b0c96eef83b0c296dcdccbe1396223ca51fb0482625',
      vout: 0
    } undefined

      at src/core/spells.ts:216:12

  console.info
    Executing command: /Users/gadiguy/workspace/charms/target/release/charms tx show-spell --tx 020000000001010000000000000000000000000000000000000000000000000000000000000000ffffffff04021d0400ffffffff02e40b540200000000160014c699b99a00cc336f2cd3615b2361af367128c86a0000000000000000266a24aa21a9ede2f61c3f71d1defd3fa999dfa36953755c690689799962b48bebd836974e8cf90120000000000000000000000000000000000000000000000000000000000000000000000000

      at src/core/charms-sdk.ts:16:11

  console.error
    Stderr: No spell found in the transaction

      30 | 				}
      31 | 				if (stderr) {
    > 32 | 					console.error(`Stderr: ${stderr}`);
         | 					        ^
      33 | 				}
      34 | 				console.info(`Executed successfully: ${stdout}`);
      35 | 				resolve(stdout);

      at src/core/charms-sdk.ts:32:14

  console.info
    Executed successfully:

      at src/core/charms-sdk.ts:34:13

  console.log
    !!! 1 {
      spendable: true,
      value: 39062500,
      txid: 'a9a062f759ed025bf0174f154ab4db7820c4a76a909159db44353ab3aa1b4c81',
      vout: 0
    } undefined

      at src/core/spells.ts:216:12

  console.info
    Executing command: /Users/gadiguy/workspace/charms/target/release/charms tx show-spell --tx 020000000001010000000000000000000000000000000000000000000000000000000000000000ffffffff04021b0400ffffffff02e40b540200000000160014c699b99a00cc336f2cd3615b2361af367128c86a0000000000000000266a24aa21a9ede2f61c3f71d1defd3fa999dfa36953755c690689799962b48bebd836974e8cf90120000000000000000000000000000000000000000000000000000000000000000000000000

      at src/core/charms-sdk.ts:16:11

  console.error
    Stderr: No spell found in the transaction

      30 | 				}
      31 | 				if (stderr) {
    > 32 | 					console.error(`Stderr: ${stderr}`);
         | 					        ^
      33 | 				}
      34 | 				console.info(`Executed successfully: ${stdout}`);
      35 | 				resolve(stdout);

      at src/core/charms-sdk.ts:32:14

  console.info
    Executed successfully:

      at src/core/charms-sdk.ts:34:13

  console.log
    !!! 1 {
      spendable: true,
      value: 39062500,
      txid: '35849afbf9565b50a64eb9aab368e611659152276d7fb7e44ac7c70974c30b46',
      vout: 0
    } undefined

      at src/core/spells.ts:216:12

  console.info
    Executing command: /Users/gadiguy/workspace/charms/target/release/charms tx show-spell --tx 020000000001010000000000000000000000000000000000000000000000000000000000000000ffffffff04021a0400ffffffff02e40b540200000000160014c699b99a00cc336f2cd3615b2361af367128c86a0000000000000000266a24aa21a9ede2f61c3f71d1defd3fa999dfa36953755c690689799962b48bebd836974e8cf90120000000000000000000000000000000000000000000000000000000000000000000000000

      at src/core/charms-sdk.ts:16:11

  console.error
    Stderr: No spell found in the transaction

      30 | 				}
      31 | 				if (stderr) {
    > 32 | 					console.error(`Stderr: ${stderr}`);
         | 					        ^
      33 | 				}
      34 | 				console.info(`Executed successfully: ${stdout}`);
      35 | 				resolve(stdout);

      at src/core/charms-sdk.ts:32:14

  console.info
    Executed successfully:

      at src/core/charms-sdk.ts:34:13

  console.log
    !!! 1 {
      spendable: true,
      value: 39062500,
      txid: '3b623a41787935c132bc155083ca23781a203772b931ca8c08ea9fd192fd7ed1',
      vout: 0
    } undefined

      at src/core/spells.ts:216:12

  console.info
    Executing command: /Users/gadiguy/workspace/charms/target/release/charms tx show-spell --tx 020000000001010000000000000000000000000000000000000000000000000000000000000000ffffffff0402190400ffffffff02c817a80400000000160014c699b99a00cc336f2cd3615b2361af367128c86a0000000000000000266a24aa21a9ede2f61c3f71d1defd3fa999dfa36953755c690689799962b48bebd836974e8cf90120000000000000000000000000000000000000000000000000000000000000000000000000

      at src/core/charms-sdk.ts:16:11

  console.error
    Stderr: No spell found in the transaction

      30 | 				}
      31 | 				if (stderr) {
    > 32 | 					console.error(`Stderr: ${stderr}`);
         | 					        ^
      33 | 				}
      34 | 				console.info(`Executed successfully: ${stdout}`);
      35 | 				resolve(stdout);

      at src/core/charms-sdk.ts:32:14

  console.info
    Executed successfully:

      at src/core/charms-sdk.ts:34:13

  console.log
    !!! 1 {
      spendable: true,
      value: 78125000,
      txid: '475548f38546352f66964c67f4a2e0158ac93a25589c88ab2cb4a71b6045eea0',
      vout: 0
    } undefined

      at src/core/spells.ts:216:12

  console.info
    Executing command: /Users/gadiguy/workspace/charms/target/release/charms tx show-spell --tx 020000000001010000000000000000000000000000000000000000000000000000000000000000ffffffff0402180400ffffffff02c817a80400000000160014c699b99a00cc336f2cd3615b2361af367128c86a0000000000000000266a24aa21a9ede2f61c3f71d1defd3fa999dfa36953755c690689799962b48bebd836974e8cf90120000000000000000000000000000000000000000000000000000000000000000000000000

      at src/core/charms-sdk.ts:16:11

  console.error
    Stderr: No spell found in the transaction

      30 | 				}
      31 | 				if (stderr) {
    > 32 | 					console.error(`Stderr: ${stderr}`);
         | 					        ^
      33 | 				}
      34 | 				console.info(`Executed successfully: ${stdout}`);
      35 | 				resolve(stdout);

      at src/core/charms-sdk.ts:32:14

  console.info
    Executed successfully:

      at src/core/charms-sdk.ts:34:13

  console.log
    !!! 1 {
      spendable: true,
      value: 78125000,
      txid: '19e5700d89c9d09499aae45e354ecaba9a11eb4d9a0250200a644f2429a82161',
      vout: 0
    } undefined

      at src/core/spells.ts:216:12

  console.info
    Executing command: /Users/gadiguy/workspace/charms/target/release/charms tx show-spell --tx 020000000001010000000000000000000000000000000000000000000000000000000000000000ffffffff0402150400ffffffff02f256e40400000000160014c699b99a00cc336f2cd3615b2361af367128c86a0000000000000000266a24aa21a9ed706fa0402b6f41850edbc21c707cd0ee1a6323080670d66bf38da7a75b8a7ae40120000000000000000000000000000000000000000000000000000000000000000000000000

      at src/core/charms-sdk.ts:16:11

  console.error
    Stderr: No spell found in the transaction

      30 | 				}
      31 | 				if (stderr) {
    > 32 | 					console.error(`Stderr: ${stderr}`);
         | 					        ^
      33 | 				}
      34 | 				console.info(`Executed successfully: ${stdout}`);
      35 | 				resolve(stdout);

      at src/core/charms-sdk.ts:32:14

  console.info
    Executed successfully:

      at src/core/charms-sdk.ts:34:13

  console.log
    !!! 1 {
      spendable: true,
      value: 82073330,
      txid: '40131d97afcbff34009bfb22f4f4a9191da11c219dcf9dff4667de9ec15199f0',
      vout: 0
    } undefined

      at src/core/spells.ts:216:12

  console.info
    Executing command: /Users/gadiguy/workspace/charms/target/release/charms tx show-spell --tx 020000000001010000000000000000000000000000000000000000000000000000000000000000ffffffff0402710400ffffffff02e40b540200000000160014c699b99a00cc336f2cd3615b2361af367128c86a0000000000000000266a24aa21a9ede2f61c3f71d1defd3fa999dfa36953755c690689799962b48bebd836974e8cf90120000000000000000000000000000000000000000000000000000000000000000000000000

      at src/core/charms-sdk.ts:16:11

  console.error
    Stderr: No spell found in the transaction

      30 | 				}
      31 | 				if (stderr) {
    > 32 | 					console.error(`Stderr: ${stderr}`);
         | 					        ^
      33 | 				}
      34 | 				console.info(`Executed successfully: ${stdout}`);
      35 | 				resolve(stdout);

      at src/core/charms-sdk.ts:32:14

  console.info
    Executed successfully:

      at src/core/charms-sdk.ts:34:13

  console.log
    !!! 1 {
      spendable: true,
      value: 39062500,
      txid: '93172b7d72f89dda1a40ddeb1635ff1e2107887fa29c79ff52b8f2c91be50eae',
      vout: 0
    } undefined

      at src/core/spells.ts:216:12

  console.info
    Executing command: /Users/gadiguy/workspace/charms/target/release/charms tx show-spell --tx 020000000001010000000000000000000000000000000000000000000000000000000000000000ffffffff04020b0400ffffffff02c817a8040000000016001487c68812ab2a14f7fa49ce78ca4a347b022745210000000000000000266a24aa21a9edc65f6211e651eb44876de38c3be15afa43c5e58c64fae4b845247ec9e4f2492a0120000000000000000000000000000000000000000000000000000000000000000000000000

      at src/core/charms-sdk.ts:16:11

  console.error
    Stderr: No spell found in the transaction

      30 | 				}
      31 | 				if (stderr) {
    > 32 | 					console.error(`Stderr: ${stderr}`);
         | 					        ^
      33 | 				}
      34 | 				console.info(`Executed successfully: ${stdout}`);
      35 | 				resolve(stdout);

      at src/core/charms-sdk.ts:32:14

  console.info
    Executed successfully:

      at src/core/charms-sdk.ts:34:13

  console.log
    !!! 1 {
      spendable: true,
      value: 78125000,
      txid: 'ed8cba20f1bfb4f1834592a9c102b3beff185b1c4f21a0ba1e4c0f2274757eab',
      vout: 0
    } undefined

      at src/core/spells.ts:216:12

  console.info
    Executing command: /Users/gadiguy/workspace/charms/target/release/charms tx show-spell --tx 020000000001010000000000000000000000000000000000000000000000000000000000000000ffffffff0402090400ffffffff02c817a80400000000160014b3455ce530ba44de213c9a78c2d662785143c5f40000000000000000266a24aa21a9ede2f61c3f71d1defd3fa999dfa36953755c690689799962b48bebd836974e8cf90120000000000000000000000000000000000000000000000000000000000000000000000000

      at src/core/charms-sdk.ts:16:11

  console.error
    Stderr: No spell found in the transaction

      30 | 				}
      31 | 				if (stderr) {
    > 32 | 					console.error(`Stderr: ${stderr}`);
         | 					        ^
      33 | 				}
      34 | 				console.info(`Executed successfully: ${stdout}`);
      35 | 				resolve(stdout);

      at src/core/charms-sdk.ts:32:14

  console.info
    Executed successfully:

      at src/core/charms-sdk.ts:34:13

  console.log
    !!! 1 {
      spendable: true,
      value: 78125000,
      txid: '915c99c3f10b91e7507b793e1710fe7460027c0ce4198dfc48276734e212231a',
      vout: 0
    } undefined

      at src/core/spells.ts:216:12

  console.info
    Executing command: /Users/gadiguy/workspace/charms/target/release/charms tx show-spell --tx 020000000001010000000000000000000000000000000000000000000000000000000000000000ffffffff0402070400ffffffff02c817a80400000000160014b3455ce530ba44de213c9a78c2d662785143c5f40000000000000000266a24aa21a9ede2f61c3f71d1defd3fa999dfa36953755c690689799962b48bebd836974e8cf90120000000000000000000000000000000000000000000000000000000000000000000000000

      at src/core/charms-sdk.ts:16:11

  console.error
    Stderr: No spell found in the transaction

      30 | 				}
      31 | 				if (stderr) {
    > 32 | 					console.error(`Stderr: ${stderr}`);
         | 					        ^
      33 | 				}
      34 | 				console.info(`Executed successfully: ${stdout}`);
      35 | 				resolve(stdout);

      at src/core/charms-sdk.ts:32:14

  console.info
    Executed successfully:

      at src/core/charms-sdk.ts:34:13

  console.log
    !!! 1 {
      spendable: true,
      value: 78125000,
      txid: '50ff63f1d19523d7e790e204e4aa0d370b121b62d49d5988542a45b6b20fc04d',
      vout: 0
    } undefined

      at src/core/spells.ts:216:12

  console.info
    Executing command: /Users/gadiguy/workspace/charms/target/release/charms tx show-spell --tx 020000000001010000000000000000000000000000000000000000000000000000000000000000ffffffff0402060400ffffffff02c817a80400000000160014b3455ce530ba44de213c9a78c2d662785143c5f40000000000000000266a24aa21a9ede2f61c3f71d1defd3fa999dfa36953755c690689799962b48bebd836974e8cf90120000000000000000000000000000000000000000000000000000000000000000000000000

      at src/core/charms-sdk.ts:16:11

  console.error
    Stderr: No spell found in the transaction

      30 | 				}
      31 | 				if (stderr) {
    > 32 | 					console.error(`Stderr: ${stderr}`);
         | 					        ^
      33 | 				}
      34 | 				console.info(`Executed successfully: ${stdout}`);
      35 | 				resolve(stdout);

      at src/core/charms-sdk.ts:32:14

  console.info
    Executed successfully:

      at src/core/charms-sdk.ts:34:13

  console.log
    !!! 1 {
      spendable: true,
      value: 78125000,
      txid: 'e597542a41492b50f8b56d57ac5dde8e391699441712e9fecf53be80e12e4049',
      vout: 0
    } undefined

      at src/core/spells.ts:216:12

  console.info
    Executing command: /Users/gadiguy/workspace/charms/target/release/charms tx show-spell --tx 020000000001010000000000000000000000000000000000000000000000000000000000000000ffffffff0402020400ffffffff02c817a80400000000160014b3455ce530ba44de213c9a78c2d662785143c5f40000000000000000266a24aa21a9ede2f61c3f71d1defd3fa999dfa36953755c690689799962b48bebd836974e8cf90120000000000000000000000000000000000000000000000000000000000000000000000000

      at src/core/charms-sdk.ts:16:11

  console.error
    Stderr: No spell found in the transaction

      30 | 				}
      31 | 				if (stderr) {
    > 32 | 					console.error(`Stderr: ${stderr}`);
         | 					        ^
      33 | 				}
      34 | 				console.info(`Executed successfully: ${stdout}`);
      35 | 				resolve(stdout);

      at src/core/charms-sdk.ts:32:14

  console.info
    Executed successfully:

      at src/core/charms-sdk.ts:34:13

  console.log
    !!! 1 {
      spendable: true,
      value: 78125000,
      txid: 'c07497a0a53978c2076e2aac20d422cf39a9a671a3945aa554636eeebb82fd76',
      vout: 0
    } undefined

      at src/core/spells.ts:216:12

  console.info
    Executing command: /Users/gadiguy/workspace/charms/target/release/charms tx show-spell --tx 020000000001010000000000000000000000000000000000000000000000000000000000000000ffffffff0402010400ffffffff02c817a80400000000160014b3455ce530ba44de213c9a78c2d662785143c5f40000000000000000266a24aa21a9ede2f61c3f71d1defd3fa999dfa36953755c690689799962b48bebd836974e8cf90120000000000000000000000000000000000000000000000000000000000000000000000000

      at src/core/charms-sdk.ts:16:11

  console.error
    Stderr: No spell found in the transaction

      30 | 				}
      31 | 				if (stderr) {
    > 32 | 					console.error(`Stderr: ${stderr}`);
         | 					        ^
      33 | 				}
      34 | 				console.info(`Executed successfully: ${stdout}`);
      35 | 				resolve(stdout);

      at src/core/charms-sdk.ts:32:14

  console.info
    Executed successfully:

      at src/core/charms-sdk.ts:34:13

  console.log
    !!! 1 {
      spendable: true,
      value: 78125000,
      txid: '2de636ac17c6bb7cf4afe7718c6103bd8fefbaf19784a5f6099178f0a8c9a841',
      vout: 0
    } undefined

      at src/core/spells.ts:216:12

  console.info
    Executing command: /Users/gadiguy/workspace/charms/target/release/charms tx show-spell --tx 020000000001010000000000000000000000000000000000000000000000000000000000000000ffffffff0402fe0300ffffffff02c817a80400000000160014b3455ce530ba44de213c9a78c2d662785143c5f40000000000000000266a24aa21a9ede2f61c3f71d1defd3fa999dfa36953755c690689799962b48bebd836974e8cf90120000000000000000000000000000000000000000000000000000000000000000000000000

      at src/core/charms-sdk.ts:16:11

  console.error
    Stderr: No spell found in the transaction

      30 | 				}
      31 | 				if (stderr) {
    > 32 | 					console.error(`Stderr: ${stderr}`);
         | 					        ^
      33 | 				}
      34 | 				console.info(`Executed successfully: ${stdout}`);
      35 | 				resolve(stdout);

      at src/core/charms-sdk.ts:32:14

  console.info
    Executed successfully:

      at src/core/charms-sdk.ts:34:13

  console.log
    !!! 1 {
      spendable: true,
      value: 78125000,
      txid: '1cdbe75922ac011d0613f1492afcbe098f8f868e932d6bd9bf6ea15c270dc061',
      vout: 0
    } undefined

      at src/core/spells.ts:216:12

  console.info
    Executing command: /Users/gadiguy/workspace/charms/target/release/charms tx show-spell --tx 020000000001010000000000000000000000000000000000000000000000000000000000000000ffffffff0402fb0300ffffffff02c817a80400000000160014b3455ce530ba44de213c9a78c2d662785143c5f40000000000000000266a24aa21a9ede2f61c3f71d1defd3fa999dfa36953755c690689799962b48bebd836974e8cf90120000000000000000000000000000000000000000000000000000000000000000000000000

      at src/core/charms-sdk.ts:16:11

  console.error
    Stderr: No spell found in the transaction

      30 | 				}
      31 | 				if (stderr) {
    > 32 | 					console.error(`Stderr: ${stderr}`);
         | 					        ^
      33 | 				}
      34 | 				console.info(`Executed successfully: ${stdout}`);
      35 | 				resolve(stdout);

      at src/core/charms-sdk.ts:32:14

  console.info
    Executed successfully:

      at src/core/charms-sdk.ts:34:13

  console.log
    !!! 1 {
      spendable: true,
      value: 78125000,
      txid: '4942cf058069b3a2f3eab2fa018043547b85cf6554bc847145c18f9c5da6bb18',
      vout: 0
    } undefined

      at src/core/spells.ts:216:12

  console.info
    Executing command: /Users/gadiguy/workspace/charms/target/release/charms tx show-spell --tx 020000000001010000000000000000000000000000000000000000000000000000000000000000ffffffff0402fa0300ffffffff02c817a80400000000160014b3455ce530ba44de213c9a78c2d662785143c5f40000000000000000266a24aa21a9ede2f61c3f71d1defd3fa999dfa36953755c690689799962b48bebd836974e8cf90120000000000000000000000000000000000000000000000000000000000000000000000000

      at src/core/charms-sdk.ts:16:11

  console.error
    Stderr: No spell found in the transaction

      30 | 				}
      31 | 				if (stderr) {
    > 32 | 					console.error(`Stderr: ${stderr}`);
         | 					        ^
      33 | 				}
      34 | 				console.info(`Executed successfully: ${stdout}`);
      35 | 				resolve(stdout);

      at src/core/charms-sdk.ts:32:14

  console.info
    Executed successfully:

      at src/core/charms-sdk.ts:34:13

  console.log
    !!! 1 {
      spendable: true,
      value: 78125000,
      txid: '3d739443fb337fa39dd288e34f0fd1479bb6085564fda387c0447589aa5f87bd',
      vout: 0
    } undefined

      at src/core/spells.ts:216:12

  console.info
    Executing command: /Users/gadiguy/workspace/charms/target/release/charms tx show-spell --tx 020000000001010000000000000000000000000000000000000000000000000000000000000000ffffffff0402f30300ffffffff02c817a80400000000160014b3455ce530ba44de213c9a78c2d662785143c5f40000000000000000266a24aa21a9ede2f61c3f71d1defd3fa999dfa36953755c690689799962b48bebd836974e8cf90120000000000000000000000000000000000000000000000000000000000000000000000000

      at src/core/charms-sdk.ts:16:11

  console.error
    Stderr: No spell found in the transaction

      30 | 				}
      31 | 				if (stderr) {
    > 32 | 					console.error(`Stderr: ${stderr}`);
         | 					        ^
      33 | 				}
      34 | 				console.info(`Executed successfully: ${stdout}`);
      35 | 				resolve(stdout);

      at src/core/charms-sdk.ts:32:14

  console.info
    Executed successfully:

      at src/core/charms-sdk.ts:34:13

  console.log
    !!! 1 {
      spendable: true,
      value: 78125000,
      txid: '054a82d513de1e56044cad3c7063b14602546882b7e5904688cd884a3897ae2e',
      vout: 0
    } undefined

      at src/core/spells.ts:216:12

  console.info
    Executing command: /Users/gadiguy/workspace/charms/target/release/charms tx show-spell --tx 020000000001010000000000000000000000000000000000000000000000000000000000000000ffffffff0402ee0300ffffffff02c817a80400000000160014b3455ce530ba44de213c9a78c2d662785143c5f40000000000000000266a24aa21a9ede2f61c3f71d1defd3fa999dfa36953755c690689799962b48bebd836974e8cf90120000000000000000000000000000000000000000000000000000000000000000000000000

      at src/core/charms-sdk.ts:16:11

  console.error
    Stderr: No spell found in the transaction

      30 | 				}
      31 | 				if (stderr) {
    > 32 | 					console.error(`Stderr: ${stderr}`);
         | 					        ^
      33 | 				}
      34 | 				console.info(`Executed successfully: ${stdout}`);
      35 | 				resolve(stdout);

      at src/core/charms-sdk.ts:32:14

  console.info
    Executed successfully:

      at src/core/charms-sdk.ts:34:13

  console.log
    !!! 1 {
      spendable: true,
      value: 78125000,
      txid: '6cd5377100a509022d100489e41d9ea505e621c5e4a5cc8f77d97403cf287728',
      vout: 0
    } undefined

      at src/core/spells.ts:216:12

  console.info
    Executing command: /Users/gadiguy/workspace/charms/target/release/charms tx show-spell --tx 020000000001010000000000000000000000000000000000000000000000000000000000000000ffffffff0402eb0300ffffffff02c817a80400000000160014b3455ce530ba44de213c9a78c2d662785143c5f40000000000000000266a24aa21a9ede2f61c3f71d1defd3fa999dfa36953755c690689799962b48bebd836974e8cf90120000000000000000000000000000000000000000000000000000000000000000000000000

      at src/core/charms-sdk.ts:16:11

  console.error
    Stderr: No spell found in the transaction

      30 | 				}
      31 | 				if (stderr) {
    > 32 | 					console.error(`Stderr: ${stderr}`);
         | 					        ^
      33 | 				}
      34 | 				console.info(`Executed successfully: ${stdout}`);
      35 | 				resolve(stdout);

      at src/core/charms-sdk.ts:32:14

  console.info
    Executed successfully:

      at src/core/charms-sdk.ts:34:13

  console.log
    !!! 1 {
      spendable: true,
      value: 78125000,
      txid: 'a4aa5544883a9bfeaf332c355cc4e3383d8bc51b8a7d02d51897de2bf011b0eb',
      vout: 0
    } undefined

      at src/core/spells.ts:216:12

  console.info
    Executing command: /Users/gadiguy/workspace/charms/target/release/charms tx show-spell --tx 020000000001010000000000000000000000000000000000000000000000000000000000000000ffffffff0402ea0300ffffffff02c817a80400000000160014b3455ce530ba44de213c9a78c2d662785143c5f40000000000000000266a24aa21a9ede2f61c3f71d1defd3fa999dfa36953755c690689799962b48bebd836974e8cf90120000000000000000000000000000000000000000000000000000000000000000000000000

      at src/core/charms-sdk.ts:16:11

  console.error
    Stderr: No spell found in the transaction

      30 | 				}
      31 | 				if (stderr) {
    > 32 | 					console.error(`Stderr: ${stderr}`);
         | 					        ^
      33 | 				}
      34 | 				console.info(`Executed successfully: ${stdout}`);
      35 | 				resolve(stdout);

      at src/core/charms-sdk.ts:32:14

  console.info
    Executed successfully:

      at src/core/charms-sdk.ts:34:13

  console.log
    !!! 1 {
      spendable: true,
      value: 78125000,
      txid: '34090f8cd8e19f21ad1f7514edda0c0618ea0f18f37879e7d3871fb25a33a604',
      vout: 0
    } undefined

      at src/core/spells.ts:216:12

  console.info
    Executing command: /Users/gadiguy/workspace/charms/target/release/charms tx show-spell --tx 020000000001010000000000000000000000000000000000000000000000000000000000000000ffffffff0402e90300ffffffff02c817a80400000000160014b3455ce530ba44de213c9a78c2d662785143c5f40000000000000000266a24aa21a9ede2f61c3f71d1defd3fa999dfa36953755c690689799962b48bebd836974e8cf90120000000000000000000000000000000000000000000000000000000000000000000000000

      at src/core/charms-sdk.ts:16:11

  console.error
    Stderr: No spell found in the transaction

      30 | 				}
      31 | 				if (stderr) {
    > 32 | 					console.error(`Stderr: ${stderr}`);
         | 					        ^
      33 | 				}
      34 | 				console.info(`Executed successfully: ${stdout}`);
      35 | 				resolve(stdout);

      at src/core/charms-sdk.ts:32:14

  console.info
    Executed successfully:

      at src/core/charms-sdk.ts:34:13

  console.log
    !!! 1 {
      spendable: true,
      value: 78125000,
      txid: '7137c9de12c0c0bacb8662c73bd9606aa4ba6f4a119c1e54daf0339f7eed7afc',
      vout: 0
    } undefined

      at src/core/spells.ts:216:12

  console.info
    Executing command: /Users/gadiguy/workspace/charms/target/release/charms tx show-spell --tx 020000000001010000000000000000000000000000000000000000000000000000000000000000ffffffff0402e40300ffffffff02c817a80400000000160014b3455ce530ba44de213c9a78c2d662785143c5f40000000000000000266a24aa21a9ede2f61c3f71d1defd3fa999dfa36953755c690689799962b48bebd836974e8cf90120000000000000000000000000000000000000000000000000000000000000000000000000

      at src/core/charms-sdk.ts:16:11

  console.error
    Stderr: No spell found in the transaction

      30 | 				}
      31 | 				if (stderr) {
    > 32 | 					console.error(`Stderr: ${stderr}`);
         | 					        ^
      33 | 				}
      34 | 				console.info(`Executed successfully: ${stdout}`);
      35 | 				resolve(stdout);

      at src/core/charms-sdk.ts:32:14

  console.info
    Executed successfully:

      at src/core/charms-sdk.ts:34:13

  console.log
    !!! 1 {
      spendable: true,
      value: 78125000,
      txid: 'd8704bf6d92c3f73ccc11fd7d06ebfd02f8be66c79fe064d9b7da350f82139ec',
      vout: 0
    } undefined

      at src/core/spells.ts:216:12

  console.info
    Executing command: /Users/gadiguy/workspace/charms/target/release/charms tx show-spell --tx 020000000001010000000000000000000000000000000000000000000000000000000000000000ffffffff0402e20300ffffffff02c817a80400000000160014b3455ce530ba44de213c9a78c2d662785143c5f40000000000000000266a24aa21a9ede2f61c3f71d1defd3fa999dfa36953755c690689799962b48bebd836974e8cf90120000000000000000000000000000000000000000000000000000000000000000000000000

      at src/core/charms-sdk.ts:16:11

  console.error
    Stderr: No spell found in the transaction

      30 | 				}
      31 | 				if (stderr) {
    > 32 | 					console.error(`Stderr: ${stderr}`);
         | 					        ^
      33 | 				}
      34 | 				console.info(`Executed successfully: ${stdout}`);
      35 | 				resolve(stdout);

      at src/core/charms-sdk.ts:32:14

  console.info
    Executed successfully:

      at src/core/charms-sdk.ts:34:13

  console.log
    !!! 1 {
      spendable: true,
      value: 78125000,
      txid: '34ebafcaf2a4e12d8874b9103ee320035a24db6d63ee961e1180df5af3e40a7b',
      vout: 0
    } undefined

      at src/core/spells.ts:216:12

  console.info
    Executing command: /Users/gadiguy/workspace/charms/target/release/charms tx show-spell --tx 020000000001010000000000000000000000000000000000000000000000000000000000000000ffffffff0402e10300ffffffff02c817a80400000000160014b3455ce530ba44de213c9a78c2d662785143c5f40000000000000000266a24aa21a9ede2f61c3f71d1defd3fa999dfa36953755c690689799962b48bebd836974e8cf90120000000000000000000000000000000000000000000000000000000000000000000000000

      at src/core/charms-sdk.ts:16:11

  console.error
    Stderr: No spell found in the transaction

      30 | 				}
      31 | 				if (stderr) {
    > 32 | 					console.error(`Stderr: ${stderr}`);
         | 					        ^
      33 | 				}
      34 | 				console.info(`Executed successfully: ${stdout}`);
      35 | 				resolve(stdout);

      at src/core/charms-sdk.ts:32:14

  console.info
    Executed successfully:

      at src/core/charms-sdk.ts:34:13

  console.log
    !!! 1 {
      spendable: true,
      value: 78125000,
      txid: 'd4af7fd5da33e9a73af4e41adf660a02da79d28e8486dea839df28c29d875ee9',
      vout: 0
    } undefined

      at src/core/spells.ts:216:12

  console.info
    Executing command: /Users/gadiguy/workspace/charms/target/release/charms tx show-spell --tx 020000000001010000000000000000000000000000000000000000000000000000000000000000ffffffff0402df0300ffffffff02c817a80400000000160014b3455ce530ba44de213c9a78c2d662785143c5f40000000000000000266a24aa21a9ede2f61c3f71d1defd3fa999dfa36953755c690689799962b48bebd836974e8cf90120000000000000000000000000000000000000000000000000000000000000000000000000

      at src/core/charms-sdk.ts:16:11

  console.error
    Stderr: No spell found in the transaction

      30 | 				}
      31 | 				if (stderr) {
    > 32 | 					console.error(`Stderr: ${stderr}`);
         | 					        ^
      33 | 				}
      34 | 				console.info(`Executed successfully: ${stdout}`);
      35 | 				resolve(stdout);

      at src/core/charms-sdk.ts:32:14

  console.info
    Executed successfully:

      at src/core/charms-sdk.ts:34:13

  console.log
    !!! 1 {
      spendable: true,
      value: 78125000,
      txid: '7e83f360332826dc9aa405696a848f4e500870899f3e1e79e5966aaedce4195c',
      vout: 0
    } undefined

      at src/core/spells.ts:216:12

  console.info
    Executing command: /Users/gadiguy/workspace/charms/target/release/charms tx show-spell --tx 020000000001010000000000000000000000000000000000000000000000000000000000000000ffffffff0402de0300ffffffff02c817a80400000000160014b3455ce530ba44de213c9a78c2d662785143c5f40000000000000000266a24aa21a9ede2f61c3f71d1defd3fa999dfa36953755c690689799962b48bebd836974e8cf90120000000000000000000000000000000000000000000000000000000000000000000000000

      at src/core/charms-sdk.ts:16:11

  console.error
    Stderr: No spell found in the transaction

      30 | 				}
      31 | 				if (stderr) {
    > 32 | 					console.error(`Stderr: ${stderr}`);
         | 					        ^
      33 | 				}
      34 | 				console.info(`Executed successfully: ${stdout}`);
      35 | 				resolve(stdout);

      at src/core/charms-sdk.ts:32:14

  console.info
    Executed successfully:

      at src/core/charms-sdk.ts:34:13

  console.log
    !!! 1 {
      spendable: true,
      value: 78125000,
      txid: '9229e6e79c26e5ca8bca7b7527dc1d594e311f397149701fd823dce3f3cc68e2',
      vout: 0
    } undefined

      at src/core/spells.ts:216:12

  console.info
    Executing command: /Users/gadiguy/workspace/charms/target/release/charms tx show-spell --tx 020000000001010000000000000000000000000000000000000000000000000000000000000000ffffffff0402dd0300ffffffff02c817a80400000000160014b3455ce530ba44de213c9a78c2d662785143c5f40000000000000000266a24aa21a9ede2f61c3f71d1defd3fa999dfa36953755c690689799962b48bebd836974e8cf90120000000000000000000000000000000000000000000000000000000000000000000000000

      at src/core/charms-sdk.ts:16:11

  console.error
    Stderr: No spell found in the transaction

      30 | 				}
      31 | 				if (stderr) {
    > 32 | 					console.error(`Stderr: ${stderr}`);
         | 					        ^
      33 | 				}
      34 | 				console.info(`Executed successfully: ${stdout}`);
      35 | 				resolve(stdout);

      at src/core/charms-sdk.ts:32:14

  console.info
    Executed successfully:

      at src/core/charms-sdk.ts:34:13

  console.log
    !!! 1 {
      spendable: true,
      value: 78125000,
      txid: 'a11c18544c6e5c5f3cd9dc46a1a375526789682eaf8ff87f57539f4a5269a496',
      vout: 0
    } undefined

      at src/core/spells.ts:216:12

  console.info
    Executing command: /Users/gadiguy/workspace/charms/target/release/charms tx show-spell --tx 020000000001010000000000000000000000000000000000000000000000000000000000000000ffffffff0402dc0300ffffffff02c817a80400000000160014b3455ce530ba44de213c9a78c2d662785143c5f40000000000000000266a24aa21a9ede2f61c3f71d1defd3fa999dfa36953755c690689799962b48bebd836974e8cf90120000000000000000000000000000000000000000000000000000000000000000000000000

      at src/core/charms-sdk.ts:16:11

  console.error
    Stderr: No spell found in the transaction

      30 | 				}
      31 | 				if (stderr) {
    > 32 | 					console.error(`Stderr: ${stderr}`);
         | 					        ^
      33 | 				}
      34 | 				console.info(`Executed successfully: ${stdout}`);
      35 | 				resolve(stdout);

      at src/core/charms-sdk.ts:32:14

  console.info
    Executed successfully:

      at src/core/charms-sdk.ts:34:13

  console.log
    !!! 1 {
      spendable: true,
      value: 78125000,
      txid: '4176612aea8ee47d65e2d74b4427ec0f7225d04925632de8745ec39cd99f2248',
      vout: 0
    } undefined

      at src/core/spells.ts:216:12

  console.info
    Executing command: /Users/gadiguy/workspace/charms/target/release/charms tx show-spell --tx 020000000001010000000000000000000000000000000000000000000000000000000000000000ffffffff0402d90300ffffffff02c817a80400000000160014b3455ce530ba44de213c9a78c2d662785143c5f40000000000000000266a24aa21a9ede2f61c3f71d1defd3fa999dfa36953755c690689799962b48bebd836974e8cf90120000000000000000000000000000000000000000000000000000000000000000000000000

      at src/core/charms-sdk.ts:16:11

  console.error
    Stderr: No spell found in the transaction

      30 | 				}
      31 | 				if (stderr) {
    > 32 | 					console.error(`Stderr: ${stderr}`);
         | 					        ^
      33 | 				}
      34 | 				console.info(`Executed successfully: ${stdout}`);
      35 | 				resolve(stdout);

      at src/core/charms-sdk.ts:32:14

  console.info
    Executed successfully:

      at src/core/charms-sdk.ts:34:13

  console.log
    !!! 1 {
      spendable: true,
      value: 78125000,
      txid: '8c875fddfb7b220f6871f28e6cbd5ca3810c1bd296b92c4c296d3346b0ec303d',
      vout: 0
    } undefined

      at src/core/spells.ts:216:12

  console.info
    Executing command: /Users/gadiguy/workspace/charms/target/release/charms tx show-spell --tx 020000000001010000000000000000000000000000000000000000000000000000000000000000ffffffff0402d80300ffffffff02c817a80400000000160014b3455ce530ba44de213c9a78c2d662785143c5f40000000000000000266a24aa21a9ede2f61c3f71d1defd3fa999dfa36953755c690689799962b48bebd836974e8cf90120000000000000000000000000000000000000000000000000000000000000000000000000

      at src/core/charms-sdk.ts:16:11

  console.error
    Stderr: No spell found in the transaction

      30 | 				}
      31 | 				if (stderr) {
    > 32 | 					console.error(`Stderr: ${stderr}`);
         | 					        ^
      33 | 				}
      34 | 				console.info(`Executed successfully: ${stdout}`);
      35 | 				resolve(stdout);

      at src/core/charms-sdk.ts:32:14

  console.info
    Executed successfully:

      at src/core/charms-sdk.ts:34:13

  console.log
    !!! 1 {
      spendable: true,
      value: 78125000,
      txid: '45bbc51c9045da6f98934ee8a44b864af335fe6404e57a4dd1b658625c4bc3d7',
      vout: 0
    } undefined

      at src/core/spells.ts:216:12

  console.info
    Executing command: /Users/gadiguy/workspace/charms/target/release/charms tx show-spell --tx 020000000001010000000000000000000000000000000000000000000000000000000000000000ffffffff0402d70300ffffffff02c817a80400000000160014b3455ce530ba44de213c9a78c2d662785143c5f40000000000000000266a24aa21a9ede2f61c3f71d1defd3fa999dfa36953755c690689799962b48bebd836974e8cf90120000000000000000000000000000000000000000000000000000000000000000000000000

      at src/core/charms-sdk.ts:16:11

  console.error
    Stderr: No spell found in the transaction

      30 | 				}
      31 | 				if (stderr) {
    > 32 | 					console.error(`Stderr: ${stderr}`);
         | 					        ^
      33 | 				}
      34 | 				console.info(`Executed successfully: ${stdout}`);
      35 | 				resolve(stdout);

      at src/core/charms-sdk.ts:32:14

  console.info
    Executed successfully:

      at src/core/charms-sdk.ts:34:13

  console.log
    !!! 1 {
      spendable: true,
      value: 78125000,
      txid: 'fa2f418a3e0eae5325998a4bbf65a91f3ab5facc9b0f538273e4a7e381e88bd7',
      vout: 0
    } undefined

      at src/core/spells.ts:216:12

  console.info
    Executing command: /Users/gadiguy/workspace/charms/target/release/charms tx show-spell --tx 020000000001010000000000000000000000000000000000000000000000000000000000000000ffffffff0402d10300ffffffff02c817a80400000000160014b3455ce530ba44de213c9a78c2d662785143c5f40000000000000000266a24aa21a9ede2f61c3f71d1defd3fa999dfa36953755c690689799962b48bebd836974e8cf90120000000000000000000000000000000000000000000000000000000000000000000000000

      at src/core/charms-sdk.ts:16:11

  console.error
    Stderr: No spell found in the transaction

      30 | 				}
      31 | 				if (stderr) {
    > 32 | 					console.error(`Stderr: ${stderr}`);
         | 					        ^
      33 | 				}
      34 | 				console.info(`Executed successfully: ${stdout}`);
      35 | 				resolve(stdout);

      at src/core/charms-sdk.ts:32:14

  console.info
    Executed successfully:

      at src/core/charms-sdk.ts:34:13

  console.log
    !!! 1 {
      spendable: true,
      value: 78125000,
      txid: '4bca97c4ecc3a16941056d6e7f95e09fd3d280d8866fb15f2dbd3c6bf175107f',
      vout: 0
    } undefined

      at src/core/spells.ts:216:12

  console.info
    Executing command: /Users/gadiguy/workspace/charms/target/release/charms tx show-spell --tx 020000000001010000000000000000000000000000000000000000000000000000000000000000ffffffff0402ce0300ffffffff02c817a80400000000160014b3455ce530ba44de213c9a78c2d662785143c5f40000000000000000266a24aa21a9ede2f61c3f71d1defd3fa999dfa36953755c690689799962b48bebd836974e8cf90120000000000000000000000000000000000000000000000000000000000000000000000000

      at src/core/charms-sdk.ts:16:11

  console.error
    Stderr: No spell found in the transaction

      30 | 				}
      31 | 				if (stderr) {
    > 32 | 					console.error(`Stderr: ${stderr}`);
         | 					        ^
      33 | 				}
      34 | 				console.info(`Executed successfully: ${stdout}`);
      35 | 				resolve(stdout);

      at src/core/charms-sdk.ts:32:14

  console.info
    Executed successfully:

      at src/core/charms-sdk.ts:34:13

  console.log
    !!! 1 {
      spendable: true,
      value: 78125000,
      txid: '1f20e2365bf64e6a79c49de0f692f74a0d744b293e3b49a523fd89b4b3b615cd',
      vout: 0
    } undefined

      at src/core/spells.ts:216:12

  console.info
    Executing command: /Users/gadiguy/workspace/charms/target/release/charms tx show-spell --tx 020000000001010000000000000000000000000000000000000000000000000000000000000000ffffffff0402cd0300ffffffff02c817a80400000000160014b3455ce530ba44de213c9a78c2d662785143c5f40000000000000000266a24aa21a9ede2f61c3f71d1defd3fa999dfa36953755c690689799962b48bebd836974e8cf90120000000000000000000000000000000000000000000000000000000000000000000000000

      at src/core/charms-sdk.ts:16:11

  console.error
    Stderr: No spell found in the transaction

      30 | 				}
      31 | 				if (stderr) {
    > 32 | 					console.error(`Stderr: ${stderr}`);
         | 					        ^
      33 | 				}
      34 | 				console.info(`Executed successfully: ${stdout}`);
      35 | 				resolve(stdout);

      at src/core/charms-sdk.ts:32:14

  console.info
    Executed successfully:

      at src/core/charms-sdk.ts:34:13

  console.log
    !!! 1 {
      spendable: true,
      value: 78125000,
      txid: '27dbb9cde9b8a6cd2c65bb15783a602a68fe8ef72087130531c2dbf184ca77ee',
      vout: 0
    } undefined

      at src/core/spells.ts:216:12

  console.info
    Executing command: /Users/gadiguy/workspace/charms/target/release/charms tx show-spell --tx 020000000001010000000000000000000000000000000000000000000000000000000000000000ffffffff0402ca0300ffffffff02c817a80400000000160014b3455ce530ba44de213c9a78c2d662785143c5f40000000000000000266a24aa21a9ede2f61c3f71d1defd3fa999dfa36953755c690689799962b48bebd836974e8cf90120000000000000000000000000000000000000000000000000000000000000000000000000

      at src/core/charms-sdk.ts:16:11

  console.error
    Stderr: No spell found in the transaction

      30 | 				}
      31 | 				if (stderr) {
    > 32 | 					console.error(`Stderr: ${stderr}`);
         | 					        ^
      33 | 				}
      34 | 				console.info(`Executed successfully: ${stdout}`);
      35 | 				resolve(stdout);

      at src/core/charms-sdk.ts:32:14

  console.info
    Executed successfully:

      at src/core/charms-sdk.ts:34:13

  console.log
    !!! 1 {
      spendable: true,
      value: 78125000,
      txid: '482a96273ee44c9d132ea72e88a1f3665e9e68a7bb0774641b8eea4008629890',
      vout: 0
    } undefined

      at src/core/spells.ts:216:12

  console.info
    Executing command: /Users/gadiguy/workspace/charms/target/release/charms tx show-spell --tx 020000000001010000000000000000000000000000000000000000000000000000000000000000ffffffff0402c40300ffffffff02c817a80400000000160014b3455ce530ba44de213c9a78c2d662785143c5f40000000000000000266a24aa21a9ede2f61c3f71d1defd3fa999dfa36953755c690689799962b48bebd836974e8cf90120000000000000000000000000000000000000000000000000000000000000000000000000

      at src/core/charms-sdk.ts:16:11

  console.error
    Stderr: No spell found in the transaction

      30 | 				}
      31 | 				if (stderr) {
    > 32 | 					console.error(`Stderr: ${stderr}`);
         | 					        ^
      33 | 				}
      34 | 				console.info(`Executed successfully: ${stdout}`);
      35 | 				resolve(stdout);

      at src/core/charms-sdk.ts:32:14

  console.info
    Executed successfully:

      at src/core/charms-sdk.ts:34:13

  console.log
    !!! 1 {
      spendable: true,
      value: 78125000,
      txid: 'b5e25e2e5e25393b3e1665cbc210084f08cd98076b3f99f82194effcca89b22c',
      vout: 0
    } undefined

      at src/core/spells.ts:216:12

  console.info
    Executing command: /Users/gadiguy/workspace/charms/target/release/charms tx show-spell --tx 020000000001010000000000000000000000000000000000000000000000000000000000000000ffffffff0402c30300ffffffff02c817a80400000000160014b3455ce530ba44de213c9a78c2d662785143c5f40000000000000000266a24aa21a9ede2f61c3f71d1defd3fa999dfa36953755c690689799962b48bebd836974e8cf90120000000000000000000000000000000000000000000000000000000000000000000000000

      at src/core/charms-sdk.ts:16:11

  console.error
    Stderr: No spell found in the transaction

      30 | 				}
      31 | 				if (stderr) {
    > 32 | 					console.error(`Stderr: ${stderr}`);
         | 					        ^
      33 | 				}
      34 | 				console.info(`Executed successfully: ${stdout}`);
      35 | 				resolve(stdout);

      at src/core/charms-sdk.ts:32:14

  console.info
    Executed successfully:

      at src/core/charms-sdk.ts:34:13

  console.log
    !!! 1 {
      spendable: true,
      value: 78125000,
      txid: 'aab9e11ed89b74541686d093731f114531ee4a1870b9414244cd8b7ee6ce2aea',
      vout: 0
    } undefined

      at src/core/spells.ts:216:12

  console.info
    Executing command: /Users/gadiguy/workspace/charms/target/release/charms tx show-spell --tx 020000000001010000000000000000000000000000000000000000000000000000000000000000ffffffff0402c10300ffffffff02c817a80400000000160014b3455ce530ba44de213c9a78c2d662785143c5f40000000000000000266a24aa21a9ede2f61c3f71d1defd3fa999dfa36953755c690689799962b48bebd836974e8cf90120000000000000000000000000000000000000000000000000000000000000000000000000

      at src/core/charms-sdk.ts:16:11

  console.error
    Stderr: No spell found in the transaction

      30 | 				}
      31 | 				if (stderr) {
    > 32 | 					console.error(`Stderr: ${stderr}`);
         | 					        ^
      33 | 				}
      34 | 				console.info(`Executed successfully: ${stdout}`);
      35 | 				resolve(stdout);

      at src/core/charms-sdk.ts:32:14

  console.info
    Executed successfully:

      at src/core/charms-sdk.ts:34:13

  console.log
    !!! 1 {
      spendable: true,
      value: 78125000,
      txid: '32e5d524edbe2da8f1a26067309429bcdc14a86773fcd81e986b07e3c3bc5e27',
      vout: 0
    } undefined

      at src/core/spells.ts:216:12

  console.info
    Executing command: /Users/gadiguy/workspace/charms/target/release/charms tx show-spell --tx 020000000001010000000000000000000000000000000000000000000000000000000000000000ffffffff0402c00300ffffffff02c817a80400000000160014b3455ce530ba44de213c9a78c2d662785143c5f40000000000000000266a24aa21a9ede2f61c3f71d1defd3fa999dfa36953755c690689799962b48bebd836974e8cf90120000000000000000000000000000000000000000000000000000000000000000000000000

      at src/core/charms-sdk.ts:16:11

  console.error
    Stderr: No spell found in the transaction

      30 | 				}
      31 | 				if (stderr) {
    > 32 | 					console.error(`Stderr: ${stderr}`);
         | 					        ^
      33 | 				}
      34 | 				console.info(`Executed successfully: ${stdout}`);
      35 | 				resolve(stdout);

      at src/core/charms-sdk.ts:32:14

  console.info
    Executed successfully:

      at src/core/charms-sdk.ts:34:13

  console.log
    !!! 1 {
      spendable: true,
      value: 78125000,
      txid: '417f7586cdddbec128aa57b1040a529cc4cc1ac7ae7488fbae79d295a37ba58e',
      vout: 0
    } undefined

      at src/core/spells.ts:216:12

  console.info
    Executing command: /Users/gadiguy/workspace/charms/target/release/charms tx show-spell --tx 020000000001010000000000000000000000000000000000000000000000000000000000000000ffffffff0402bf0300ffffffff02c817a80400000000160014b3455ce530ba44de213c9a78c2d662785143c5f40000000000000000266a24aa21a9ede2f61c3f71d1defd3fa999dfa36953755c690689799962b48bebd836974e8cf90120000000000000000000000000000000000000000000000000000000000000000000000000

      at src/core/charms-sdk.ts:16:11

  console.error
    Stderr: No spell found in the transaction

      30 | 				}
      31 | 				if (stderr) {
    > 32 | 					console.error(`Stderr: ${stderr}`);
         | 					        ^
      33 | 				}
      34 | 				console.info(`Executed successfully: ${stdout}`);
      35 | 				resolve(stdout);

      at src/core/charms-sdk.ts:32:14

  console.info
    Executed successfully:

      at src/core/charms-sdk.ts:34:13

  console.log
    !!! 1 {
      spendable: true,
      value: 78125000,
      txid: '1d2af69f76edac5152736e90b021fd7b55b6742d6ec4d4f30bb4f424ae65901c',
      vout: 0
    } undefined

      at src/core/spells.ts:216:12

  console.info
    Executing command: /Users/gadiguy/workspace/charms/target/release/charms tx show-spell --tx 020000000001010000000000000000000000000000000000000000000000000000000000000000ffffffff0402bc0300ffffffff02c817a80400000000160014b3455ce530ba44de213c9a78c2d662785143c5f40000000000000000266a24aa21a9ede2f61c3f71d1defd3fa999dfa36953755c690689799962b48bebd836974e8cf90120000000000000000000000000000000000000000000000000000000000000000000000000

      at src/core/charms-sdk.ts:16:11

  console.error
    Stderr: No spell found in the transaction

      30 | 				}
      31 | 				if (stderr) {
    > 32 | 					console.error(`Stderr: ${stderr}`);
         | 					        ^
      33 | 				}
      34 | 				console.info(`Executed successfully: ${stdout}`);
      35 | 				resolve(stdout);

      at src/core/charms-sdk.ts:32:14

  console.info
    Executed successfully:

      at src/core/charms-sdk.ts:34:13

  console.log
    !!! 1 {
      spendable: true,
      value: 78125000,
      txid: '16147cec9df8fb8e349bc4a87b0ddab0211b2d98f3461e330c3cbf3cfd7a10bf',
      vout: 0
    } undefined

      at src/core/spells.ts:216:12

  console.info
    Executing command: /Users/gadiguy/workspace/charms/target/release/charms tx show-spell --tx 020000000001010000000000000000000000000000000000000000000000000000000000000000ffffffff0402b70300ffffffff02c817a80400000000160014b3455ce530ba44de213c9a78c2d662785143c5f40000000000000000266a24aa21a9ede2f61c3f71d1defd3fa999dfa36953755c690689799962b48bebd836974e8cf90120000000000000000000000000000000000000000000000000000000000000000000000000

      at src/core/charms-sdk.ts:16:11

  console.error
    Stderr: No spell found in the transaction

      30 | 				}
      31 | 				if (stderr) {
    > 32 | 					console.error(`Stderr: ${stderr}`);
         | 					        ^
      33 | 				}
      34 | 				console.info(`Executed successfully: ${stdout}`);
      35 | 				resolve(stdout);

      at src/core/charms-sdk.ts:32:14

  console.info
    Executed successfully:

      at src/core/charms-sdk.ts:34:13

  console.log
    !!! 1 {
      spendable: true,
      value: 78125000,
      txid: 'e176dd76182bbb986fed4bb0781a788b522db255bf388c17ba90c4d393cbe2f1',
      vout: 0
    } undefined

      at src/core/spells.ts:216:12

  console.info
    Executing command: /Users/gadiguy/workspace/charms/target/release/charms tx show-spell --tx 020000000001010000000000000000000000000000000000000000000000000000000000000000ffffffff0402b30300ffffffff02c817a80400000000160014b3455ce530ba44de213c9a78c2d662785143c5f40000000000000000266a24aa21a9ede2f61c3f71d1defd3fa999dfa36953755c690689799962b48bebd836974e8cf90120000000000000000000000000000000000000000000000000000000000000000000000000

      at src/core/charms-sdk.ts:16:11

  console.error
    Stderr: No spell found in the transaction

      30 | 				}
      31 | 				if (stderr) {
    > 32 | 					console.error(`Stderr: ${stderr}`);
         | 					        ^
      33 | 				}
      34 | 				console.info(`Executed successfully: ${stdout}`);
      35 | 				resolve(stdout);

      at src/core/charms-sdk.ts:32:14

  console.info
    Executed successfully:

      at src/core/charms-sdk.ts:34:13

  console.log
    !!! 1 {
      spendable: true,
      value: 78125000,
      txid: '11c522a0ad77f6590b0ab689af1690277979046293c367f5ee12747994224159',
      vout: 0
    } undefined

      at src/core/spells.ts:216:12

  console.info
    Executing command: /Users/gadiguy/workspace/charms/target/release/charms tx show-spell --tx 020000000001010000000000000000000000000000000000000000000000000000000000000000ffffffff0402b20300ffffffff02c817a80400000000160014b3455ce530ba44de213c9a78c2d662785143c5f40000000000000000266a24aa21a9ede2f61c3f71d1defd3fa999dfa36953755c690689799962b48bebd836974e8cf90120000000000000000000000000000000000000000000000000000000000000000000000000

      at src/core/charms-sdk.ts:16:11

  console.error
    Stderr: No spell found in the transaction

      30 | 				}
      31 | 				if (stderr) {
    > 32 | 					console.error(`Stderr: ${stderr}`);
         | 					        ^
      33 | 				}
      34 | 				console.info(`Executed successfully: ${stdout}`);
      35 | 				resolve(stdout);

      at src/core/charms-sdk.ts:32:14

  console.info
    Executed successfully:

      at src/core/charms-sdk.ts:34:13

  console.log
    !!! 1 {
      spendable: true,
      value: 78125000,
      txid: 'b1f637e813c023c13bbb31b61bc76e6f6ad093ec2cd9f2e9593a281e32d99157',
      vout: 0
    } undefined

      at src/core/spells.ts:216:12

  console.info
    Executing command: /Users/gadiguy/workspace/charms/target/release/charms tx show-spell --tx 020000000001010000000000000000000000000000000000000000000000000000000000000000ffffffff0402b10300ffffffff02c817a80400000000160014b3455ce530ba44de213c9a78c2d662785143c5f40000000000000000266a24aa21a9ede2f61c3f71d1defd3fa999dfa36953755c690689799962b48bebd836974e8cf90120000000000000000000000000000000000000000000000000000000000000000000000000

      at src/core/charms-sdk.ts:16:11

  console.error
    Stderr: No spell found in the transaction

      30 | 				}
      31 | 				if (stderr) {
    > 32 | 					console.error(`Stderr: ${stderr}`);
         | 					        ^
      33 | 				}
      34 | 				console.info(`Executed successfully: ${stdout}`);
      35 | 				resolve(stdout);

      at src/core/charms-sdk.ts:32:14

  console.info
    Executed successfully:

      at src/core/charms-sdk.ts:34:13

  console.log
    !!! 1 {
      spendable: true,
      value: 78125000,
      txid: '4ec468d33accc26fe05f5f353212f9384aab0a1ece33dbda80a814a450c84350',
      vout: 0
    } undefined

      at src/core/spells.ts:216:12

  console.info
    Executing command: /Users/gadiguy/workspace/charms/target/release/charms tx show-spell --tx 020000000001010000000000000000000000000000000000000000000000000000000000000000ffffffff0402440400ffffffff02e40b540200000000160014c699b99a00cc336f2cd3615b2361af367128c86a0000000000000000266a24aa21a9ede2f61c3f71d1defd3fa999dfa36953755c690689799962b48bebd836974e8cf90120000000000000000000000000000000000000000000000000000000000000000000000000

      at src/core/charms-sdk.ts:16:11

  console.error
    Stderr: No spell found in the transaction

      30 | 				}
      31 | 				if (stderr) {
    > 32 | 					console.error(`Stderr: ${stderr}`);
         | 					        ^
      33 | 				}
      34 | 				console.info(`Executed successfully: ${stdout}`);
      35 | 				resolve(stdout);

      at src/core/charms-sdk.ts:32:14

  console.info
    Executed successfully:

      at src/core/charms-sdk.ts:34:13

  console.log
    !!! 1 {
      spendable: true,
      value: 39062500,
      txid: 'a799b37a86afe133e832be08bdeb2bd07239ba38f5460f0cf463126055da43f9',
      vout: 0
    } undefined

      at src/core/spells.ts:216:12

  console.info
    Executing command: /Users/gadiguy/workspace/charms/target/release/charms tx show-spell --tx 020000000001010000000000000000000000000000000000000000000000000000000000000000ffffffff0402a20300ffffffff02c817a804000000001600147ee0b7b0a06b1715257f82da01a3a4daa7a6aa780000000000000000266a24aa21a9ede2f61c3f71d1defd3fa999dfa36953755c690689799962b48bebd836974e8cf90120000000000000000000000000000000000000000000000000000000000000000000000000

      at src/core/charms-sdk.ts:16:11

  console.error
    Stderr: No spell found in the transaction

      30 | 				}
      31 | 				if (stderr) {
    > 32 | 					console.error(`Stderr: ${stderr}`);
         | 					        ^
      33 | 				}
      34 | 				console.info(`Executed successfully: ${stdout}`);
      35 | 				resolve(stdout);

      at src/core/charms-sdk.ts:32:14

  console.info
    Executed successfully:

      at src/core/charms-sdk.ts:34:13

  console.log
    !!! 1 {
      spendable: true,
      value: 78125000,
      txid: '40673bd94ade7ba481845480bbc7b51b102bd9887ef5f4dd3bd343a9d51d2062',
      vout: 0
    } undefined

      at src/core/spells.ts:216:12

  console.info
    Executing command: /Users/gadiguy/workspace/charms/target/release/charms tx show-spell --tx 020000000001010000000000000000000000000000000000000000000000000000000000000000ffffffff0402a00300ffffffff02c817a804000000001600147ee0b7b0a06b1715257f82da01a3a4daa7a6aa780000000000000000266a24aa21a9ede2f61c3f71d1defd3fa999dfa36953755c690689799962b48bebd836974e8cf90120000000000000000000000000000000000000000000000000000000000000000000000000

      at src/core/charms-sdk.ts:16:11

  console.error
    Stderr: No spell found in the transaction

      30 | 				}
      31 | 				if (stderr) {
    > 32 | 					console.error(`Stderr: ${stderr}`);
         | 					        ^
      33 | 				}
      34 | 				console.info(`Executed successfully: ${stdout}`);
      35 | 				resolve(stdout);

      at src/core/charms-sdk.ts:32:14

  console.info
    Executed successfully:

      at src/core/charms-sdk.ts:34:13

  console.log
    !!! 1 {
      spendable: true,
      value: 78125000,
      txid: '6d2d2036819b2f37eea321470951e57b19a360c93e666bf49d6d4e8614527c60',
      vout: 0
    } undefined

      at src/core/spells.ts:216:12

  console.info
    Executing command: /Users/gadiguy/workspace/charms/target/release/charms tx show-spell --tx 020000000001010000000000000000000000000000000000000000000000000000000000000000ffffffff04029f0300ffffffff02c817a804000000001600147ee0b7b0a06b1715257f82da01a3a4daa7a6aa780000000000000000266a24aa21a9ede2f61c3f71d1defd3fa999dfa36953755c690689799962b48bebd836974e8cf90120000000000000000000000000000000000000000000000000000000000000000000000000

      at src/core/charms-sdk.ts:16:11

  console.error
    Stderr: No spell found in the transaction

      30 | 				}
      31 | 				if (stderr) {
    > 32 | 					console.error(`Stderr: ${stderr}`);
         | 					        ^
      33 | 				}
      34 | 				console.info(`Executed successfully: ${stdout}`);
      35 | 				resolve(stdout);

      at src/core/charms-sdk.ts:32:14

  console.info
    Executed successfully:

      at src/core/charms-sdk.ts:34:13

  console.log
    !!! 1 {
      spendable: true,
      value: 78125000,
      txid: 'e6b42b8b725b2a5844ddae6ab83c1ff38ccceaa7e7eedf0f46102e3906cb7b0f',
      vout: 0
    } undefined

      at src/core/spells.ts:216:12

  console.info
    Executing command: /Users/gadiguy/workspace/charms/target/release/charms tx show-spell --tx 020000000001010000000000000000000000000000000000000000000000000000000000000000ffffffff0402960300ffffffff02c817a804000000001600147ee0b7b0a06b1715257f82da01a3a4daa7a6aa780000000000000000266a24aa21a9ede2f61c3f71d1defd3fa999dfa36953755c690689799962b48bebd836974e8cf90120000000000000000000000000000000000000000000000000000000000000000000000000

      at src/core/charms-sdk.ts:16:11

  console.error
    Stderr: No spell found in the transaction

      30 | 				}
      31 | 				if (stderr) {
    > 32 | 					console.error(`Stderr: ${stderr}`);
         | 					        ^
      33 | 				}
      34 | 				console.info(`Executed successfully: ${stdout}`);
      35 | 				resolve(stdout);

      at src/core/charms-sdk.ts:32:14

  console.info
    Executed successfully:

      at src/core/charms-sdk.ts:34:13

  console.log
    !!! 1 {
      spendable: true,
      value: 78125000,
      txid: '279ff5b139259c7a899313108476e3a415ed5f700d40fbc2e1b31635118a5146',
      vout: 0
    } undefined

      at src/core/spells.ts:216:12

  console.info
    Executing command: /Users/gadiguy/workspace/charms/target/release/charms tx show-spell --tx 020000000001010000000000000000000000000000000000000000000000000000000000000000ffffffff0402950300ffffffff02c817a804000000001600147ee0b7b0a06b1715257f82da01a3a4daa7a6aa780000000000000000266a24aa21a9ede2f61c3f71d1defd3fa999dfa36953755c690689799962b48bebd836974e8cf90120000000000000000000000000000000000000000000000000000000000000000000000000

      at src/core/charms-sdk.ts:16:11

  console.error
    Stderr: No spell found in the transaction

      30 | 				}
      31 | 				if (stderr) {
    > 32 | 					console.error(`Stderr: ${stderr}`);
         | 					        ^
      33 | 				}
      34 | 				console.info(`Executed successfully: ${stdout}`);
      35 | 				resolve(stdout);

      at src/core/charms-sdk.ts:32:14

  console.info
    Executed successfully:

      at src/core/charms-sdk.ts:34:13

  console.log
    !!! 1 {
      spendable: true,
      value: 78125000,
      txid: '664b12f4617e1ed4ffeb592b29e7040d4d31aa65b992974cbfbd7c3ab7d368a0',
      vout: 0
    } undefined

      at src/core/spells.ts:216:12

  console.info
    Executing command: /Users/gadiguy/workspace/charms/target/release/charms tx show-spell --tx 020000000001010000000000000000000000000000000000000000000000000000000000000000ffffffff0402940300ffffffff02c817a804000000001600147ee0b7b0a06b1715257f82da01a3a4daa7a6aa780000000000000000266a24aa21a9ede2f61c3f71d1defd3fa999dfa36953755c690689799962b48bebd836974e8cf90120000000000000000000000000000000000000000000000000000000000000000000000000

      at src/core/charms-sdk.ts:16:11

  console.error
    Stderr: No spell found in the transaction

      30 | 				}
      31 | 				if (stderr) {
    > 32 | 					console.error(`Stderr: ${stderr}`);
         | 					        ^
      33 | 				}
      34 | 				console.info(`Executed successfully: ${stdout}`);
      35 | 				resolve(stdout);

      at src/core/charms-sdk.ts:32:14

  console.info
    Executed successfully:

      at src/core/charms-sdk.ts:34:13

  console.log
    !!! 1 {
      spendable: true,
      value: 78125000,
      txid: 'be93feb90847cc5b945bd5edab5ddbf53c87cec03c477f927c9e6f3431f55d6d',
      vout: 0
    } undefined

      at src/core/spells.ts:216:12

  console.info
    Executing command: /Users/gadiguy/workspace/charms/target/release/charms tx show-spell --tx 020000000001010000000000000000000000000000000000000000000000000000000000000000ffffffff0402930300ffffffff02c817a804000000001600147ee0b7b0a06b1715257f82da01a3a4daa7a6aa780000000000000000266a24aa21a9ede2f61c3f71d1defd3fa999dfa36953755c690689799962b48bebd836974e8cf90120000000000000000000000000000000000000000000000000000000000000000000000000

      at src/core/charms-sdk.ts:16:11

  console.error
    Stderr: No spell found in the transaction

      30 | 				}
      31 | 				if (stderr) {
    > 32 | 					console.error(`Stderr: ${stderr}`);
         | 					        ^
      33 | 				}
      34 | 				console.info(`Executed successfully: ${stdout}`);
      35 | 				resolve(stdout);

      at src/core/charms-sdk.ts:32:14

  console.info
    Executed successfully:

      at src/core/charms-sdk.ts:34:13

  console.log
    !!! 1 {
      spendable: true,
      value: 78125000,
      txid: 'c1f624e71110f77c4f642ed64c3983e93a9bda639c0f7cf2539a28b9a06bef1f',
      vout: 0
    } undefined

      at src/core/spells.ts:216:12

  console.info
    Executing command: /Users/gadiguy/workspace/charms/target/release/charms tx show-spell --tx 020000000001010000000000000000000000000000000000000000000000000000000000000000ffffffff0402920300ffffffff02c817a804000000001600147ee0b7b0a06b1715257f82da01a3a4daa7a6aa780000000000000000266a24aa21a9ede2f61c3f71d1defd3fa999dfa36953755c690689799962b48bebd836974e8cf90120000000000000000000000000000000000000000000000000000000000000000000000000

      at src/core/charms-sdk.ts:16:11

  console.error
    Stderr: No spell found in the transaction

      30 | 				}
      31 | 				if (stderr) {
    > 32 | 					console.error(`Stderr: ${stderr}`);
         | 					        ^
      33 | 				}
      34 | 				console.info(`Executed successfully: ${stdout}`);
      35 | 				resolve(stdout);

      at src/core/charms-sdk.ts:32:14

  console.info
    Executed successfully:

      at src/core/charms-sdk.ts:34:13

  console.log
    !!! 1 {
      spendable: true,
      value: 78125000,
      txid: 'e7192e280120f0b1870c180ac9efcc02ea8a3add42bd6267ecb27ee4d408c206',
      vout: 0
    } undefined

      at src/core/spells.ts:216:12

  console.info
    Executing command: /Users/gadiguy/workspace/charms/target/release/charms tx show-spell --tx 020000000001010000000000000000000000000000000000000000000000000000000000000000ffffffff0402900300ffffffff02c817a804000000001600147ee0b7b0a06b1715257f82da01a3a4daa7a6aa780000000000000000266a24aa21a9ede2f61c3f71d1defd3fa999dfa36953755c690689799962b48bebd836974e8cf90120000000000000000000000000000000000000000000000000000000000000000000000000

      at src/core/charms-sdk.ts:16:11

  console.error
    Stderr: No spell found in the transaction

      30 | 				}
      31 | 				if (stderr) {
    > 32 | 					console.error(`Stderr: ${stderr}`);
         | 					        ^
      33 | 				}
      34 | 				console.info(`Executed successfully: ${stdout}`);
      35 | 				resolve(stdout);

      at src/core/charms-sdk.ts:32:14

  console.info
    Executed successfully:

      at src/core/charms-sdk.ts:34:13

  console.log
    !!! 1 {
      spendable: true,
      value: 78125000,
      txid: '899fd82a64f2efc97d7d39aa8a9b021afb9575bfbb9bc85f8ca4bfda94355500',
      vout: 0
    } undefined

      at src/core/spells.ts:216:12

  console.info
    Executing command: /Users/gadiguy/workspace/charms/target/release/charms tx show-spell --tx 020000000001010000000000000000000000000000000000000000000000000000000000000000ffffffff04028d0300ffffffff02c817a804000000001600147ee0b7b0a06b1715257f82da01a3a4daa7a6aa780000000000000000266a24aa21a9ede2f61c3f71d1defd3fa999dfa36953755c690689799962b48bebd836974e8cf90120000000000000000000000000000000000000000000000000000000000000000000000000

      at src/core/charms-sdk.ts:16:11

  console.error
    Stderr: No spell found in the transaction

      30 | 				}
      31 | 				if (stderr) {
    > 32 | 					console.error(`Stderr: ${stderr}`);
         | 					        ^
      33 | 				}
      34 | 				console.info(`Executed successfully: ${stdout}`);
      35 | 				resolve(stdout);

      at src/core/charms-sdk.ts:32:14

  console.info
    Executed successfully:

      at src/core/charms-sdk.ts:34:13

  console.log
    !!! 1 {
      spendable: true,
      value: 78125000,
      txid: 'f12b5ea3333270bea887d89175a40a09e5b1ba25630ce54e3767aa8a5017eff6',
      vout: 0
    } undefined

      at src/core/spells.ts:216:12

  console.info
    Executing command: /Users/gadiguy/workspace/charms/target/release/charms tx show-spell --tx 020000000001010000000000000000000000000000000000000000000000000000000000000000ffffffff04028b0300ffffffff02c817a804000000001600147ee0b7b0a06b1715257f82da01a3a4daa7a6aa780000000000000000266a24aa21a9ede2f61c3f71d1defd3fa999dfa36953755c690689799962b48bebd836974e8cf90120000000000000000000000000000000000000000000000000000000000000000000000000

      at src/core/charms-sdk.ts:16:11

  console.error
    Stderr: No spell found in the transaction

      30 | 				}
      31 | 				if (stderr) {
    > 32 | 					console.error(`Stderr: ${stderr}`);
         | 					        ^
      33 | 				}
      34 | 				console.info(`Executed successfully: ${stdout}`);
      35 | 				resolve(stdout);

      at src/core/charms-sdk.ts:32:14

  console.info
    Executed successfully:

      at src/core/charms-sdk.ts:34:13

  console.log
    !!! 1 {
      spendable: true,
      value: 78125000,
      txid: 'f300923090d7a26aa0aa7ff657b4e73b08b9cd7c6c96cbc603e9c6406386fd6b',
      vout: 0
    } undefined

      at src/core/spells.ts:216:12

  console.info
    Executing command: /Users/gadiguy/workspace/charms/target/release/charms tx show-spell --tx 020000000001010000000000000000000000000000000000000000000000000000000000000000ffffffff04028a0300ffffffff02c817a804000000001600147ee0b7b0a06b1715257f82da01a3a4daa7a6aa780000000000000000266a24aa21a9ede2f61c3f71d1defd3fa999dfa36953755c690689799962b48bebd836974e8cf90120000000000000000000000000000000000000000000000000000000000000000000000000

      at src/core/charms-sdk.ts:16:11

  console.error
    Stderr: No spell found in the transaction

      30 | 				}
      31 | 				if (stderr) {
    > 32 | 					console.error(`Stderr: ${stderr}`);
         | 					        ^
      33 | 				}
      34 | 				console.info(`Executed successfully: ${stdout}`);
      35 | 				resolve(stdout);

      at src/core/charms-sdk.ts:32:14

  console.info
    Executed successfully:

      at src/core/charms-sdk.ts:34:13

  console.log
    !!! 1 {
      spendable: true,
      value: 78125000,
      txid: 'f8fc2b86d27b4af1e120edf3aa59c473b4431aa2ba9cc056fd7d6bbdb2be9de2',
      vout: 0
    } undefined

      at src/core/spells.ts:216:12

  console.info
    Executing command: /Users/gadiguy/workspace/charms/target/release/charms tx show-spell --tx 020000000001010000000000000000000000000000000000000000000000000000000000000000ffffffff0402880300ffffffff02c817a804000000001600147ee0b7b0a06b1715257f82da01a3a4daa7a6aa780000000000000000266a24aa21a9ede2f61c3f71d1defd3fa999dfa36953755c690689799962b48bebd836974e8cf90120000000000000000000000000000000000000000000000000000000000000000000000000

      at src/core/charms-sdk.ts:16:11

  console.error
    Stderr: No spell found in the transaction

      30 | 				}
      31 | 				if (stderr) {
    > 32 | 					console.error(`Stderr: ${stderr}`);
         | 					        ^
      33 | 				}
      34 | 				console.info(`Executed successfully: ${stdout}`);
      35 | 				resolve(stdout);

      at src/core/charms-sdk.ts:32:14

  console.info
    Executed successfully:

      at src/core/charms-sdk.ts:34:13

  console.log
    !!! 1 {
      spendable: true,
      value: 78125000,
      txid: '62c569c90bcef23a818f7bb30d07001601d05b99c1409e9b7684943dca185ca8',
      vout: 0
    } undefined

      at src/core/spells.ts:216:12

  console.info
    Executing command: /Users/gadiguy/workspace/charms/target/release/charms tx show-spell --tx 020000000001010000000000000000000000000000000000000000000000000000000000000000ffffffff04026e0400ffffffff02e40b540200000000160014c699b99a00cc336f2cd3615b2361af367128c86a0000000000000000266a24aa21a9ede2f61c3f71d1defd3fa999dfa36953755c690689799962b48bebd836974e8cf90120000000000000000000000000000000000000000000000000000000000000000000000000

      at src/core/charms-sdk.ts:16:11

  console.error
    Stderr: No spell found in the transaction

      30 | 				}
      31 | 				if (stderr) {
    > 32 | 					console.error(`Stderr: ${stderr}`);
         | 					        ^
      33 | 				}
      34 | 				console.info(`Executed successfully: ${stdout}`);
      35 | 				resolve(stdout);

      at src/core/charms-sdk.ts:32:14

  console.info
    Executed successfully:

      at src/core/charms-sdk.ts:34:13

  console.log
    !!! 1 {
      spendable: true,
      value: 39062500,
      txid: '33a3bac2307421e291c96b490a35851643361ffec83311b608b9b17ab020a356',
      vout: 0
    } undefined

      at src/core/spells.ts:216:12

  console.info
    Executing command: /Users/gadiguy/workspace/charms/target/release/charms tx show-spell --tx 020000000001010000000000000000000000000000000000000000000000000000000000000000ffffffff0402860300ffffffff02c817a804000000001600147ee0b7b0a06b1715257f82da01a3a4daa7a6aa780000000000000000266a24aa21a9ede2f61c3f71d1defd3fa999dfa36953755c690689799962b48bebd836974e8cf90120000000000000000000000000000000000000000000000000000000000000000000000000

      at src/core/charms-sdk.ts:16:11

  console.error
    Stderr: No spell found in the transaction

      30 | 				}
      31 | 				if (stderr) {
    > 32 | 					console.error(`Stderr: ${stderr}`);
         | 					        ^
      33 | 				}
      34 | 				console.info(`Executed successfully: ${stdout}`);
      35 | 				resolve(stdout);

      at src/core/charms-sdk.ts:32:14

  console.info
    Executed successfully:

      at src/core/charms-sdk.ts:34:13

  console.log
    !!! 1 {
      spendable: true,
      value: 78125000,
      txid: 'eea3a3257890daa7c67ad07ff9b808fbce95d663bdc0262c3f382b4c1cb8cd4f',
      vout: 0
    } undefined

      at src/core/spells.ts:216:12

  console.info
    Executing command: /Users/gadiguy/workspace/charms/target/release/charms tx show-spell --tx 020000000001010000000000000000000000000000000000000000000000000000000000000000ffffffff0402850300ffffffff02c817a804000000001600147ee0b7b0a06b1715257f82da01a3a4daa7a6aa780000000000000000266a24aa21a9ede2f61c3f71d1defd3fa999dfa36953755c690689799962b48bebd836974e8cf90120000000000000000000000000000000000000000000000000000000000000000000000000

      at src/core/charms-sdk.ts:16:11

  console.error
    Stderr: No spell found in the transaction

      30 | 				}
      31 | 				if (stderr) {
    > 32 | 					console.error(`Stderr: ${stderr}`);
         | 					        ^
      33 | 				}
      34 | 				console.info(`Executed successfully: ${stdout}`);
      35 | 				resolve(stdout);

      at src/core/charms-sdk.ts:32:14

  console.info
    Executed successfully:

      at src/core/charms-sdk.ts:34:13

  console.log
    !!! 1 {
      spendable: true,
      value: 78125000,
      txid: '7b2790151b60d0fec161be27c6ab5a54b1b6421168350bbb39d67cbb639284a9',
      vout: 0
    } undefined

      at src/core/spells.ts:216:12

  console.info
    Executing command: /Users/gadiguy/workspace/charms/target/release/charms tx show-spell --tx 020000000001010000000000000000000000000000000000000000000000000000000000000000ffffffff0402840300ffffffff02c817a804000000001600147ee0b7b0a06b1715257f82da01a3a4daa7a6aa780000000000000000266a24aa21a9ede2f61c3f71d1defd3fa999dfa36953755c690689799962b48bebd836974e8cf90120000000000000000000000000000000000000000000000000000000000000000000000000

      at src/core/charms-sdk.ts:16:11

  console.error
    Stderr: No spell found in the transaction

      30 | 				}
      31 | 				if (stderr) {
    > 32 | 					console.error(`Stderr: ${stderr}`);
         | 					        ^
      33 | 				}
      34 | 				console.info(`Executed successfully: ${stdout}`);
      35 | 				resolve(stdout);

      at src/core/charms-sdk.ts:32:14

  console.info
    Executed successfully:

      at src/core/charms-sdk.ts:34:13

  console.log
    !!! 1 {
      spendable: true,
      value: 78125000,
      txid: '3bd1a546eab8bce5d39c0bfc225aca965fae353e1219368fe1730f69f556117c',
      vout: 0
    } undefined

      at src/core/spells.ts:216:12

  console.info
    Executing command: /Users/gadiguy/workspace/charms/target/release/charms tx show-spell --tx 020000000001010000000000000000000000000000000000000000000000000000000000000000ffffffff04029d0300ffffffff02c817a804000000001600147ee0b7b0a06b1715257f82da01a3a4daa7a6aa780000000000000000266a24aa21a9ede2f61c3f71d1defd3fa999dfa36953755c690689799962b48bebd836974e8cf90120000000000000000000000000000000000000000000000000000000000000000000000000

      at src/core/charms-sdk.ts:16:11

  console.error
    Stderr: No spell found in the transaction

      30 | 				}
      31 | 				if (stderr) {
    > 32 | 					console.error(`Stderr: ${stderr}`);
         | 					        ^
      33 | 				}
      34 | 				console.info(`Executed successfully: ${stdout}`);
      35 | 				resolve(stdout);

      at src/core/charms-sdk.ts:32:14

  console.info
    Executed successfully:

      at src/core/charms-sdk.ts:34:13

  console.log
    !!! 1 {
      spendable: true,
      value: 78125000,
      txid: '7d9e5de6ca0266716063b5863427dbbf92e027da52a5da63a07dc091cea6fa27',
      vout: 0
    } undefined

      at src/core/spells.ts:216:12

  console.info
    Executing command: /Users/gadiguy/workspace/charms/target/release/charms tx show-spell --tx 020000000001010000000000000000000000000000000000000000000000000000000000000000ffffffff0402830300ffffffff02902f5009000000001600147ee0b7b0a06b1715257f82da01a3a4daa7a6aa780000000000000000266a24aa21a9ede2f61c3f71d1defd3fa999dfa36953755c690689799962b48bebd836974e8cf90120000000000000000000000000000000000000000000000000000000000000000000000000

      at src/core/charms-sdk.ts:16:11

  console.error
    Stderr: No spell found in the transaction

      30 | 				}
      31 | 				if (stderr) {
    > 32 | 					console.error(`Stderr: ${stderr}`);
         | 					        ^
      33 | 				}
      34 | 				console.info(`Executed successfully: ${stdout}`);
      35 | 				resolve(stdout);

      at src/core/charms-sdk.ts:32:14

  console.info
    Executed successfully:

      at src/core/charms-sdk.ts:34:13

  console.log
    !!! 1 {
      spendable: true,
      value: 156250000,
      txid: '260224d897573509d52a65e805c020fc94f19e1701f486c0b766800717aa4e80',
      vout: 0
    } undefined

      at src/core/spells.ts:216:12

  console.info
    Executing command: /Users/gadiguy/workspace/charms/target/release/charms tx show-spell --tx 020000000001010000000000000000000000000000000000000000000000000000000000000000ffffffff0402820300ffffffff02902f5009000000001600147ee0b7b0a06b1715257f82da01a3a4daa7a6aa780000000000000000266a24aa21a9ede2f61c3f71d1defd3fa999dfa36953755c690689799962b48bebd836974e8cf90120000000000000000000000000000000000000000000000000000000000000000000000000

      at src/core/charms-sdk.ts:16:11

  console.error
    Stderr: No spell found in the transaction

      30 | 				}
      31 | 				if (stderr) {
    > 32 | 					console.error(`Stderr: ${stderr}`);
         | 					        ^
      33 | 				}
      34 | 				console.info(`Executed successfully: ${stdout}`);
      35 | 				resolve(stdout);

      at src/core/charms-sdk.ts:32:14

  console.info
    Executed successfully:

      at src/core/charms-sdk.ts:34:13

  console.log
    !!! 1 {
      spendable: true,
      value: 156250000,
      txid: '21a842aec93348b71f195c10314e2af273467e4169bb11b16f90a38542b5f6fd',
      vout: 0
    } undefined

      at src/core/spells.ts:216:12

  console.info
    Executing command: /Users/gadiguy/workspace/charms/target/release/charms tx show-spell --tx 020000000001010000000000000000000000000000000000000000000000000000000000000000ffffffff0402810300ffffffff02902f5009000000001600147ee0b7b0a06b1715257f82da01a3a4daa7a6aa780000000000000000266a24aa21a9ede2f61c3f71d1defd3fa999dfa36953755c690689799962b48bebd836974e8cf90120000000000000000000000000000000000000000000000000000000000000000000000000

      at src/core/charms-sdk.ts:16:11

  console.error
    Stderr: No spell found in the transaction

      30 | 				}
      31 | 				if (stderr) {
    > 32 | 					console.error(`Stderr: ${stderr}`);
         | 					        ^
      33 | 				}
      34 | 				console.info(`Executed successfully: ${stdout}`);
      35 | 				resolve(stdout);

      at src/core/charms-sdk.ts:32:14

  console.info
    Executed successfully:

      at src/core/charms-sdk.ts:34:13

  console.log
    !!! 1 {
      spendable: true,
      value: 156250000,
      txid: '97ed5a8e2ee2696531d646931883450455db2d3a4b07e14ebee0ea1a5652723f',
      vout: 0
    } undefined

      at src/core/spells.ts:216:12

  console.info
    Executing command: /Users/gadiguy/workspace/charms/target/release/charms tx show-spell --tx 020000000001010000000000000000000000000000000000000000000000000000000000000000ffffffff0402800300ffffffff02902f5009000000001600147ee0b7b0a06b1715257f82da01a3a4daa7a6aa780000000000000000266a24aa21a9ede2f61c3f71d1defd3fa999dfa36953755c690689799962b48bebd836974e8cf90120000000000000000000000000000000000000000000000000000000000000000000000000

      at src/core/charms-sdk.ts:16:11

  console.error
    Stderr: No spell found in the transaction

      30 | 				}
      31 | 				if (stderr) {
    > 32 | 					console.error(`Stderr: ${stderr}`);
         | 					        ^
      33 | 				}
      34 | 				console.info(`Executed successfully: ${stdout}`);
      35 | 				resolve(stdout);

      at src/core/charms-sdk.ts:32:14

  console.info
    Executed successfully:

      at src/core/charms-sdk.ts:34:13

  console.log
    !!! 1 {
      spendable: true,
      value: 156250000,
      txid: 'f4cf96fdb56e26ef7fec7d624eb3fb28ef8ff596013222e106cc8ae94f82c401',
      vout: 0
    } undefined

      at src/core/spells.ts:216:12

  console.info
    Executing command: /Users/gadiguy/workspace/charms/target/release/charms tx show-spell --tx 020000000001010000000000000000000000000000000000000000000000000000000000000000ffffffff04027c0300ffffffff02902f5009000000001600147ee0b7b0a06b1715257f82da01a3a4daa7a6aa780000000000000000266a24aa21a9ede2f61c3f71d1defd3fa999dfa36953755c690689799962b48bebd836974e8cf90120000000000000000000000000000000000000000000000000000000000000000000000000

      at src/core/charms-sdk.ts:16:11

  console.error
    Stderr: No spell found in the transaction

      30 | 				}
      31 | 				if (stderr) {
    > 32 | 					console.error(`Stderr: ${stderr}`);
         | 					        ^
      33 | 				}
      34 | 				console.info(`Executed successfully: ${stdout}`);
      35 | 				resolve(stdout);

      at src/core/charms-sdk.ts:32:14

  console.info
    Executed successfully:

      at src/core/charms-sdk.ts:34:13

  console.log
    !!! 1 {
      spendable: true,
      value: 156250000,
      txid: 'a92e2552fa7252cc674bb37f4b6ba5413aaf0a8bf8fe1defcbc1b3955ab6b09c',
      vout: 0
    } undefined

      at src/core/spells.ts:216:12

  console.info
    Executing command: /Users/gadiguy/workspace/charms/target/release/charms tx show-spell --tx 020000000001010000000000000000000000000000000000000000000000000000000000000000ffffffff04027b0300ffffffff02902f5009000000001600147ee0b7b0a06b1715257f82da01a3a4daa7a6aa780000000000000000266a24aa21a9ede2f61c3f71d1defd3fa999dfa36953755c690689799962b48bebd836974e8cf90120000000000000000000000000000000000000000000000000000000000000000000000000

      at src/core/charms-sdk.ts:16:11

  console.error
    Stderr: No spell found in the transaction

      30 | 				}
      31 | 				if (stderr) {
    > 32 | 					console.error(`Stderr: ${stderr}`);
         | 					        ^
      33 | 				}
      34 | 				console.info(`Executed successfully: ${stdout}`);
      35 | 				resolve(stdout);

      at src/core/charms-sdk.ts:32:14

  console.info
    Executed successfully:

      at src/core/charms-sdk.ts:34:13

  console.log
    !!! 1 {
      spendable: true,
      value: 156250000,
      txid: '0697a7340c90207f53f43d3d1fdbbd1b9da76695c49fa875a873b7a1f1802da2',
      vout: 0
    } undefined

      at src/core/spells.ts:216:12

  console.info
    Executing command: /Users/gadiguy/workspace/charms/target/release/charms tx show-spell --tx 020000000001010000000000000000000000000000000000000000000000000000000000000000ffffffff04027a0300ffffffff02902f5009000000001600147ee0b7b0a06b1715257f82da01a3a4daa7a6aa780000000000000000266a24aa21a9ede2f61c3f71d1defd3fa999dfa36953755c690689799962b48bebd836974e8cf90120000000000000000000000000000000000000000000000000000000000000000000000000

      at src/core/charms-sdk.ts:16:11

  console.error
    Stderr: No spell found in the transaction

      30 | 				}
      31 | 				if (stderr) {
    > 32 | 					console.error(`Stderr: ${stderr}`);
         | 					        ^
      33 | 				}
      34 | 				console.info(`Executed successfully: ${stdout}`);
      35 | 				resolve(stdout);

      at src/core/charms-sdk.ts:32:14

  console.info
    Executed successfully:

      at src/core/charms-sdk.ts:34:13

  console.log
    !!! 1 {
      spendable: true,
      value: 156250000,
      txid: '42f51cb0defc3fdca48d42269a8b4016b059bbcd1c64e148c47a8c03cf2c0864',
      vout: 0
    } undefined

      at src/core/spells.ts:216:12

  console.info
    Executing command: /Users/gadiguy/workspace/charms/target/release/charms tx show-spell --tx 020000000001010000000000000000000000000000000000000000000000000000000000000000ffffffff0402780300ffffffff02902f5009000000001600147ee0b7b0a06b1715257f82da01a3a4daa7a6aa780000000000000000266a24aa21a9ede2f61c3f71d1defd3fa999dfa36953755c690689799962b48bebd836974e8cf90120000000000000000000000000000000000000000000000000000000000000000000000000

      at src/core/charms-sdk.ts:16:11

  console.error
    Stderr: No spell found in the transaction

      30 | 				}
      31 | 				if (stderr) {
    > 32 | 					console.error(`Stderr: ${stderr}`);
         | 					        ^
      33 | 				}
      34 | 				console.info(`Executed successfully: ${stdout}`);
      35 | 				resolve(stdout);

      at src/core/charms-sdk.ts:32:14

  console.info
    Executed successfully:

      at src/core/charms-sdk.ts:34:13

  console.log
    !!! 1 {
      spendable: true,
      value: 156250000,
      txid: '68ba32209966263abbde5f6a6d9f60949f907180fc7052c8aa08722a4124eb41',
      vout: 0
    } undefined

      at src/core/spells.ts:216:12

  console.info
    Executing command: /Users/gadiguy/workspace/charms/target/release/charms tx show-spell --tx 020000000001010000000000000000000000000000000000000000000000000000000000000000ffffffff0402730300ffffffff02902f5009000000001600147ee0b7b0a06b1715257f82da01a3a4daa7a6aa780000000000000000266a24aa21a9ede2f61c3f71d1defd3fa999dfa36953755c690689799962b48bebd836974e8cf90120000000000000000000000000000000000000000000000000000000000000000000000000

      at src/core/charms-sdk.ts:16:11

  console.error
    Stderr: No spell found in the transaction

      30 | 				}
      31 | 				if (stderr) {
    > 32 | 					console.error(`Stderr: ${stderr}`);
         | 					        ^
      33 | 				}
      34 | 				console.info(`Executed successfully: ${stdout}`);
      35 | 				resolve(stdout);

      at src/core/charms-sdk.ts:32:14

  console.info
    Executed successfully:

      at src/core/charms-sdk.ts:34:13

  console.log
    !!! 1 {
      spendable: true,
      value: 156250000,
      txid: '998554a02fa06fbac8fe675f54aa965b6a0656fe461bcafcbfe7f77d122d6f07',
      vout: 0
    } undefined

      at src/core/spells.ts:216:12

  console.info
    Executing command: /Users/gadiguy/workspace/charms/target/release/charms tx show-spell --tx 020000000001010000000000000000000000000000000000000000000000000000000000000000ffffffff0402720300ffffffff02902f5009000000001600147ee0b7b0a06b1715257f82da01a3a4daa7a6aa780000000000000000266a24aa21a9ede2f61c3f71d1defd3fa999dfa36953755c690689799962b48bebd836974e8cf90120000000000000000000000000000000000000000000000000000000000000000000000000

      at src/core/charms-sdk.ts:16:11

  console.error
    Stderr: No spell found in the transaction

      30 | 				}
      31 | 				if (stderr) {
    > 32 | 					console.error(`Stderr: ${stderr}`);
         | 					        ^
      33 | 				}
      34 | 				console.info(`Executed successfully: ${stdout}`);
      35 | 				resolve(stdout);

      at src/core/charms-sdk.ts:32:14

  console.info
    Executed successfully:

      at src/core/charms-sdk.ts:34:13

  console.log
    !!! 1 {
      spendable: true,
      value: 156250000,
      txid: '173f4ed924d7c8a23c3db8b152539b6d5cf7fbda556594d8df446046ee84cebc',
      vout: 0
    } undefined

      at src/core/spells.ts:216:12

  console.info
    Executing command: /Users/gadiguy/workspace/charms/target/release/charms tx show-spell --tx 020000000001010000000000000000000000000000000000000000000000000000000000000000ffffffff04026e0300ffffffff02902f5009000000001600147ee0b7b0a06b1715257f82da01a3a4daa7a6aa780000000000000000266a24aa21a9ede2f61c3f71d1defd3fa999dfa36953755c690689799962b48bebd836974e8cf90120000000000000000000000000000000000000000000000000000000000000000000000000

      at src/core/charms-sdk.ts:16:11

  console.error
    Stderr: No spell found in the transaction

      30 | 				}
      31 | 				if (stderr) {
    > 32 | 					console.error(`Stderr: ${stderr}`);
         | 					        ^
      33 | 				}
      34 | 				console.info(`Executed successfully: ${stdout}`);
      35 | 				resolve(stdout);

      at src/core/charms-sdk.ts:32:14

  console.info
    Executed successfully:

      at src/core/charms-sdk.ts:34:13

  console.log
    !!! 1 {
      spendable: true,
      value: 156250000,
      txid: 'b87bbf3bc77e4263f855f00e13067c41ecd5c5c1097a63c18ca9be0875b73f1a',
      vout: 0
    } undefined

      at src/core/spells.ts:216:12

  console.info
    Executing command: /Users/gadiguy/workspace/charms/target/release/charms tx show-spell --tx 020000000001010000000000000000000000000000000000000000000000000000000000000000ffffffff04026d0300ffffffff02902f5009000000001600147ee0b7b0a06b1715257f82da01a3a4daa7a6aa780000000000000000266a24aa21a9ede2f61c3f71d1defd3fa999dfa36953755c690689799962b48bebd836974e8cf90120000000000000000000000000000000000000000000000000000000000000000000000000

      at src/core/charms-sdk.ts:16:11

  console.error
    Stderr: No spell found in the transaction

      30 | 				}
      31 | 				if (stderr) {
    > 32 | 					console.error(`Stderr: ${stderr}`);
         | 					        ^
      33 | 				}
      34 | 				console.info(`Executed successfully: ${stdout}`);
      35 | 				resolve(stdout);

      at src/core/charms-sdk.ts:32:14

  console.info
    Executed successfully:

      at src/core/charms-sdk.ts:34:13

  console.log
    !!! 1 {
      spendable: true,
      value: 156250000,
      txid: '3eb471a42224569e96ff4ce3c3ed8de5a63d2149859e9b1d3897264b98613a9a',
      vout: 0
    } undefined

      at src/core/spells.ts:216:12

  console.info
    Executing command: /Users/gadiguy/workspace/charms/target/release/charms tx show-spell --tx 020000000001010000000000000000000000000000000000000000000000000000000000000000ffffffff04026b0300ffffffff02902f5009000000001600147ee0b7b0a06b1715257f82da01a3a4daa7a6aa780000000000000000266a24aa21a9ede2f61c3f71d1defd3fa999dfa36953755c690689799962b48bebd836974e8cf90120000000000000000000000000000000000000000000000000000000000000000000000000

      at src/core/charms-sdk.ts:16:11

  console.error
    Stderr: No spell found in the transaction

      30 | 				}
      31 | 				if (stderr) {
    > 32 | 					console.error(`Stderr: ${stderr}`);
         | 					        ^
      33 | 				}
      34 | 				console.info(`Executed successfully: ${stdout}`);
      35 | 				resolve(stdout);

      at src/core/charms-sdk.ts:32:14

  console.info
    Executed successfully:

      at src/core/charms-sdk.ts:34:13

  console.log
    !!! 1 {
      spendable: true,
      value: 156250000,
      txid: '71a6b74236dc0c87b4f69a9088b68d6798ce41c9d7f037722a05c37375813925',
      vout: 0
    } undefined

      at src/core/spells.ts:216:12

  console.info
    Executing command: /Users/gadiguy/workspace/charms/target/release/charms tx show-spell --tx 020000000001010000000000000000000000000000000000000000000000000000000000000000ffffffff04026a0300ffffffff02902f5009000000001600147ee0b7b0a06b1715257f82da01a3a4daa7a6aa780000000000000000266a24aa21a9ede2f61c3f71d1defd3fa999dfa36953755c690689799962b48bebd836974e8cf90120000000000000000000000000000000000000000000000000000000000000000000000000

      at src/core/charms-sdk.ts:16:11

  console.error
    Stderr: No spell found in the transaction

      30 | 				}
      31 | 				if (stderr) {
    > 32 | 					console.error(`Stderr: ${stderr}`);
         | 					        ^
      33 | 				}
      34 | 				console.info(`Executed successfully: ${stdout}`);
      35 | 				resolve(stdout);

      at src/core/charms-sdk.ts:32:14

  console.info
    Executed successfully:

      at src/core/charms-sdk.ts:34:13

  console.log
    !!! 1 {
      spendable: true,
      value: 156250000,
      txid: '23162c33c27a566b8740f575f973a90a74d1aadfaf8ab362fddd9e66ffad5035',
      vout: 0
    } undefined

      at src/core/spells.ts:216:12

  console.info
    Executing command: /Users/gadiguy/workspace/charms/target/release/charms tx show-spell --tx 020000000001010000000000000000000000000000000000000000000000000000000000000000ffffffff0402670300ffffffff02902f5009000000001600147ee0b7b0a06b1715257f82da01a3a4daa7a6aa780000000000000000266a24aa21a9ede2f61c3f71d1defd3fa999dfa36953755c690689799962b48bebd836974e8cf90120000000000000000000000000000000000000000000000000000000000000000000000000

      at src/core/charms-sdk.ts:16:11

  console.error
    Stderr: No spell found in the transaction

      30 | 				}
      31 | 				if (stderr) {
    > 32 | 					console.error(`Stderr: ${stderr}`);
         | 					        ^
      33 | 				}
      34 | 				console.info(`Executed successfully: ${stdout}`);
      35 | 				resolve(stdout);

      at src/core/charms-sdk.ts:32:14

  console.info
    Executed successfully:

      at src/core/charms-sdk.ts:34:13

  console.log
    !!! 1 {
      spendable: true,
      value: 156250000,
      txid: '34c186074fa011208015ca602ceb9f69eca99f4c0fcada4cb7592d2fc06fa8fa',
      vout: 0
    } undefined

      at src/core/spells.ts:216:12

  console.info
    Executing command: /Users/gadiguy/workspace/charms/target/release/charms tx show-spell --tx 020000000001010000000000000000000000000000000000000000000000000000000000000000ffffffff0402650300ffffffff02902f5009000000001600147ee0b7b0a06b1715257f82da01a3a4daa7a6aa780000000000000000266a24aa21a9ede2f61c3f71d1defd3fa999dfa36953755c690689799962b48bebd836974e8cf90120000000000000000000000000000000000000000000000000000000000000000000000000

      at src/core/charms-sdk.ts:16:11

  console.error
    Stderr: No spell found in the transaction

      30 | 				}
      31 | 				if (stderr) {
    > 32 | 					console.error(`Stderr: ${stderr}`);
         | 					        ^
      33 | 				}
      34 | 				console.info(`Executed successfully: ${stdout}`);
      35 | 				resolve(stdout);

      at src/core/charms-sdk.ts:32:14

  console.info
    Executed successfully:

      at src/core/charms-sdk.ts:34:13

  console.log
    !!! 1 {
      spendable: true,
      value: 156250000,
      txid: '307b1ad82802f74a6b66956be9a3b62828a07d4a3decc94187a70dabd21015e3',
      vout: 0
    } undefined

      at src/core/spells.ts:216:12

  console.info
    Executing command: /Users/gadiguy/workspace/charms/target/release/charms tx show-spell --tx 020000000001010000000000000000000000000000000000000000000000000000000000000000ffffffff0402630300ffffffff02902f5009000000001600147ee0b7b0a06b1715257f82da01a3a4daa7a6aa780000000000000000266a24aa21a9ede2f61c3f71d1defd3fa999dfa36953755c690689799962b48bebd836974e8cf90120000000000000000000000000000000000000000000000000000000000000000000000000

      at src/core/charms-sdk.ts:16:11

  console.error
    Stderr: No spell found in the transaction

      30 | 				}
      31 | 				if (stderr) {
    > 32 | 					console.error(`Stderr: ${stderr}`);
         | 					        ^
      33 | 				}
      34 | 				console.info(`Executed successfully: ${stdout}`);
      35 | 				resolve(stdout);

      at src/core/charms-sdk.ts:32:14

  console.info
    Executed successfully:

      at src/core/charms-sdk.ts:34:13

  console.log
    !!! 1 {
      spendable: true,
      value: 156250000,
      txid: '68d0237604abf70b16c7f3b0ee5f819030b51ae98e4d191af8cf27c74d5df4d4',
      vout: 0
    } undefined

      at src/core/spells.ts:216:12

  console.info
    Executing command: /Users/gadiguy/workspace/charms/target/release/charms tx show-spell --tx 020000000001010000000000000000000000000000000000000000000000000000000000000000ffffffff0402620300ffffffff02902f5009000000001600147ee0b7b0a06b1715257f82da01a3a4daa7a6aa780000000000000000266a24aa21a9ede2f61c3f71d1defd3fa999dfa36953755c690689799962b48bebd836974e8cf90120000000000000000000000000000000000000000000000000000000000000000000000000

      at src/core/charms-sdk.ts:16:11

  console.error
    Stderr: No spell found in the transaction

      30 | 				}
      31 | 				if (stderr) {
    > 32 | 					console.error(`Stderr: ${stderr}`);
         | 					        ^
      33 | 				}
      34 | 				console.info(`Executed successfully: ${stdout}`);
      35 | 				resolve(stdout);

      at src/core/charms-sdk.ts:32:14

  console.info
    Executed successfully:

      at src/core/charms-sdk.ts:34:13

  console.log
    !!! 1 {
      spendable: true,
      value: 156250000,
      txid: '9376ba15c8fec26a977a37c04e2bc43c3b40534f56b0eedcd13b78f4c48e5066',
      vout: 0
    } undefined

      at src/core/spells.ts:216:12

  console.info
    Executing command: /Users/gadiguy/workspace/charms/target/release/charms tx show-spell --tx 020000000001010000000000000000000000000000000000000000000000000000000000000000ffffffff04025e0300ffffffff02902f5009000000001600147ee0b7b0a06b1715257f82da01a3a4daa7a6aa780000000000000000266a24aa21a9ede2f61c3f71d1defd3fa999dfa36953755c690689799962b48bebd836974e8cf90120000000000000000000000000000000000000000000000000000000000000000000000000

      at src/core/charms-sdk.ts:16:11

  console.error
    Stderr: No spell found in the transaction

      30 | 				}
      31 | 				if (stderr) {
    > 32 | 					console.error(`Stderr: ${stderr}`);
         | 					        ^
      33 | 				}
      34 | 				console.info(`Executed successfully: ${stdout}`);
      35 | 				resolve(stdout);

      at src/core/charms-sdk.ts:32:14

  console.info
    Executed successfully:

      at src/core/charms-sdk.ts:34:13

  console.log
    !!! 1 {
      spendable: true,
      value: 156250000,
      txid: '746c8d1bce4fd1d11dd419fa845e88a7e453c646f46453c3a6243c3e3938bc1d',
      vout: 0
    } undefined

      at src/core/spells.ts:216:12

  console.info
    Executing command: /Users/gadiguy/workspace/charms/target/release/charms tx show-spell --tx 020000000001010000000000000000000000000000000000000000000000000000000000000000ffffffff04025c0300ffffffff02902f5009000000001600147ee0b7b0a06b1715257f82da01a3a4daa7a6aa780000000000000000266a24aa21a9ede2f61c3f71d1defd3fa999dfa36953755c690689799962b48bebd836974e8cf90120000000000000000000000000000000000000000000000000000000000000000000000000

      at src/core/charms-sdk.ts:16:11

  console.error
    Stderr: No spell found in the transaction

      30 | 				}
      31 | 				if (stderr) {
    > 32 | 					console.error(`Stderr: ${stderr}`);
         | 					        ^
      33 | 				}
      34 | 				console.info(`Executed successfully: ${stdout}`);
      35 | 				resolve(stdout);

      at src/core/charms-sdk.ts:32:14

  console.info
    Executed successfully:

      at src/core/charms-sdk.ts:34:13

  console.log
    !!! 1 {
      spendable: true,
      value: 156250000,
      txid: 'ebbfe0be33a3160c3d982257b13b47a62b194264f89de78bf76d538a52da48c4',
      vout: 0
    } undefined

      at src/core/spells.ts:216:12

  console.info
    Executing command: /Users/gadiguy/workspace/charms/target/release/charms tx show-spell --tx 020000000001010000000000000000000000000000000000000000000000000000000000000000ffffffff0402580300ffffffff02902f5009000000001600147ee0b7b0a06b1715257f82da01a3a4daa7a6aa780000000000000000266a24aa21a9ede2f61c3f71d1defd3fa999dfa36953755c690689799962b48bebd836974e8cf90120000000000000000000000000000000000000000000000000000000000000000000000000

      at src/core/charms-sdk.ts:16:11

  console.error
    Stderr: No spell found in the transaction

      30 | 				}
      31 | 				if (stderr) {
    > 32 | 					console.error(`Stderr: ${stderr}`);
         | 					        ^
      33 | 				}
      34 | 				console.info(`Executed successfully: ${stdout}`);
      35 | 				resolve(stdout);

      at src/core/charms-sdk.ts:32:14

  console.info
    Executed successfully:

      at src/core/charms-sdk.ts:34:13

  console.log
    !!! 1 {
      spendable: true,
      value: 156250000,
      txid: '31481466fed076cd1772470274f9e706c952010aef2d6b931053e5658a779ae8',
      vout: 0
    } undefined

      at src/core/spells.ts:216:12

  console.info
    Executing command: /Users/gadiguy/workspace/charms/target/release/charms tx show-spell --tx 020000000001010000000000000000000000000000000000000000000000000000000000000000ffffffff0402740300ffffffff02902f5009000000001600147ee0b7b0a06b1715257f82da01a3a4daa7a6aa780000000000000000266a24aa21a9ede2f61c3f71d1defd3fa999dfa36953755c690689799962b48bebd836974e8cf90120000000000000000000000000000000000000000000000000000000000000000000000000

      at src/core/charms-sdk.ts:16:11

  console.error
    Stderr: No spell found in the transaction

      30 | 				}
      31 | 				if (stderr) {
    > 32 | 					console.error(`Stderr: ${stderr}`);
         | 					        ^
      33 | 				}
      34 | 				console.info(`Executed successfully: ${stdout}`);
      35 | 				resolve(stdout);

      at src/core/charms-sdk.ts:32:14

  console.info
    Executed successfully:

      at src/core/charms-sdk.ts:34:13

  console.log
    !!! 1 {
      spendable: true,
      value: 156250000,
      txid: '5ddf1160285a5d227de136b1ae0e10acdb12ca715ed5ab7cce9dafe6a8e59faa',
      vout: 0
    } undefined

      at src/core/spells.ts:216:12

  console.info
    Executing command: /Users/gadiguy/workspace/charms/target/release/charms tx show-spell --tx 020000000001010000000000000000000000000000000000000000000000000000000000000000ffffffff0402570300ffffffff02902f5009000000001600147ee0b7b0a06b1715257f82da01a3a4daa7a6aa780000000000000000266a24aa21a9ede2f61c3f71d1defd3fa999dfa36953755c690689799962b48bebd836974e8cf90120000000000000000000000000000000000000000000000000000000000000000000000000

      at src/core/charms-sdk.ts:16:11

  console.error
    Stderr: No spell found in the transaction

      30 | 				}
      31 | 				if (stderr) {
    > 32 | 					console.error(`Stderr: ${stderr}`);
         | 					        ^
      33 | 				}
      34 | 				console.info(`Executed successfully: ${stdout}`);
      35 | 				resolve(stdout);

      at src/core/charms-sdk.ts:32:14

  console.info
    Executed successfully:

      at src/core/charms-sdk.ts:34:13

  console.log
    !!! 1 {
      spendable: true,
      value: 156250000,
      txid: 'ecbc4bc8540143acfd37f08e1c1ee09b988de208ace441f4946325b755608429',
      vout: 0
    } undefined

      at src/core/spells.ts:216:12

  console.info
    Executing command: /Users/gadiguy/workspace/charms/target/release/charms tx show-spell --tx 020000000001010000000000000000000000000000000000000000000000000000000000000000ffffffff0402550300ffffffff02902f5009000000001600147ee0b7b0a06b1715257f82da01a3a4daa7a6aa780000000000000000266a24aa21a9ede2f61c3f71d1defd3fa999dfa36953755c690689799962b48bebd836974e8cf90120000000000000000000000000000000000000000000000000000000000000000000000000

      at src/core/charms-sdk.ts:16:11

  console.error
    Stderr: No spell found in the transaction

      30 | 				}
      31 | 				if (stderr) {
    > 32 | 					console.error(`Stderr: ${stderr}`);
         | 					        ^
      33 | 				}
      34 | 				console.info(`Executed successfully: ${stdout}`);
      35 | 				resolve(stdout);

      at src/core/charms-sdk.ts:32:14

  console.info
    Executed successfully:

      at src/core/charms-sdk.ts:34:13

  console.log
    !!! 1 {
      spendable: true,
      value: 156250000,
      txid: 'b89ce675add7523bdeb281d043e12abf73bb42e9a6fe954d776fc4ddcbea3638',
      vout: 0
    } undefined

      at src/core/spells.ts:216:12

  console.info
    Executing command: /Users/gadiguy/workspace/charms/target/release/charms tx show-spell --tx 020000000001010000000000000000000000000000000000000000000000000000000000000000ffffffff0402540300ffffffff02902f5009000000001600147ee0b7b0a06b1715257f82da01a3a4daa7a6aa780000000000000000266a24aa21a9ede2f61c3f71d1defd3fa999dfa36953755c690689799962b48bebd836974e8cf90120000000000000000000000000000000000000000000000000000000000000000000000000

      at src/core/charms-sdk.ts:16:11

  console.error
    Stderr: No spell found in the transaction

      30 | 				}
      31 | 				if (stderr) {
    > 32 | 					console.error(`Stderr: ${stderr}`);
         | 					        ^
      33 | 				}
      34 | 				console.info(`Executed successfully: ${stdout}`);
      35 | 				resolve(stdout);

      at src/core/charms-sdk.ts:32:14

  console.info
    Executed successfully:

      at src/core/charms-sdk.ts:34:13

  console.log
    !!! 1 {
      spendable: true,
      value: 156250000,
      txid: 'f0c1ab4cc62c2c9c5f1defd8f13a6e3d335a70a1b62a51383d19aee95e6b289d',
      vout: 0
    } undefined

      at src/core/spells.ts:216:12

  console.info
    Executing command: /Users/gadiguy/workspace/charms/target/release/charms tx show-spell --tx 020000000001010000000000000000000000000000000000000000000000000000000000000000ffffffff04024f0300ffffffff02902f5009000000001600147ee0b7b0a06b1715257f82da01a3a4daa7a6aa780000000000000000266a24aa21a9ede2f61c3f71d1defd3fa999dfa36953755c690689799962b48bebd836974e8cf90120000000000000000000000000000000000000000000000000000000000000000000000000

      at src/core/charms-sdk.ts:16:11

  console.error
    Stderr: No spell found in the transaction

      30 | 				}
      31 | 				if (stderr) {
    > 32 | 					console.error(`Stderr: ${stderr}`);
         | 					        ^
      33 | 				}
      34 | 				console.info(`Executed successfully: ${stdout}`);
      35 | 				resolve(stdout);

      at src/core/charms-sdk.ts:32:14

  console.info
    Executed successfully:

      at src/core/charms-sdk.ts:34:13

  console.log
    !!! 1 {
      spendable: true,
      value: 156250000,
      txid: 'a46b786c5fcefc7d209c6e68a72b76e64d80ba0ac2d9ce4bea2bd669d2a0b43a',
      vout: 0
    } undefined

      at src/core/spells.ts:216:12

  console.info
    Executing command: /Users/gadiguy/workspace/charms/target/release/charms tx show-spell --tx 020000000001010000000000000000000000000000000000000000000000000000000000000000ffffffff04024d0300ffffffff02902f5009000000001600147ee0b7b0a06b1715257f82da01a3a4daa7a6aa780000000000000000266a24aa21a9ede2f61c3f71d1defd3fa999dfa36953755c690689799962b48bebd836974e8cf90120000000000000000000000000000000000000000000000000000000000000000000000000

      at src/core/charms-sdk.ts:16:11

  console.error
    Stderr: No spell found in the transaction

      30 | 				}
      31 | 				if (stderr) {
    > 32 | 					console.error(`Stderr: ${stderr}`);
         | 					        ^
      33 | 				}
      34 | 				console.info(`Executed successfully: ${stdout}`);
      35 | 				resolve(stdout);

      at src/core/charms-sdk.ts:32:14

  console.info
    Executed successfully:

      at src/core/charms-sdk.ts:34:13

  console.log
    !!! 1 {
      spendable: true,
      value: 156250000,
      txid: '22bc7df2f94deaa4f0954fce2934b9a63388650d42e17857d6f637d608dd8119',
      vout: 0
    } undefined

      at src/core/spells.ts:216:12

  console.info
    Executing command: /Users/gadiguy/workspace/charms/target/release/charms tx show-spell --tx 020000000001010000000000000000000000000000000000000000000000000000000000000000ffffffff04024b0300ffffffff02902f5009000000001600147ee0b7b0a06b1715257f82da01a3a4daa7a6aa780000000000000000266a24aa21a9ede2f61c3f71d1defd3fa999dfa36953755c690689799962b48bebd836974e8cf90120000000000000000000000000000000000000000000000000000000000000000000000000

      at src/core/charms-sdk.ts:16:11

  console.error
    Stderr: No spell found in the transaction

      30 | 				}
      31 | 				if (stderr) {
    > 32 | 					console.error(`Stderr: ${stderr}`);
         | 					        ^
      33 | 				}
      34 | 				console.info(`Executed successfully: ${stdout}`);
      35 | 				resolve(stdout);

      at src/core/charms-sdk.ts:32:14

  console.info
    Executed successfully:

      at src/core/charms-sdk.ts:34:13

  console.log
    !!! 1 {
      spendable: true,
      value: 156250000,
      txid: '9f0ca654f173471183ef552d00c959bd4da81db69d58f1def66ff71e1859ba0a',
      vout: 0
    } undefined

      at src/core/spells.ts:216:12

  console.info
    Executing command: /Users/gadiguy/workspace/charms/target/release/charms tx show-spell --tx 020000000001010000000000000000000000000000000000000000000000000000000000000000ffffffff0402490300ffffffff02902f5009000000001600147ee0b7b0a06b1715257f82da01a3a4daa7a6aa780000000000000000266a24aa21a9ede2f61c3f71d1defd3fa999dfa36953755c690689799962b48bebd836974e8cf90120000000000000000000000000000000000000000000000000000000000000000000000000

      at src/core/charms-sdk.ts:16:11

  console.error
    Stderr: No spell found in the transaction

      30 | 				}
      31 | 				if (stderr) {
    > 32 | 					console.error(`Stderr: ${stderr}`);
         | 					        ^
      33 | 				}
      34 | 				console.info(`Executed successfully: ${stdout}`);
      35 | 				resolve(stdout);

      at src/core/charms-sdk.ts:32:14

  console.info
    Executed successfully:

      at src/core/charms-sdk.ts:34:13

  console.log
    !!! 1 {
      spendable: true,
      value: 156250000,
      txid: '5042e7750c282e6891603d1ef5e531a5ca5642e064840db4c94c83c881458ff0',
      vout: 0
    } undefined

      at src/core/spells.ts:216:12

  console.info
    Executing command: /Users/gadiguy/workspace/charms/target/release/charms tx show-spell --tx 020000000001010000000000000000000000000000000000000000000000000000000000000000ffffffff0402480300ffffffff02902f5009000000001600147ee0b7b0a06b1715257f82da01a3a4daa7a6aa780000000000000000266a24aa21a9ede2f61c3f71d1defd3fa999dfa36953755c690689799962b48bebd836974e8cf90120000000000000000000000000000000000000000000000000000000000000000000000000

      at src/core/charms-sdk.ts:16:11

  console.error
    Stderr: No spell found in the transaction

      30 | 				}
      31 | 				if (stderr) {
    > 32 | 					console.error(`Stderr: ${stderr}`);
         | 					        ^
      33 | 				}
      34 | 				console.info(`Executed successfully: ${stdout}`);
      35 | 				resolve(stdout);

      at src/core/charms-sdk.ts:32:14

  console.info
    Executed successfully:

      at src/core/charms-sdk.ts:34:13

  console.log
    !!! 1 {
      spendable: true,
      value: 156250000,
      txid: '1eda9367a93b3b1e6dd09f8565c3d6793caf74edfaab8dce22bde1e34467b0c9',
      vout: 0
    } undefined

      at src/core/spells.ts:216:12

  console.info
    Executing command: /Users/gadiguy/workspace/charms/target/release/charms tx show-spell --tx 020000000001010000000000000000000000000000000000000000000000000000000000000000ffffffff0402470300ffffffff02902f5009000000001600147ee0b7b0a06b1715257f82da01a3a4daa7a6aa780000000000000000266a24aa21a9ede2f61c3f71d1defd3fa999dfa36953755c690689799962b48bebd836974e8cf90120000000000000000000000000000000000000000000000000000000000000000000000000

      at src/core/charms-sdk.ts:16:11

  console.error
    Stderr: No spell found in the transaction

      30 | 				}
      31 | 				if (stderr) {
    > 32 | 					console.error(`Stderr: ${stderr}`);
         | 					        ^
      33 | 				}
      34 | 				console.info(`Executed successfully: ${stdout}`);
      35 | 				resolve(stdout);

      at src/core/charms-sdk.ts:32:14

  console.info
    Executed successfully:

      at src/core/charms-sdk.ts:34:13

  console.log
    !!! 1 {
      spendable: true,
      value: 156250000,
      txid: 'd68ef03c12cb67f36d29a53e23445269111bec3a206192b7c3b0166ef3808c0b',
      vout: 0
    } undefined

      at src/core/spells.ts:216:12

  console.info
    Executing command: /Users/gadiguy/workspace/charms/target/release/charms tx show-spell --tx 020000000001010000000000000000000000000000000000000000000000000000000000000000ffffffff0402450300ffffffff02902f5009000000001600147ee0b7b0a06b1715257f82da01a3a4daa7a6aa780000000000000000266a24aa21a9ede2f61c3f71d1defd3fa999dfa36953755c690689799962b48bebd836974e8cf90120000000000000000000000000000000000000000000000000000000000000000000000000

      at src/core/charms-sdk.ts:16:11

  console.error
    Stderr: No spell found in the transaction

      30 | 				}
      31 | 				if (stderr) {
    > 32 | 					console.error(`Stderr: ${stderr}`);
         | 					        ^
      33 | 				}
      34 | 				console.info(`Executed successfully: ${stdout}`);
      35 | 				resolve(stdout);

      at src/core/charms-sdk.ts:32:14

  console.info
    Executed successfully:

      at src/core/charms-sdk.ts:34:13

  console.log
    !!! 1 {
      spendable: true,
      value: 156250000,
      txid: '86904d5ba1a804030bb04dcc0802f986b7e747b0bc5e1648a55e73cd1b10bfaa',
      vout: 0
    } undefined

      at src/core/spells.ts:216:12

  console.info
    Executing command: /Users/gadiguy/workspace/charms/target/release/charms tx show-spell --tx 020000000001010000000000000000000000000000000000000000000000000000000000000000ffffffff0402440300ffffffff02902f5009000000001600147ee0b7b0a06b1715257f82da01a3a4daa7a6aa780000000000000000266a24aa21a9ede2f61c3f71d1defd3fa999dfa36953755c690689799962b48bebd836974e8cf90120000000000000000000000000000000000000000000000000000000000000000000000000

      at src/core/charms-sdk.ts:16:11

  console.error
    Stderr: No spell found in the transaction

      30 | 				}
      31 | 				if (stderr) {
    > 32 | 					console.error(`Stderr: ${stderr}`);
         | 					        ^
      33 | 				}
      34 | 				console.info(`Executed successfully: ${stdout}`);
      35 | 				resolve(stdout);

      at src/core/charms-sdk.ts:32:14

  console.info
    Executed successfully:

      at src/core/charms-sdk.ts:34:13

  console.log
    !!! 1 {
      spendable: true,
      value: 156250000,
      txid: 'be6ec5f5737616b58c2474f45517dd83a0274524eacc4b6c0d9a41a10514a2ae',
      vout: 0
    } undefined

      at src/core/spells.ts:216:12

  console.info
    Executing command: /Users/gadiguy/workspace/charms/target/release/charms tx show-spell --tx 020000000001010000000000000000000000000000000000000000000000000000000000000000ffffffff0402c70300ffffffff02c817a80400000000160014b3455ce530ba44de213c9a78c2d662785143c5f40000000000000000266a24aa21a9ede2f61c3f71d1defd3fa999dfa36953755c690689799962b48bebd836974e8cf90120000000000000000000000000000000000000000000000000000000000000000000000000

      at src/core/charms-sdk.ts:16:11

  console.error
    Stderr: No spell found in the transaction

      30 | 				}
      31 | 				if (stderr) {
    > 32 | 					console.error(`Stderr: ${stderr}`);
         | 					        ^
      33 | 				}
      34 | 				console.info(`Executed successfully: ${stdout}`);
      35 | 				resolve(stdout);

      at src/core/charms-sdk.ts:32:14

  console.info
    Executed successfully:

      at src/core/charms-sdk.ts:34:13

  console.log
    !!! 1 {
      spendable: true,
      value: 78125000,
      txid: 'ae11344abad7ccd36378bcf67e01386203547ca84efcc11c71bebf850ee67aa3',
      vout: 0
    } undefined

      at src/core/spells.ts:216:12

  console.info
    Executing command: /Users/gadiguy/workspace/charms/target/release/charms tx show-spell --tx 020000000001010000000000000000000000000000000000000000000000000000000000000000ffffffff0402530400ffffffff02e40b540200000000160014c699b99a00cc336f2cd3615b2361af367128c86a0000000000000000266a24aa21a9ede2f61c3f71d1defd3fa999dfa36953755c690689799962b48bebd836974e8cf90120000000000000000000000000000000000000000000000000000000000000000000000000

      at src/core/charms-sdk.ts:16:11

  console.error
    Stderr: No spell found in the transaction

      30 | 				}
      31 | 				if (stderr) {
    > 32 | 					console.error(`Stderr: ${stderr}`);
         | 					        ^
      33 | 				}
      34 | 				console.info(`Executed successfully: ${stdout}`);
      35 | 				resolve(stdout);

      at src/core/charms-sdk.ts:32:14

  console.info
    Executed successfully:

      at src/core/charms-sdk.ts:34:13

  console.log
    !!! 1 {
      spendable: true,
      value: 39062500,
      txid: 'c70f4aad25f9fec0a7ca18983d5bbdea615780901df7727cc859b5dda0171b00',
      vout: 0
    } undefined

      at src/core/spells.ts:216:12

  console.info
    Executing command: /Users/gadiguy/workspace/charms/target/release/charms tx show-spell --tx 020000000001010000000000000000000000000000000000000000000000000000000000000000ffffffff0402b50300ffffffff02c817a80400000000160014b3455ce530ba44de213c9a78c2d662785143c5f40000000000000000266a24aa21a9ede2f61c3f71d1defd3fa999dfa36953755c690689799962b48bebd836974e8cf90120000000000000000000000000000000000000000000000000000000000000000000000000

      at src/core/charms-sdk.ts:16:11

  console.error
    Stderr: No spell found in the transaction

      30 | 				}
      31 | 				if (stderr) {
    > 32 | 					console.error(`Stderr: ${stderr}`);
         | 					        ^
      33 | 				}
      34 | 				console.info(`Executed successfully: ${stdout}`);
      35 | 				resolve(stdout);

      at src/core/charms-sdk.ts:32:14

  console.info
    Executed successfully:

      at src/core/charms-sdk.ts:34:13

  console.log
    !!! 1 {
      spendable: true,
      value: 78125000,
      txid: 'ac080b769aafa43462a2074b0f59015e96593166cb2670aa918c993be178db32',
      vout: 0
    } undefined

      at src/core/spells.ts:216:12

  console.info
    Executing command: /Users/gadiguy/workspace/charms/target/release/charms tx show-spell --tx 020000000001010000000000000000000000000000000000000000000000000000000000000000ffffffff0402bb0300ffffffff02c817a80400000000160014b3455ce530ba44de213c9a78c2d662785143c5f40000000000000000266a24aa21a9ede2f61c3f71d1defd3fa999dfa36953755c690689799962b48bebd836974e8cf90120000000000000000000000000000000000000000000000000000000000000000000000000

      at src/core/charms-sdk.ts:16:11

  console.error
    Stderr: No spell found in the transaction

      30 | 				}
      31 | 				if (stderr) {
    > 32 | 					console.error(`Stderr: ${stderr}`);
         | 					        ^
      33 | 				}
      34 | 				console.info(`Executed successfully: ${stdout}`);
      35 | 				resolve(stdout);

      at src/core/charms-sdk.ts:32:14

  console.info
    Executed successfully:

      at src/core/charms-sdk.ts:34:13

  console.log
    !!! 1 {
      spendable: true,
      value: 78125000,
      txid: 'bb1042040e2aa3dbdaee4154ff5d29c1728ef28c385d105a029917c7a40f6a03',
      vout: 0
    } undefined

      at src/core/spells.ts:216:12

  console.info
    Executing command: /Users/gadiguy/workspace/charms/target/release/charms tx show-spell --tx 020000000001010000000000000000000000000000000000000000000000000000000000000000ffffffff04023d0300ffffffff02902f500900000000160014df2907ba1c43324bcddd8f295bb3d2d09dd62c290000000000000000266a24aa21a9ede2f61c3f71d1defd3fa999dfa36953755c690689799962b48bebd836974e8cf90120000000000000000000000000000000000000000000000000000000000000000000000000

      at src/core/charms-sdk.ts:16:11

  console.error
    Stderr: No spell found in the transaction

      30 | 				}
      31 | 				if (stderr) {
    > 32 | 					console.error(`Stderr: ${stderr}`);
         | 					        ^
      33 | 				}
      34 | 				console.info(`Executed successfully: ${stdout}`);
      35 | 				resolve(stdout);

      at src/core/charms-sdk.ts:32:14

  console.info
    Executed successfully:

      at src/core/charms-sdk.ts:34:13

  console.log
    !!! 1 {
      spendable: true,
      value: 156250000,
      txid: '3a2fd120dc0845fd4e9631c6d184fffad734e6375e0b9c122e0f15d676964356',
      vout: 0
    } undefined

      at src/core/spells.ts:216:12

  console.info
    Executing command: /Users/gadiguy/workspace/charms/target/release/charms tx show-spell --tx 020000000001010000000000000000000000000000000000000000000000000000000000000000ffffffff04023c0300ffffffff02902f500900000000160014df2907ba1c43324bcddd8f295bb3d2d09dd62c290000000000000000266a24aa21a9ede2f61c3f71d1defd3fa999dfa36953755c690689799962b48bebd836974e8cf90120000000000000000000000000000000000000000000000000000000000000000000000000

      at src/core/charms-sdk.ts:16:11

  console.error
    Stderr: No spell found in the transaction

      30 | 				}
      31 | 				if (stderr) {
    > 32 | 					console.error(`Stderr: ${stderr}`);
         | 					        ^
      33 | 				}
      34 | 				console.info(`Executed successfully: ${stdout}`);
      35 | 				resolve(stdout);

      at src/core/charms-sdk.ts:32:14

  console.info
    Executed successfully:

      at src/core/charms-sdk.ts:34:13

  console.log
    !!! 1 {
      spendable: true,
      value: 156250000,
      txid: 'ed9af49d77cebf3f43e026b567d69c2c9c28fbe0f00229843f80d4b85f99f2ae',
      vout: 0
    } undefined

      at src/core/spells.ts:216:12

  console.info
    Executing command: /Users/gadiguy/workspace/charms/target/release/charms tx show-spell --tx 020000000001010000000000000000000000000000000000000000000000000000000000000000ffffffff04023a0300ffffffff02902f500900000000160014df2907ba1c43324bcddd8f295bb3d2d09dd62c290000000000000000266a24aa21a9ede2f61c3f71d1defd3fa999dfa36953755c690689799962b48bebd836974e8cf90120000000000000000000000000000000000000000000000000000000000000000000000000

      at src/core/charms-sdk.ts:16:11

  console.error
    Stderr: No spell found in the transaction

      30 | 				}
      31 | 				if (stderr) {
    > 32 | 					console.error(`Stderr: ${stderr}`);
         | 					        ^
      33 | 				}
      34 | 				console.info(`Executed successfully: ${stdout}`);
      35 | 				resolve(stdout);

      at src/core/charms-sdk.ts:32:14

  console.info
    Executed successfully:

      at src/core/charms-sdk.ts:34:13

  console.log
    !!! 1 {
      spendable: true,
      value: 156250000,
      txid: '9b53972406d04deae3133c658ad7c4b1511a653fdaf592ba5dacfce677e26974',
      vout: 0
    } undefined

      at src/core/spells.ts:216:12

  console.info
    Executing command: /Users/gadiguy/workspace/charms/target/release/charms tx show-spell --tx 020000000001010000000000000000000000000000000000000000000000000000000000000000ffffffff0402390300ffffffff02902f500900000000160014df2907ba1c43324bcddd8f295bb3d2d09dd62c290000000000000000266a24aa21a9ede2f61c3f71d1defd3fa999dfa36953755c690689799962b48bebd836974e8cf90120000000000000000000000000000000000000000000000000000000000000000000000000

      at src/core/charms-sdk.ts:16:11

  console.error
    Stderr: No spell found in the transaction

      30 | 				}
      31 | 				if (stderr) {
    > 32 | 					console.error(`Stderr: ${stderr}`);
         | 					        ^
      33 | 				}
      34 | 				console.info(`Executed successfully: ${stdout}`);
      35 | 				resolve(stdout);

      at src/core/charms-sdk.ts:32:14

  console.info
    Executed successfully:

      at src/core/charms-sdk.ts:34:13

  console.log
    !!! 1 {
      spendable: true,
      value: 156250000,
      txid: '1de56e22bb14dc9af8232601ee79a1c10d6477a77eb94871796d43ddfaa7422e',
      vout: 0
    } undefined

      at src/core/spells.ts:216:12

  console.info
    Executing command: /Users/gadiguy/workspace/charms/target/release/charms tx show-spell --tx 020000000001010000000000000000000000000000000000000000000000000000000000000000ffffffff0402370300ffffffff02902f500900000000160014df2907ba1c43324bcddd8f295bb3d2d09dd62c290000000000000000266a24aa21a9ede2f61c3f71d1defd3fa999dfa36953755c690689799962b48bebd836974e8cf90120000000000000000000000000000000000000000000000000000000000000000000000000

      at src/core/charms-sdk.ts:16:11

  console.error
    Stderr: No spell found in the transaction

      30 | 				}
      31 | 				if (stderr) {
    > 32 | 					console.error(`Stderr: ${stderr}`);
         | 					        ^
      33 | 				}
      34 | 				console.info(`Executed successfully: ${stdout}`);
      35 | 				resolve(stdout);

      at src/core/charms-sdk.ts:32:14

  console.info
    Executed successfully:

      at src/core/charms-sdk.ts:34:13

  console.log
    !!! 1 {
      spendable: true,
      value: 156250000,
      txid: '762fecd0f15e76851cbc5c5b1f32174ed0fdb92ea0039c40f3f00324b8a318d2',
      vout: 0
    } undefined

      at src/core/spells.ts:216:12

  console.info
    Executing command: /Users/gadiguy/workspace/charms/target/release/charms tx show-spell --tx 020000000001010000000000000000000000000000000000000000000000000000000000000000ffffffff0402350300ffffffff02902f500900000000160014df2907ba1c43324bcddd8f295bb3d2d09dd62c290000000000000000266a24aa21a9ede2f61c3f71d1defd3fa999dfa36953755c690689799962b48bebd836974e8cf90120000000000000000000000000000000000000000000000000000000000000000000000000

      at src/core/charms-sdk.ts:16:11

  console.error
    Stderr: No spell found in the transaction

      30 | 				}
      31 | 				if (stderr) {
    > 32 | 					console.error(`Stderr: ${stderr}`);
         | 					        ^
      33 | 				}
      34 | 				console.info(`Executed successfully: ${stdout}`);
      35 | 				resolve(stdout);

      at src/core/charms-sdk.ts:32:14

  console.info
    Executed successfully:

      at src/core/charms-sdk.ts:34:13

  console.log
    !!! 1 {
      spendable: true,
      value: 156250000,
      txid: 'c4deb034e17561786c28a42cc7e9615229dd27aa2efbeefe6bc46d1a966b1809',
      vout: 0
    } undefined

      at src/core/spells.ts:216:12

  console.info
    Executing command: /Users/gadiguy/workspace/charms/target/release/charms tx show-spell --tx 020000000001010000000000000000000000000000000000000000000000000000000000000000ffffffff0402330300ffffffff02902f500900000000160014df2907ba1c43324bcddd8f295bb3d2d09dd62c290000000000000000266a24aa21a9ede2f61c3f71d1defd3fa999dfa36953755c690689799962b48bebd836974e8cf90120000000000000000000000000000000000000000000000000000000000000000000000000

      at src/core/charms-sdk.ts:16:11

  console.error
    Stderr: No spell found in the transaction

      30 | 				}
      31 | 				if (stderr) {
    > 32 | 					console.error(`Stderr: ${stderr}`);
         | 					        ^
      33 | 				}
      34 | 				console.info(`Executed successfully: ${stdout}`);
      35 | 				resolve(stdout);

      at src/core/charms-sdk.ts:32:14

  console.info
    Executed successfully:

      at src/core/charms-sdk.ts:34:13

  console.log
    !!! 1 {
      spendable: true,
      value: 156250000,
      txid: 'd92145c2dbced6ce85d8351e5ff266941b67120a56a3160eb96634a23b62f107',
      vout: 0
    } undefined

      at src/core/spells.ts:216:12

  console.info
    Executing command: /Users/gadiguy/workspace/charms/target/release/charms tx show-spell --tx 020000000001010000000000000000000000000000000000000000000000000000000000000000ffffffff0402310300ffffffff02902f500900000000160014df2907ba1c43324bcddd8f295bb3d2d09dd62c290000000000000000266a24aa21a9ede2f61c3f71d1defd3fa999dfa36953755c690689799962b48bebd836974e8cf90120000000000000000000000000000000000000000000000000000000000000000000000000

      at src/core/charms-sdk.ts:16:11

  console.error
    Stderr: No spell found in the transaction

      30 | 				}
      31 | 				if (stderr) {
    > 32 | 					console.error(`Stderr: ${stderr}`);
         | 					        ^
      33 | 				}
      34 | 				console.info(`Executed successfully: ${stdout}`);
      35 | 				resolve(stdout);

      at src/core/charms-sdk.ts:32:14

  console.info
    Executed successfully:

      at src/core/charms-sdk.ts:34:13

  console.log
    !!! 1 {
      spendable: true,
      value: 156250000,
      txid: '17fc662422add35a91eb6e6fcb62743d6199378e75eae2cb4deff0abbf677644',
      vout: 0
    } undefined

      at src/core/spells.ts:216:12

  console.info
    Executing command: /Users/gadiguy/workspace/charms/target/release/charms tx show-spell --tx 020000000001010000000000000000000000000000000000000000000000000000000000000000ffffffff0402ef0300ffffffff02c817a80400000000160014b3455ce530ba44de213c9a78c2d662785143c5f40000000000000000266a24aa21a9ede2f61c3f71d1defd3fa999dfa36953755c690689799962b48bebd836974e8cf90120000000000000000000000000000000000000000000000000000000000000000000000000

      at src/core/charms-sdk.ts:16:11

  console.error
    Stderr: No spell found in the transaction

      30 | 				}
      31 | 				if (stderr) {
    > 32 | 					console.error(`Stderr: ${stderr}`);
         | 					        ^
      33 | 				}
      34 | 				console.info(`Executed successfully: ${stdout}`);
      35 | 				resolve(stdout);

      at src/core/charms-sdk.ts:32:14

  console.info
    Executed successfully:

      at src/core/charms-sdk.ts:34:13

  console.log
    !!! 1 {
      spendable: true,
      value: 78125000,
      txid: '919d12876606015892e90768639bfeda4024fd12f435c7b1e7ba082ab5cbc066',
      vout: 0
    } undefined

      at src/core/spells.ts:216:12

  console.info
    Executing command: /Users/gadiguy/workspace/charms/target/release/charms tx show-spell --tx 020000000001010000000000000000000000000000000000000000000000000000000000000000ffffffff04022f0300ffffffff02902f500900000000160014df2907ba1c43324bcddd8f295bb3d2d09dd62c290000000000000000266a24aa21a9ede2f61c3f71d1defd3fa999dfa36953755c690689799962b48bebd836974e8cf90120000000000000000000000000000000000000000000000000000000000000000000000000

      at src/core/charms-sdk.ts:16:11

  console.error
    Stderr: No spell found in the transaction

      30 | 				}
      31 | 				if (stderr) {
    > 32 | 					console.error(`Stderr: ${stderr}`);
         | 					        ^
      33 | 				}
      34 | 				console.info(`Executed successfully: ${stdout}`);
      35 | 				resolve(stdout);

      at src/core/charms-sdk.ts:32:14

  console.info
    Executed successfully:

      at src/core/charms-sdk.ts:34:13

  console.log
    !!! 1 {
      spendable: true,
      value: 156250000,
      txid: 'e38d6e5f8a4c6b129b24fe76970bbc003d3b46de165082063dc0d86748ea20e8',
      vout: 0
    } undefined

      at src/core/spells.ts:216:12

  console.info
    Executing command: /Users/gadiguy/workspace/charms/target/release/charms tx show-spell --tx 020000000001010000000000000000000000000000000000000000000000000000000000000000ffffffff04022e0300ffffffff02902f500900000000160014df2907ba1c43324bcddd8f295bb3d2d09dd62c290000000000000000266a24aa21a9ede2f61c3f71d1defd3fa999dfa36953755c690689799962b48bebd836974e8cf90120000000000000000000000000000000000000000000000000000000000000000000000000

      at src/core/charms-sdk.ts:16:11

  console.error
    Stderr: No spell found in the transaction

      30 | 				}
      31 | 				if (stderr) {
    > 32 | 					console.error(`Stderr: ${stderr}`);
         | 					        ^
      33 | 				}
      34 | 				console.info(`Executed successfully: ${stdout}`);
      35 | 				resolve(stdout);

      at src/core/charms-sdk.ts:32:14

  console.info
    Executed successfully:

      at src/core/charms-sdk.ts:34:13

  console.log
    !!! 1 {
      spendable: true,
      value: 156250000,
      txid: '02f26b4d620c48514b0e1a0ed70b6fd943ed7e73ee20c92527f162e7d053ce3e',
      vout: 0
    } undefined

      at src/core/spells.ts:216:12

  console.info
    Executing command: /Users/gadiguy/workspace/charms/target/release/charms tx show-spell --tx 020000000001010000000000000000000000000000000000000000000000000000000000000000ffffffff04022d0300ffffffff02902f500900000000160014df2907ba1c43324bcddd8f295bb3d2d09dd62c290000000000000000266a24aa21a9ede2f61c3f71d1defd3fa999dfa36953755c690689799962b48bebd836974e8cf90120000000000000000000000000000000000000000000000000000000000000000000000000

      at src/core/charms-sdk.ts:16:11

  console.error
    Stderr: No spell found in the transaction

      30 | 				}
      31 | 				if (stderr) {
    > 32 | 					console.error(`Stderr: ${stderr}`);
         | 					        ^
      33 | 				}
      34 | 				console.info(`Executed successfully: ${stdout}`);
      35 | 				resolve(stdout);

      at src/core/charms-sdk.ts:32:14

  console.info
    Executed successfully:

      at src/core/charms-sdk.ts:34:13

  console.log
    !!! 1 {
      spendable: true,
      value: 156250000,
      txid: '704a40d3f7e715c3157879d87d32d18093feb3bde1df8903f71d80ef659499de',
      vout: 0
    } undefined

      at src/core/spells.ts:216:12

  console.info
    Executing command: /Users/gadiguy/workspace/charms/target/release/charms tx show-spell --tx 020000000001010000000000000000000000000000000000000000000000000000000000000000ffffffff04022c0300ffffffff02902f500900000000160014df2907ba1c43324bcddd8f295bb3d2d09dd62c290000000000000000266a24aa21a9ede2f61c3f71d1defd3fa999dfa36953755c690689799962b48bebd836974e8cf90120000000000000000000000000000000000000000000000000000000000000000000000000

      at src/core/charms-sdk.ts:16:11

  console.error
    Stderr: No spell found in the transaction

      30 | 				}
      31 | 				if (stderr) {
    > 32 | 					console.error(`Stderr: ${stderr}`);
         | 					        ^
      33 | 				}
      34 | 				console.info(`Executed successfully: ${stdout}`);
      35 | 				resolve(stdout);

      at src/core/charms-sdk.ts:32:14

  console.info
    Executed successfully:

      at src/core/charms-sdk.ts:34:13

  console.log
    !!! 1 {
      spendable: true,
      value: 156250000,
      txid: 'e34c718fb832585a3cc87cd5d7fe37fae3220accf6128ddb1d85c96eea3db3d6',
      vout: 0
    } undefined

      at src/core/spells.ts:216:12

  console.info
    Executing command: /Users/gadiguy/workspace/charms/target/release/charms tx show-spell --tx 020000000001010000000000000000000000000000000000000000000000000000000000000000ffffffff04022a0300ffffffff02902f500900000000160014df2907ba1c43324bcddd8f295bb3d2d09dd62c290000000000000000266a24aa21a9ede2f61c3f71d1defd3fa999dfa36953755c690689799962b48bebd836974e8cf90120000000000000000000000000000000000000000000000000000000000000000000000000

      at src/core/charms-sdk.ts:16:11

  console.error
    Stderr: No spell found in the transaction

      30 | 				}
      31 | 				if (stderr) {
    > 32 | 					console.error(`Stderr: ${stderr}`);
         | 					        ^
      33 | 				}
      34 | 				console.info(`Executed successfully: ${stdout}`);
      35 | 				resolve(stdout);

      at src/core/charms-sdk.ts:32:14

  console.info
    Executed successfully:

      at src/core/charms-sdk.ts:34:13

  console.log
    !!! 1 {
      spendable: true,
      value: 156250000,
      txid: 'a4685d1c75e25bc75cd870452520dc90cf2bc1d6a4826125670b01b262ede834',
      vout: 0
    } undefined

      at src/core/spells.ts:216:12

  console.info
    Executing command: /Users/gadiguy/workspace/charms/target/release/charms tx show-spell --tx 020000000001010000000000000000000000000000000000000000000000000000000000000000ffffffff0402280300ffffffff02902f500900000000160014df2907ba1c43324bcddd8f295bb3d2d09dd62c290000000000000000266a24aa21a9ede2f61c3f71d1defd3fa999dfa36953755c690689799962b48bebd836974e8cf90120000000000000000000000000000000000000000000000000000000000000000000000000

      at src/core/charms-sdk.ts:16:11

  console.error
    Stderr: No spell found in the transaction

      30 | 				}
      31 | 				if (stderr) {
    > 32 | 					console.error(`Stderr: ${stderr}`);
         | 					        ^
      33 | 				}
      34 | 				console.info(`Executed successfully: ${stdout}`);
      35 | 				resolve(stdout);

      at src/core/charms-sdk.ts:32:14

  console.info
    Executed successfully:

      at src/core/charms-sdk.ts:34:13

  console.log
    !!! 1 {
      spendable: true,
      value: 156250000,
      txid: '627533314936a92587b8cfe4e1f8121de02d89ccf3863640b37941c6974191f9',
      vout: 0
    } undefined

      at src/core/spells.ts:216:12

  console.info
    Executing command: /Users/gadiguy/workspace/charms/target/release/charms tx show-spell --tx 020000000001010000000000000000000000000000000000000000000000000000000000000000ffffffff0402270300ffffffff02902f500900000000160014df2907ba1c43324bcddd8f295bb3d2d09dd62c290000000000000000266a24aa21a9ede2f61c3f71d1defd3fa999dfa36953755c690689799962b48bebd836974e8cf90120000000000000000000000000000000000000000000000000000000000000000000000000

      at src/core/charms-sdk.ts:16:11

  console.error
    Stderr: No spell found in the transaction

      30 | 				}
      31 | 				if (stderr) {
    > 32 | 					console.error(`Stderr: ${stderr}`);
         | 					        ^
      33 | 				}
      34 | 				console.info(`Executed successfully: ${stdout}`);
      35 | 				resolve(stdout);

      at src/core/charms-sdk.ts:32:14

  console.info
    Executed successfully:

      at src/core/charms-sdk.ts:34:13

  console.log
    !!! 1 {
      spendable: true,
      value: 156250000,
      txid: '822fd2fc2c6dceaac1ce7d456bdfbc2570541591f9b2cfddc3ead66c8b2cadc0',
      vout: 0
    } undefined

      at src/core/spells.ts:216:12

  console.info
    Executing command: /Users/gadiguy/workspace/charms/target/release/charms tx show-spell --tx 020000000001010000000000000000000000000000000000000000000000000000000000000000ffffffff0402250300ffffffff02902f500900000000160014df2907ba1c43324bcddd8f295bb3d2d09dd62c290000000000000000266a24aa21a9ede2f61c3f71d1defd3fa999dfa36953755c690689799962b48bebd836974e8cf90120000000000000000000000000000000000000000000000000000000000000000000000000

      at src/core/charms-sdk.ts:16:11

  console.error
    Stderr: No spell found in the transaction

      30 | 				}
      31 | 				if (stderr) {
    > 32 | 					console.error(`Stderr: ${stderr}`);
         | 					        ^
      33 | 				}
      34 | 				console.info(`Executed successfully: ${stdout}`);
      35 | 				resolve(stdout);

      at src/core/charms-sdk.ts:32:14

  console.info
    Executed successfully:

      at src/core/charms-sdk.ts:34:13

  console.log
    !!! 1 {
      spendable: true,
      value: 156250000,
      txid: 'ca65595f1f1c88d3c943bf471b0b0bd7497f6cc9c668e343ce545428fb7bf9f5',
      vout: 0
    } undefined

      at src/core/spells.ts:216:12

  console.info
    Executing command: /Users/gadiguy/workspace/charms/target/release/charms tx show-spell --tx 020000000001010000000000000000000000000000000000000000000000000000000000000000ffffffff0402240300ffffffff02902f500900000000160014df2907ba1c43324bcddd8f295bb3d2d09dd62c290000000000000000266a24aa21a9ede2f61c3f71d1defd3fa999dfa36953755c690689799962b48bebd836974e8cf90120000000000000000000000000000000000000000000000000000000000000000000000000

      at src/core/charms-sdk.ts:16:11

  console.error
    Stderr: No spell found in the transaction

      30 | 				}
      31 | 				if (stderr) {
    > 32 | 					console.error(`Stderr: ${stderr}`);
         | 					        ^
      33 | 				}
      34 | 				console.info(`Executed successfully: ${stdout}`);
      35 | 				resolve(stdout);

      at src/core/charms-sdk.ts:32:14

  console.info
    Executed successfully:

      at src/core/charms-sdk.ts:34:13

  console.log
    !!! 1 {
      spendable: true,
      value: 156250000,
      txid: '1d5aa6d5cbb6f32553e247f8ec561be6cc65fbb0e9e4e069b3beb394f86c7a67',
      vout: 0
    } undefined

      at src/core/spells.ts:216:12

  console.info
    Executing command: /Users/gadiguy/workspace/charms/target/release/charms tx show-spell --tx 020000000001010000000000000000000000000000000000000000000000000000000000000000ffffffff0402230300ffffffff02902f500900000000160014df2907ba1c43324bcddd8f295bb3d2d09dd62c290000000000000000266a24aa21a9ede2f61c3f71d1defd3fa999dfa36953755c690689799962b48bebd836974e8cf90120000000000000000000000000000000000000000000000000000000000000000000000000

      at src/core/charms-sdk.ts:16:11

  console.error
    Stderr: No spell found in the transaction

      30 | 				}
      31 | 				if (stderr) {
    > 32 | 					console.error(`Stderr: ${stderr}`);
         | 					        ^
      33 | 				}
      34 | 				console.info(`Executed successfully: ${stdout}`);
      35 | 				resolve(stdout);

      at src/core/charms-sdk.ts:32:14

  console.info
    Executed successfully:

      at src/core/charms-sdk.ts:34:13

  console.log
    !!! 1 {
      spendable: true,
      value: 156250000,
      txid: 'ce3ee2a152bbd9c6b02a57263be51759b362d771fd2f82b7f00ad4a19affc472',
      vout: 0
    } undefined

      at src/core/spells.ts:216:12

  console.info
    Executing command: /Users/gadiguy/workspace/charms/target/release/charms tx show-spell --tx 020000000001010000000000000000000000000000000000000000000000000000000000000000ffffffff0402220300ffffffff02902f500900000000160014df2907ba1c43324bcddd8f295bb3d2d09dd62c290000000000000000266a24aa21a9ede2f61c3f71d1defd3fa999dfa36953755c690689799962b48bebd836974e8cf90120000000000000000000000000000000000000000000000000000000000000000000000000

      at src/core/charms-sdk.ts:16:11

  console.error
    Stderr: No spell found in the transaction

      30 | 				}
      31 | 				if (stderr) {
    > 32 | 					console.error(`Stderr: ${stderr}`);
         | 					        ^
      33 | 				}
      34 | 				console.info(`Executed successfully: ${stdout}`);
      35 | 				resolve(stdout);

      at src/core/charms-sdk.ts:32:14

  console.info
    Executed successfully:

      at src/core/charms-sdk.ts:34:13

  console.log
    !!! 1 {
      spendable: true,
      value: 156250000,
      txid: '9d226858c89ad91315415e5b5dcef98bd49f3da9f3b3d9809cc67a1f79ae3736',
      vout: 0
    } undefined

      at src/core/spells.ts:216:12

  console.info
    Executing command: /Users/gadiguy/workspace/charms/target/release/charms tx show-spell --tx 020000000001010000000000000000000000000000000000000000000000000000000000000000ffffffff0402210300ffffffff02902f500900000000160014df2907ba1c43324bcddd8f295bb3d2d09dd62c290000000000000000266a24aa21a9ede2f61c3f71d1defd3fa999dfa36953755c690689799962b48bebd836974e8cf90120000000000000000000000000000000000000000000000000000000000000000000000000

      at src/core/charms-sdk.ts:16:11

  console.error
    Stderr: No spell found in the transaction

      30 | 				}
      31 | 				if (stderr) {
    > 32 | 					console.error(`Stderr: ${stderr}`);
         | 					        ^
      33 | 				}
      34 | 				console.info(`Executed successfully: ${stdout}`);
      35 | 				resolve(stdout);

      at src/core/charms-sdk.ts:32:14

  console.info
    Executed successfully:

      at src/core/charms-sdk.ts:34:13

  console.log
    !!! 1 {
      spendable: true,
      value: 156250000,
      txid: '41aba5042140afdf4facf22a4d713292d103ea56ab1d6bc0a3a6da67e98c4484',
      vout: 0
    } undefined

      at src/core/spells.ts:216:12

  console.info
    Executing command: /Users/gadiguy/workspace/charms/target/release/charms tx show-spell --tx 020000000001010000000000000000000000000000000000000000000000000000000000000000ffffffff0402200300ffffffff02902f500900000000160014df2907ba1c43324bcddd8f295bb3d2d09dd62c290000000000000000266a24aa21a9ede2f61c3f71d1defd3fa999dfa36953755c690689799962b48bebd836974e8cf90120000000000000000000000000000000000000000000000000000000000000000000000000

      at src/core/charms-sdk.ts:16:11

  console.error
    Stderr: No spell found in the transaction

      30 | 				}
      31 | 				if (stderr) {
    > 32 | 					console.error(`Stderr: ${stderr}`);
         | 					        ^
      33 | 				}
      34 | 				console.info(`Executed successfully: ${stdout}`);
      35 | 				resolve(stdout);

      at src/core/charms-sdk.ts:32:14

  console.info
    Executed successfully:

      at src/core/charms-sdk.ts:34:13

  console.log
    !!! 1 {
      spendable: true,
      value: 156250000,
      txid: '910c9ae652d9a2768dc1d6aa08afe67784979c0db6040fca42a7fa711c543533',
      vout: 0
    } undefined

      at src/core/spells.ts:216:12

  console.info
    Executing command: /Users/gadiguy/workspace/charms/target/release/charms tx show-spell --tx 020000000001010000000000000000000000000000000000000000000000000000000000000000ffffffff04021f0300ffffffff02902f500900000000160014df2907ba1c43324bcddd8f295bb3d2d09dd62c290000000000000000266a24aa21a9ede2f61c3f71d1defd3fa999dfa36953755c690689799962b48bebd836974e8cf90120000000000000000000000000000000000000000000000000000000000000000000000000

      at src/core/charms-sdk.ts:16:11

  console.error
    Stderr: No spell found in the transaction

      30 | 				}
      31 | 				if (stderr) {
    > 32 | 					console.error(`Stderr: ${stderr}`);
         | 					        ^
      33 | 				}
      34 | 				console.info(`Executed successfully: ${stdout}`);
      35 | 				resolve(stdout);

      at src/core/charms-sdk.ts:32:14

  console.info
    Executed successfully:

      at src/core/charms-sdk.ts:34:13

  console.log
    !!! 1 {
      spendable: true,
      value: 156250000,
      txid: '019744b6aa759ba0b8d18341dfa59c8c77f5a43a5b23f63085fd8a2bdb243fc9',
      vout: 0
    } undefined

      at src/core/spells.ts:216:12

  console.info
    Executing command: /Users/gadiguy/workspace/charms/target/release/charms tx show-spell --tx 020000000001010000000000000000000000000000000000000000000000000000000000000000ffffffff04023b0300ffffffff02902f500900000000160014df2907ba1c43324bcddd8f295bb3d2d09dd62c290000000000000000266a24aa21a9ede2f61c3f71d1defd3fa999dfa36953755c690689799962b48bebd836974e8cf90120000000000000000000000000000000000000000000000000000000000000000000000000

      at src/core/charms-sdk.ts:16:11

  console.error
    Stderr: No spell found in the transaction

      30 | 				}
      31 | 				if (stderr) {
    > 32 | 					console.error(`Stderr: ${stderr}`);
         | 					        ^
      33 | 				}
      34 | 				console.info(`Executed successfully: ${stdout}`);
      35 | 				resolve(stdout);

      at src/core/charms-sdk.ts:32:14

  console.info
    Executed successfully:

      at src/core/charms-sdk.ts:34:13

  console.log
    !!! 1 {
      spendable: true,
      value: 156250000,
      txid: '99b83beb9aa9868f719ecf4317f98c407b20a4e8857abc8cc0632d9edba653ef',
      vout: 0
    } undefined

      at src/core/spells.ts:216:12

  console.info
    Executing command: /Users/gadiguy/workspace/charms/target/release/charms tx show-spell --tx 020000000001010000000000000000000000000000000000000000000000000000000000000000ffffffff04021d0300ffffffff02902f500900000000160014df2907ba1c43324bcddd8f295bb3d2d09dd62c290000000000000000266a24aa21a9ede2f61c3f71d1defd3fa999dfa36953755c690689799962b48bebd836974e8cf90120000000000000000000000000000000000000000000000000000000000000000000000000

      at src/core/charms-sdk.ts:16:11

  console.error
    Stderr: No spell found in the transaction

      30 | 				}
      31 | 				if (stderr) {
    > 32 | 					console.error(`Stderr: ${stderr}`);
         | 					        ^
      33 | 				}
      34 | 				console.info(`Executed successfully: ${stdout}`);
      35 | 				resolve(stdout);

      at src/core/charms-sdk.ts:32:14

  console.info
    Executed successfully:

      at src/core/charms-sdk.ts:34:13

  console.log
    !!! 1 {
      spendable: true,
      value: 156250000,
      txid: 'c808f60b5d68c5a1f977455565d1b4bfe1de7f781489591e3998189adbce29f7',
      vout: 0
    } undefined

      at src/core/spells.ts:216:12

  console.info
    Executing command: /Users/gadiguy/workspace/charms/target/release/charms tx show-spell --tx 020000000001010000000000000000000000000000000000000000000000000000000000000000ffffffff04021c0300ffffffff02902f500900000000160014df2907ba1c43324bcddd8f295bb3d2d09dd62c290000000000000000266a24aa21a9ede2f61c3f71d1defd3fa999dfa36953755c690689799962b48bebd836974e8cf90120000000000000000000000000000000000000000000000000000000000000000000000000

      at src/core/charms-sdk.ts:16:11

  console.error
    Stderr: No spell found in the transaction

      30 | 				}
      31 | 				if (stderr) {
    > 32 | 					console.error(`Stderr: ${stderr}`);
         | 					        ^
      33 | 				}
      34 | 				console.info(`Executed successfully: ${stdout}`);
      35 | 				resolve(stdout);

      at src/core/charms-sdk.ts:32:14

  console.info
    Executed successfully:

      at src/core/charms-sdk.ts:34:13

  console.log
    !!! 1 {
      spendable: true,
      value: 156250000,
      txid: 'feccf518b8bd606de9c2b9fe7a075427fb586c0ec0f19955457ae56d30af9245',
      vout: 0
    } undefined

      at src/core/spells.ts:216:12

  console.info
    Executing command: /Users/gadiguy/workspace/charms/target/release/charms tx show-spell --tx 020000000001010000000000000000000000000000000000000000000000000000000000000000ffffffff04021b0300ffffffff02902f500900000000160014df2907ba1c43324bcddd8f295bb3d2d09dd62c290000000000000000266a24aa21a9ede2f61c3f71d1defd3fa999dfa36953755c690689799962b48bebd836974e8cf90120000000000000000000000000000000000000000000000000000000000000000000000000

      at src/core/charms-sdk.ts:16:11

  console.error
    Stderr: No spell found in the transaction

      30 | 				}
      31 | 				if (stderr) {
    > 32 | 					console.error(`Stderr: ${stderr}`);
         | 					        ^
      33 | 				}
      34 | 				console.info(`Executed successfully: ${stdout}`);
      35 | 				resolve(stdout);

      at src/core/charms-sdk.ts:32:14

  console.info
    Executed successfully:

      at src/core/charms-sdk.ts:34:13

  console.log
    !!! 1 {
      spendable: true,
      value: 156250000,
      txid: 'e29aa97dc7a2999fc6f73a7a0b235a84c5177ad6c9eb49822fcb5ef7c1ee8574',
      vout: 0
    } undefined

      at src/core/spells.ts:216:12

  console.info
    Executing command: /Users/gadiguy/workspace/charms/target/release/charms tx show-spell --tx 020000000001010000000000000000000000000000000000000000000000000000000000000000ffffffff04021a0300ffffffff02902f500900000000160014df2907ba1c43324bcddd8f295bb3d2d09dd62c290000000000000000266a24aa21a9ede2f61c3f71d1defd3fa999dfa36953755c690689799962b48bebd836974e8cf90120000000000000000000000000000000000000000000000000000000000000000000000000

      at src/core/charms-sdk.ts:16:11

  console.error
    Stderr: No spell found in the transaction

      30 | 				}
      31 | 				if (stderr) {
    > 32 | 					console.error(`Stderr: ${stderr}`);
         | 					        ^
      33 | 				}
      34 | 				console.info(`Executed successfully: ${stdout}`);
      35 | 				resolve(stdout);

      at src/core/charms-sdk.ts:32:14

  console.info
    Executed successfully:

      at src/core/charms-sdk.ts:34:13

  console.log
    !!! 1 {
      spendable: true,
      value: 156250000,
      txid: 'a00a647cbb80a2d8bfdcf28f3a2ddfc4b9486606d9ec788ffb7cfdfd67a5d0ae',
      vout: 0
    } undefined

      at src/core/spells.ts:216:12

  console.info
    Executing command: /Users/gadiguy/workspace/charms/target/release/charms tx show-spell --tx 020000000001010000000000000000000000000000000000000000000000000000000000000000ffffffff0402180300ffffffff02902f500900000000160014df2907ba1c43324bcddd8f295bb3d2d09dd62c290000000000000000266a24aa21a9ede2f61c3f71d1defd3fa999dfa36953755c690689799962b48bebd836974e8cf90120000000000000000000000000000000000000000000000000000000000000000000000000

      at src/core/charms-sdk.ts:16:11

  console.error
    Stderr: No spell found in the transaction

      30 | 				}
      31 | 				if (stderr) {
    > 32 | 					console.error(`Stderr: ${stderr}`);
         | 					        ^
      33 | 				}
      34 | 				console.info(`Executed successfully: ${stdout}`);
      35 | 				resolve(stdout);

      at src/core/charms-sdk.ts:32:14

  console.info
    Executed successfully:

      at src/core/charms-sdk.ts:34:13

  console.log
    !!! 1 {
      spendable: true,
      value: 156250000,
      txid: 'd061c3279428709a9170455b18c6e864ab4402e78261eb37ecb8e01a5a39e452',
      vout: 0
    } undefined

      at src/core/spells.ts:216:12

  console.info
    Executing command: /Users/gadiguy/workspace/charms/target/release/charms tx show-spell --tx 020000000001010000000000000000000000000000000000000000000000000000000000000000ffffffff0402ba0300ffffffff02c817a80400000000160014b3455ce530ba44de213c9a78c2d662785143c5f40000000000000000266a24aa21a9ede2f61c3f71d1defd3fa999dfa36953755c690689799962b48bebd836974e8cf90120000000000000000000000000000000000000000000000000000000000000000000000000

      at src/core/charms-sdk.ts:16:11

  console.error
    Stderr: No spell found in the transaction

      30 | 				}
      31 | 				if (stderr) {
    > 32 | 					console.error(`Stderr: ${stderr}`);
         | 					        ^
      33 | 				}
      34 | 				console.info(`Executed successfully: ${stdout}`);
      35 | 				resolve(stdout);

      at src/core/charms-sdk.ts:32:14

  console.info
    Executed successfully:

      at src/core/charms-sdk.ts:34:13

  console.log
    !!! 1 {
      spendable: true,
      value: 78125000,
      txid: '1cf278993870290437a6d2194bc0f92db29e93e60164e28719602b8469e655b1',
      vout: 0
    } undefined

      at src/core/spells.ts:216:12

  console.info
    Executing command: /Users/gadiguy/workspace/charms/target/release/charms tx show-spell --tx 020000000001010000000000000000000000000000000000000000000000000000000000000000ffffffff0402160300ffffffff02902f500900000000160014df2907ba1c43324bcddd8f295bb3d2d09dd62c290000000000000000266a24aa21a9ede2f61c3f71d1defd3fa999dfa36953755c690689799962b48bebd836974e8cf90120000000000000000000000000000000000000000000000000000000000000000000000000

      at src/core/charms-sdk.ts:16:11

  console.error
    Stderr: No spell found in the transaction

      30 | 				}
      31 | 				if (stderr) {
    > 32 | 					console.error(`Stderr: ${stderr}`);
         | 					        ^
      33 | 				}
      34 | 				console.info(`Executed successfully: ${stdout}`);
      35 | 				resolve(stdout);

      at src/core/charms-sdk.ts:32:14

  console.info
    Executed successfully:

      at src/core/charms-sdk.ts:34:13

  console.log
    !!! 1 {
      spendable: true,
      value: 156250000,
      txid: '952e7c2c33edcfd2606da753b8bac45c0d04c738bfeaa6757b9f543b5066920e',
      vout: 0
    } undefined

      at src/core/spells.ts:216:12

  console.info
    Executing command: /Users/gadiguy/workspace/charms/target/release/charms tx show-spell --tx 020000000001010000000000000000000000000000000000000000000000000000000000000000ffffffff0402610400ffffffff02e40b540200000000160014c699b99a00cc336f2cd3615b2361af367128c86a0000000000000000266a24aa21a9ede2f61c3f71d1defd3fa999dfa36953755c690689799962b48bebd836974e8cf90120000000000000000000000000000000000000000000000000000000000000000000000000

      at src/core/charms-sdk.ts:16:11

  console.error
    Stderr: No spell found in the transaction

      30 | 				}
      31 | 				if (stderr) {
    > 32 | 					console.error(`Stderr: ${stderr}`);
         | 					        ^
      33 | 				}
      34 | 				console.info(`Executed successfully: ${stdout}`);
      35 | 				resolve(stdout);

      at src/core/charms-sdk.ts:32:14

  console.info
    Executed successfully:

      at src/core/charms-sdk.ts:34:13

  console.log
    !!! 1 {
      spendable: true,
      value: 39062500,
      txid: 'b4ebd56c9c4256f54b7a5a273810d1d06da190e3ab17195d82f50d67abdf4628',
      vout: 0
    } undefined

      at src/core/spells.ts:216:12

  console.info
    Executing command: /Users/gadiguy/workspace/charms/target/release/charms tx show-spell --tx 020000000001010000000000000000000000000000000000000000000000000000000000000000ffffffff0402150300ffffffff02902f500900000000160014df2907ba1c43324bcddd8f295bb3d2d09dd62c290000000000000000266a24aa21a9ede2f61c3f71d1defd3fa999dfa36953755c690689799962b48bebd836974e8cf90120000000000000000000000000000000000000000000000000000000000000000000000000

      at src/core/charms-sdk.ts:16:11

  console.error
    Stderr: No spell found in the transaction

      30 | 				}
      31 | 				if (stderr) {
    > 32 | 					console.error(`Stderr: ${stderr}`);
         | 					        ^
      33 | 				}
      34 | 				console.info(`Executed successfully: ${stdout}`);
      35 | 				resolve(stdout);

      at src/core/charms-sdk.ts:32:14

  console.info
    Executed successfully:

      at src/core/charms-sdk.ts:34:13

  console.log
    !!! 1 {
      spendable: true,
      value: 156250000,
      txid: 'be47a6a8d226308edba0a19d8d9eb26b807f88d86117449432cce3faff7c6b43',
      vout: 0
    } undefined

      at src/core/spells.ts:216:12

  console.info
    Executing command: /Users/gadiguy/workspace/charms/target/release/charms tx show-spell --tx 020000000001010000000000000000000000000000000000000000000000000000000000000000ffffffff04022a0400ffffffff02e40b540200000000160014c699b99a00cc336f2cd3615b2361af367128c86a0000000000000000266a24aa21a9ede2f61c3f71d1defd3fa999dfa36953755c690689799962b48bebd836974e8cf90120000000000000000000000000000000000000000000000000000000000000000000000000

      at src/core/charms-sdk.ts:16:11

  console.error
    Stderr: No spell found in the transaction

      30 | 				}
      31 | 				if (stderr) {
    > 32 | 					console.error(`Stderr: ${stderr}`);
         | 					        ^
      33 | 				}
      34 | 				console.info(`Executed successfully: ${stdout}`);
      35 | 				resolve(stdout);

      at src/core/charms-sdk.ts:32:14

  console.info
    Executed successfully:

      at src/core/charms-sdk.ts:34:13

  console.log
    !!! 1 {
      spendable: true,
      value: 39062500,
      txid: '02cca730454d87cdb5647b91fdd8cb7a90d1399bf91f0bfdd2eb03dd31dcdbfb',
      vout: 0
    } undefined

      at src/core/spells.ts:216:12

  console.info
    Executing command: /Users/gadiguy/workspace/charms/target/release/charms tx show-spell --tx 020000000001010000000000000000000000000000000000000000000000000000000000000000ffffffff0402140300ffffffff02902f500900000000160014df2907ba1c43324bcddd8f295bb3d2d09dd62c290000000000000000266a24aa21a9ede2f61c3f71d1defd3fa999dfa36953755c690689799962b48bebd836974e8cf90120000000000000000000000000000000000000000000000000000000000000000000000000

      at src/core/charms-sdk.ts:16:11

  console.error
    Stderr: No spell found in the transaction

      30 | 				}
      31 | 				if (stderr) {
    > 32 | 					console.error(`Stderr: ${stderr}`);
         | 					        ^
      33 | 				}
      34 | 				console.info(`Executed successfully: ${stdout}`);
      35 | 				resolve(stdout);

      at src/core/charms-sdk.ts:32:14

  console.info
    Executed successfully:

      at src/core/charms-sdk.ts:34:13

  console.log
    !!! 1 {
      spendable: true,
      value: 156250000,
      txid: '2c8be3073b166ed1fd1d34b34f290df5716f4f7953552aa6f0a8b9d30aaa5512',
      vout: 0
    } undefined

      at src/core/spells.ts:216:12

  console.info
    Executing command: /Users/gadiguy/workspace/charms/target/release/charms tx show-spell --tx 020000000001010000000000000000000000000000000000000000000000000000000000000000ffffffff0402130300ffffffff02902f500900000000160014df2907ba1c43324bcddd8f295bb3d2d09dd62c290000000000000000266a24aa21a9ede2f61c3f71d1defd3fa999dfa36953755c690689799962b48bebd836974e8cf90120000000000000000000000000000000000000000000000000000000000000000000000000

      at src/core/charms-sdk.ts:16:11

  console.error
    Stderr: No spell found in the transaction

      30 | 				}
      31 | 				if (stderr) {
    > 32 | 					console.error(`Stderr: ${stderr}`);
         | 					        ^
      33 | 				}
      34 | 				console.info(`Executed successfully: ${stdout}`);
      35 | 				resolve(stdout);

      at src/core/charms-sdk.ts:32:14

  console.info
    Executed successfully:

      at src/core/charms-sdk.ts:34:13

  console.log
    !!! 1 {
      spendable: true,
      value: 156250000,
      txid: '5458b14444e49ca8bf28ef7f820da6332d9853bba96e4d62b588cc7607ba630d',
      vout: 0
    } undefined

      at src/core/spells.ts:216:12

  console.info
    Executing command: /Users/gadiguy/workspace/charms/target/release/charms tx show-spell --tx 020000000001010000000000000000000000000000000000000000000000000000000000000000ffffffff0402100300ffffffff02902f500900000000160014df2907ba1c43324bcddd8f295bb3d2d09dd62c290000000000000000266a24aa21a9ede2f61c3f71d1defd3fa999dfa36953755c690689799962b48bebd836974e8cf90120000000000000000000000000000000000000000000000000000000000000000000000000

      at src/core/charms-sdk.ts:16:11

  console.error
    Stderr: No spell found in the transaction

      30 | 				}
      31 | 				if (stderr) {
    > 32 | 					console.error(`Stderr: ${stderr}`);
         | 					        ^
      33 | 				}
      34 | 				console.info(`Executed successfully: ${stdout}`);
      35 | 				resolve(stdout);

      at src/core/charms-sdk.ts:32:14

  console.info
    Executed successfully:

      at src/core/charms-sdk.ts:34:13

  console.log
    !!! 1 {
      spendable: true,
      value: 156250000,
      txid: '0839ed05e7262b7d471fb3e8dfbf9bb50f5dff1170adc7ae8e0377d32eaa5cbd',
      vout: 0
    } undefined

      at src/core/spells.ts:216:12

  console.info
    Executing command: /Users/gadiguy/workspace/charms/target/release/charms tx show-spell --tx 020000000001010000000000000000000000000000000000000000000000000000000000000000ffffffff04020f0300ffffffff02902f500900000000160014df2907ba1c43324bcddd8f295bb3d2d09dd62c290000000000000000266a24aa21a9ede2f61c3f71d1defd3fa999dfa36953755c690689799962b48bebd836974e8cf90120000000000000000000000000000000000000000000000000000000000000000000000000

      at src/core/charms-sdk.ts:16:11

  console.error
    Stderr: No spell found in the transaction

      30 | 				}
      31 | 				if (stderr) {
    > 32 | 					console.error(`Stderr: ${stderr}`);
         | 					        ^
      33 | 				}
      34 | 				console.info(`Executed successfully: ${stdout}`);
      35 | 				resolve(stdout);

      at src/core/charms-sdk.ts:32:14

  console.info
    Executed successfully:

      at src/core/charms-sdk.ts:34:13

  console.log
    !!! 1 {
      spendable: true,
      value: 156250000,
      txid: '9d6cb2107882c5dc6093a3006feb974adb5984c0aaaae7c5025317d523d07ced',
      vout: 0
    } undefined

      at src/core/spells.ts:216:12

  console.info
    Executing command: /Users/gadiguy/workspace/charms/target/release/charms tx show-spell --tx 020000000001010000000000000000000000000000000000000000000000000000000000000000ffffffff04020c0300ffffffff02902f500900000000160014df2907ba1c43324bcddd8f295bb3d2d09dd62c290000000000000000266a24aa21a9ede2f61c3f71d1defd3fa999dfa36953755c690689799962b48bebd836974e8cf90120000000000000000000000000000000000000000000000000000000000000000000000000

      at src/core/charms-sdk.ts:16:11

  console.error
    Stderr: No spell found in the transaction

      30 | 				}
      31 | 				if (stderr) {
    > 32 | 					console.error(`Stderr: ${stderr}`);
         | 					        ^
      33 | 				}
      34 | 				console.info(`Executed successfully: ${stdout}`);
      35 | 				resolve(stdout);

      at src/core/charms-sdk.ts:32:14

  console.info
    Executed successfully:

      at src/core/charms-sdk.ts:34:13

  console.log
    !!! 1 {
      spendable: true,
      value: 156250000,
      txid: 'b7208849a897089af3057cb30d60d0f4d52e16677a388ed700119346213409f4',
      vout: 0
    } undefined

      at src/core/spells.ts:216:12

  console.info
    Executing command: /Users/gadiguy/workspace/charms/target/release/charms tx show-spell --tx 020000000001010000000000000000000000000000000000000000000000000000000000000000ffffffff04020b0300ffffffff02902f500900000000160014df2907ba1c43324bcddd8f295bb3d2d09dd62c290000000000000000266a24aa21a9ede2f61c3f71d1defd3fa999dfa36953755c690689799962b48bebd836974e8cf90120000000000000000000000000000000000000000000000000000000000000000000000000

      at src/core/charms-sdk.ts:16:11

  console.error
    Stderr: No spell found in the transaction

      30 | 				}
      31 | 				if (stderr) {
    > 32 | 					console.error(`Stderr: ${stderr}`);
         | 					        ^
      33 | 				}
      34 | 				console.info(`Executed successfully: ${stdout}`);
      35 | 				resolve(stdout);

      at src/core/charms-sdk.ts:32:14

  console.info
    Executed successfully:

      at src/core/charms-sdk.ts:34:13

  console.log
    !!! 1 {
      spendable: true,
      value: 156250000,
      txid: '78690d36c2228cc6d02f578e79dd9b47172fda176634c363baee5dda6364c3ed',
      vout: 0
    } undefined

      at src/core/spells.ts:216:12

  console.info
    Executing command: /Users/gadiguy/workspace/charms/target/release/charms tx show-spell --tx 020000000001010000000000000000000000000000000000000000000000000000000000000000ffffffff04020a0300ffffffff02902f500900000000160014df2907ba1c43324bcddd8f295bb3d2d09dd62c290000000000000000266a24aa21a9ede2f61c3f71d1defd3fa999dfa36953755c690689799962b48bebd836974e8cf90120000000000000000000000000000000000000000000000000000000000000000000000000

      at src/core/charms-sdk.ts:16:11

  console.error
    Stderr: No spell found in the transaction

      30 | 				}
      31 | 				if (stderr) {
    > 32 | 					console.error(`Stderr: ${stderr}`);
         | 					        ^
      33 | 				}
      34 | 				console.info(`Executed successfully: ${stdout}`);
      35 | 				resolve(stdout);

      at src/core/charms-sdk.ts:32:14

  console.info
    Executed successfully:

      at src/core/charms-sdk.ts:34:13

  console.log
    !!! 1 {
      spendable: true,
      value: 156250000,
      txid: '667bce5c9ab69bc4166690999bb82257cc991e04073a57e106e49799ed2b5874',
      vout: 0
    } undefined

      at src/core/spells.ts:216:12

  console.info
    Executing command: /Users/gadiguy/workspace/charms/target/release/charms tx show-spell --tx 020000000001010000000000000000000000000000000000000000000000000000000000000000ffffffff0402080300ffffffff02902f500900000000160014df2907ba1c43324bcddd8f295bb3d2d09dd62c290000000000000000266a24aa21a9ede2f61c3f71d1defd3fa999dfa36953755c690689799962b48bebd836974e8cf90120000000000000000000000000000000000000000000000000000000000000000000000000

      at src/core/charms-sdk.ts:16:11

  console.error
    Stderr: No spell found in the transaction

      30 | 				}
      31 | 				if (stderr) {
    > 32 | 					console.error(`Stderr: ${stderr}`);
         | 					        ^
      33 | 				}
      34 | 				console.info(`Executed successfully: ${stdout}`);
      35 | 				resolve(stdout);

      at src/core/charms-sdk.ts:32:14

  console.info
    Executed successfully:

      at src/core/charms-sdk.ts:34:13

  console.log
    !!! 1 {
      spendable: true,
      value: 156250000,
      txid: '8e6f2a43d1fe4e2b601fab72a01ee4031189199d4f5d336041db51b5cae3c90e',
      vout: 0
    } undefined

      at src/core/spells.ts:216:12

  console.info
    Executing command: /Users/gadiguy/workspace/charms/target/release/charms tx show-spell --tx 020000000001010000000000000000000000000000000000000000000000000000000000000000ffffffff0402070300ffffffff02902f500900000000160014df2907ba1c43324bcddd8f295bb3d2d09dd62c290000000000000000266a24aa21a9ede2f61c3f71d1defd3fa999dfa36953755c690689799962b48bebd836974e8cf90120000000000000000000000000000000000000000000000000000000000000000000000000

      at src/core/charms-sdk.ts:16:11

  console.error
    Stderr: No spell found in the transaction

      30 | 				}
      31 | 				if (stderr) {
    > 32 | 					console.error(`Stderr: ${stderr}`);
         | 					        ^
      33 | 				}
      34 | 				console.info(`Executed successfully: ${stdout}`);
      35 | 				resolve(stdout);

      at src/core/charms-sdk.ts:32:14

  console.info
    Executed successfully:

      at src/core/charms-sdk.ts:34:13

  console.log
    !!! 1 {
      spendable: true,
      value: 156250000,
      txid: '2dbb135ab678d75b1f1630adac1e8dcbb929e037c0aacedd3c3f6cd76a3ebecd',
      vout: 0
    } undefined

      at src/core/spells.ts:216:12

  console.info
    Executing command: /Users/gadiguy/workspace/charms/target/release/charms tx show-spell --tx 020000000001010000000000000000000000000000000000000000000000000000000000000000ffffffff0402050300ffffffff02902f500900000000160014df2907ba1c43324bcddd8f295bb3d2d09dd62c290000000000000000266a24aa21a9ede2f61c3f71d1defd3fa999dfa36953755c690689799962b48bebd836974e8cf90120000000000000000000000000000000000000000000000000000000000000000000000000

      at src/core/charms-sdk.ts:16:11

  console.error
    Stderr: No spell found in the transaction

      30 | 				}
      31 | 				if (stderr) {
    > 32 | 					console.error(`Stderr: ${stderr}`);
         | 					        ^
      33 | 				}
      34 | 				console.info(`Executed successfully: ${stdout}`);
      35 | 				resolve(stdout);

      at src/core/charms-sdk.ts:32:14

  console.info
    Executed successfully:

      at src/core/charms-sdk.ts:34:13

  console.log
    !!! 1 {
      spendable: true,
      value: 156250000,
      txid: 'f2620b3630636006c458e7f5bc7b571f9e3ae25d6e9f98acf9a84e8b785770bd',
      vout: 0
    } undefined

      at src/core/spells.ts:216:12

  console.info
    Executing command: /Users/gadiguy/workspace/charms/target/release/charms tx show-spell --tx 020000000001010000000000000000000000000000000000000000000000000000000000000000ffffffff0402040300ffffffff02902f500900000000160014df2907ba1c43324bcddd8f295bb3d2d09dd62c290000000000000000266a24aa21a9ede2f61c3f71d1defd3fa999dfa36953755c690689799962b48bebd836974e8cf90120000000000000000000000000000000000000000000000000000000000000000000000000

      at src/core/charms-sdk.ts:16:11

  console.error
    Stderr: No spell found in the transaction

      30 | 				}
      31 | 				if (stderr) {
    > 32 | 					console.error(`Stderr: ${stderr}`);
         | 					        ^
      33 | 				}
      34 | 				console.info(`Executed successfully: ${stdout}`);
      35 | 				resolve(stdout);

      at src/core/charms-sdk.ts:32:14

  console.info
    Executed successfully:

      at src/core/charms-sdk.ts:34:13

  console.log
    !!! 1 {
      spendable: true,
      value: 156250000,
      txid: '4588f2ebf4259513c337b52d7aafad140bb696b8c3fb31f80a1de15ae6404373',
      vout: 0
    } undefined

      at src/core/spells.ts:216:12

  console.info
    Executing command: /Users/gadiguy/workspace/charms/target/release/charms tx show-spell --tx 020000000001010000000000000000000000000000000000000000000000000000000000000000ffffffff0402010300ffffffff02902f500900000000160014df2907ba1c43324bcddd8f295bb3d2d09dd62c290000000000000000266a24aa21a9ede2f61c3f71d1defd3fa999dfa36953755c690689799962b48bebd836974e8cf90120000000000000000000000000000000000000000000000000000000000000000000000000

      at src/core/charms-sdk.ts:16:11

  console.error
    Stderr: No spell found in the transaction

      30 | 				}
      31 | 				if (stderr) {
    > 32 | 					console.error(`Stderr: ${stderr}`);
         | 					        ^
      33 | 				}
      34 | 				console.info(`Executed successfully: ${stdout}`);
      35 | 				resolve(stdout);

      at src/core/charms-sdk.ts:32:14

  console.info
    Executed successfully:

      at src/core/charms-sdk.ts:34:13

  console.log
    !!! 1 {
      spendable: true,
      value: 156250000,
      txid: '6bb027bfd816811f70cb571f08cfa06ce4c815ce54bd671a590c01b207281383',
      vout: 0
    } undefined

      at src/core/spells.ts:216:12

  console.info
    Executing command: /Users/gadiguy/workspace/charms/target/release/charms tx show-spell --tx 020000000001010000000000000000000000000000000000000000000000000000000000000000ffffffff0402000300ffffffff02902f500900000000160014df2907ba1c43324bcddd8f295bb3d2d09dd62c290000000000000000266a24aa21a9ede2f61c3f71d1defd3fa999dfa36953755c690689799962b48bebd836974e8cf90120000000000000000000000000000000000000000000000000000000000000000000000000

      at src/core/charms-sdk.ts:16:11

  console.error
    Stderr: No spell found in the transaction

      30 | 				}
      31 | 				if (stderr) {
    > 32 | 					console.error(`Stderr: ${stderr}`);
         | 					        ^
      33 | 				}
      34 | 				console.info(`Executed successfully: ${stdout}`);
      35 | 				resolve(stdout);

      at src/core/charms-sdk.ts:32:14

  console.info
    Executed successfully:

      at src/core/charms-sdk.ts:34:13

  console.log
    !!! 1 {
      spendable: true,
      value: 156250000,
      txid: '2b799d3ce1ddf1a31ed07472117d9b1af08d1235a94591a42f4a8ac2ce4c1452',
      vout: 0
    } undefined

      at src/core/spells.ts:216:12

  console.info
    Executing command: /Users/gadiguy/workspace/charms/target/release/charms tx show-spell --tx 020000000001010000000000000000000000000000000000000000000000000000000000000000ffffffff0402ff0200ffffffff02902f500900000000160014df2907ba1c43324bcddd8f295bb3d2d09dd62c290000000000000000266a24aa21a9ede2f61c3f71d1defd3fa999dfa36953755c690689799962b48bebd836974e8cf90120000000000000000000000000000000000000000000000000000000000000000000000000

      at src/core/charms-sdk.ts:16:11

  console.error
    Stderr: No spell found in the transaction

      30 | 				}
      31 | 				if (stderr) {
    > 32 | 					console.error(`Stderr: ${stderr}`);
         | 					        ^
      33 | 				}
      34 | 				console.info(`Executed successfully: ${stdout}`);
      35 | 				resolve(stdout);

      at src/core/charms-sdk.ts:32:14

  console.info
    Executed successfully:

      at src/core/charms-sdk.ts:34:13

  console.log
    !!! 1 {
      spendable: true,
      value: 156250000,
      txid: '36fbc099df2e2372eca7efea9aaf86bd592a1ffbfc633a0e18d850fef70aad70',
      vout: 0
    } undefined

      at src/core/spells.ts:216:12

  console.info
    Executing command: /Users/gadiguy/workspace/charms/target/release/charms tx show-spell --tx 020000000001010000000000000000000000000000000000000000000000000000000000000000ffffffff0402fe0200ffffffff02902f500900000000160014df2907ba1c43324bcddd8f295bb3d2d09dd62c290000000000000000266a24aa21a9ede2f61c3f71d1defd3fa999dfa36953755c690689799962b48bebd836974e8cf90120000000000000000000000000000000000000000000000000000000000000000000000000

      at src/core/charms-sdk.ts:16:11

  console.error
    Stderr: No spell found in the transaction

      30 | 				}
      31 | 				if (stderr) {
    > 32 | 					console.error(`Stderr: ${stderr}`);
         | 					        ^
      33 | 				}
      34 | 				console.info(`Executed successfully: ${stdout}`);
      35 | 				resolve(stdout);

      at src/core/charms-sdk.ts:32:14

  console.info
    Executed successfully:

      at src/core/charms-sdk.ts:34:13

  console.log
    !!! 1 {
      spendable: true,
      value: 156250000,
      txid: 'af0f85443590a78359ecd23e8c10dbc6e87c4bc8081c22869f30bca9ab8f529e',
      vout: 0
    } undefined

      at src/core/spells.ts:216:12

  console.info
    Executing command: /Users/gadiguy/workspace/charms/target/release/charms tx show-spell --tx 020000000001010000000000000000000000000000000000000000000000000000000000000000ffffffff0402fd0200ffffffff02902f500900000000160014df2907ba1c43324bcddd8f295bb3d2d09dd62c290000000000000000266a24aa21a9ede2f61c3f71d1defd3fa999dfa36953755c690689799962b48bebd836974e8cf90120000000000000000000000000000000000000000000000000000000000000000000000000

      at src/core/charms-sdk.ts:16:11

  console.error
    Stderr: No spell found in the transaction

      30 | 				}
      31 | 				if (stderr) {
    > 32 | 					console.error(`Stderr: ${stderr}`);
         | 					        ^
      33 | 				}
      34 | 				console.info(`Executed successfully: ${stdout}`);
      35 | 				resolve(stdout);

      at src/core/charms-sdk.ts:32:14

  console.info
    Executed successfully:

      at src/core/charms-sdk.ts:34:13

  console.log
    !!! 1 {
      spendable: true,
      value: 156250000,
      txid: 'ce831e4d2bcc52d8842aae1c48fe256422e887188a6c80743dada0cbc4d40b26',
      vout: 0
    } undefined

      at src/core/spells.ts:216:12

  console.info
    Executing command: /Users/gadiguy/workspace/charms/target/release/charms tx show-spell --tx 020000000001010000000000000000000000000000000000000000000000000000000000000000ffffffff0402fa0200ffffffff02902f500900000000160014df2907ba1c43324bcddd8f295bb3d2d09dd62c290000000000000000266a24aa21a9ede2f61c3f71d1defd3fa999dfa36953755c690689799962b48bebd836974e8cf90120000000000000000000000000000000000000000000000000000000000000000000000000

      at src/core/charms-sdk.ts:16:11

  console.error
    Stderr: No spell found in the transaction

      30 | 				}
      31 | 				if (stderr) {
    > 32 | 					console.error(`Stderr: ${stderr}`);
         | 					        ^
      33 | 				}
      34 | 				console.info(`Executed successfully: ${stdout}`);
      35 | 				resolve(stdout);

      at src/core/charms-sdk.ts:32:14

  console.info
    Executed successfully:

      at src/core/charms-sdk.ts:34:13

  console.log
    !!! 1 {
      spendable: true,
      value: 156250000,
      txid: '27175fe352b1775e9bb700d80e53fae16c7aa1193714cb3e6df5c48065b2066b',
      vout: 0
    } undefined

      at src/core/spells.ts:216:12

  console.info
    Executing command: /Users/gadiguy/workspace/charms/target/release/charms tx show-spell --tx 020000000001010000000000000000000000000000000000000000000000000000000000000000ffffffff0402f90200ffffffff02902f500900000000160014df2907ba1c43324bcddd8f295bb3d2d09dd62c290000000000000000266a24aa21a9ede2f61c3f71d1defd3fa999dfa36953755c690689799962b48bebd836974e8cf90120000000000000000000000000000000000000000000000000000000000000000000000000

      at src/core/charms-sdk.ts:16:11

  console.error
    Stderr: No spell found in the transaction

      30 | 				}
      31 | 				if (stderr) {
    > 32 | 					console.error(`Stderr: ${stderr}`);
         | 					        ^
      33 | 				}
      34 | 				console.info(`Executed successfully: ${stdout}`);
      35 | 				resolve(stdout);

      at src/core/charms-sdk.ts:32:14

  console.info
    Executed successfully:

      at src/core/charms-sdk.ts:34:13

  console.log
    !!! 1 {
      spendable: true,
      value: 156250000,
      txid: '054c27aded72dbbae3becff99b80ffd5b1760657cfa931a8e92ac9d2a87e3c5a',
      vout: 0
    } undefined

      at src/core/spells.ts:216:12

  console.info
    Executing command: /Users/gadiguy/workspace/charms/target/release/charms tx show-spell --tx 020000000001010000000000000000000000000000000000000000000000000000000000000000ffffffff0402f60200ffffffff02902f500900000000160014df2907ba1c43324bcddd8f295bb3d2d09dd62c290000000000000000266a24aa21a9ede2f61c3f71d1defd3fa999dfa36953755c690689799962b48bebd836974e8cf90120000000000000000000000000000000000000000000000000000000000000000000000000

      at src/core/charms-sdk.ts:16:11

  console.error
    Stderr: No spell found in the transaction

      30 | 				}
      31 | 				if (stderr) {
    > 32 | 					console.error(`Stderr: ${stderr}`);
         | 					        ^
      33 | 				}
      34 | 				console.info(`Executed successfully: ${stdout}`);
      35 | 				resolve(stdout);

      at src/core/charms-sdk.ts:32:14

  console.info
    Executed successfully:

      at src/core/charms-sdk.ts:34:13

  console.log
    !!! 1 {
      spendable: true,
      value: 156250000,
      txid: '05605406de0311007ec88320ab7394857aae1297beafdb139dc33cbd7a20a5ca',
      vout: 0
    } undefined

      at src/core/spells.ts:216:12

  console.info
    Executing command: /Users/gadiguy/workspace/charms/target/release/charms tx show-spell --tx 020000000001010000000000000000000000000000000000000000000000000000000000000000ffffffff0402f50200ffffffff02902f500900000000160014df2907ba1c43324bcddd8f295bb3d2d09dd62c290000000000000000266a24aa21a9ede2f61c3f71d1defd3fa999dfa36953755c690689799962b48bebd836974e8cf90120000000000000000000000000000000000000000000000000000000000000000000000000

      at src/core/charms-sdk.ts:16:11

  console.error
    Stderr: No spell found in the transaction

      30 | 				}
      31 | 				if (stderr) {
    > 32 | 					console.error(`Stderr: ${stderr}`);
         | 					        ^
      33 | 				}
      34 | 				console.info(`Executed successfully: ${stdout}`);
      35 | 				resolve(stdout);

      at src/core/charms-sdk.ts:32:14

  console.info
    Executed successfully:

      at src/core/charms-sdk.ts:34:13

  console.log
    !!! 1 {
      spendable: true,
      value: 156250000,
      txid: '8c3ad7b81d3940bd3976f0dc8ddfee56042e613a6500a40bcba085df617faf7e',
      vout: 0
    } undefined

      at src/core/spells.ts:216:12

  console.info
    Executing command: /Users/gadiguy/workspace/charms/target/release/charms tx show-spell --tx 020000000001010000000000000000000000000000000000000000000000000000000000000000ffffffff0402f40200ffffffff02902f500900000000160014df2907ba1c43324bcddd8f295bb3d2d09dd62c290000000000000000266a24aa21a9ede2f61c3f71d1defd3fa999dfa36953755c690689799962b48bebd836974e8cf90120000000000000000000000000000000000000000000000000000000000000000000000000

      at src/core/charms-sdk.ts:16:11

  console.error
    Stderr: No spell found in the transaction

      30 | 				}
      31 | 				if (stderr) {
    > 32 | 					console.error(`Stderr: ${stderr}`);
         | 					        ^
      33 | 				}
      34 | 				console.info(`Executed successfully: ${stdout}`);
      35 | 				resolve(stdout);

      at src/core/charms-sdk.ts:32:14

  console.info
    Executed successfully:

      at src/core/charms-sdk.ts:34:13

  console.log
    !!! 1 {
      spendable: true,
      value: 156250000,
      txid: '3cc8bf125b36869a06a50b556a578b9a3d58b0a86280fba82b26c58c17071710',
      vout: 0
    } undefined

      at src/core/spells.ts:216:12

  console.info
    Executing command: /Users/gadiguy/workspace/charms/target/release/charms tx show-spell --tx 020000000001010000000000000000000000000000000000000000000000000000000000000000ffffffff0402f30200ffffffff02902f500900000000160014df2907ba1c43324bcddd8f295bb3d2d09dd62c290000000000000000266a24aa21a9ede2f61c3f71d1defd3fa999dfa36953755c690689799962b48bebd836974e8cf90120000000000000000000000000000000000000000000000000000000000000000000000000

      at src/core/charms-sdk.ts:16:11

  console.error
    Stderr: No spell found in the transaction

      30 | 				}
      31 | 				if (stderr) {
    > 32 | 					console.error(`Stderr: ${stderr}`);
         | 					        ^
      33 | 				}
      34 | 				console.info(`Executed successfully: ${stdout}`);
      35 | 				resolve(stdout);

      at src/core/charms-sdk.ts:32:14

  console.info
    Executed successfully:

      at src/core/charms-sdk.ts:34:13

  console.log
    !!! 1 {
      spendable: true,
      value: 156250000,
      txid: 'f51ed98790da76be1dfc0ce7a3714854db19bec9403b31c46b3f925c78504683',
      vout: 0
    } undefined

      at src/core/spells.ts:216:12

  console.info
    Executing command: /Users/gadiguy/workspace/charms/target/release/charms tx show-spell --tx 020000000001010000000000000000000000000000000000000000000000000000000000000000ffffffff0402f20200ffffffff02902f500900000000160014df2907ba1c43324bcddd8f295bb3d2d09dd62c290000000000000000266a24aa21a9ede2f61c3f71d1defd3fa999dfa36953755c690689799962b48bebd836974e8cf90120000000000000000000000000000000000000000000000000000000000000000000000000

      at src/core/charms-sdk.ts:16:11

  console.error
    Stderr: No spell found in the transaction

      30 | 				}
      31 | 				if (stderr) {
    > 32 | 					console.error(`Stderr: ${stderr}`);
         | 					        ^
      33 | 				}
      34 | 				console.info(`Executed successfully: ${stdout}`);
      35 | 				resolve(stdout);

      at src/core/charms-sdk.ts:32:14

  console.info
    Executed successfully:

      at src/core/charms-sdk.ts:34:13

  console.log
    !!! 1 {
      spendable: true,
      value: 156250000,
      txid: '4854b3ade7ace191446aa83d252bdd3f3bea9ceef08524d0f87ed43bc342a0ff',
      vout: 0
    } undefined

      at src/core/spells.ts:216:12

  console.info
    Executing command: /Users/gadiguy/workspace/charms/target/release/charms tx show-spell --tx 020000000001010000000000000000000000000000000000000000000000000000000000000000ffffffff0402f10200ffffffff02902f500900000000160014df2907ba1c43324bcddd8f295bb3d2d09dd62c290000000000000000266a24aa21a9ede2f61c3f71d1defd3fa999dfa36953755c690689799962b48bebd836974e8cf90120000000000000000000000000000000000000000000000000000000000000000000000000

      at src/core/charms-sdk.ts:16:11

  console.error
    Stderr: No spell found in the transaction

      30 | 				}
      31 | 				if (stderr) {
    > 32 | 					console.error(`Stderr: ${stderr}`);
         | 					        ^
      33 | 				}
      34 | 				console.info(`Executed successfully: ${stdout}`);
      35 | 				resolve(stdout);

      at src/core/charms-sdk.ts:32:14

  console.info
    Executed successfully:

      at src/core/charms-sdk.ts:34:13

  console.log
    !!! 1 {
      spendable: true,
      value: 156250000,
      txid: '5a04d003a4d56db55df419eb9602e842e06e970def919b6110fe0eebc35cb967',
      vout: 0
    } undefined

      at src/core/spells.ts:216:12

  console.info
    Executing command: /Users/gadiguy/workspace/charms/target/release/charms tx show-spell --tx 020000000001010000000000000000000000000000000000000000000000000000000000000000ffffffff0402f00200ffffffff02902f500900000000160014df2907ba1c43324bcddd8f295bb3d2d09dd62c290000000000000000266a24aa21a9ede2f61c3f71d1defd3fa999dfa36953755c690689799962b48bebd836974e8cf90120000000000000000000000000000000000000000000000000000000000000000000000000

      at src/core/charms-sdk.ts:16:11

  console.error
    Stderr: No spell found in the transaction

      30 | 				}
      31 | 				if (stderr) {
    > 32 | 					console.error(`Stderr: ${stderr}`);
         | 					        ^
      33 | 				}
      34 | 				console.info(`Executed successfully: ${stdout}`);
      35 | 				resolve(stdout);

      at src/core/charms-sdk.ts:32:14

  console.info
    Executed successfully:

      at src/core/charms-sdk.ts:34:13

  console.log
    !!! 1 {
      spendable: true,
      value: 156250000,
      txid: 'a138612f6dd19fbdced57dd224e32c8a86a773a0b1e5c473e40cdd8ecf6ddac1',
      vout: 0
    } undefined

      at src/core/spells.ts:216:12

  console.info
    Executing command: /Users/gadiguy/workspace/charms/target/release/charms tx show-spell --tx 020000000001010000000000000000000000000000000000000000000000000000000000000000ffffffff0402ee0200ffffffff02902f500900000000160014df2907ba1c43324bcddd8f295bb3d2d09dd62c290000000000000000266a24aa21a9ede2f61c3f71d1defd3fa999dfa36953755c690689799962b48bebd836974e8cf90120000000000000000000000000000000000000000000000000000000000000000000000000

      at src/core/charms-sdk.ts:16:11

  console.error
    Stderr: No spell found in the transaction

      30 | 				}
      31 | 				if (stderr) {
    > 32 | 					console.error(`Stderr: ${stderr}`);
         | 					        ^
      33 | 				}
      34 | 				console.info(`Executed successfully: ${stdout}`);
      35 | 				resolve(stdout);

      at src/core/charms-sdk.ts:32:14

  console.info
    Executed successfully:

      at src/core/charms-sdk.ts:34:13

  console.log
    !!! 1 {
      spendable: true,
      value: 156250000,
      txid: '73e1eb9de7fbf72a498c4e848f6688c2b2435f1776b6e4bda2241d109220e885',
      vout: 0
    } undefined

      at src/core/spells.ts:216:12

  console.info
    Executing command: /Users/gadiguy/workspace/charms/target/release/charms tx show-spell --tx 020000000001010000000000000000000000000000000000000000000000000000000000000000ffffffff0402ec0200ffffffff02205fa01200000000160014df2907ba1c43324bcddd8f295bb3d2d09dd62c290000000000000000266a24aa21a9ede2f61c3f71d1defd3fa999dfa36953755c690689799962b48bebd836974e8cf90120000000000000000000000000000000000000000000000000000000000000000000000000

      at src/core/charms-sdk.ts:16:11

  console.error
    Stderr: No spell found in the transaction

      30 | 				}
      31 | 				if (stderr) {
    > 32 | 					console.error(`Stderr: ${stderr}`);
         | 					        ^
      33 | 				}
      34 | 				console.info(`Executed successfully: ${stdout}`);
      35 | 				resolve(stdout);

      at src/core/charms-sdk.ts:32:14

  console.info
    Executed successfully:

      at src/core/charms-sdk.ts:34:13

  console.log
    !!! 1 {
      spendable: true,
      value: 312500000,
      txid: '08c36800281bb13c76902b7335b7ca0c47c57b3072fdc074de08afa572629bda',
      vout: 0
    } undefined

      at src/core/spells.ts:216:12

  console.info
    Executing command: /Users/gadiguy/workspace/charms/target/release/charms tx show-spell --tx 020000000001010000000000000000000000000000000000000000000000000000000000000000ffffffff0402160400ffffffff02c817a80400000000160014c699b99a00cc336f2cd3615b2361af367128c86a0000000000000000266a24aa21a9ede2f61c3f71d1defd3fa999dfa36953755c690689799962b48bebd836974e8cf90120000000000000000000000000000000000000000000000000000000000000000000000000

      at src/core/charms-sdk.ts:16:11

  console.error
    Stderr: No spell found in the transaction

      30 | 				}
      31 | 				if (stderr) {
    > 32 | 					console.error(`Stderr: ${stderr}`);
         | 					        ^
      33 | 				}
      34 | 				console.info(`Executed successfully: ${stdout}`);
      35 | 				resolve(stdout);

      at src/core/charms-sdk.ts:32:14

  console.info
    Executed successfully:

      at src/core/charms-sdk.ts:34:13

  console.log
    !!! 1 {
      spendable: true,
      value: 78125000,
      txid: 'e2f5fd4e31b763d002b3842258eed90cb5bd62bc1f10fae0cdd1ef8cb85cbb06',
      vout: 0
    } undefined

      at src/core/spells.ts:216:12

  console.info
    Executing command: /Users/gadiguy/workspace/charms/target/release/charms tx show-spell --tx 020000000001010000000000000000000000000000000000000000000000000000000000000000ffffffff0402eb0200ffffffff02205fa01200000000160014df2907ba1c43324bcddd8f295bb3d2d09dd62c290000000000000000266a24aa21a9ede2f61c3f71d1defd3fa999dfa36953755c690689799962b48bebd836974e8cf90120000000000000000000000000000000000000000000000000000000000000000000000000

      at src/core/charms-sdk.ts:16:11

  console.error
    Stderr: No spell found in the transaction

      30 | 				}
      31 | 				if (stderr) {
    > 32 | 					console.error(`Stderr: ${stderr}`);
         | 					        ^
      33 | 				}
      34 | 				console.info(`Executed successfully: ${stdout}`);
      35 | 				resolve(stdout);

      at src/core/charms-sdk.ts:32:14

  console.info
    Executed successfully:

      at src/core/charms-sdk.ts:34:13

  console.log
    !!! 1 {
      spendable: true,
      value: 312500000,
      txid: 'd0d84e9b2f0c1c8c9a384609f103cd90ec323403ce326cc0fc2569cfcedfadb1',
      vout: 0
    } undefined

      at src/core/spells.ts:216:12

  console.info
    Executing command: /Users/gadiguy/workspace/charms/target/release/charms tx show-spell --tx 020000000001010000000000000000000000000000000000000000000000000000000000000000ffffffff0402e80200ffffffff02205fa01200000000160014df2907ba1c43324bcddd8f295bb3d2d09dd62c290000000000000000266a24aa21a9ede2f61c3f71d1defd3fa999dfa36953755c690689799962b48bebd836974e8cf90120000000000000000000000000000000000000000000000000000000000000000000000000

      at src/core/charms-sdk.ts:16:11

  console.error
    Stderr: No spell found in the transaction

      30 | 				}
      31 | 				if (stderr) {
    > 32 | 					console.error(`Stderr: ${stderr}`);
         | 					        ^
      33 | 				}
      34 | 				console.info(`Executed successfully: ${stdout}`);
      35 | 				resolve(stdout);

      at src/core/charms-sdk.ts:32:14

  console.info
    Executed successfully:

      at src/core/charms-sdk.ts:34:13

  console.log
    !!! 1 {
      spendable: true,
      value: 312500000,
      txid: '11044b88090276fc6e109dc04ccd8fe571c77304a9d8361956a24af7fc698af2',
      vout: 0
    } undefined

      at src/core/spells.ts:216:12

  console.info
    Executing command: /Users/gadiguy/workspace/charms/target/release/charms tx show-spell --tx 020000000001010000000000000000000000000000000000000000000000000000000000000000ffffffff0402e70200ffffffff02205fa01200000000160014df2907ba1c43324bcddd8f295bb3d2d09dd62c290000000000000000266a24aa21a9ede2f61c3f71d1defd3fa999dfa36953755c690689799962b48bebd836974e8cf90120000000000000000000000000000000000000000000000000000000000000000000000000

      at src/core/charms-sdk.ts:16:11

  console.error
    Stderr: No spell found in the transaction

      30 | 				}
      31 | 				if (stderr) {
    > 32 | 					console.error(`Stderr: ${stderr}`);
         | 					        ^
      33 | 				}
      34 | 				console.info(`Executed successfully: ${stdout}`);
      35 | 				resolve(stdout);

      at src/core/charms-sdk.ts:32:14

  console.info
    Executed successfully:

      at src/core/charms-sdk.ts:34:13

  console.log
    !!! 1 {
      spendable: true,
      value: 312500000,
      txid: '2d93b62973633e6da2d9b1566df06e8ec262cf2abc657c81bdba0c0f2d71d494',
      vout: 0
    } undefined

      at src/core/spells.ts:216:12

  console.info
    Executing command: /Users/gadiguy/workspace/charms/target/release/charms tx show-spell --tx 020000000001010000000000000000000000000000000000000000000000000000000000000000ffffffff0402260300ffffffff02902f500900000000160014df2907ba1c43324bcddd8f295bb3d2d09dd62c290000000000000000266a24aa21a9ede2f61c3f71d1defd3fa999dfa36953755c690689799962b48bebd836974e8cf90120000000000000000000000000000000000000000000000000000000000000000000000000

      at src/core/charms-sdk.ts:16:11

  console.error
    Stderr: No spell found in the transaction

      30 | 				}
      31 | 				if (stderr) {
    > 32 | 					console.error(`Stderr: ${stderr}`);
         | 					        ^
      33 | 				}
      34 | 				console.info(`Executed successfully: ${stdout}`);
      35 | 				resolve(stdout);

      at src/core/charms-sdk.ts:32:14

  console.info
    Executed successfully:

      at src/core/charms-sdk.ts:34:13

  console.log
    !!! 1 {
      spendable: true,
      value: 156250000,
      txid: 'c8c41f7d2d83d62daf6adfd506c67413be2dacd46b7dbc175b84760aa1cbd393',
      vout: 0
    } undefined

      at src/core/spells.ts:216:12

  console.info
    Executing command: /Users/gadiguy/workspace/charms/target/release/charms tx show-spell --tx 020000000001010000000000000000000000000000000000000000000000000000000000000000ffffffff0402e60200ffffffff02205fa01200000000160014df2907ba1c43324bcddd8f295bb3d2d09dd62c290000000000000000266a24aa21a9ede2f61c3f71d1defd3fa999dfa36953755c690689799962b48bebd836974e8cf90120000000000000000000000000000000000000000000000000000000000000000000000000

      at src/core/charms-sdk.ts:16:11

  console.error
    Stderr: No spell found in the transaction

      30 | 				}
      31 | 				if (stderr) {
    > 32 | 					console.error(`Stderr: ${stderr}`);
         | 					        ^
      33 | 				}
      34 | 				console.info(`Executed successfully: ${stdout}`);
      35 | 				resolve(stdout);

      at src/core/charms-sdk.ts:32:14

  console.info
    Executed successfully:

      at src/core/charms-sdk.ts:34:13

  console.log
    !!! 1 {
      spendable: true,
      value: 312500000,
      txid: 'c6e47e78c966d00a577116374a4a4b340abea588a7460ca3e360d7d7bbab5726',
      vout: 0
    } undefined

      at src/core/spells.ts:216:12

  console.info
    Executing command: /Users/gadiguy/workspace/charms/target/release/charms tx show-spell --tx 020000000001010000000000000000000000000000000000000000000000000000000000000000ffffffff0402b00300ffffffff02c817a80400000000160014b3455ce530ba44de213c9a78c2d662785143c5f40000000000000000266a24aa21a9ede2f61c3f71d1defd3fa999dfa36953755c690689799962b48bebd836974e8cf90120000000000000000000000000000000000000000000000000000000000000000000000000

      at src/core/charms-sdk.ts:16:11

  console.error
    Stderr: No spell found in the transaction

      30 | 				}
      31 | 				if (stderr) {
    > 32 | 					console.error(`Stderr: ${stderr}`);
         | 					        ^
      33 | 				}
      34 | 				console.info(`Executed successfully: ${stdout}`);
      35 | 				resolve(stdout);

      at src/core/charms-sdk.ts:32:14

  console.info
    Executed successfully:

      at src/core/charms-sdk.ts:34:13

  console.log
    !!! 1 {
      spendable: true,
      value: 78125000,
      txid: '9272265982446684a540fd8fd5d15991c97ae32c503e8a6200ca929fdeaafb13',
      vout: 0
    } undefined

      at src/core/spells.ts:216:12

  console.info
    Executing command: /Users/gadiguy/workspace/charms/target/release/charms tx show-spell --tx 020000000001010000000000000000000000000000000000000000000000000000000000000000ffffffff0402e40200ffffffff02205fa01200000000160014df2907ba1c43324bcddd8f295bb3d2d09dd62c290000000000000000266a24aa21a9ede2f61c3f71d1defd3fa999dfa36953755c690689799962b48bebd836974e8cf90120000000000000000000000000000000000000000000000000000000000000000000000000

      at src/core/charms-sdk.ts:16:11

  console.error
    Stderr: No spell found in the transaction

      30 | 				}
      31 | 				if (stderr) {
    > 32 | 					console.error(`Stderr: ${stderr}`);
         | 					        ^
      33 | 				}
      34 | 				console.info(`Executed successfully: ${stdout}`);
      35 | 				resolve(stdout);

      at src/core/charms-sdk.ts:32:14

  console.info
    Executed successfully:

      at src/core/charms-sdk.ts:34:13

  console.log
    !!! 1 {
      spendable: true,
      value: 312500000,
      txid: 'd44ce000e0d83b37f2ace35b0e664a7e8e8a6c43190ce187f673ddfc7b7f1aaa',
      vout: 0
    } undefined

      at src/core/spells.ts:216:12

  console.info
    Executing command: /Users/gadiguy/workspace/charms/target/release/charms tx show-spell --tx 020000000001010000000000000000000000000000000000000000000000000000000000000000ffffffff0402e30200ffffffff02205fa01200000000160014df2907ba1c43324bcddd8f295bb3d2d09dd62c290000000000000000266a24aa21a9ede2f61c3f71d1defd3fa999dfa36953755c690689799962b48bebd836974e8cf90120000000000000000000000000000000000000000000000000000000000000000000000000

      at src/core/charms-sdk.ts:16:11

  console.error
    Stderr: No spell found in the transaction

      30 | 				}
      31 | 				if (stderr) {
    > 32 | 					console.error(`Stderr: ${stderr}`);
         | 					        ^
      33 | 				}
      34 | 				console.info(`Executed successfully: ${stdout}`);
      35 | 				resolve(stdout);

      at src/core/charms-sdk.ts:32:14

  console.info
    Executed successfully:

      at src/core/charms-sdk.ts:34:13

  console.log
    !!! 1 {
      spendable: true,
      value: 312500000,
      txid: 'cd31d384065764285b870e3c595700d525a51f5351d7bd07344cff995b75d9f7',
      vout: 0
    } undefined

      at src/core/spells.ts:216:12

  console.info
    Executing command: /Users/gadiguy/workspace/charms/target/release/charms tx show-spell --tx 020000000001010000000000000000000000000000000000000000000000000000000000000000ffffffff0402f80300ffffffff02c817a80400000000160014b3455ce530ba44de213c9a78c2d662785143c5f40000000000000000266a24aa21a9ede2f61c3f71d1defd3fa999dfa36953755c690689799962b48bebd836974e8cf90120000000000000000000000000000000000000000000000000000000000000000000000000

      at src/core/charms-sdk.ts:16:11

  console.error
    Stderr: No spell found in the transaction

      30 | 				}
      31 | 				if (stderr) {
    > 32 | 					console.error(`Stderr: ${stderr}`);
         | 					        ^
      33 | 				}
      34 | 				console.info(`Executed successfully: ${stdout}`);
      35 | 				resolve(stdout);

      at src/core/charms-sdk.ts:32:14

  console.info
    Executed successfully:

      at src/core/charms-sdk.ts:34:13

  console.log
    !!! 1 {
      spendable: true,
      value: 78125000,
      txid: 'affda90345981724891ca866585f3210eacf462c7e43e254eec48f93b0c824a1',
      vout: 0
    } undefined

      at src/core/spells.ts:216:12

  console.info
    Executing command: /Users/gadiguy/workspace/charms/target/release/charms tx show-spell --tx 020000000001010000000000000000000000000000000000000000000000000000000000000000ffffffff0402910300ffffffff02c817a804000000001600147ee0b7b0a06b1715257f82da01a3a4daa7a6aa780000000000000000266a24aa21a9ede2f61c3f71d1defd3fa999dfa36953755c690689799962b48bebd836974e8cf90120000000000000000000000000000000000000000000000000000000000000000000000000

      at src/core/charms-sdk.ts:16:11

  console.error
    Stderr: No spell found in the transaction

      30 | 				}
      31 | 				if (stderr) {
    > 32 | 					console.error(`Stderr: ${stderr}`);
         | 					        ^
      33 | 				}
      34 | 				console.info(`Executed successfully: ${stdout}`);
      35 | 				resolve(stdout);

      at src/core/charms-sdk.ts:32:14

  console.info
    Executed successfully:

      at src/core/charms-sdk.ts:34:13

  console.log
    !!! 1 {
      spendable: true,
      value: 78125000,
      txid: '29cab56b371e33e8e5e19b5481ba200c05c827a3ac4fd477538074abe8d61015',
      vout: 0
    } undefined

      at src/core/spells.ts:216:12

  console.info
    Executing command: /Users/gadiguy/workspace/charms/target/release/charms tx show-spell --tx 020000000001010000000000000000000000000000000000000000000000000000000000000000ffffffff0402e00200ffffffff02205fa01200000000160014df2907ba1c43324bcddd8f295bb3d2d09dd62c290000000000000000266a24aa21a9ede2f61c3f71d1defd3fa999dfa36953755c690689799962b48bebd836974e8cf90120000000000000000000000000000000000000000000000000000000000000000000000000

      at src/core/charms-sdk.ts:16:11

  console.error
    Stderr: No spell found in the transaction

      30 | 				}
      31 | 				if (stderr) {
    > 32 | 					console.error(`Stderr: ${stderr}`);
         | 					        ^
      33 | 				}
      34 | 				console.info(`Executed successfully: ${stdout}`);
      35 | 				resolve(stdout);

      at src/core/charms-sdk.ts:32:14

  console.info
    Executed successfully:

      at src/core/charms-sdk.ts:34:13

  console.log
    !!! 1 {
      spendable: true,
      value: 312500000,
      txid: '9ca78a42a504a0b5959442f89ecec7c087a831e0f1e2892b1e3f304b15665288',
      vout: 0
    } undefined

      at src/core/spells.ts:216:12

  console.info
    Executing command: /Users/gadiguy/workspace/charms/target/release/charms tx show-spell --tx 020000000001010000000000000000000000000000000000000000000000000000000000000000ffffffff0402520300ffffffff02902f5009000000001600147ee0b7b0a06b1715257f82da01a3a4daa7a6aa780000000000000000266a24aa21a9ede2f61c3f71d1defd3fa999dfa36953755c690689799962b48bebd836974e8cf90120000000000000000000000000000000000000000000000000000000000000000000000000

      at src/core/charms-sdk.ts:16:11

  console.error
    Stderr: No spell found in the transaction

      30 | 				}
      31 | 				if (stderr) {
    > 32 | 					console.error(`Stderr: ${stderr}`);
         | 					        ^
      33 | 				}
      34 | 				console.info(`Executed successfully: ${stdout}`);
      35 | 				resolve(stdout);

      at src/core/charms-sdk.ts:32:14

  console.info
    Executed successfully:

      at src/core/charms-sdk.ts:34:13

  console.log
    !!! 1 {
      spendable: true,
      value: 156250000,
      txid: '0ccf04446ad25c302bdfd898086d68de7c33512670eca9f41a0bf01836a93970',
      vout: 0
    } undefined

      at src/core/spells.ts:216:12

  console.info
    Executing command: /Users/gadiguy/workspace/charms/target/release/charms tx show-spell --tx 020000000001010000000000000000000000000000000000000000000000000000000000000000ffffffff0402e00300ffffffff02c817a80400000000160014b3455ce530ba44de213c9a78c2d662785143c5f40000000000000000266a24aa21a9ede2f61c3f71d1defd3fa999dfa36953755c690689799962b48bebd836974e8cf90120000000000000000000000000000000000000000000000000000000000000000000000000

      at src/core/charms-sdk.ts:16:11

  console.error
    Stderr: No spell found in the transaction

      30 | 				}
      31 | 				if (stderr) {
    > 32 | 					console.error(`Stderr: ${stderr}`);
         | 					        ^
      33 | 				}
      34 | 				console.info(`Executed successfully: ${stdout}`);
      35 | 				resolve(stdout);

      at src/core/charms-sdk.ts:32:14

  console.info
    Executed successfully:

      at src/core/charms-sdk.ts:34:13

  console.log
    !!! 1 {
      spendable: true,
      value: 78125000,
      txid: '54abfe81f18f52b5721c40c259935060a54106edf320d8ad3b20d16633abe9f7',
      vout: 0
    } undefined

      at src/core/spells.ts:216:12

  console.info
    Executing command: /Users/gadiguy/workspace/charms/target/release/charms tx show-spell --tx 020000000001010000000000000000000000000000000000000000000000000000000000000000ffffffff04026c0300ffffffff02902f5009000000001600147ee0b7b0a06b1715257f82da01a3a4daa7a6aa780000000000000000266a24aa21a9ede2f61c3f71d1defd3fa999dfa36953755c690689799962b48bebd836974e8cf90120000000000000000000000000000000000000000000000000000000000000000000000000

      at src/core/charms-sdk.ts:16:11

  console.error
    Stderr: No spell found in the transaction

      30 | 				}
      31 | 				if (stderr) {
    > 32 | 					console.error(`Stderr: ${stderr}`);
         | 					        ^
      33 | 				}
      34 | 				console.info(`Executed successfully: ${stdout}`);
      35 | 				resolve(stdout);

      at src/core/charms-sdk.ts:32:14

  console.info
    Executed successfully:

      at src/core/charms-sdk.ts:34:13

  console.log
    !!! 1 {
      spendable: true,
      value: 156250000,
      txid: '57cc0c70027ce9f28a8a20baf07c346f5355c59c932176196eca4fbf1300ae0c',
      vout: 0
    } undefined

      at src/core/spells.ts:216:12

  console.info
    Executing command: /Users/gadiguy/workspace/charms/target/release/charms tx show-spell --tx 020000000001010000000000000000000000000000000000000000000000000000000000000000ffffffff0402e30300ffffffff02c817a80400000000160014b3455ce530ba44de213c9a78c2d662785143c5f40000000000000000266a24aa21a9ede2f61c3f71d1defd3fa999dfa36953755c690689799962b48bebd836974e8cf90120000000000000000000000000000000000000000000000000000000000000000000000000

      at src/core/charms-sdk.ts:16:11

  console.error
    Stderr: No spell found in the transaction

      30 | 				}
      31 | 				if (stderr) {
    > 32 | 					console.error(`Stderr: ${stderr}`);
         | 					        ^
      33 | 				}
      34 | 				console.info(`Executed successfully: ${stdout}`);
      35 | 				resolve(stdout);

      at src/core/charms-sdk.ts:32:14

  console.info
    Executed successfully:

      at src/core/charms-sdk.ts:34:13

  console.log
    !!! 1 {
      spendable: true,
      value: 78125000,
      txid: '3008f0824d59ac34f570a747aa8ad8f8bb0c0e134c9fc305c858b1a3fd04bc1a',
      vout: 0
    } undefined

      at src/core/spells.ts:216:12

  console.info
    Executing command: /Users/gadiguy/workspace/charms/target/release/charms tx show-spell --tx 020000000001010000000000000000000000000000000000000000000000000000000000000000ffffffff0402290400ffffffff02e40b540200000000160014c699b99a00cc336f2cd3615b2361af367128c86a0000000000000000266a24aa21a9ede2f61c3f71d1defd3fa999dfa36953755c690689799962b48bebd836974e8cf90120000000000000000000000000000000000000000000000000000000000000000000000000

      at src/core/charms-sdk.ts:16:11

  console.error
    Stderr: No spell found in the transaction

      30 | 				}
      31 | 				if (stderr) {
    > 32 | 					console.error(`Stderr: ${stderr}`);
         | 					        ^
      33 | 				}
      34 | 				console.info(`Executed successfully: ${stdout}`);
      35 | 				resolve(stdout);

      at src/core/charms-sdk.ts:32:14

  console.info
    Executed successfully:

      at src/core/charms-sdk.ts:34:13

  console.log
    !!! 1 {
      spendable: true,
      value: 39062500,
      txid: '507de93d07b430c90a942196cc9becb5462f90a76388e724fd29de5d12e0dfc2',
      vout: 0
    } undefined

      at src/core/spells.ts:216:12

  console.info
    Executing command: /Users/gadiguy/workspace/charms/target/release/charms tx show-spell --tx 020000000001010000000000000000000000000000000000000000000000000000000000000000ffffffff0402f70200ffffffff02902f500900000000160014df2907ba1c43324bcddd8f295bb3d2d09dd62c290000000000000000266a24aa21a9ede2f61c3f71d1defd3fa999dfa36953755c690689799962b48bebd836974e8cf90120000000000000000000000000000000000000000000000000000000000000000000000000

      at src/core/charms-sdk.ts:16:11

  console.error
    Stderr: No spell found in the transaction

      30 | 				}
      31 | 				if (stderr) {
    > 32 | 					console.error(`Stderr: ${stderr}`);
         | 					        ^
      33 | 				}
      34 | 				console.info(`Executed successfully: ${stdout}`);
      35 | 				resolve(stdout);

      at src/core/charms-sdk.ts:32:14

  console.info
    Executed successfully:

      at src/core/charms-sdk.ts:34:13

  console.log
    !!! 1 {
      spendable: true,
      value: 156250000,
      txid: '9674d1f58e10187ed0aa23e97d631e9e0d9b58ff869d08c3b43083132c309d0d',
      vout: 0
    } undefined

      at src/core/spells.ts:216:12

  console.info
    Executing command: /Users/gadiguy/workspace/charms/target/release/charms tx show-spell --tx 020000000001010000000000000000000000000000000000000000000000000000000000000000ffffffff0402de0200ffffffff02205fa01200000000160014be438a2710f608303168dfde261068040a60fb7a0000000000000000266a24aa21a9ede2f61c3f71d1defd3fa999dfa36953755c690689799962b48bebd836974e8cf90120000000000000000000000000000000000000000000000000000000000000000000000000

      at src/core/charms-sdk.ts:16:11

  console.error
    Stderr: No spell found in the transaction

      30 | 				}
      31 | 				if (stderr) {
    > 32 | 					console.error(`Stderr: ${stderr}`);
         | 					        ^
      33 | 				}
      34 | 				console.info(`Executed successfully: ${stdout}`);
      35 | 				resolve(stdout);

      at src/core/charms-sdk.ts:32:14

  console.info
    Executed successfully:

      at src/core/charms-sdk.ts:34:13

  console.log
    !!! 1 {
      spendable: true,
      value: 312500000,
      txid: 'c3e8cd5fc591c1dbdcbb9bd6934483319b3250cf3aa9dd32f36c6c74dbd45455',
      vout: 0
    } undefined

      at src/core/spells.ts:216:12

  console.info
    Executing command: /Users/gadiguy/workspace/charms/target/release/charms tx show-spell --tx 020000000001010000000000000000000000000000000000000000000000000000000000000000ffffffff0402dd0200ffffffff02205fa01200000000160014be438a2710f608303168dfde261068040a60fb7a0000000000000000266a24aa21a9ede2f61c3f71d1defd3fa999dfa36953755c690689799962b48bebd836974e8cf90120000000000000000000000000000000000000000000000000000000000000000000000000

      at src/core/charms-sdk.ts:16:11

  console.error
    Stderr: No spell found in the transaction

      30 | 				}
      31 | 				if (stderr) {
    > 32 | 					console.error(`Stderr: ${stderr}`);
         | 					        ^
      33 | 				}
      34 | 				console.info(`Executed successfully: ${stdout}`);
      35 | 				resolve(stdout);

      at src/core/charms-sdk.ts:32:14

  console.info
    Executed successfully:

      at src/core/charms-sdk.ts:34:13

  console.log
    !!! 1 {
      spendable: true,
      value: 312500000,
      txid: 'f20cbd8e791ebabbafb79567ad63582c31d0f5f3543384e05f91cf9751ff197a',
      vout: 0
    } undefined

      at src/core/spells.ts:216:12

  console.info
    Executing command: /Users/gadiguy/workspace/charms/target/release/charms tx show-spell --tx 020000000001010000000000000000000000000000000000000000000000000000000000000000ffffffff0402dc0200ffffffff02205fa01200000000160014be438a2710f608303168dfde261068040a60fb7a0000000000000000266a24aa21a9ede2f61c3f71d1defd3fa999dfa36953755c690689799962b48bebd836974e8cf90120000000000000000000000000000000000000000000000000000000000000000000000000

      at src/core/charms-sdk.ts:16:11

  console.error
    Stderr: No spell found in the transaction

      30 | 				}
      31 | 				if (stderr) {
    > 32 | 					console.error(`Stderr: ${stderr}`);
         | 					        ^
      33 | 				}
      34 | 				console.info(`Executed successfully: ${stdout}`);
      35 | 				resolve(stdout);

      at src/core/charms-sdk.ts:32:14

  console.info
    Executed successfully:

      at src/core/charms-sdk.ts:34:13

  console.log
    !!! 1 {
      spendable: true,
      value: 312500000,
      txid: '2ddeca7341830f1458543f9e3668938f9b38bccc7924b33b67ccc711b430b4c5',
      vout: 0
    } undefined

      at src/core/spells.ts:216:12

  console.info
    Executing command: /Users/gadiguy/workspace/charms/target/release/charms tx show-spell --tx 020000000001010000000000000000000000000000000000000000000000000000000000000000ffffffff0402db0200ffffffff02205fa01200000000160014be438a2710f608303168dfde261068040a60fb7a0000000000000000266a24aa21a9ede2f61c3f71d1defd3fa999dfa36953755c690689799962b48bebd836974e8cf90120000000000000000000000000000000000000000000000000000000000000000000000000

      at src/core/charms-sdk.ts:16:11

  console.error
    Stderr: No spell found in the transaction

      30 | 				}
      31 | 				if (stderr) {
    > 32 | 					console.error(`Stderr: ${stderr}`);
         | 					        ^
      33 | 				}
      34 | 				console.info(`Executed successfully: ${stdout}`);
      35 | 				resolve(stdout);

      at src/core/charms-sdk.ts:32:14

  console.info
    Executed successfully:

      at src/core/charms-sdk.ts:34:13

  console.log
    !!! 1 {
      spendable: true,
      value: 312500000,
      txid: '1f8e4df0f609982aa558ba1daa5910936e88b1e966b03029e17f84e076996e3d',
      vout: 0
    } undefined

      at src/core/spells.ts:216:12

  console.info
    Executing command: /Users/gadiguy/workspace/charms/target/release/charms tx show-spell --tx 020000000001010000000000000000000000000000000000000000000000000000000000000000ffffffff0402d90200ffffffff02205fa01200000000160014be438a2710f608303168dfde261068040a60fb7a0000000000000000266a24aa21a9ede2f61c3f71d1defd3fa999dfa36953755c690689799962b48bebd836974e8cf90120000000000000000000000000000000000000000000000000000000000000000000000000

      at src/core/charms-sdk.ts:16:11

  console.error
    Stderr: No spell found in the transaction

      30 | 				}
      31 | 				if (stderr) {
    > 32 | 					console.error(`Stderr: ${stderr}`);
         | 					        ^
      33 | 				}
      34 | 				console.info(`Executed successfully: ${stdout}`);
      35 | 				resolve(stdout);

      at src/core/charms-sdk.ts:32:14

  console.info
    Executed successfully:

      at src/core/charms-sdk.ts:34:13

  console.log
    !!! 1 {
      spendable: true,
      value: 312500000,
      txid: 'b6bf27d214a3f1c1fb33321613a3326e17c7b4e96852976896559dc6e3cdaac7',
      vout: 0
    } undefined

      at src/core/spells.ts:216:12

  console.info
    Executing command: /Users/gadiguy/workspace/charms/target/release/charms tx show-spell --tx 020000000001010000000000000000000000000000000000000000000000000000000000000000ffffffff0402d50200ffffffff02205fa01200000000160014be438a2710f608303168dfde261068040a60fb7a0000000000000000266a24aa21a9ede2f61c3f71d1defd3fa999dfa36953755c690689799962b48bebd836974e8cf90120000000000000000000000000000000000000000000000000000000000000000000000000

      at src/core/charms-sdk.ts:16:11

  console.error
    Stderr: No spell found in the transaction

      30 | 				}
      31 | 				if (stderr) {
    > 32 | 					console.error(`Stderr: ${stderr}`);
         | 					        ^
      33 | 				}
      34 | 				console.info(`Executed successfully: ${stdout}`);
      35 | 				resolve(stdout);

      at src/core/charms-sdk.ts:32:14

  console.info
    Executed successfully:

      at src/core/charms-sdk.ts:34:13

  console.log
    !!! 1 {
      spendable: true,
      value: 312500000,
      txid: '08b6d8c7938310e1e2b1c87be047a1853118707afc8e5936aea77c426f4a498f',
      vout: 0
    } undefined

      at src/core/spells.ts:216:12

  console.info
    Executing command: /Users/gadiguy/workspace/charms/target/release/charms tx show-spell --tx 020000000001010000000000000000000000000000000000000000000000000000000000000000ffffffff0402d40200ffffffff02205fa01200000000160014be438a2710f608303168dfde261068040a60fb7a0000000000000000266a24aa21a9ede2f61c3f71d1defd3fa999dfa36953755c690689799962b48bebd836974e8cf90120000000000000000000000000000000000000000000000000000000000000000000000000

      at src/core/charms-sdk.ts:16:11

  console.error
    Stderr: No spell found in the transaction

      30 | 				}
      31 | 				if (stderr) {
    > 32 | 					console.error(`Stderr: ${stderr}`);
         | 					        ^
      33 | 				}
      34 | 				console.info(`Executed successfully: ${stdout}`);
      35 | 				resolve(stdout);

      at src/core/charms-sdk.ts:32:14

  console.info
    Executed successfully:

      at src/core/charms-sdk.ts:34:13

  console.log
    !!! 1 {
      spendable: true,
      value: 312500000,
      txid: 'fbf96093d99747d373638c7c68de23d9ef160b9a91aeb0c1c624fbcd7e7dd919',
      vout: 0
    } undefined

      at src/core/spells.ts:216:12

  console.info
    Executing command: /Users/gadiguy/workspace/charms/target/release/charms tx show-spell --tx 020000000001010000000000000000000000000000000000000000000000000000000000000000ffffffff0402d20200ffffffff02205fa01200000000160014be438a2710f608303168dfde261068040a60fb7a0000000000000000266a24aa21a9ede2f61c3f71d1defd3fa999dfa36953755c690689799962b48bebd836974e8cf90120000000000000000000000000000000000000000000000000000000000000000000000000

      at src/core/charms-sdk.ts:16:11

  console.error
    Stderr: No spell found in the transaction

      30 | 				}
      31 | 				if (stderr) {
    > 32 | 					console.error(`Stderr: ${stderr}`);
         | 					        ^
      33 | 				}
      34 | 				console.info(`Executed successfully: ${stdout}`);
      35 | 				resolve(stdout);

      at src/core/charms-sdk.ts:32:14

  console.info
    Executed successfully:

      at src/core/charms-sdk.ts:34:13

  console.log
    !!! 1 {
      spendable: true,
      value: 312500000,
      txid: '22b9e07d6bcc59e9f9d1a1c60825e3a2afbe5fe23d20ef83a12c47dc416d7004',
      vout: 0
    } undefined

      at src/core/spells.ts:216:12

  console.info
    Executing command: /Users/gadiguy/workspace/charms/target/release/charms tx show-spell --tx 020000000001010000000000000000000000000000000000000000000000000000000000000000ffffffff0402d10200ffffffff02205fa01200000000160014be438a2710f608303168dfde261068040a60fb7a0000000000000000266a24aa21a9ede2f61c3f71d1defd3fa999dfa36953755c690689799962b48bebd836974e8cf90120000000000000000000000000000000000000000000000000000000000000000000000000

      at src/core/charms-sdk.ts:16:11

  console.error
    Stderr: No spell found in the transaction

      30 | 				}
      31 | 				if (stderr) {
    > 32 | 					console.error(`Stderr: ${stderr}`);
         | 					        ^
      33 | 				}
      34 | 				console.info(`Executed successfully: ${stdout}`);
      35 | 				resolve(stdout);

      at src/core/charms-sdk.ts:32:14

  console.info
    Executed successfully:

      at src/core/charms-sdk.ts:34:13

  console.log
    !!! 1 {
      spendable: true,
      value: 312500000,
      txid: '58edfea8a1fbb3c087ec10b2bc2d242ff51c199bc0d037993865693b71203d97',
      vout: 0
    } undefined

      at src/core/spells.ts:216:12

  console.info
    Executing command: /Users/gadiguy/workspace/charms/target/release/charms tx show-spell --tx 020000000001010000000000000000000000000000000000000000000000000000000000000000ffffffff0402700400ffffffff02e40b540200000000160014c699b99a00cc336f2cd3615b2361af367128c86a0000000000000000266a24aa21a9ede2f61c3f71d1defd3fa999dfa36953755c690689799962b48bebd836974e8cf90120000000000000000000000000000000000000000000000000000000000000000000000000

      at src/core/charms-sdk.ts:16:11

  console.error
    Stderr: No spell found in the transaction

      30 | 				}
      31 | 				if (stderr) {
    > 32 | 					console.error(`Stderr: ${stderr}`);
         | 					        ^
      33 | 				}
      34 | 				console.info(`Executed successfully: ${stdout}`);
      35 | 				resolve(stdout);

      at src/core/charms-sdk.ts:32:14

  console.info
    Executed successfully:

      at src/core/charms-sdk.ts:34:13

  console.log
    !!! 1 {
      spendable: true,
      value: 39062500,
      txid: 'ee4ca9b75aaefab02b8b2ef5bf83145fba0f532f1d2ceeece4a56450ca47d6a3',
      vout: 0
    } undefined

      at src/core/spells.ts:216:12

  console.info
    Executing command: /Users/gadiguy/workspace/charms/target/release/charms tx show-spell --tx 020000000001010000000000000000000000000000000000000000000000000000000000000000ffffffff0402d00200ffffffff02205fa01200000000160014be438a2710f608303168dfde261068040a60fb7a0000000000000000266a24aa21a9ede2f61c3f71d1defd3fa999dfa36953755c690689799962b48bebd836974e8cf90120000000000000000000000000000000000000000000000000000000000000000000000000

      at src/core/charms-sdk.ts:16:11

  console.error
    Stderr: No spell found in the transaction

      30 | 				}
      31 | 				if (stderr) {
    > 32 | 					console.error(`Stderr: ${stderr}`);
         | 					        ^
      33 | 				}
      34 | 				console.info(`Executed successfully: ${stdout}`);
      35 | 				resolve(stdout);

      at src/core/charms-sdk.ts:32:14

  console.info
    Executed successfully:

      at src/core/charms-sdk.ts:34:13

  console.log
    !!! 1 {
      spendable: true,
      value: 312500000,
      txid: 'c20fc4a2c2c09c7c61397eb32116ab1586d1244f13629206cb8ea4d0922c9145',
      vout: 0
    } undefined

      at src/core/spells.ts:216:12

  console.info
    Executing command: /Users/gadiguy/workspace/charms/target/release/charms tx show-spell --tx 020000000001010000000000000000000000000000000000000000000000000000000000000000ffffffff0402e10200ffffffff02205fa01200000000160014df2907ba1c43324bcddd8f295bb3d2d09dd62c290000000000000000266a24aa21a9ede2f61c3f71d1defd3fa999dfa36953755c690689799962b48bebd836974e8cf90120000000000000000000000000000000000000000000000000000000000000000000000000

      at src/core/charms-sdk.ts:16:11

  console.error
    Stderr: No spell found in the transaction

      30 | 				}
      31 | 				if (stderr) {
    > 32 | 					console.error(`Stderr: ${stderr}`);
         | 					        ^
      33 | 				}
      34 | 				console.info(`Executed successfully: ${stdout}`);
      35 | 				resolve(stdout);

      at src/core/charms-sdk.ts:32:14

  console.info
    Executed successfully:

      at src/core/charms-sdk.ts:34:13

  console.log
    !!! 1 {
      spendable: true,
      value: 312500000,
      txid: '3659fd19012d8a7f4846a5307fca8a761e2e24e7ade1de8fe3586f1e817afabb',
      vout: 0
    } undefined

      at src/core/spells.ts:216:12

  console.info
    Executing command: /Users/gadiguy/workspace/charms/target/release/charms tx show-spell --tx 020000000001010000000000000000000000000000000000000000000000000000000000000000ffffffff0402cb0200ffffffff02205fa01200000000160014be438a2710f608303168dfde261068040a60fb7a0000000000000000266a24aa21a9ede2f61c3f71d1defd3fa999dfa36953755c690689799962b48bebd836974e8cf90120000000000000000000000000000000000000000000000000000000000000000000000000

      at src/core/charms-sdk.ts:16:11

  console.error
    Stderr: No spell found in the transaction

      30 | 				}
      31 | 				if (stderr) {
    > 32 | 					console.error(`Stderr: ${stderr}`);
         | 					        ^
      33 | 				}
      34 | 				console.info(`Executed successfully: ${stdout}`);
      35 | 				resolve(stdout);

      at src/core/charms-sdk.ts:32:14

  console.info
    Executed successfully:

      at src/core/charms-sdk.ts:34:13

  console.log
    !!! 1 {
      spendable: true,
      value: 312500000,
      txid: 'a34d63018735185191a8547a6c2ecc1a9ed1425d6bc4e8d1d7d5aa8b26863089',
      vout: 0
    } undefined

      at src/core/spells.ts:216:12

  console.info
    Executing command: /Users/gadiguy/workspace/charms/target/release/charms tx show-spell --tx 020000000001010000000000000000000000000000000000000000000000000000000000000000ffffffff0402c70200ffffffff02205fa01200000000160014be438a2710f608303168dfde261068040a60fb7a0000000000000000266a24aa21a9ede2f61c3f71d1defd3fa999dfa36953755c690689799962b48bebd836974e8cf90120000000000000000000000000000000000000000000000000000000000000000000000000

      at src/core/charms-sdk.ts:16:11

  console.error
    Stderr: No spell found in the transaction

      30 | 				}
      31 | 				if (stderr) {
    > 32 | 					console.error(`Stderr: ${stderr}`);
         | 					        ^
      33 | 				}
      34 | 				console.info(`Executed successfully: ${stdout}`);
      35 | 				resolve(stdout);

      at src/core/charms-sdk.ts:32:14

  console.info
    Executed successfully:

      at src/core/charms-sdk.ts:34:13

  console.log
    !!! 1 {
      spendable: true,
      value: 312500000,
      txid: '89c0b77fa43b938dfab84a28d619a8bd82e7e0ebafc24342e0331ab42b9749f6',
      vout: 0
    } undefined

      at src/core/spells.ts:216:12

  console.info
    Executing command: /Users/gadiguy/workspace/charms/target/release/charms tx show-spell --tx 020000000001010000000000000000000000000000000000000000000000000000000000000000ffffffff0402c50200ffffffff02205fa01200000000160014be438a2710f608303168dfde261068040a60fb7a0000000000000000266a24aa21a9ede2f61c3f71d1defd3fa999dfa36953755c690689799962b48bebd836974e8cf90120000000000000000000000000000000000000000000000000000000000000000000000000

      at src/core/charms-sdk.ts:16:11

  console.error
    Stderr: No spell found in the transaction

      30 | 				}
      31 | 				if (stderr) {
    > 32 | 					console.error(`Stderr: ${stderr}`);
         | 					        ^
      33 | 				}
      34 | 				console.info(`Executed successfully: ${stdout}`);
      35 | 				resolve(stdout);

      at src/core/charms-sdk.ts:32:14

  console.info
    Executed successfully:

      at src/core/charms-sdk.ts:34:13

  console.log
    !!! 1 {
      spendable: true,
      value: 312500000,
      txid: 'ccfa4075408a5d9e330e556fc56ed3f61a22d829ef4a0ce31e2b32049e83a253',
      vout: 0
    } undefined

      at src/core/spells.ts:216:12

  console.info
    Executing command: /Users/gadiguy/workspace/charms/target/release/charms tx show-spell --tx 020000000001010000000000000000000000000000000000000000000000000000000000000000ffffffff0402c00200ffffffff02205fa01200000000160014be438a2710f608303168dfde261068040a60fb7a0000000000000000266a24aa21a9ede2f61c3f71d1defd3fa999dfa36953755c690689799962b48bebd836974e8cf90120000000000000000000000000000000000000000000000000000000000000000000000000

      at src/core/charms-sdk.ts:16:11

  console.error
    Stderr: No spell found in the transaction

      30 | 				}
      31 | 				if (stderr) {
    > 32 | 					console.error(`Stderr: ${stderr}`);
         | 					        ^
      33 | 				}
      34 | 				console.info(`Executed successfully: ${stdout}`);
      35 | 				resolve(stdout);

      at src/core/charms-sdk.ts:32:14

  console.info
    Executed successfully:

      at src/core/charms-sdk.ts:34:13

  console.log
    !!! 1 {
      spendable: true,
      value: 312500000,
      txid: '2b2d503c355156ca03452f8223fa6f02d2957e6107f72f95ccc899a4eaa8fcc2',
      vout: 0
    } undefined

      at src/core/spells.ts:216:12

  console.info
    Executing command: /Users/gadiguy/workspace/charms/target/release/charms tx show-spell --tx 020000000001010000000000000000000000000000000000000000000000000000000000000000ffffffff0402bb0200ffffffff02205fa01200000000160014be438a2710f608303168dfde261068040a60fb7a0000000000000000266a24aa21a9ede2f61c3f71d1defd3fa999dfa36953755c690689799962b48bebd836974e8cf90120000000000000000000000000000000000000000000000000000000000000000000000000

      at src/core/charms-sdk.ts:16:11

  console.error
    Stderr: No spell found in the transaction

      30 | 				}
      31 | 				if (stderr) {
    > 32 | 					console.error(`Stderr: ${stderr}`);
         | 					        ^
      33 | 				}
      34 | 				console.info(`Executed successfully: ${stdout}`);
      35 | 				resolve(stdout);

      at src/core/charms-sdk.ts:32:14

  console.info
    Executed successfully:

      at src/core/charms-sdk.ts:34:13

  console.log
    !!! 1 {
      spendable: true,
      value: 312500000,
      txid: 'b29ba3321c3d986cf6455ddd264f2124a96a3f5cf336bae422e30b20f768bcf0',
      vout: 0
    } undefined

      at src/core/spells.ts:216:12

  console.info
    Executing command: /Users/gadiguy/workspace/charms/target/release/charms tx show-spell --tx 02000000000101e4531918a610401fb161aa085ab02dfde0fc6559a87bd88160ad9306293e65700000000000ffffffff02e803000000000000225120b99efd3f3628104aed839dbb0489224cb173b9a927f05bdb4d15603b8d5b71c4601cb10400000000160014a1d7d510b09646a19379fde5fd82ad8c0991f62e03414f29b806f815c637c8a641c657ad919f90e989ce2e532c6bf6ff9d87daf99558bc620c47f38881db8c0fdfb14a976baf7d7ad9ef9ab7f0f37c8206606ca2690a81fd68010063057370656c6c4d3a0182a36776657273696f6e04627478a2647265667380646f75747381a100a3667469636b657269475241494c2d4e46547163757272656e745f636f7369676e6572737840643131313563616635363536383262643239613361376261393364663235613961303136623333646233623834313633643834666331663438373130333864307163757272656e745f7468726573686f6c6401716170705f7075626c69635f696e70757473a183616e982018e90d1858181e183d184618991835182c12187918a9188c1880187f184d18ae18d6188318b4189518e0184e18ce185618281826188218dc188e18cb189e982018d618d018761869184918e918de184f18510817183f184118ba184d18381866189318b9011876188318a0181f18af184918d01118a9186518821859a166616374696f6e666465706c6f7980682059a266a6ca4bc220227960d7d8fb8b03bca1132bedacd02a1842f758c7e9cb69ac21c159a266a6ca4bc220227960d7d8fb8b03bca1132bedacd02a1842f758c7e9cb6900000000

      at src/core/charms-sdk.ts:16:11

  console.info
    Executed successfully: version: 4
    apps:
      $0000: n/e90d581e3d4699352c1279a98c807f4daed683b495e04ece56282682dc8ecb9e/d6d0766949e9de4f5108173f41ba4d386693b9017683a01faf49d011a9658259
    public_args:
      $0000:
        action: deploy
    ins: []
    outs:
    - charms:
        $0000:
          ticker: GRAIL-NFT
          current_cosigners: d1115caf565682bd29a3a7ba93df25a9a016b33db3b84163d84fc1f4871038d0
          current_threshold: 1

      at src/core/charms-sdk.ts:34:13

  console.log
    !!! 1 {
      spendable: true,
      value: 78716000,
      txid: 'db1655469e33e82e39636d893c3ac19772e9c48ee834def256dc904696f09a3a',
      vout: 1
    } undefined

      at src/core/spells.ts:216:12

  console.info
    Executing command: /Users/gadiguy/workspace/charms/target/release/charms tx show-spell --tx 020000000001010000000000000000000000000000000000000000000000000000000000000000ffffffff0402ba0200ffffffff02205fa01200000000160014be438a2710f608303168dfde261068040a60fb7a0000000000000000266a24aa21a9ede2f61c3f71d1defd3fa999dfa36953755c690689799962b48bebd836974e8cf90120000000000000000000000000000000000000000000000000000000000000000000000000

      at src/core/charms-sdk.ts:16:11

  console.error
    Stderr: No spell found in the transaction

      30 | 				}
      31 | 				if (stderr) {
    > 32 | 					console.error(`Stderr: ${stderr}`);
         | 					        ^
      33 | 				}
      34 | 				console.info(`Executed successfully: ${stdout}`);
      35 | 				resolve(stdout);

      at src/core/charms-sdk.ts:32:14

  console.info
    Executed successfully:

      at src/core/charms-sdk.ts:34:13

  console.log
    !!! 1 {
      spendable: true,
      value: 312500000,
      txid: '83c34c021e07ee374b74d84548a7eac40c85da36b25256d7ed9e588a38695f54',
      vout: 0
    } undefined

      at src/core/spells.ts:216:12

  console.info
    Executing command: /Users/gadiguy/workspace/charms/target/release/charms tx show-spell --tx 020000000001010000000000000000000000000000000000000000000000000000000000000000ffffffff0402b00200ffffffff02205fa01200000000160014be438a2710f608303168dfde261068040a60fb7a0000000000000000266a24aa21a9ede2f61c3f71d1defd3fa999dfa36953755c690689799962b48bebd836974e8cf90120000000000000000000000000000000000000000000000000000000000000000000000000

      at src/core/charms-sdk.ts:16:11

  console.error
    Stderr: No spell found in the transaction

      30 | 				}
      31 | 				if (stderr) {
    > 32 | 					console.error(`Stderr: ${stderr}`);
         | 					        ^
      33 | 				}
      34 | 				console.info(`Executed successfully: ${stdout}`);
      35 | 				resolve(stdout);

      at src/core/charms-sdk.ts:32:14

  console.info
    Executed successfully:

      at src/core/charms-sdk.ts:34:13

  console.log
    !!! 1 {
      spendable: true,
      value: 312500000,
      txid: 'e463818a4a3264d987eda33ef21b556c201d9ee1cf69e56eb1f8dd8706018e4d',
      vout: 0
    } undefined

      at src/core/spells.ts:216:12

  console.info
    Executing command: /Users/gadiguy/workspace/charms/target/release/charms tx show-spell --tx 020000000001010000000000000000000000000000000000000000000000000000000000000000ffffffff0402af0200ffffffff02205fa01200000000160014be438a2710f608303168dfde261068040a60fb7a0000000000000000266a24aa21a9ede2f61c3f71d1defd3fa999dfa36953755c690689799962b48bebd836974e8cf90120000000000000000000000000000000000000000000000000000000000000000000000000

      at src/core/charms-sdk.ts:16:11

  console.error
    Stderr: No spell found in the transaction

      30 | 				}
      31 | 				if (stderr) {
    > 32 | 					console.error(`Stderr: ${stderr}`);
         | 					        ^
      33 | 				}
      34 | 				console.info(`Executed successfully: ${stdout}`);
      35 | 				resolve(stdout);

      at src/core/charms-sdk.ts:32:14

  console.info
    Executed successfully:

      at src/core/charms-sdk.ts:34:13

  console.log
    !!! 1 {
      spendable: true,
      value: 312500000,
      txid: 'e3a7772a367bc4100759136b627b7e1d2f7e68d95a3225a6a2e53905ed4c4c19',
      vout: 0
    } undefined

      at src/core/spells.ts:216:12

  console.info
    Executing command: /Users/gadiguy/workspace/charms/target/release/charms tx show-spell --tx 020000000001010000000000000000000000000000000000000000000000000000000000000000ffffffff0402ab0200ffffffff02205fa01200000000160014be438a2710f608303168dfde261068040a60fb7a0000000000000000266a24aa21a9ede2f61c3f71d1defd3fa999dfa36953755c690689799962b48bebd836974e8cf90120000000000000000000000000000000000000000000000000000000000000000000000000

      at src/core/charms-sdk.ts:16:11

  console.error
    Stderr: No spell found in the transaction

      30 | 				}
      31 | 				if (stderr) {
    > 32 | 					console.error(`Stderr: ${stderr}`);
         | 					        ^
      33 | 				}
      34 | 				console.info(`Executed successfully: ${stdout}`);
      35 | 				resolve(stdout);

      at src/core/charms-sdk.ts:32:14

  console.info
    Executed successfully:

      at src/core/charms-sdk.ts:34:13

  console.log
    !!! 1 {
      spendable: true,
      value: 312500000,
      txid: '26c46bcbc5710609377406e3bb4245862cfdaf8755c3b1564bc6cd98d8dcbc7d',
      vout: 0
    } undefined

      at src/core/spells.ts:216:12

  console.info
    Executing command: /Users/gadiguy/workspace/charms/target/release/charms tx show-spell --tx 020000000001010000000000000000000000000000000000000000000000000000000000000000ffffffff0402a80200ffffffff02205fa01200000000160014be438a2710f608303168dfde261068040a60fb7a0000000000000000266a24aa21a9ede2f61c3f71d1defd3fa999dfa36953755c690689799962b48bebd836974e8cf90120000000000000000000000000000000000000000000000000000000000000000000000000

      at src/core/charms-sdk.ts:16:11

  console.error
    Stderr: No spell found in the transaction

      30 | 				}
      31 | 				if (stderr) {
    > 32 | 					console.error(`Stderr: ${stderr}`);
         | 					        ^
      33 | 				}
      34 | 				console.info(`Executed successfully: ${stdout}`);
      35 | 				resolve(stdout);

      at src/core/charms-sdk.ts:32:14

  console.info
    Executed successfully:

      at src/core/charms-sdk.ts:34:13

  console.log
    !!! 1 {
      spendable: true,
      value: 312500000,
      txid: '28dbee9561ee06bf2160161c9f0c1f3cd405c24d8b4ed0e03197153f2d1dc97f',
      vout: 0
    } undefined

      at src/core/spells.ts:216:12

  console.info
    Executing command: /Users/gadiguy/workspace/charms/target/release/charms tx show-spell --tx 020000000001010000000000000000000000000000000000000000000000000000000000000000ffffffff0402a70200ffffffff02205fa01200000000160014be438a2710f608303168dfde261068040a60fb7a0000000000000000266a24aa21a9ede2f61c3f71d1defd3fa999dfa36953755c690689799962b48bebd836974e8cf90120000000000000000000000000000000000000000000000000000000000000000000000000

      at src/core/charms-sdk.ts:16:11

  console.error
    Stderr: No spell found in the transaction

      30 | 				}
      31 | 				if (stderr) {
    > 32 | 					console.error(`Stderr: ${stderr}`);
         | 					        ^
      33 | 				}
      34 | 				console.info(`Executed successfully: ${stdout}`);
      35 | 				resolve(stdout);

      at src/core/charms-sdk.ts:32:14

  console.info
    Executed successfully:

      at src/core/charms-sdk.ts:34:13

  console.log
    !!! 1 {
      spendable: true,
      value: 312500000,
      txid: '7b0915383f93e8af16b0d0c10e673ac0d0c476086829947479fccc48b01e6364',
      vout: 0
    } undefined

      at src/core/spells.ts:216:12

  console.info
    Executing command: /Users/gadiguy/workspace/charms/target/release/charms tx show-spell --tx 020000000001010000000000000000000000000000000000000000000000000000000000000000ffffffff0402a20200ffffffff02205fa01200000000160014be438a2710f608303168dfde261068040a60fb7a0000000000000000266a24aa21a9ede2f61c3f71d1defd3fa999dfa36953755c690689799962b48bebd836974e8cf90120000000000000000000000000000000000000000000000000000000000000000000000000

      at src/core/charms-sdk.ts:16:11

  console.error
    Stderr: No spell found in the transaction

      30 | 				}
      31 | 				if (stderr) {
    > 32 | 					console.error(`Stderr: ${stderr}`);
         | 					        ^
      33 | 				}
      34 | 				console.info(`Executed successfully: ${stdout}`);
      35 | 				resolve(stdout);

      at src/core/charms-sdk.ts:32:14

  console.info
    Executed successfully:

      at src/core/charms-sdk.ts:34:13

  console.log
    !!! 1 {
      spendable: true,
      value: 312500000,
      txid: '059d2b3cacecf97f705a9aee72843f57781b7e53d7613d77c13f54226ece518b',
      vout: 0
    } undefined

      at src/core/spells.ts:216:12

  console.info
    Executing command: /Users/gadiguy/workspace/charms/target/release/charms tx show-spell --tx 020000000001010000000000000000000000000000000000000000000000000000000000000000ffffffff0402a00200ffffffff02205fa01200000000160014be438a2710f608303168dfde261068040a60fb7a0000000000000000266a24aa21a9ede2f61c3f71d1defd3fa999dfa36953755c690689799962b48bebd836974e8cf90120000000000000000000000000000000000000000000000000000000000000000000000000

      at src/core/charms-sdk.ts:16:11

  console.error
    Stderr: No spell found in the transaction

      30 | 				}
      31 | 				if (stderr) {
    > 32 | 					console.error(`Stderr: ${stderr}`);
         | 					        ^
      33 | 				}
      34 | 				console.info(`Executed successfully: ${stdout}`);
      35 | 				resolve(stdout);

      at src/core/charms-sdk.ts:32:14

  console.info
    Executed successfully:

      at src/core/charms-sdk.ts:34:13

  console.log
    !!! 1 {
      spendable: true,
      value: 312500000,
      txid: '10b0945592ec326a51c3aaa8397bfc8a119b86f9312946aea80fd1261cf67906',
      vout: 0
    } undefined

      at src/core/spells.ts:216:12

  console.info
    Executing command: /Users/gadiguy/workspace/charms/target/release/charms tx show-spell --tx 020000000001010000000000000000000000000000000000000000000000000000000000000000ffffffff04029f0200ffffffff02205fa01200000000160014be438a2710f608303168dfde261068040a60fb7a0000000000000000266a24aa21a9ede2f61c3f71d1defd3fa999dfa36953755c690689799962b48bebd836974e8cf90120000000000000000000000000000000000000000000000000000000000000000000000000

      at src/core/charms-sdk.ts:16:11

  console.error
    Stderr: No spell found in the transaction

      30 | 				}
      31 | 				if (stderr) {
    > 32 | 					console.error(`Stderr: ${stderr}`);
         | 					        ^
      33 | 				}
      34 | 				console.info(`Executed successfully: ${stdout}`);
      35 | 				resolve(stdout);

      at src/core/charms-sdk.ts:32:14

  console.info
    Executed successfully:

      at src/core/charms-sdk.ts:34:13

  console.log
    !!! 1 {
      spendable: true,
      value: 312500000,
      txid: 'a5d4fd2a2209e467c0513c87998e09ff53e94f83cb8a7ee6569a3bb112732752',
      vout: 0
    } undefined

      at src/core/spells.ts:216:12

  console.info
    Executing command: /Users/gadiguy/workspace/charms/target/release/charms tx show-spell --tx 020000000001010000000000000000000000000000000000000000000000000000000000000000ffffffff04029d0200ffffffff02205fa01200000000160014be438a2710f608303168dfde261068040a60fb7a0000000000000000266a24aa21a9ede2f61c3f71d1defd3fa999dfa36953755c690689799962b48bebd836974e8cf90120000000000000000000000000000000000000000000000000000000000000000000000000

      at src/core/charms-sdk.ts:16:11

  console.error
    Stderr: No spell found in the transaction

      30 | 				}
      31 | 				if (stderr) {
    > 32 | 					console.error(`Stderr: ${stderr}`);
         | 					        ^
      33 | 				}
      34 | 				console.info(`Executed successfully: ${stdout}`);
      35 | 				resolve(stdout);

      at src/core/charms-sdk.ts:32:14

  console.info
    Executed successfully:

      at src/core/charms-sdk.ts:34:13

  console.log
    !!! 1 {
      spendable: true,
      value: 312500000,
      txid: '35e8e74c29aa28d2bb29702f22a267c5933cda8e81cb4e37f4b8422ddebed447',
      vout: 0
    } undefined

      at src/core/spells.ts:216:12

  console.info
    Executing command: /Users/gadiguy/workspace/charms/target/release/charms tx show-spell --tx 020000000001010000000000000000000000000000000000000000000000000000000000000000ffffffff0402b60200ffffffff02205fa01200000000160014be438a2710f608303168dfde261068040a60fb7a0000000000000000266a24aa21a9ede2f61c3f71d1defd3fa999dfa36953755c690689799962b48bebd836974e8cf90120000000000000000000000000000000000000000000000000000000000000000000000000

      at src/core/charms-sdk.ts:16:11

  console.error
    Stderr: No spell found in the transaction

      30 | 				}
      31 | 				if (stderr) {
    > 32 | 					console.error(`Stderr: ${stderr}`);
         | 					        ^
      33 | 				}
      34 | 				console.info(`Executed successfully: ${stdout}`);
      35 | 				resolve(stdout);

      at src/core/charms-sdk.ts:32:14

  console.info
    Executed successfully:

      at src/core/charms-sdk.ts:34:13

  console.log
    !!! 1 {
      spendable: true,
      value: 312500000,
      txid: '4fd009e4337bb4fcb0dca156e8703244cfa434e727db76728dbacffc27b0103b',
      vout: 0
    } undefined

      at src/core/spells.ts:216:12

  console.info
    Executing command: /Users/gadiguy/workspace/charms/target/release/charms tx show-spell --tx 020000000001010000000000000000000000000000000000000000000000000000000000000000ffffffff04029b0200ffffffff02205fa01200000000160014be438a2710f608303168dfde261068040a60fb7a0000000000000000266a24aa21a9ede2f61c3f71d1defd3fa999dfa36953755c690689799962b48bebd836974e8cf90120000000000000000000000000000000000000000000000000000000000000000000000000

      at src/core/charms-sdk.ts:16:11

  console.error
    Stderr: No spell found in the transaction

      30 | 				}
      31 | 				if (stderr) {
    > 32 | 					console.error(`Stderr: ${stderr}`);
         | 					        ^
      33 | 				}
      34 | 				console.info(`Executed successfully: ${stdout}`);
      35 | 				resolve(stdout);

      at src/core/charms-sdk.ts:32:14

  console.info
    Executed successfully:

      at src/core/charms-sdk.ts:34:13

  console.log
    !!! 1 {
      spendable: true,
      value: 312500000,
      txid: 'beffd602efb93d1b60dad7a39ad0f7d7bbb31653abe0ab7d4ad10d35c8c53656',
      vout: 0
    } undefined

      at src/core/spells.ts:216:12

  console.info
    Executing command: /Users/gadiguy/workspace/charms/target/release/charms tx show-spell --tx 020000000001010000000000000000000000000000000000000000000000000000000000000000ffffffff0402970200ffffffff02205fa01200000000160014be438a2710f608303168dfde261068040a60fb7a0000000000000000266a24aa21a9ede2f61c3f71d1defd3fa999dfa36953755c690689799962b48bebd836974e8cf90120000000000000000000000000000000000000000000000000000000000000000000000000

      at src/core/charms-sdk.ts:16:11

  console.error
    Stderr: No spell found in the transaction

      30 | 				}
      31 | 				if (stderr) {
    > 32 | 					console.error(`Stderr: ${stderr}`);
         | 					        ^
      33 | 				}
      34 | 				console.info(`Executed successfully: ${stdout}`);
      35 | 				resolve(stdout);

      at src/core/charms-sdk.ts:32:14

  console.info
    Executed successfully:

      at src/core/charms-sdk.ts:34:13

  console.log
    !!! 1 {
      spendable: true,
      value: 312500000,
      txid: 'cf6129a0bf3322f34951d4f162abd8d30978cde2aa8ea2d2a48e2cacc82ebc5a',
      vout: 0
    } undefined

      at src/core/spells.ts:216:12

  console.info
    Executing command: /Users/gadiguy/workspace/charms/target/release/charms tx show-spell --tx 020000000001010000000000000000000000000000000000000000000000000000000000000000ffffffff0402960200ffffffff02205fa01200000000160014be438a2710f608303168dfde261068040a60fb7a0000000000000000266a24aa21a9ede2f61c3f71d1defd3fa999dfa36953755c690689799962b48bebd836974e8cf90120000000000000000000000000000000000000000000000000000000000000000000000000

      at src/core/charms-sdk.ts:16:11

  console.error
    Stderr: No spell found in the transaction

      30 | 				}
      31 | 				if (stderr) {
    > 32 | 					console.error(`Stderr: ${stderr}`);
         | 					        ^
      33 | 				}
      34 | 				console.info(`Executed successfully: ${stdout}`);
      35 | 				resolve(stdout);

      at src/core/charms-sdk.ts:32:14

  console.info
    Executed successfully:

      at src/core/charms-sdk.ts:34:13

  console.log
    !!! 1 {
      spendable: true,
      value: 312500000,
      txid: '849ca38f71681d4c5eb23018fd030fa87998356d43c216ffe520e03f84bf8ae2',
      vout: 0
    } undefined

      at src/core/spells.ts:216:12

  console.info
    Executing command: /Users/gadiguy/workspace/charms/target/release/charms tx show-spell --tx 020000000001010000000000000000000000000000000000000000000000000000000000000000ffffffff0402940200ffffffff02205fa01200000000160014be438a2710f608303168dfde261068040a60fb7a0000000000000000266a24aa21a9ede2f61c3f71d1defd3fa999dfa36953755c690689799962b48bebd836974e8cf90120000000000000000000000000000000000000000000000000000000000000000000000000

      at src/core/charms-sdk.ts:16:11

  console.error
    Stderr: No spell found in the transaction

      30 | 				}
      31 | 				if (stderr) {
    > 32 | 					console.error(`Stderr: ${stderr}`);
         | 					        ^
      33 | 				}
      34 | 				console.info(`Executed successfully: ${stdout}`);
      35 | 				resolve(stdout);

      at src/core/charms-sdk.ts:32:14

  console.info
    Executed successfully:

      at src/core/charms-sdk.ts:34:13

  console.log
    !!! 1 {
      spendable: true,
      value: 312500000,
      txid: 'df715127d2eb082a821b31189f0c855c5fc6d3043039a3062e53394e52dd2244',
      vout: 0
    } undefined

      at src/core/spells.ts:216:12

  console.info
    Executing command: /Users/gadiguy/workspace/charms/target/release/charms tx show-spell --tx 020000000001010000000000000000000000000000000000000000000000000000000000000000ffffffff0402930200ffffffff02205fa01200000000160014be438a2710f608303168dfde261068040a60fb7a0000000000000000266a24aa21a9ede2f61c3f71d1defd3fa999dfa36953755c690689799962b48bebd836974e8cf90120000000000000000000000000000000000000000000000000000000000000000000000000

      at src/core/charms-sdk.ts:16:11

  console.error
    Stderr: No spell found in the transaction

      30 | 				}
      31 | 				if (stderr) {
    > 32 | 					console.error(`Stderr: ${stderr}`);
         | 					        ^
      33 | 				}
      34 | 				console.info(`Executed successfully: ${stdout}`);
      35 | 				resolve(stdout);

      at src/core/charms-sdk.ts:32:14

  console.info
    Executed successfully:

      at src/core/charms-sdk.ts:34:13

  console.log
    !!! 1 {
      spendable: true,
      value: 312500000,
      txid: '79aa6b1baa5e143c4f0a5d8b9519728b1f317dcc42f0a6ba75570e0971b4c236',
      vout: 0
    } undefined

      at src/core/spells.ts:216:12

  console.info
    Executing command: /Users/gadiguy/workspace/charms/target/release/charms tx show-spell --tx 020000000001010000000000000000000000000000000000000000000000000000000000000000ffffffff0402920200ffffffff02205fa01200000000160014be438a2710f608303168dfde261068040a60fb7a0000000000000000266a24aa21a9ede2f61c3f71d1defd3fa999dfa36953755c690689799962b48bebd836974e8cf90120000000000000000000000000000000000000000000000000000000000000000000000000

      at src/core/charms-sdk.ts:16:11

  console.error
    Stderr: No spell found in the transaction

      30 | 				}
      31 | 				if (stderr) {
    > 32 | 					console.error(`Stderr: ${stderr}`);
         | 					        ^
      33 | 				}
      34 | 				console.info(`Executed successfully: ${stdout}`);
      35 | 				resolve(stdout);

      at src/core/charms-sdk.ts:32:14

  console.info
    Executed successfully:

      at src/core/charms-sdk.ts:34:13

  console.log
    !!! 1 {
      spendable: true,
      value: 312500000,
      txid: '86f71dfeb0e40f2a3f5c743e97798e8906e465b4c3aa0a132024f7958c57491e',
      vout: 0
    } undefined

      at src/core/spells.ts:216:12

  console.info
    Executing command: /Users/gadiguy/workspace/charms/target/release/charms tx show-spell --tx 020000000001010000000000000000000000000000000000000000000000000000000000000000ffffffff04020c0400ffffffff02c817a80400000000160014e84ba1dd6ce90d96402193a4ef02dd1ae350fd750000000000000000266a24aa21a9ed1102fd1360c836675c8901de5c5e1376ff22141b6fd51c12d976ce7658df7b6e0120000000000000000000000000000000000000000000000000000000000000000000000000

      at src/core/charms-sdk.ts:16:11

  console.error
    Stderr: No spell found in the transaction

      30 | 				}
      31 | 				if (stderr) {
    > 32 | 					console.error(`Stderr: ${stderr}`);
         | 					        ^
      33 | 				}
      34 | 				console.info(`Executed successfully: ${stdout}`);
      35 | 				resolve(stdout);

      at src/core/charms-sdk.ts:32:14

  console.info
    Executed successfully:

      at src/core/charms-sdk.ts:34:13

  console.log
    !!! 1 {
      spendable: true,
      value: 78125000,
      txid: '40308e343059f839cf2fc8cc797c6c7fa08779008ab7fab1664fa6f546bfb3a5',
      vout: 0
    } undefined

      at src/core/spells.ts:216:12

  console.info
    Executing command: /Users/gadiguy/workspace/charms/target/release/charms tx show-spell --tx 020000000001010000000000000000000000000000000000000000000000000000000000000000ffffffff0402910200ffffffff02205fa01200000000160014be438a2710f608303168dfde261068040a60fb7a0000000000000000266a24aa21a9ede2f61c3f71d1defd3fa999dfa36953755c690689799962b48bebd836974e8cf90120000000000000000000000000000000000000000000000000000000000000000000000000

      at src/core/charms-sdk.ts:16:11

  console.error
    Stderr: No spell found in the transaction

      30 | 				}
      31 | 				if (stderr) {
    > 32 | 					console.error(`Stderr: ${stderr}`);
         | 					        ^
      33 | 				}
      34 | 				console.info(`Executed successfully: ${stdout}`);
      35 | 				resolve(stdout);

      at src/core/charms-sdk.ts:32:14

  console.info
    Executed successfully:

      at src/core/charms-sdk.ts:34:13

  console.log
    !!! 1 {
      spendable: true,
      value: 312500000,
      txid: '480bd0e60970ffa97383222b1f853cd7d8f7429b72ba389a12c31cb8405c84d9',
      vout: 0
    } undefined

      at src/core/spells.ts:216:12

  console.info
    Executing command: /Users/gadiguy/workspace/charms/target/release/charms tx show-spell --tx 020000000001010000000000000000000000000000000000000000000000000000000000000000ffffffff0402900200ffffffff02205fa01200000000160014be438a2710f608303168dfde261068040a60fb7a0000000000000000266a24aa21a9ede2f61c3f71d1defd3fa999dfa36953755c690689799962b48bebd836974e8cf90120000000000000000000000000000000000000000000000000000000000000000000000000

      at src/core/charms-sdk.ts:16:11

  console.error
    Stderr: No spell found in the transaction

      30 | 				}
      31 | 				if (stderr) {
    > 32 | 					console.error(`Stderr: ${stderr}`);
         | 					        ^
      33 | 				}
      34 | 				console.info(`Executed successfully: ${stdout}`);
      35 | 				resolve(stdout);

      at src/core/charms-sdk.ts:32:14

  console.info
    Executed successfully:

      at src/core/charms-sdk.ts:34:13

  console.log
    !!! 1 {
      spendable: true,
      value: 312500000,
      txid: '151cdcb762eddbc479c92eaea1fa05e2e4075650edd579efed1ef2c4578030aa',
      vout: 0
    } undefined

      at src/core/spells.ts:216:12

  console.info
    Executing command: /Users/gadiguy/workspace/charms/target/release/charms tx show-spell --tx 020000000001010000000000000000000000000000000000000000000000000000000000000000ffffffff04028f0200ffffffff02205fa01200000000160014be438a2710f608303168dfde261068040a60fb7a0000000000000000266a24aa21a9ede2f61c3f71d1defd3fa999dfa36953755c690689799962b48bebd836974e8cf90120000000000000000000000000000000000000000000000000000000000000000000000000

      at src/core/charms-sdk.ts:16:11

  console.error
    Stderr: No spell found in the transaction

      30 | 				}
      31 | 				if (stderr) {
    > 32 | 					console.error(`Stderr: ${stderr}`);
         | 					        ^
      33 | 				}
      34 | 				console.info(`Executed successfully: ${stdout}`);
      35 | 				resolve(stdout);

      at src/core/charms-sdk.ts:32:14

  console.info
    Executed successfully:

      at src/core/charms-sdk.ts:34:13

  console.log
    !!! 1 {
      spendable: true,
      value: 312500000,
      txid: 'a738051f026e274320da10b68f2ca472a8bc7dd4b4504d2a4a801c22754c4929',
      vout: 0
    } undefined

      at src/core/spells.ts:216:12

  console.info
    Executing command: /Users/gadiguy/workspace/charms/target/release/charms tx show-spell --tx 020000000001010000000000000000000000000000000000000000000000000000000000000000ffffffff0402720400ffffffff02e40b540200000000160014c699b99a00cc336f2cd3615b2361af367128c86a0000000000000000266a24aa21a9ede2f61c3f71d1defd3fa999dfa36953755c690689799962b48bebd836974e8cf90120000000000000000000000000000000000000000000000000000000000000000000000000

      at src/core/charms-sdk.ts:16:11

  console.error
    Stderr: No spell found in the transaction

      30 | 				}
      31 | 				if (stderr) {
    > 32 | 					console.error(`Stderr: ${stderr}`);
         | 					        ^
      33 | 				}
      34 | 				console.info(`Executed successfully: ${stdout}`);
      35 | 				resolve(stdout);

      at src/core/charms-sdk.ts:32:14

  console.info
    Executed successfully:

      at src/core/charms-sdk.ts:34:13

  console.log
    !!! 1 {
      spendable: true,
      value: 39062500,
      txid: '81972920784913294a9fe3255f11d9bff4521c5df794de085a7bbc907c258eb4',
      vout: 0
    } undefined

      at src/core/spells.ts:216:12

  console.info
    Executing command: /Users/gadiguy/workspace/charms/target/release/charms tx show-spell --tx 020000000001010000000000000000000000000000000000000000000000000000000000000000ffffffff0402500400ffffffff02e40b540200000000160014c699b99a00cc336f2cd3615b2361af367128c86a0000000000000000266a24aa21a9ede2f61c3f71d1defd3fa999dfa36953755c690689799962b48bebd836974e8cf90120000000000000000000000000000000000000000000000000000000000000000000000000

      at src/core/charms-sdk.ts:16:11

  console.error
    Stderr: No spell found in the transaction

      30 | 				}
      31 | 				if (stderr) {
    > 32 | 					console.error(`Stderr: ${stderr}`);
         | 					        ^
      33 | 				}
      34 | 				console.info(`Executed successfully: ${stdout}`);
      35 | 				resolve(stdout);

      at src/core/charms-sdk.ts:32:14

  console.info
    Executed successfully:

      at src/core/charms-sdk.ts:34:13

  console.log
    !!! 1 {
      spendable: true,
      value: 39062500,
      txid: '5d918eb74fcec96f3be8a49aa955678697bd9ffc70bbe89cc43baf39c6b109a9',
      vout: 0
    } undefined

      at src/core/spells.ts:216:12

  console.info
    Executing command: /Users/gadiguy/workspace/charms/target/release/charms tx show-spell --tx 020000000001010000000000000000000000000000000000000000000000000000000000000000ffffffff04028e0200ffffffff02205fa01200000000160014be438a2710f608303168dfde261068040a60fb7a0000000000000000266a24aa21a9ede2f61c3f71d1defd3fa999dfa36953755c690689799962b48bebd836974e8cf90120000000000000000000000000000000000000000000000000000000000000000000000000

      at src/core/charms-sdk.ts:16:11

  console.error
    Stderr: No spell found in the transaction

      30 | 				}
      31 | 				if (stderr) {
    > 32 | 					console.error(`Stderr: ${stderr}`);
         | 					        ^
      33 | 				}
      34 | 				console.info(`Executed successfully: ${stdout}`);
      35 | 				resolve(stdout);

      at src/core/charms-sdk.ts:32:14

  console.info
    Executed successfully:

      at src/core/charms-sdk.ts:34:13

  console.log
    !!! 1 {
      spendable: true,
      value: 312500000,
      txid: '32ecfec5b9939a2aa42776db13b3d5bbfeaa5ab35e1c9159bb0aaeecdc5b4c9e',
      vout: 0
    } undefined

      at src/core/spells.ts:216:12

  console.info
    Executing command: /Users/gadiguy/workspace/charms/target/release/charms tx show-spell --tx 020000000001010000000000000000000000000000000000000000000000000000000000000000ffffffff04028d0200ffffffff02205fa01200000000160014be438a2710f608303168dfde261068040a60fb7a0000000000000000266a24aa21a9ede2f61c3f71d1defd3fa999dfa36953755c690689799962b48bebd836974e8cf90120000000000000000000000000000000000000000000000000000000000000000000000000

      at src/core/charms-sdk.ts:16:11

  console.error
    Stderr: No spell found in the transaction

      30 | 				}
      31 | 				if (stderr) {
    > 32 | 					console.error(`Stderr: ${stderr}`);
         | 					        ^
      33 | 				}
      34 | 				console.info(`Executed successfully: ${stdout}`);
      35 | 				resolve(stdout);

      at src/core/charms-sdk.ts:32:14

  console.info
    Executed successfully:

      at src/core/charms-sdk.ts:34:13

  console.log
    !!! 1 {
      spendable: true,
      value: 312500000,
      txid: '31f880574543ce209933265a4fd956fde98bbb647708f20918f3f8776683c164',
      vout: 0
    } undefined

      at src/core/spells.ts:216:12

  console.info
    Executing command: /Users/gadiguy/workspace/charms/target/release/charms tx show-spell --tx 020000000001010000000000000000000000000000000000000000000000000000000000000000ffffffff04028c0200ffffffff02205fa01200000000160014be438a2710f608303168dfde261068040a60fb7a0000000000000000266a24aa21a9ede2f61c3f71d1defd3fa999dfa36953755c690689799962b48bebd836974e8cf90120000000000000000000000000000000000000000000000000000000000000000000000000

      at src/core/charms-sdk.ts:16:11

  console.error
    Stderr: No spell found in the transaction

      30 | 				}
      31 | 				if (stderr) {
    > 32 | 					console.error(`Stderr: ${stderr}`);
         | 					        ^
      33 | 				}
      34 | 				console.info(`Executed successfully: ${stdout}`);
      35 | 				resolve(stdout);

      at src/core/charms-sdk.ts:32:14

  console.info
    Executed successfully:

      at src/core/charms-sdk.ts:34:13

  console.log
    !!! 1 {
      spendable: true,
      value: 312500000,
      txid: 'ca019eef2fbb210bccbedc066ede0093629ab3acd396ce6bd238caff707c86bf',
      vout: 0
    } undefined

      at src/core/spells.ts:216:12

  console.info
    Executing command: /Users/gadiguy/workspace/charms/target/release/charms tx show-spell --tx 020000000001010000000000000000000000000000000000000000000000000000000000000000ffffffff0402700300ffffffff02902f5009000000001600147ee0b7b0a06b1715257f82da01a3a4daa7a6aa780000000000000000266a24aa21a9ede2f61c3f71d1defd3fa999dfa36953755c690689799962b48bebd836974e8cf90120000000000000000000000000000000000000000000000000000000000000000000000000

      at src/core/charms-sdk.ts:16:11

  console.error
    Stderr: No spell found in the transaction

      30 | 				}
      31 | 				if (stderr) {
    > 32 | 					console.error(`Stderr: ${stderr}`);
         | 					        ^
      33 | 				}
      34 | 				console.info(`Executed successfully: ${stdout}`);
      35 | 				resolve(stdout);

      at src/core/charms-sdk.ts:32:14

  console.info
    Executed successfully:

      at src/core/charms-sdk.ts:34:13

  console.log
    !!! 1 {
      spendable: true,
      value: 156250000,
      txid: '2118bc8f757d72779a8a3e68a117c9f06ab385d0261b3ab9444bd252147845ae',
      vout: 0
    } undefined

      at src/core/spells.ts:216:12

  console.info
    Executing command: /Users/gadiguy/workspace/charms/target/release/charms tx show-spell --tx 020000000001010000000000000000000000000000000000000000000000000000000000000000ffffffff0402090300ffffffff02902f500900000000160014df2907ba1c43324bcddd8f295bb3d2d09dd62c290000000000000000266a24aa21a9ede2f61c3f71d1defd3fa999dfa36953755c690689799962b48bebd836974e8cf90120000000000000000000000000000000000000000000000000000000000000000000000000

      at src/core/charms-sdk.ts:16:11

  console.error
    Stderr: No spell found in the transaction

      30 | 				}
      31 | 				if (stderr) {
    > 32 | 					console.error(`Stderr: ${stderr}`);
         | 					        ^
      33 | 				}
      34 | 				console.info(`Executed successfully: ${stdout}`);
      35 | 				resolve(stdout);

      at src/core/charms-sdk.ts:32:14

  console.info
    Executed successfully:

      at src/core/charms-sdk.ts:34:13

  console.log
    !!! 1 {
      spendable: true,
      value: 156250000,
      txid: '20656a57283c23f51f25520e069b06f277d6de75115ff03e44955cf95f7b6768',
      vout: 0
    } undefined

      at src/core/spells.ts:216:12

  console.info
    Executing command: /Users/gadiguy/workspace/charms/target/release/charms tx show-spell --tx 020000000001010000000000000000000000000000000000000000000000000000000000000000ffffffff0402890200ffffffff02205fa01200000000160014be438a2710f608303168dfde261068040a60fb7a0000000000000000266a24aa21a9ede2f61c3f71d1defd3fa999dfa36953755c690689799962b48bebd836974e8cf90120000000000000000000000000000000000000000000000000000000000000000000000000

      at src/core/charms-sdk.ts:16:11

  console.error
    Stderr: No spell found in the transaction

      30 | 				}
      31 | 				if (stderr) {
    > 32 | 					console.error(`Stderr: ${stderr}`);
         | 					        ^
      33 | 				}
      34 | 				console.info(`Executed successfully: ${stdout}`);
      35 | 				resolve(stdout);

      at src/core/charms-sdk.ts:32:14

  console.info
    Executed successfully:

      at src/core/charms-sdk.ts:34:13

  console.log
    !!! 1 {
      spendable: true,
      value: 312500000,
      txid: '9f27bdb61e03e7114190808fdf558e593ba6ac4d7fa5125ab5d161098bc8f999',
      vout: 0
    } undefined

      at src/core/spells.ts:216:12

  console.info
    Executing command: /Users/gadiguy/workspace/charms/target/release/charms tx show-spell --tx 020000000001010000000000000000000000000000000000000000000000000000000000000000ffffffff04029e0000ffffffff0200f9029500000000160014c9d9cdc3642ca0458ccf3b6082b251ab8aa241730000000000000000266a24aa21a9ede2f61c3f71d1defd3fa999dfa36953755c690689799962b48bebd836974e8cf90120000000000000000000000000000000000000000000000000000000000000000000000000

      at src/core/charms-sdk.ts:16:11

  console.error
    Stderr: No spell found in the transaction

      30 | 				}
      31 | 				if (stderr) {
    > 32 | 					console.error(`Stderr: ${stderr}`);
         | 					        ^
      33 | 				}
      34 | 				console.info(`Executed successfully: ${stdout}`);
      35 | 				resolve(stdout);

      at src/core/charms-sdk.ts:32:14

  console.info
    Executed successfully:

      at src/core/charms-sdk.ts:34:13

  console.log
    !!! 1 {
      spendable: true,
      value: 2500000000,
      txid: '31715a3266cf8827b4547f651f729406fc5e7f5921a0fbf100015fb8c77eda06',
      vout: 0
    } undefined

      at src/core/spells.ts:216:12

  console.info
    Executing command: /Users/gadiguy/workspace/charms/target/release/charms tx show-spell --tx 020000000001010000000000000000000000000000000000000000000000000000000000000000ffffffff0402880200ffffffff02205fa01200000000160014be438a2710f608303168dfde261068040a60fb7a0000000000000000266a24aa21a9ede2f61c3f71d1defd3fa999dfa36953755c690689799962b48bebd836974e8cf90120000000000000000000000000000000000000000000000000000000000000000000000000

      at src/core/charms-sdk.ts:16:11

  console.error
    Stderr: No spell found in the transaction

      30 | 				}
      31 | 				if (stderr) {
    > 32 | 					console.error(`Stderr: ${stderr}`);
         | 					        ^
      33 | 				}
      34 | 				console.info(`Executed successfully: ${stdout}`);
      35 | 				resolve(stdout);

      at src/core/charms-sdk.ts:32:14

  console.info
    Executed successfully:

      at src/core/charms-sdk.ts:34:13

  console.log
    !!! 1 {
      spendable: true,
      value: 312500000,
      txid: '476a24c3de12f72adee00ae2b81103c546975f92f1ae0270e5123b036032d8c1',
      vout: 0
    } undefined

      at src/core/spells.ts:216:12

  console.info
    Executing command: /Users/gadiguy/workspace/charms/target/release/charms tx show-spell --tx 0200000000010292ffcd600d6b65e926534140b0b4aef460f040c99e523e75cb329bd5a123c8c50000000000ffffffff21445b0309bb8779d28a7062f966517d8fbb6a47fee5d901e3640c1485019bc00000000000ffffffff03e8030000000000002251205afec6d38f99b81d705510fc0ac4832e9b02296b9ef16af760378af66fa3a3e2e8030000000000001600140c2ba5242064097fe376ac41be7c892a7abec8fa6766814a00000000160014976278bdd64746b33138b3e7465f57a2003285eb040040b56486df35ef2ef5ae18fd28850b0fb76b2b2be458f936e7f0d2d5c316e2e5d099ec0cb4609b18e2882c7f8b28ea242fef5881de4e06e13bd88d4b2b0f2b4bd94620b95552a6fa61ea56171e6e260cdba57d250b44ba1234dc928a177698f3f016daac20ff61e0fc3b753acb4c32943452d09b8f6d1e58a05e9ee140d7e76441aab70c4cba519c21c050929b74c1a04954b78b4b6035e97a5e078a5a0f28ec96d547bfee9ace803ac0034172826ef36711b0de18c57ce96b4c4ab04490f9fc020c66e022cedcc8994d94f32964956714d3ed68b4785b28c5e10e4243f89e7b3d12160fab8a4c818ab7919181fd31040063057370656c6c4d080282a36776657273696f6e04627478a2647265667380646f75747382a100a3667469636b657269475241494c2d4e46547163757272656e745f636f7369676e6572737881666636316530666333623735336163623463333239343334353264303962386636643165353861303565396565313430643765373634343161616237306334632c623935353532613666613631656135363137316536653236306364626135376432353062343462613132333464633932386131373736393866336630313664617163757272656e745f7468726573686f6c6401a101a166616d6f756e741903e8716170705f7075626c69635f696e70757473a283616e9820189518dc189318ab1821189518da183018f9184c185718a318cc189618cc18ba18ca18ba18bc18fa18b3188e183a188318b617188c051893187e182318579820183d0d18a31857186e183518a20118b4189718da1518be18cb1881183c18eb185b184d031873182318b1185b18eb182d18d4184b0d18b418301858a166616374696f6e667570646174658361749820189518dc189318ab1821189518da183018f9184c185718a318cc189618cc18ba18ca18ba18bc18fa18b3188e183a188318b617188c051893187e182318579820183d0d18a31857186e183518a20118b4189718da1518be18cb1881183c18eb185b184d031873182318b1185b18eb182d18d4184b0d18b418301858a1664df801616374696f6e646d696e7499010418a41859184c18591618a412183e187c184b186318bf1841189e0a18b7187818581851189e1618d21872185818da183718fa182e18da18a0189d182318a018b5183618eb0618c0187918a518ff18df04181a1860186218681894184418e4182d1861184518d0181a18c51518e2183d18da1870182118ae18dc18b718271892186a0c18a5185b18b8188d188b1863185f18f9183e18da183a182918c6070d188718b918ba184d0f18b6130a184f18c5182418461884185a181c1899181818ae188a18e81895141892187305187a187c0a188f18dc18c818f218d5188318df183f11182f188418c7181f189d18de1861186a1018f418ad0718e718d218ff1831189118d718e4183718ff18c71828183f18d418251887181818a7187718271825184718ba184518e718a8187118c41865185b18e6182f0a18d118611842185318721850189c18d6183f189718d0189918e41890181c185818bb185318cd189718ad189a187f18a2183f183218ee185e18eb18a618d202189e18a218c5185318b8185f18521838071818189a18d118f918a2181e18e518ac184118a3184b0618a418e718fc18dd1862041118a918621857181d18b118fc18f71857183f185b188f18ed18fa18f5182b1884186618e90e00186818fc18e3188318a40b18510418e518fd186218d3189618cd0068209b77514a660313136136ad06c7c46bd362caf8e0ac570be36af44ba1bd5f3487ac21c09b77514a660313136136ad06c7c46bd362caf8e0ac570be36af44ba1bd5f348700000000

      at src/core/charms-sdk.ts:16:11

  console.info
    Executed successfully: version: 4
    apps:
      $0000: n/95dc93ab2195da30f94c57a3cc96ccbacababcfab38e3a83b6178c05937e2357/3d0da3576e35a201b497da15becb813ceb5b4d037323b15beb2dd44b0db43058
      $0001: t/95dc93ab2195da30f94c57a3cc96ccbacababcfab38e3a83b6178c05937e2357/3d0da3576e35a201b497da15becb813ceb5b4d037323b15beb2dd44b0db43058
    public_args:
      $0000:
        action: update
      $0001:
        action: mint
    ins:
    - utxo_id: c5c823a1d59b32cb753e529ec940f060f4aeb4b040415326e9656b0d60cdff92:0
    outs:
    - charms:
        $0000:
          ticker: GRAIL-NFT
          current_cosigners: ff61e0fc3b753acb4c32943452d09b8f6d1e58a05e9ee140d7e76441aab70c4c,b95552a6fa61ea56171e6e260cdba57d250b44ba1234dc928a177698f3f016da
          current_threshold: 1
    - charms:
        $0001:
          amount: 1000

      at src/core/charms-sdk.ts:34:13

  console.log
    !!! 1 {
      spendable: true,
      value: 1000,
      txid: 'c1c3dffa0521f24c665258ed803cf1742318e8c2e6972f3143c08e45fe8b7eef',
      vout: 1
    } undefined

      at src/core/spells.ts:216:12

  console.info
    Executing command: /Users/gadiguy/workspace/charms/target/release/charms tx show-spell --tx 020000000001010000000000000000000000000000000000000000000000000000000000000000ffffffff0402870200ffffffff02205fa01200000000160014be438a2710f608303168dfde261068040a60fb7a0000000000000000266a24aa21a9ede2f61c3f71d1defd3fa999dfa36953755c690689799962b48bebd836974e8cf90120000000000000000000000000000000000000000000000000000000000000000000000000

      at src/core/charms-sdk.ts:16:11

  console.error
    Stderr: No spell found in the transaction

      30 | 				}
      31 | 				if (stderr) {
    > 32 | 					console.error(`Stderr: ${stderr}`);
         | 					        ^
      33 | 				}
      34 | 				console.info(`Executed successfully: ${stdout}`);
      35 | 				resolve(stdout);

      at src/core/charms-sdk.ts:32:14

  console.info
    Executed successfully:

      at src/core/charms-sdk.ts:34:13

  console.log
    !!! 1 {
      spendable: true,
      value: 312500000,
      txid: '8e89d026d546931238cf78e0bc257d6a585b1f0f737273417616495198aa76c7',
      vout: 0
    } undefined

      at src/core/spells.ts:216:12

  console.info
    Executing command: /Users/gadiguy/workspace/charms/target/release/charms tx show-spell --tx 020000000001010000000000000000000000000000000000000000000000000000000000000000ffffffff0402a80100ffffffff02807c814a000000001600148dae6f2122b28418b4dcd043140798d3d20390c90000000000000000266a24aa21a9ede2f61c3f71d1defd3fa999dfa36953755c690689799962b48bebd836974e8cf90120000000000000000000000000000000000000000000000000000000000000000000000000

      at src/core/charms-sdk.ts:16:11

  console.error
    Stderr: No spell found in the transaction

      30 | 				}
      31 | 				if (stderr) {
    > 32 | 					console.error(`Stderr: ${stderr}`);
         | 					        ^
      33 | 				}
      34 | 				console.info(`Executed successfully: ${stdout}`);
      35 | 				resolve(stdout);

      at src/core/charms-sdk.ts:32:14

  console.info
    Executed successfully:

      at src/core/charms-sdk.ts:34:13

  console.log
    !!! 1 {
      spendable: true,
      value: 1250000000,
      txid: 'b286209096531165835b14d8a2e8357865b8de6badba7a85238e35894fb6be2e',
      vout: 0
    } undefined

      at src/core/spells.ts:216:12

  console.info
    Executing command: /Users/gadiguy/workspace/charms/target/release/charms tx show-spell --tx 020000000001010000000000000000000000000000000000000000000000000000000000000000ffffffff0402150100ffffffff0200f9029500000000160014c9d9cdc3642ca0458ccf3b6082b251ab8aa241730000000000000000266a24aa21a9ede2f61c3f71d1defd3fa999dfa36953755c690689799962b48bebd836974e8cf90120000000000000000000000000000000000000000000000000000000000000000000000000

      at src/core/charms-sdk.ts:16:11

  console.error
    Stderr: No spell found in the transaction

      30 | 				}
      31 | 				if (stderr) {
    > 32 | 					console.error(`Stderr: ${stderr}`);
         | 					        ^
      33 | 				}
      34 | 				console.info(`Executed successfully: ${stdout}`);
      35 | 				resolve(stdout);

      at src/core/charms-sdk.ts:32:14

  console.info
    Executed successfully:

      at src/core/charms-sdk.ts:34:13

  console.log
    !!! 1 {
      spendable: true,
      value: 2500000000,
      txid: 'a7dbd36817bf4307a3c68dd473f14ac651a60c8f8796abde4a63ef05e0d96a0e',
      vout: 0
    } undefined

      at src/core/spells.ts:216:12

  console.info
    Executing command: /Users/gadiguy/workspace/charms/target/release/charms tx show-spell --tx 020000000001010000000000000000000000000000000000000000000000000000000000000000ffffffff0402860200ffffffff02205fa01200000000160014be438a2710f608303168dfde261068040a60fb7a0000000000000000266a24aa21a9ede2f61c3f71d1defd3fa999dfa36953755c690689799962b48bebd836974e8cf90120000000000000000000000000000000000000000000000000000000000000000000000000

      at src/core/charms-sdk.ts:16:11

  console.error
    Stderr: No spell found in the transaction

      30 | 				}
      31 | 				if (stderr) {
    > 32 | 					console.error(`Stderr: ${stderr}`);
         | 					        ^
      33 | 				}
      34 | 				console.info(`Executed successfully: ${stdout}`);
      35 | 				resolve(stdout);

      at src/core/charms-sdk.ts:32:14

  console.info
    Executed successfully:

      at src/core/charms-sdk.ts:34:13

  console.log
    !!! 1 {
      spendable: true,
      value: 312500000,
      txid: 'e4607266031cc0f3d9f130ecb9187d2a1259e10293a40316c2868fd885ca9b38',
      vout: 0
    } undefined

      at src/core/spells.ts:216:12

  console.info
    Executing command: /Users/gadiguy/workspace/charms/target/release/charms tx show-spell --tx 020000000001010000000000000000000000000000000000000000000000000000000000000000ffffffff04028b0000ffffffff0200f2052a01000000160014c9d9cdc3642ca0458ccf3b6082b251ab8aa241730000000000000000266a24aa21a9ede2f61c3f71d1defd3fa999dfa36953755c690689799962b48bebd836974e8cf90120000000000000000000000000000000000000000000000000000000000000000000000000

      at src/core/charms-sdk.ts:16:11

  console.error
    Stderr: No spell found in the transaction

      30 | 				}
      31 | 				if (stderr) {
    > 32 | 					console.error(`Stderr: ${stderr}`);
         | 					        ^
      33 | 				}
      34 | 				console.info(`Executed successfully: ${stdout}`);
      35 | 				resolve(stdout);

      at src/core/charms-sdk.ts:32:14

  console.info
    Executed successfully:

      at src/core/charms-sdk.ts:34:13

  console.log
    !!! 1 {
      spendable: true,
      value: 5000000000,
      txid: '36687c1c8157de2d8a30f909daa2bfc42dec33054918bc2326608ff40042f26d',
      vout: 0
    } undefined

      at src/core/spells.ts:216:12

  console.info
    Executing command: /Users/gadiguy/workspace/charms/target/release/charms tx show-spell --tx 020000000001010000000000000000000000000000000000000000000000000000000000000000ffffffff0402840200ffffffff02205fa01200000000160014be438a2710f608303168dfde261068040a60fb7a0000000000000000266a24aa21a9ede2f61c3f71d1defd3fa999dfa36953755c690689799962b48bebd836974e8cf90120000000000000000000000000000000000000000000000000000000000000000000000000

      at src/core/charms-sdk.ts:16:11

  console.error
    Stderr: No spell found in the transaction

      30 | 				}
      31 | 				if (stderr) {
    > 32 | 					console.error(`Stderr: ${stderr}`);
         | 					        ^
      33 | 				}
      34 | 				console.info(`Executed successfully: ${stdout}`);
      35 | 				resolve(stdout);

      at src/core/charms-sdk.ts:32:14

  console.info
    Executed successfully:

      at src/core/charms-sdk.ts:34:13

  console.log
    !!! 1 {
      spendable: true,
      value: 312500000,
      txid: '93dbecbd81e660db26a38fb2ef08524a0c87b566d260c7ac77aa2d72fa7ac0bf',
      vout: 0
    } undefined

      at src/core/spells.ts:216:12

  console.info
    Executing command: /Users/gadiguy/workspace/charms/target/release/charms tx show-spell --tx 020000000001010000000000000000000000000000000000000000000000000000000000000000ffffffff0402190300ffffffff02902f500900000000160014df2907ba1c43324bcddd8f295bb3d2d09dd62c290000000000000000266a24aa21a9ede2f61c3f71d1defd3fa999dfa36953755c690689799962b48bebd836974e8cf90120000000000000000000000000000000000000000000000000000000000000000000000000

      at src/core/charms-sdk.ts:16:11

  console.error
    Stderr: No spell found in the transaction

      30 | 				}
      31 | 				if (stderr) {
    > 32 | 					console.error(`Stderr: ${stderr}`);
         | 					        ^
      33 | 				}
      34 | 				console.info(`Executed successfully: ${stdout}`);
      35 | 				resolve(stdout);

      at src/core/charms-sdk.ts:32:14

  console.info
    Executed successfully:

      at src/core/charms-sdk.ts:34:13

  console.log
    !!! 1 {
      spendable: true,
      value: 156250000,
      txid: '62251baa6e750acdf845bb17f0e15123e33d960b89bb8f05e619915b79af9fad',
      vout: 0
    } undefined

      at src/core/spells.ts:216:12

  console.info
    Executing command: /Users/gadiguy/workspace/charms/target/release/charms tx show-spell --tx 020000000001010000000000000000000000000000000000000000000000000000000000000000ffffffff0402ce0100ffffffff0240be4025000000001600148dae6f2122b28418b4dcd043140798d3d20390c90000000000000000266a24aa21a9ede2f61c3f71d1defd3fa999dfa36953755c690689799962b48bebd836974e8cf90120000000000000000000000000000000000000000000000000000000000000000000000000

      at src/core/charms-sdk.ts:16:11

  console.error
    Stderr: No spell found in the transaction

      30 | 				}
      31 | 				if (stderr) {
    > 32 | 					console.error(`Stderr: ${stderr}`);
         | 					        ^
      33 | 				}
      34 | 				console.info(`Executed successfully: ${stdout}`);
      35 | 				resolve(stdout);

      at src/core/charms-sdk.ts:32:14

  console.info
    Executed successfully:

      at src/core/charms-sdk.ts:34:13

  console.log
    !!! 1 {
      spendable: true,
      value: 625000000,
      txid: 'c276e8890239c3467d93d83ba8413a467d69788170f5086f1fff6f2e7a10add6',
      vout: 0
    } undefined

      at src/core/spells.ts:216:12

  console.info
    Executing command: /Users/gadiguy/workspace/charms/target/release/charms tx show-spell --tx 020000000001010000000000000000000000000000000000000000000000000000000000000000ffffffff0402b70200ffffffff02205fa01200000000160014be438a2710f608303168dfde261068040a60fb7a0000000000000000266a24aa21a9ede2f61c3f71d1defd3fa999dfa36953755c690689799962b48bebd836974e8cf90120000000000000000000000000000000000000000000000000000000000000000000000000

      at src/core/charms-sdk.ts:16:11

  console.error
    Stderr: No spell found in the transaction

      30 | 				}
      31 | 				if (stderr) {
    > 32 | 					console.error(`Stderr: ${stderr}`);
         | 					        ^
      33 | 				}
      34 | 				console.info(`Executed successfully: ${stdout}`);
      35 | 				resolve(stdout);

      at src/core/charms-sdk.ts:32:14

  console.info
    Executed successfully:

      at src/core/charms-sdk.ts:34:13

  console.log
    !!! 1 {
      spendable: true,
      value: 312500000,
      txid: '1a531f3c3f0ff210eff06dc4dfadd3bdc2a3a177ddfcf07af50bd92274fd3e7c',
      vout: 0
    } undefined

      at src/core/spells.ts:216:12

  console.info
    Executing command: /Users/gadiguy/workspace/charms/target/release/charms tx show-spell --tx 020000000001010000000000000000000000000000000000000000000000000000000000000000ffffffff0402df0200ffffffff02b40e161300000000160014df2907ba1c43324bcddd8f295bb3d2d09dd62c290000000000000000266a24aa21a9ed63cc9fdc4808f16cb61d58e7fb1420cb3f318904088cd02286ba15776a0b89670120000000000000000000000000000000000000000000000000000000000000000000000000

      at src/core/charms-sdk.ts:16:11

  console.error
    Stderr: No spell found in the transaction

      30 | 				}
      31 | 				if (stderr) {
    > 32 | 					console.error(`Stderr: ${stderr}`);
         | 					        ^
      33 | 				}
      34 | 				console.info(`Executed successfully: ${stdout}`);
      35 | 				resolve(stdout);

      at src/core/charms-sdk.ts:32:14

  console.info
    Executed successfully:

      at src/core/charms-sdk.ts:34:13

  console.log
    !!! 1 {
      spendable: true,
      value: 320212660,
      txid: '2cbbfbac5d8081026a3ea7e2f3f50ceeb7a83a33d07f20c38fb4ca5f352e90f3',
      vout: 0
    } undefined

      at src/core/spells.ts:216:12

  console.info
    Executing command: /Users/gadiguy/workspace/charms/target/release/charms tx show-spell --tx 020000000001010000000000000000000000000000000000000000000000000000000000000000ffffffff0402820200ffffffff02205fa01200000000160014be438a2710f608303168dfde261068040a60fb7a0000000000000000266a24aa21a9ede2f61c3f71d1defd3fa999dfa36953755c690689799962b48bebd836974e8cf90120000000000000000000000000000000000000000000000000000000000000000000000000

      at src/core/charms-sdk.ts:16:11

  console.error
    Stderr: No spell found in the transaction

      30 | 				}
      31 | 				if (stderr) {
    > 32 | 					console.error(`Stderr: ${stderr}`);
         | 					        ^
      33 | 				}
      34 | 				console.info(`Executed successfully: ${stdout}`);
      35 | 				resolve(stdout);

      at src/core/charms-sdk.ts:32:14

  console.info
    Executed successfully:

      at src/core/charms-sdk.ts:34:13

  console.log
    !!! 1 {
      spendable: true,
      value: 312500000,
      txid: '55ff17379ced2c6e9788f4b083d954ee007bf4246f9116afce025dc8d109d93c',
      vout: 0
    } undefined

      at src/core/spells.ts:216:12

  console.info
    Executing command: /Users/gadiguy/workspace/charms/target/release/charms tx show-spell --tx 020000000001010000000000000000000000000000000000000000000000000000000000000000ffffffff04029a0200ffffffff02205fa01200000000160014be438a2710f608303168dfde261068040a60fb7a0000000000000000266a24aa21a9ede2f61c3f71d1defd3fa999dfa36953755c690689799962b48bebd836974e8cf90120000000000000000000000000000000000000000000000000000000000000000000000000

      at src/core/charms-sdk.ts:16:11

  console.error
    Stderr: No spell found in the transaction

      30 | 				}
      31 | 				if (stderr) {
    > 32 | 					console.error(`Stderr: ${stderr}`);
         | 					        ^
      33 | 				}
      34 | 				console.info(`Executed successfully: ${stdout}`);
      35 | 				resolve(stdout);

      at src/core/charms-sdk.ts:32:14

  console.info
    Executed successfully:

      at src/core/charms-sdk.ts:34:13

  console.log
    !!! 1 {
      spendable: true,
      value: 312500000,
      txid: 'd097b87fd008cbbca5d0c993918fc16af36d28753adcb6d6f7b0ce5a623b64bf',
      vout: 0
    } undefined

      at src/core/spells.ts:216:12

  console.info
    Executing command: /Users/gadiguy/workspace/charms/target/release/charms tx show-spell --tx 020000000001010000000000000000000000000000000000000000000000000000000000000000ffffffff0402810200ffffffff02205fa01200000000160014be438a2710f608303168dfde261068040a60fb7a0000000000000000266a24aa21a9ede2f61c3f71d1defd3fa999dfa36953755c690689799962b48bebd836974e8cf90120000000000000000000000000000000000000000000000000000000000000000000000000

      at src/core/charms-sdk.ts:16:11

  console.error
    Stderr: No spell found in the transaction

      30 | 				}
      31 | 				if (stderr) {
    > 32 | 					console.error(`Stderr: ${stderr}`);
         | 					        ^
      33 | 				}
      34 | 				console.info(`Executed successfully: ${stdout}`);
      35 | 				resolve(stdout);

      at src/core/charms-sdk.ts:32:14

  console.info
    Executed successfully:

      at src/core/charms-sdk.ts:34:13

  console.log
    !!! 1 {
      spendable: true,
      value: 312500000,
      txid: '05a59a4208d84c5c9f5f8a82353046642d3083201e5d085a536106ae445795c3',
      vout: 0
    } undefined

      at src/core/spells.ts:216:12

  console.info
    Executing command: /Users/gadiguy/workspace/charms/target/release/charms tx show-spell --tx 020000000001010000000000000000000000000000000000000000000000000000000000000000ffffffff0402f90300ffffffff02c817a80400000000160014b3455ce530ba44de213c9a78c2d662785143c5f40000000000000000266a24aa21a9ede2f61c3f71d1defd3fa999dfa36953755c690689799962b48bebd836974e8cf90120000000000000000000000000000000000000000000000000000000000000000000000000

      at src/core/charms-sdk.ts:16:11

  console.error
    Stderr: No spell found in the transaction

      30 | 				}
      31 | 				if (stderr) {
    > 32 | 					console.error(`Stderr: ${stderr}`);
         | 					        ^
      33 | 				}
      34 | 				console.info(`Executed successfully: ${stdout}`);
      35 | 				resolve(stdout);

      at src/core/charms-sdk.ts:32:14

  console.info
    Executed successfully:

      at src/core/charms-sdk.ts:34:13

  console.log
    !!! 1 {
      spendable: true,
      value: 78125000,
      txid: 'c36ebe3274c6065fb27d061b9e7dd42ab61e37515f919db70a5b8750567bb084',
      vout: 0
    } undefined

      at src/core/spells.ts:216:12

  console.info
    Executing command: /Users/gadiguy/workspace/charms/target/release/charms tx show-spell --tx 020000000001010000000000000000000000000000000000000000000000000000000000000000ffffffff0402850100ffffffff02807c814a00000000160014c9d9cdc3642ca0458ccf3b6082b251ab8aa241730000000000000000266a24aa21a9ede2f61c3f71d1defd3fa999dfa36953755c690689799962b48bebd836974e8cf90120000000000000000000000000000000000000000000000000000000000000000000000000

      at src/core/charms-sdk.ts:16:11

  console.error
    Stderr: No spell found in the transaction

      30 | 				}
      31 | 				if (stderr) {
    > 32 | 					console.error(`Stderr: ${stderr}`);
         | 					        ^
      33 | 				}
      34 | 				console.info(`Executed successfully: ${stdout}`);
      35 | 				resolve(stdout);

      at src/core/charms-sdk.ts:32:14

  console.info
    Executed successfully:

      at src/core/charms-sdk.ts:34:13

  console.log
    !!! 1 {
      spendable: true,
      value: 1250000000,
      txid: 'dfc254d0a7d44d27e5242345f8aa321cb1355cac8288eb5e958deeb653b68a46',
      vout: 0
    } undefined

      at src/core/spells.ts:216:12

  console.info
    Executing command: /Users/gadiguy/workspace/charms/target/release/charms tx show-spell --tx 020000000001010000000000000000000000000000000000000000000000000000000000000000ffffffff04027e0200ffffffff02205fa01200000000160014be438a2710f608303168dfde261068040a60fb7a0000000000000000266a24aa21a9ede2f61c3f71d1defd3fa999dfa36953755c690689799962b48bebd836974e8cf90120000000000000000000000000000000000000000000000000000000000000000000000000

      at src/core/charms-sdk.ts:16:11

  console.error
    Stderr: No spell found in the transaction

      30 | 				}
      31 | 				if (stderr) {
    > 32 | 					console.error(`Stderr: ${stderr}`);
         | 					        ^
      33 | 				}
      34 | 				console.info(`Executed successfully: ${stdout}`);
      35 | 				resolve(stdout);

      at src/core/charms-sdk.ts:32:14

  console.info
    Executed successfully:

      at src/core/charms-sdk.ts:34:13

  console.log
    !!! 1 {
      spendable: true,
      value: 312500000,
      txid: '836d5c7dec494f4b2f941f36120bdd8ef13d0c9097d90841be1311b5f1690329',
      vout: 0
    } undefined

      at src/core/spells.ts:216:12

  console.info
    Executing command: /Users/gadiguy/workspace/charms/target/release/charms tx show-spell --tx 020000000001010000000000000000000000000000000000000000000000000000000000000000ffffffff0402bd0300ffffffff02c817a80400000000160014b3455ce530ba44de213c9a78c2d662785143c5f40000000000000000266a24aa21a9ede2f61c3f71d1defd3fa999dfa36953755c690689799962b48bebd836974e8cf90120000000000000000000000000000000000000000000000000000000000000000000000000

      at src/core/charms-sdk.ts:16:11

  console.error
    Stderr: No spell found in the transaction

      30 | 				}
      31 | 				if (stderr) {
    > 32 | 					console.error(`Stderr: ${stderr}`);
         | 					        ^
      33 | 				}
      34 | 				console.info(`Executed successfully: ${stdout}`);
      35 | 				resolve(stdout);

      at src/core/charms-sdk.ts:32:14

  console.info
    Executed successfully:

      at src/core/charms-sdk.ts:34:13

  console.log
    !!! 1 {
      spendable: true,
      value: 78125000,
      txid: '401958c05063bbb9af6c7c7bd97d699b0ff2da5c8ef397bbca4958a2f64546c5',
      vout: 0
    } undefined

      at src/core/spells.ts:216:12

  console.info
    Executing command: /Users/gadiguy/workspace/charms/target/release/charms tx show-spell --tx 020000000001010000000000000000000000000000000000000000000000000000000000000000ffffffff04027d0200ffffffff02205fa01200000000160014be438a2710f608303168dfde261068040a60fb7a0000000000000000266a24aa21a9ede2f61c3f71d1defd3fa999dfa36953755c690689799962b48bebd836974e8cf90120000000000000000000000000000000000000000000000000000000000000000000000000

      at src/core/charms-sdk.ts:16:11

  console.error
    Stderr: No spell found in the transaction

      30 | 				}
      31 | 				if (stderr) {
    > 32 | 					console.error(`Stderr: ${stderr}`);
         | 					        ^
      33 | 				}
      34 | 				console.info(`Executed successfully: ${stdout}`);
      35 | 				resolve(stdout);

      at src/core/charms-sdk.ts:32:14

  console.info
    Executed successfully:

      at src/core/charms-sdk.ts:34:13

  console.log
    !!! 1 {
      spendable: true,
      value: 312500000,
      txid: '8722c897534da236f9afcf2f6d6093371e9d525d8172aee0ac8564f57856cfb7',
      vout: 0
    } undefined

      at src/core/spells.ts:216:12

  console.info
    Executing command: /Users/gadiguy/workspace/charms/target/release/charms tx show-spell --tx 020000000001010000000000000000000000000000000000000000000000000000000000000000ffffffff04027c0200ffffffff02205fa01200000000160014be438a2710f608303168dfde261068040a60fb7a0000000000000000266a24aa21a9ede2f61c3f71d1defd3fa999dfa36953755c690689799962b48bebd836974e8cf90120000000000000000000000000000000000000000000000000000000000000000000000000

      at src/core/charms-sdk.ts:16:11

  console.error
    Stderr: No spell found in the transaction

      30 | 				}
      31 | 				if (stderr) {
    > 32 | 					console.error(`Stderr: ${stderr}`);
         | 					        ^
      33 | 				}
      34 | 				console.info(`Executed successfully: ${stdout}`);
      35 | 				resolve(stdout);

      at src/core/charms-sdk.ts:32:14

  console.info
    Executed successfully:

      at src/core/charms-sdk.ts:34:13

  console.log
    !!! 1 {
      spendable: true,
      value: 312500000,
      txid: 'eb21c81bdde3ceb0bc0b0ed9d5f16b359f10c0467466f5d2c9fe4124a6765727',
      vout: 0
    } undefined

      at src/core/spells.ts:216:12

  console.info
    Executing command: /Users/gadiguy/workspace/charms/target/release/charms tx show-spell --tx 020000000001010000000000000000000000000000000000000000000000000000000000000000ffffffff04027b0200ffffffff028d14b51200000000160014be438a2710f608303168dfde261068040a60fb7a0000000000000000266a24aa21a9ed0af7d292ad5b953145006b148c2978d05f1569c58b04df07fbb42b5f0f01e7270120000000000000000000000000000000000000000000000000000000000000000000000000

      at src/core/charms-sdk.ts:16:11

  console.error
    Stderr: No spell found in the transaction

      30 | 				}
      31 | 				if (stderr) {
    > 32 | 					console.error(`Stderr: ${stderr}`);
         | 					        ^
      33 | 				}
      34 | 				console.info(`Executed successfully: ${stdout}`);
      35 | 				resolve(stdout);

      at src/core/charms-sdk.ts:32:14

  console.info
    Executed successfully:

      at src/core/charms-sdk.ts:34:13

  console.log
    !!! 1 {
      spendable: true,
      value: 313857165,
      txid: '405d9e384615d6ddb860595c612f7318eea5c7c3aed0ce8214cf8ffb6b00b5fa',
      vout: 0
    } undefined

      at src/core/spells.ts:216:12

  console.info
    Executing command: /Users/gadiguy/workspace/charms/target/release/charms tx show-spell --tx 020000000001010000000000000000000000000000000000000000000000000000000000000000ffffffff0402640300ffffffff02902f5009000000001600147ee0b7b0a06b1715257f82da01a3a4daa7a6aa780000000000000000266a24aa21a9ede2f61c3f71d1defd3fa999dfa36953755c690689799962b48bebd836974e8cf90120000000000000000000000000000000000000000000000000000000000000000000000000

      at src/core/charms-sdk.ts:16:11

  console.error
    Stderr: No spell found in the transaction

      30 | 				}
      31 | 				if (stderr) {
    > 32 | 					console.error(`Stderr: ${stderr}`);
         | 					        ^
      33 | 				}
      34 | 				console.info(`Executed successfully: ${stdout}`);
      35 | 				resolve(stdout);

      at src/core/charms-sdk.ts:32:14

  console.info
    Executed successfully:

      at src/core/charms-sdk.ts:34:13

  console.log
    !!! 1 {
      spendable: true,
      value: 156250000,
      txid: '2d1d33e713f1806f01478d39f0b5f32c69ab33a497e5741456483540f38f3f4b',
      vout: 0
    } undefined

      at src/core/spells.ts:216:12

  console.info
    Executing command: /Users/gadiguy/workspace/charms/target/release/charms tx show-spell --tx 020000000001010000000000000000000000000000000000000000000000000000000000000000ffffffff0402d60200ffffffff02205fa01200000000160014be438a2710f608303168dfde261068040a60fb7a0000000000000000266a24aa21a9ede2f61c3f71d1defd3fa999dfa36953755c690689799962b48bebd836974e8cf90120000000000000000000000000000000000000000000000000000000000000000000000000

      at src/core/charms-sdk.ts:16:11

  console.error
    Stderr: No spell found in the transaction

      30 | 				}
      31 | 				if (stderr) {
    > 32 | 					console.error(`Stderr: ${stderr}`);
         | 					        ^
      33 | 				}
      34 | 				console.info(`Executed successfully: ${stdout}`);
      35 | 				resolve(stdout);

      at src/core/charms-sdk.ts:32:14

  console.info
    Executed successfully:

      at src/core/charms-sdk.ts:34:13

  console.log
    !!! 1 {
      spendable: true,
      value: 312500000,
      txid: '1b220111f117de3374f5833408446b4f224032ba0b341c2950249abe13c27caa',
      vout: 0
    } undefined

      at src/core/spells.ts:216:12

  console.info
    Executing command: /Users/gadiguy/workspace/charms/target/release/charms tx show-spell --tx 020000000001010000000000000000000000000000000000000000000000000000000000000000ffffffff0402780200ffffffff02205fa01200000000160014565dbe4e929f0f3587ef4ff2533f3dd04fce75c70000000000000000266a24aa21a9ede2f61c3f71d1defd3fa999dfa36953755c690689799962b48bebd836974e8cf90120000000000000000000000000000000000000000000000000000000000000000000000000

      at src/core/charms-sdk.ts:16:11

  console.error
    Stderr: No spell found in the transaction

      30 | 				}
      31 | 				if (stderr) {
    > 32 | 					console.error(`Stderr: ${stderr}`);
         | 					        ^
      33 | 				}
      34 | 				console.info(`Executed successfully: ${stdout}`);
      35 | 				resolve(stdout);

      at src/core/charms-sdk.ts:32:14

  console.info
    Executed successfully:

      at src/core/charms-sdk.ts:34:13

  console.log
    !!! 1 {
      spendable: true,
      value: 312500000,
      txid: '0bdb7ec0883c2a9f748361594c3b33d3917a3516fdb49480462c5612cc07c3fa',
      vout: 0
    } undefined

      at src/core/spells.ts:216:12

  console.info
    Executing command: /Users/gadiguy/workspace/charms/target/release/charms tx show-spell --tx 020000000001010000000000000000000000000000000000000000000000000000000000000000ffffffff0402700200ffffffff02205fa01200000000160014565dbe4e929f0f3587ef4ff2533f3dd04fce75c70000000000000000266a24aa21a9ede2f61c3f71d1defd3fa999dfa36953755c690689799962b48bebd836974e8cf90120000000000000000000000000000000000000000000000000000000000000000000000000

      at src/core/charms-sdk.ts:16:11

  console.error
    Stderr: No spell found in the transaction

      30 | 				}
      31 | 				if (stderr) {
    > 32 | 					console.error(`Stderr: ${stderr}`);
         | 					        ^
      33 | 				}
      34 | 				console.info(`Executed successfully: ${stdout}`);
      35 | 				resolve(stdout);

      at src/core/charms-sdk.ts:32:14

  console.info
    Executed successfully:

      at src/core/charms-sdk.ts:34:13

  console.log
    !!! 1 {
      spendable: true,
      value: 312500000,
      txid: '05e3eb79e684873577c10a5655ba1d1f413088d081698f74c064eed49cd1791e',
      vout: 0
    } undefined

      at src/core/spells.ts:216:12

  console.info
    Executing command: /Users/gadiguy/workspace/charms/target/release/charms tx show-spell --tx 020000000001010000000000000000000000000000000000000000000000000000000000000000ffffffff04026b0200ffffffff02205fa01200000000160014565dbe4e929f0f3587ef4ff2533f3dd04fce75c70000000000000000266a24aa21a9ede2f61c3f71d1defd3fa999dfa36953755c690689799962b48bebd836974e8cf90120000000000000000000000000000000000000000000000000000000000000000000000000

      at src/core/charms-sdk.ts:16:11

  console.error
    Stderr: No spell found in the transaction

      30 | 				}
      31 | 				if (stderr) {
    > 32 | 					console.error(`Stderr: ${stderr}`);
         | 					        ^
      33 | 				}
      34 | 				console.info(`Executed successfully: ${stdout}`);
      35 | 				resolve(stdout);

      at src/core/charms-sdk.ts:32:14

  console.info
    Executed successfully:

      at src/core/charms-sdk.ts:34:13

  console.log
    !!! 1 {
      spendable: true,
      value: 312500000,
      txid: '9dc12d5945265847fd10690f96850aa9824ed0c50501b3cd01fcdd1a2b86869a',
      vout: 0
    } undefined

      at src/core/spells.ts:216:12

  console.info
    Executing command: /Users/gadiguy/workspace/charms/target/release/charms tx show-spell --tx 020000000001010000000000000000000000000000000000000000000000000000000000000000ffffffff0402660200ffffffff02205fa01200000000160014565dbe4e929f0f3587ef4ff2533f3dd04fce75c70000000000000000266a24aa21a9ede2f61c3f71d1defd3fa999dfa36953755c690689799962b48bebd836974e8cf90120000000000000000000000000000000000000000000000000000000000000000000000000

      at src/core/charms-sdk.ts:16:11

  console.error
    Stderr: No spell found in the transaction

      30 | 				}
      31 | 				if (stderr) {
    > 32 | 					console.error(`Stderr: ${stderr}`);
         | 					        ^
      33 | 				}
      34 | 				console.info(`Executed successfully: ${stdout}`);
      35 | 				resolve(stdout);

      at src/core/charms-sdk.ts:32:14

  console.info
    Executed successfully:

      at src/core/charms-sdk.ts:34:13

  console.log
    !!! 1 {
      spendable: true,
      value: 312500000,
      txid: 'e5575f84c6a8565c500dd11ee9bd0370c11a5fca3690bc1153e5643659d72331',
      vout: 0
    } undefined

      at src/core/spells.ts:216:12

  console.info
    Executing command: /Users/gadiguy/workspace/charms/target/release/charms tx show-spell --tx 020000000001010000000000000000000000000000000000000000000000000000000000000000ffffffff0402630400ffffffff02e40b540200000000160014c699b99a00cc336f2cd3615b2361af367128c86a0000000000000000266a24aa21a9ede2f61c3f71d1defd3fa999dfa36953755c690689799962b48bebd836974e8cf90120000000000000000000000000000000000000000000000000000000000000000000000000

      at src/core/charms-sdk.ts:16:11

  console.error
    Stderr: No spell found in the transaction

      30 | 				}
      31 | 				if (stderr) {
    > 32 | 					console.error(`Stderr: ${stderr}`);
         | 					        ^
      33 | 				}
      34 | 				console.info(`Executed successfully: ${stdout}`);
      35 | 				resolve(stdout);

      at src/core/charms-sdk.ts:32:14

  console.info
    Executed successfully:

      at src/core/charms-sdk.ts:34:13

  console.log
    !!! 1 {
      spendable: true,
      value: 39062500,
      txid: 'c16f6f796340979c91312fe01505a872a826375a0d566942eec545fc1261b902',
      vout: 0
    } undefined

      at src/core/spells.ts:216:12

  console.info
    Executing command: /Users/gadiguy/workspace/charms/target/release/charms tx show-spell --tx 020000000001010000000000000000000000000000000000000000000000000000000000000000ffffffff0402610200ffffffff02205fa01200000000160014565dbe4e929f0f3587ef4ff2533f3dd04fce75c70000000000000000266a24aa21a9ede2f61c3f71d1defd3fa999dfa36953755c690689799962b48bebd836974e8cf90120000000000000000000000000000000000000000000000000000000000000000000000000

      at src/core/charms-sdk.ts:16:11

  console.error
    Stderr: No spell found in the transaction

      30 | 				}
      31 | 				if (stderr) {
    > 32 | 					console.error(`Stderr: ${stderr}`);
         | 					        ^
      33 | 				}
      34 | 				console.info(`Executed successfully: ${stdout}`);
      35 | 				resolve(stdout);

      at src/core/charms-sdk.ts:32:14

  console.info
    Executed successfully:

      at src/core/charms-sdk.ts:34:13

  console.log
    !!! 1 {
      spendable: true,
      value: 312500000,
      txid: '56eb9388a044971f84c2271c59fc1cacd4fba570d139c8f136a7c3ad934901b5',
      vout: 0
    } undefined

      at src/core/spells.ts:216:12

  console.info
    Executing command: /Users/gadiguy/workspace/charms/target/release/charms tx show-spell --tx 020000000001010000000000000000000000000000000000000000000000000000000000000000ffffffff04025f0200ffffffff02205fa01200000000160014565dbe4e929f0f3587ef4ff2533f3dd04fce75c70000000000000000266a24aa21a9ede2f61c3f71d1defd3fa999dfa36953755c690689799962b48bebd836974e8cf90120000000000000000000000000000000000000000000000000000000000000000000000000

      at src/core/charms-sdk.ts:16:11

  console.error
    Stderr: No spell found in the transaction

      30 | 				}
      31 | 				if (stderr) {
    > 32 | 					console.error(`Stderr: ${stderr}`);
         | 					        ^
      33 | 				}
      34 | 				console.info(`Executed successfully: ${stdout}`);
      35 | 				resolve(stdout);

      at src/core/charms-sdk.ts:32:14

  console.info
    Executed successfully:

      at src/core/charms-sdk.ts:34:13

  console.log
    !!! 1 {
      spendable: true,
      value: 312500000,
      txid: '3762190da5f8b114a65e66aa4ba419b5f11dc469f2125d10170edb872f2c4c83',
      vout: 0
    } undefined

      at src/core/spells.ts:216:12

  console.info
    Executing command: /Users/gadiguy/workspace/charms/target/release/charms tx show-spell --tx 020000000001010000000000000000000000000000000000000000000000000000000000000000ffffffff0402a90200ffffffff02205fa01200000000160014be438a2710f608303168dfde261068040a60fb7a0000000000000000266a24aa21a9ede2f61c3f71d1defd3fa999dfa36953755c690689799962b48bebd836974e8cf90120000000000000000000000000000000000000000000000000000000000000000000000000

      at src/core/charms-sdk.ts:16:11

  console.error
    Stderr: No spell found in the transaction

      30 | 				}
      31 | 				if (stderr) {
    > 32 | 					console.error(`Stderr: ${stderr}`);
         | 					        ^
      33 | 				}
      34 | 				console.info(`Executed successfully: ${stdout}`);
      35 | 				resolve(stdout);

      at src/core/charms-sdk.ts:32:14

  console.info
    Executed successfully:

      at src/core/charms-sdk.ts:34:13

  console.log
    !!! 1 {
      spendable: true,
      value: 312500000,
      txid: 'ff69511e4616884e21927ffbae71664e8606723bd70a0df1c967b2fda017bcde',
      vout: 0
    } undefined

      at src/core/spells.ts:216:12

  console.info
    Executing command: /Users/gadiguy/workspace/charms/target/release/charms tx show-spell --tx 020000000001010000000000000000000000000000000000000000000000000000000000000000ffffffff04025a0200ffffffff02205fa01200000000160014565dbe4e929f0f3587ef4ff2533f3dd04fce75c70000000000000000266a24aa21a9ede2f61c3f71d1defd3fa999dfa36953755c690689799962b48bebd836974e8cf90120000000000000000000000000000000000000000000000000000000000000000000000000

      at src/core/charms-sdk.ts:16:11

  console.error
    Stderr: No spell found in the transaction

      30 | 				}
      31 | 				if (stderr) {
    > 32 | 					console.error(`Stderr: ${stderr}`);
         | 					        ^
      33 | 				}
      34 | 				console.info(`Executed successfully: ${stdout}`);
      35 | 				resolve(stdout);

      at src/core/charms-sdk.ts:32:14

  console.info
    Executed successfully:

      at src/core/charms-sdk.ts:34:13

  console.log
    !!! 1 {
      spendable: true,
      value: 312500000,
      txid: 'e68fc0855f9a04d9d31aa0baa7213c0165c5f2da8931908077261371814cc4a4',
      vout: 0
    } undefined

      at src/core/spells.ts:216:12

  console.info
    Executing command: /Users/gadiguy/workspace/charms/target/release/charms tx show-spell --tx 020000000001010000000000000000000000000000000000000000000000000000000000000000ffffffff0402a60100ffffffff02807c814a000000001600148dae6f2122b28418b4dcd043140798d3d20390c90000000000000000266a24aa21a9ede2f61c3f71d1defd3fa999dfa36953755c690689799962b48bebd836974e8cf90120000000000000000000000000000000000000000000000000000000000000000000000000

      at src/core/charms-sdk.ts:16:11

  console.error
    Stderr: No spell found in the transaction

      30 | 				}
      31 | 				if (stderr) {
    > 32 | 					console.error(`Stderr: ${stderr}`);
         | 					        ^
      33 | 				}
      34 | 				console.info(`Executed successfully: ${stdout}`);
      35 | 				resolve(stdout);

      at src/core/charms-sdk.ts:32:14

  console.info
    Executed successfully:

      at src/core/charms-sdk.ts:34:13

  console.log
    !!! 1 {
      spendable: true,
      value: 1250000000,
      txid: '9cfdb88e1b2cfbb749e10a40f580aa7ae0915c6be941cfca6ebf0b0cae1a09e8',
      vout: 0
    } undefined

      at src/core/spells.ts:216:12

  console.info
    Executing command: /Users/gadiguy/workspace/charms/target/release/charms tx show-spell --tx 020000000001010000000000000000000000000000000000000000000000000000000000000000ffffffff0402970100ffffffff02807c814a00000000160014c9d9cdc3642ca0458ccf3b6082b251ab8aa241730000000000000000266a24aa21a9ede2f61c3f71d1defd3fa999dfa36953755c690689799962b48bebd836974e8cf90120000000000000000000000000000000000000000000000000000000000000000000000000

      at src/core/charms-sdk.ts:16:11

  console.error
    Stderr: No spell found in the transaction

      30 | 				}
      31 | 				if (stderr) {
    > 32 | 					console.error(`Stderr: ${stderr}`);
         | 					        ^
      33 | 				}
      34 | 				console.info(`Executed successfully: ${stdout}`);
      35 | 				resolve(stdout);

      at src/core/charms-sdk.ts:32:14

  console.info
    Executed successfully:

      at src/core/charms-sdk.ts:34:13

  console.log
    !!! 1 {
      spendable: true,
      value: 1250000000,
      txid: '775c749cdf7a7350e6b7ca863808bf22d3dc654c9ba881ccb4ff249c50e114a8',
      vout: 0
    } undefined

      at src/core/spells.ts:216:12

  console.info
    Executing command: /Users/gadiguy/workspace/charms/target/release/charms tx show-spell --tx 020000000001010000000000000000000000000000000000000000000000000000000000000000ffffffff0402570200ffffffff0240be402500000000160014565dbe4e929f0f3587ef4ff2533f3dd04fce75c70000000000000000266a24aa21a9ede2f61c3f71d1defd3fa999dfa36953755c690689799962b48bebd836974e8cf90120000000000000000000000000000000000000000000000000000000000000000000000000

      at src/core/charms-sdk.ts:16:11

  console.error
    Stderr: No spell found in the transaction

      30 | 				}
      31 | 				if (stderr) {
    > 32 | 					console.error(`Stderr: ${stderr}`);
         | 					        ^
      33 | 				}
      34 | 				console.info(`Executed successfully: ${stdout}`);
      35 | 				resolve(stdout);

      at src/core/charms-sdk.ts:32:14

  console.info
    Executed successfully:

      at src/core/charms-sdk.ts:34:13

  console.log
    !!! 1 {
      spendable: true,
      value: 625000000,
      txid: '23fcb7c26219ca7ca8334c01a68c01975052e1c4b1b270d2b55759a800b87d46',
      vout: 0
    } undefined

      at src/core/spells.ts:216:12

  console.info
    Executing command: /Users/gadiguy/workspace/charms/target/release/charms tx show-spell --tx 020000000001010000000000000000000000000000000000000000000000000000000000000000ffffffff0402b80300ffffffff02c817a80400000000160014b3455ce530ba44de213c9a78c2d662785143c5f40000000000000000266a24aa21a9ede2f61c3f71d1defd3fa999dfa36953755c690689799962b48bebd836974e8cf90120000000000000000000000000000000000000000000000000000000000000000000000000

      at src/core/charms-sdk.ts:16:11

  console.error
    Stderr: No spell found in the transaction

      30 | 				}
      31 | 				if (stderr) {
    > 32 | 					console.error(`Stderr: ${stderr}`);
         | 					        ^
      33 | 				}
      34 | 				console.info(`Executed successfully: ${stdout}`);
      35 | 				resolve(stdout);

      at src/core/charms-sdk.ts:32:14

  console.info
    Executed successfully:

      at src/core/charms-sdk.ts:34:13

  console.log
    !!! 1 {
      spendable: true,
      value: 78125000,
      txid: '9d94f91173e0f98ab534e81d9a6ce6a1a44f333b001daebbbf8cbe64ad76d45b',
      vout: 0
    } undefined

      at src/core/spells.ts:216:12

  console.info
    Executing command: /Users/gadiguy/workspace/charms/target/release/charms tx show-spell --tx 020000000001010000000000000000000000000000000000000000000000000000000000000000ffffffff0402540200ffffffff0240be402500000000160014565dbe4e929f0f3587ef4ff2533f3dd04fce75c70000000000000000266a24aa21a9ede2f61c3f71d1defd3fa999dfa36953755c690689799962b48bebd836974e8cf90120000000000000000000000000000000000000000000000000000000000000000000000000

      at src/core/charms-sdk.ts:16:11

  console.error
    Stderr: No spell found in the transaction

      30 | 				}
      31 | 				if (stderr) {
    > 32 | 					console.error(`Stderr: ${stderr}`);
         | 					        ^
      33 | 				}
      34 | 				console.info(`Executed successfully: ${stdout}`);
      35 | 				resolve(stdout);

      at src/core/charms-sdk.ts:32:14

  console.info
    Executed successfully:

      at src/core/charms-sdk.ts:34:13

  console.log
    !!! 1 {
      spendable: true,
      value: 625000000,
      txid: '371f1e384da33d431ac74b222098fb92e4795c241970cfafe0550690ec839fb1',
      vout: 0
    } undefined

      at src/core/spells.ts:216:12

  console.info
    Executing command: /Users/gadiguy/workspace/charms/target/release/charms tx show-spell --tx 020000000001010000000000000000000000000000000000000000000000000000000000000000ffffffff0402710200ffffffff02205fa01200000000160014565dbe4e929f0f3587ef4ff2533f3dd04fce75c70000000000000000266a24aa21a9ede2f61c3f71d1defd3fa999dfa36953755c690689799962b48bebd836974e8cf90120000000000000000000000000000000000000000000000000000000000000000000000000

      at src/core/charms-sdk.ts:16:11

  console.error
    Stderr: No spell found in the transaction

      30 | 				}
      31 | 				if (stderr) {
    > 32 | 					console.error(`Stderr: ${stderr}`);
         | 					        ^
      33 | 				}
      34 | 				console.info(`Executed successfully: ${stdout}`);
      35 | 				resolve(stdout);

      at src/core/charms-sdk.ts:32:14

  console.info
    Executed successfully:

      at src/core/charms-sdk.ts:34:13

  console.log
    !!! 1 {
      spendable: true,
      value: 312500000,
      txid: '0f6ef485aa97356d51e7dbc44f9a9362fede2f9536f7e89d7f2ce0950d17f3ac',
      vout: 0
    } undefined

      at src/core/spells.ts:216:12

  console.info
    Executing command: /Users/gadiguy/workspace/charms/target/release/charms tx show-spell --tx 020000000001010000000000000000000000000000000000000000000000000000000000000000ffffffff0402520200ffffffff0240be402500000000160014565dbe4e929f0f3587ef4ff2533f3dd04fce75c70000000000000000266a24aa21a9ede2f61c3f71d1defd3fa999dfa36953755c690689799962b48bebd836974e8cf90120000000000000000000000000000000000000000000000000000000000000000000000000

      at src/core/charms-sdk.ts:16:11

  console.error
    Stderr: No spell found in the transaction

      30 | 				}
      31 | 				if (stderr) {
    > 32 | 					console.error(`Stderr: ${stderr}`);
         | 					        ^
      33 | 				}
      34 | 				console.info(`Executed successfully: ${stdout}`);
      35 | 				resolve(stdout);

      at src/core/charms-sdk.ts:32:14

  console.info
    Executed successfully:

      at src/core/charms-sdk.ts:34:13

  console.log
    !!! 1 {
      spendable: true,
      value: 625000000,
      txid: '0e0422069613d2f19444ff8f888d2d9595cb8b3f83f1f716f1f9d106b7097827',
      vout: 0
    } undefined

      at src/core/spells.ts:216:12

  console.info
    Executing command: /Users/gadiguy/workspace/charms/target/release/charms tx show-spell --tx 020000000001010000000000000000000000000000000000000000000000000000000000000000ffffffff0402500200ffffffff0240be402500000000160014565dbe4e929f0f3587ef4ff2533f3dd04fce75c70000000000000000266a24aa21a9ede2f61c3f71d1defd3fa999dfa36953755c690689799962b48bebd836974e8cf90120000000000000000000000000000000000000000000000000000000000000000000000000

      at src/core/charms-sdk.ts:16:11

  console.error
    Stderr: No spell found in the transaction

      30 | 				}
      31 | 				if (stderr) {
    > 32 | 					console.error(`Stderr: ${stderr}`);
         | 					        ^
      33 | 				}
      34 | 				console.info(`Executed successfully: ${stdout}`);
      35 | 				resolve(stdout);

      at src/core/charms-sdk.ts:32:14

  console.info
    Executed successfully:

      at src/core/charms-sdk.ts:34:13

  console.log
    !!! 1 {
      spendable: true,
      value: 625000000,
      txid: '4bd44a1604523c5de51effa2a029a911c5ef8b6484b583ebbf9050bc0e465c61',
      vout: 0
    } undefined

      at src/core/spells.ts:216:12

  console.info
    Executing command: /Users/gadiguy/workspace/charms/target/release/charms tx show-spell --tx 020000000001010000000000000000000000000000000000000000000000000000000000000000ffffffff04024c0200ffffffff0240be402500000000160014565dbe4e929f0f3587ef4ff2533f3dd04fce75c70000000000000000266a24aa21a9ede2f61c3f71d1defd3fa999dfa36953755c690689799962b48bebd836974e8cf90120000000000000000000000000000000000000000000000000000000000000000000000000

      at src/core/charms-sdk.ts:16:11

  console.error
    Stderr: No spell found in the transaction

      30 | 				}
      31 | 				if (stderr) {
    > 32 | 					console.error(`Stderr: ${stderr}`);
         | 					        ^
      33 | 				}
      34 | 				console.info(`Executed successfully: ${stdout}`);
      35 | 				resolve(stdout);

      at src/core/charms-sdk.ts:32:14

  console.info
    Executed successfully:

      at src/core/charms-sdk.ts:34:13

  console.log
    !!! 1 {
      spendable: true,
      value: 625000000,
      txid: '99b746b2fb1aa3399de4895073183560c2452f75a242cacad744fcc82f9a4180',
      vout: 0
    } undefined

      at src/core/spells.ts:216:12

  console.info
    Executing command: /Users/gadiguy/workspace/charms/target/release/charms tx show-spell --tx 020000000001010000000000000000000000000000000000000000000000000000000000000000ffffffff0402260400ffffffff02e40b540200000000160014c699b99a00cc336f2cd3615b2361af367128c86a0000000000000000266a24aa21a9ede2f61c3f71d1defd3fa999dfa36953755c690689799962b48bebd836974e8cf90120000000000000000000000000000000000000000000000000000000000000000000000000

      at src/core/charms-sdk.ts:16:11

  console.error
    Stderr: No spell found in the transaction

      30 | 				}
      31 | 				if (stderr) {
    > 32 | 					console.error(`Stderr: ${stderr}`);
         | 					        ^
      33 | 				}
      34 | 				console.info(`Executed successfully: ${stdout}`);
      35 | 				resolve(stdout);

      at src/core/charms-sdk.ts:32:14

  console.info
    Executed successfully:

      at src/core/charms-sdk.ts:34:13

  console.log
    !!! 1 {
      spendable: true,
      value: 39062500,
      txid: '0b9e2f3bbfe18639ea0f314ad8e4ea683f6a5a587d9cb6708d33a04d3329698c',
      vout: 0
    } undefined

      at src/core/spells.ts:216:12

  console.info
    Executing command: /Users/gadiguy/workspace/charms/target/release/charms tx show-spell --tx 020000000001010000000000000000000000000000000000000000000000000000000000000000ffffffff0402710300ffffffff02902f5009000000001600147ee0b7b0a06b1715257f82da01a3a4daa7a6aa780000000000000000266a24aa21a9ede2f61c3f71d1defd3fa999dfa36953755c690689799962b48bebd836974e8cf90120000000000000000000000000000000000000000000000000000000000000000000000000

      at src/core/charms-sdk.ts:16:11

  console.error
    Stderr: No spell found in the transaction

      30 | 				}
      31 | 				if (stderr) {
    > 32 | 					console.error(`Stderr: ${stderr}`);
         | 					        ^
      33 | 				}
      34 | 				console.info(`Executed successfully: ${stdout}`);
      35 | 				resolve(stdout);

      at src/core/charms-sdk.ts:32:14

  console.info
    Executed successfully:

      at src/core/charms-sdk.ts:34:13

  console.log
    !!! 1 {
      spendable: true,
      value: 156250000,
      txid: 'a9df9b5ab4e8f6c21643bcc34a2bd547d0b74ef60823f2e3b5d47e41cc5fd9cf',
      vout: 0
    } undefined

      at src/core/spells.ts:216:12

  console.info
    Executing command: /Users/gadiguy/workspace/charms/target/release/charms tx show-spell --tx 020000000001010000000000000000000000000000000000000000000000000000000000000000ffffffff04024a0200ffffffff0240be402500000000160014565dbe4e929f0f3587ef4ff2533f3dd04fce75c70000000000000000266a24aa21a9ede2f61c3f71d1defd3fa999dfa36953755c690689799962b48bebd836974e8cf90120000000000000000000000000000000000000000000000000000000000000000000000000

      at src/core/charms-sdk.ts:16:11

  console.error
    Stderr: No spell found in the transaction

      30 | 				}
      31 | 				if (stderr) {
    > 32 | 					console.error(`Stderr: ${stderr}`);
         | 					        ^
      33 | 				}
      34 | 				console.info(`Executed successfully: ${stdout}`);
      35 | 				resolve(stdout);

      at src/core/charms-sdk.ts:32:14

  console.info
    Executed successfully:

      at src/core/charms-sdk.ts:34:13

  console.log
    !!! 1 {
      spendable: true,
      value: 625000000,
      txid: '7653ec69cd1452976c6cf707d69f834655f3441b072f475dcd4448b167d2a5f7',
      vout: 0
    } undefined

      at src/core/spells.ts:216:12

  console.info
    Executing command: /Users/gadiguy/workspace/charms/target/release/charms tx show-spell --tx 020000000001010000000000000000000000000000000000000000000000000000000000000000ffffffff0402480200ffffffff0240be402500000000160014565dbe4e929f0f3587ef4ff2533f3dd04fce75c70000000000000000266a24aa21a9ede2f61c3f71d1defd3fa999dfa36953755c690689799962b48bebd836974e8cf90120000000000000000000000000000000000000000000000000000000000000000000000000

      at src/core/charms-sdk.ts:16:11

  console.error
    Stderr: No spell found in the transaction

      30 | 				}
      31 | 				if (stderr) {
    > 32 | 					console.error(`Stderr: ${stderr}`);
         | 					        ^
      33 | 				}
      34 | 				console.info(`Executed successfully: ${stdout}`);
      35 | 				resolve(stdout);

      at src/core/charms-sdk.ts:32:14

  console.info
    Executed successfully:

      at src/core/charms-sdk.ts:34:13

  console.log
    !!! 1 {
      spendable: true,
      value: 625000000,
      txid: '90954caf10c80c41334b2a5c6890b3eed2d9b56af0ea01381201ce15a61bf308',
      vout: 0
    } undefined

      at src/core/spells.ts:216:12

  console.info
    Executing command: /Users/gadiguy/workspace/charms/target/release/charms tx show-spell --tx 020000000001010000000000000000000000000000000000000000000000000000000000000000ffffffff0402450200ffffffff0240be402500000000160014565dbe4e929f0f3587ef4ff2533f3dd04fce75c70000000000000000266a24aa21a9ede2f61c3f71d1defd3fa999dfa36953755c690689799962b48bebd836974e8cf90120000000000000000000000000000000000000000000000000000000000000000000000000

      at src/core/charms-sdk.ts:16:11

  console.error
    Stderr: No spell found in the transaction

      30 | 				}
      31 | 				if (stderr) {
    > 32 | 					console.error(`Stderr: ${stderr}`);
         | 					        ^
      33 | 				}
      34 | 				console.info(`Executed successfully: ${stdout}`);
      35 | 				resolve(stdout);

      at src/core/charms-sdk.ts:32:14

  console.info
    Executed successfully:

      at src/core/charms-sdk.ts:34:13

  console.log
    !!! 1 {
      spendable: true,
      value: 625000000,
      txid: 'a8add9be309a3c2229ea664043f14939c26fcb7134ab56adf7044241d350dda4',
      vout: 0
    } undefined

      at src/core/spells.ts:216:12

  console.info
    Executing command: /Users/gadiguy/workspace/charms/target/release/charms tx show-spell --tx 020000000001010000000000000000000000000000000000000000000000000000000000000000ffffffff0402440200ffffffff0240be402500000000160014565dbe4e929f0f3587ef4ff2533f3dd04fce75c70000000000000000266a24aa21a9ede2f61c3f71d1defd3fa999dfa36953755c690689799962b48bebd836974e8cf90120000000000000000000000000000000000000000000000000000000000000000000000000

      at src/core/charms-sdk.ts:16:11

  console.error
    Stderr: No spell found in the transaction

      30 | 				}
      31 | 				if (stderr) {
    > 32 | 					console.error(`Stderr: ${stderr}`);
         | 					        ^
      33 | 				}
      34 | 				console.info(`Executed successfully: ${stdout}`);
      35 | 				resolve(stdout);

      at src/core/charms-sdk.ts:32:14

  console.info
    Executed successfully:

      at src/core/charms-sdk.ts:34:13

  console.log
    !!! 1 {
      spendable: true,
      value: 625000000,
      txid: '9594a263a4d204dac10fea50d7a2dc966392e47cd9488153783122eb6c6c694d',
      vout: 0
    } undefined

      at src/core/spells.ts:216:12

  console.info
    Executing command: /Users/gadiguy/workspace/charms/target/release/charms tx show-spell --tx 020000000001010000000000000000000000000000000000000000000000000000000000000000ffffffff0402430200ffffffff0240be402500000000160014565dbe4e929f0f3587ef4ff2533f3dd04fce75c70000000000000000266a24aa21a9ede2f61c3f71d1defd3fa999dfa36953755c690689799962b48bebd836974e8cf90120000000000000000000000000000000000000000000000000000000000000000000000000

      at src/core/charms-sdk.ts:16:11

  console.error
    Stderr: No spell found in the transaction

      30 | 				}
      31 | 				if (stderr) {
    > 32 | 					console.error(`Stderr: ${stderr}`);
         | 					        ^
      33 | 				}
      34 | 				console.info(`Executed successfully: ${stdout}`);
      35 | 				resolve(stdout);

      at src/core/charms-sdk.ts:32:14

  console.info
    Executed successfully:

      at src/core/charms-sdk.ts:34:13

  console.log
    !!! 1 {
      spendable: true,
      value: 625000000,
      txid: '7d355ded74d75aad40fdc43fa41657ddab734fba407cd46f7c66947a2ca945c4',
      vout: 0
    } undefined

      at src/core/spells.ts:216:12

  console.info
    Executing command: /Users/gadiguy/workspace/charms/target/release/charms tx show-spell --tx 020000000001010000000000000000000000000000000000000000000000000000000000000000ffffffff0402410200ffffffff0240be402500000000160014565dbe4e929f0f3587ef4ff2533f3dd04fce75c70000000000000000266a24aa21a9ede2f61c3f71d1defd3fa999dfa36953755c690689799962b48bebd836974e8cf90120000000000000000000000000000000000000000000000000000000000000000000000000

      at src/core/charms-sdk.ts:16:11

  console.error
    Stderr: No spell found in the transaction

      30 | 				}
      31 | 				if (stderr) {
    > 32 | 					console.error(`Stderr: ${stderr}`);
         | 					        ^
      33 | 				}
      34 | 				console.info(`Executed successfully: ${stdout}`);
      35 | 				resolve(stdout);

      at src/core/charms-sdk.ts:32:14

  console.info
    Executed successfully:

      at src/core/charms-sdk.ts:34:13

  console.log
    !!! 1 {
      spendable: true,
      value: 625000000,
      txid: 'c3bd3cf5b8208244a08e62de0fd9a4f20daf65877cccdb397ad213c13787dd24',
      vout: 0
    } undefined

      at src/core/spells.ts:216:12

  console.info
    Executing command: /Users/gadiguy/workspace/charms/target/release/charms tx show-spell --tx 020000000001010000000000000000000000000000000000000000000000000000000000000000ffffffff04021f0400ffffffff02e40b540200000000160014c699b99a00cc336f2cd3615b2361af367128c86a0000000000000000266a24aa21a9ede2f61c3f71d1defd3fa999dfa36953755c690689799962b48bebd836974e8cf90120000000000000000000000000000000000000000000000000000000000000000000000000

      at src/core/charms-sdk.ts:16:11

  console.error
    Stderr: No spell found in the transaction

      30 | 				}
      31 | 				if (stderr) {
    > 32 | 					console.error(`Stderr: ${stderr}`);
         | 					        ^
      33 | 				}
      34 | 				console.info(`Executed successfully: ${stdout}`);
      35 | 				resolve(stdout);

      at src/core/charms-sdk.ts:32:14

  console.info
    Executed successfully:

      at src/core/charms-sdk.ts:34:13

  console.log
    !!! 1 {
      spendable: true,
      value: 39062500,
      txid: '987aebcf2c2d2361e965a902e01719d0227998d8e8b3179fa24ec5a2f6bb9bbb',
      vout: 0
    } undefined

      at src/core/spells.ts:216:12

  console.info
    Executing command: /Users/gadiguy/workspace/charms/target/release/charms tx show-spell --tx 020000000001010000000000000000000000000000000000000000000000000000000000000000ffffffff04023f0200ffffffff0240be402500000000160014565dbe4e929f0f3587ef4ff2533f3dd04fce75c70000000000000000266a24aa21a9ede2f61c3f71d1defd3fa999dfa36953755c690689799962b48bebd836974e8cf90120000000000000000000000000000000000000000000000000000000000000000000000000

      at src/core/charms-sdk.ts:16:11

  console.error
    Stderr: No spell found in the transaction

      30 | 				}
      31 | 				if (stderr) {
    > 32 | 					console.error(`Stderr: ${stderr}`);
         | 					        ^
      33 | 				}
      34 | 				console.info(`Executed successfully: ${stdout}`);
      35 | 				resolve(stdout);

      at src/core/charms-sdk.ts:32:14

  console.info
    Executed successfully:

      at src/core/charms-sdk.ts:34:13

  console.log
    !!! 1 {
      spendable: true,
      value: 625000000,
      txid: '1f3826bf4239470b548c17b03c211e8657d1a3b2a1b6cbc25b40c56740ad9cfc',
      vout: 0
    } undefined

      at src/core/spells.ts:216:12

  console.info
    Executing command: /Users/gadiguy/workspace/charms/target/release/charms tx show-spell --tx 020000000001010000000000000000000000000000000000000000000000000000000000000000ffffffff04023d0200ffffffff0240be402500000000160014565dbe4e929f0f3587ef4ff2533f3dd04fce75c70000000000000000266a24aa21a9ede2f61c3f71d1defd3fa999dfa36953755c690689799962b48bebd836974e8cf90120000000000000000000000000000000000000000000000000000000000000000000000000

      at src/core/charms-sdk.ts:16:11

  console.error
    Stderr: No spell found in the transaction

      30 | 				}
      31 | 				if (stderr) {
    > 32 | 					console.error(`Stderr: ${stderr}`);
         | 					        ^
      33 | 				}
      34 | 				console.info(`Executed successfully: ${stdout}`);
      35 | 				resolve(stdout);

      at src/core/charms-sdk.ts:32:14

  console.info
    Executed successfully:

      at src/core/charms-sdk.ts:34:13

  console.log
    !!! 1 {
      spendable: true,
      value: 625000000,
      txid: '921adf245ff4e27ea992a4499b5893c889e83faf1573547134100dac677b5921',
      vout: 0
    } undefined

      at src/core/spells.ts:216:12

  console.info
    Executing command: /Users/gadiguy/workspace/charms/target/release/charms tx show-spell --tx 020000000001010000000000000000000000000000000000000000000000000000000000000000ffffffff04023c0200ffffffff0240be402500000000160014565dbe4e929f0f3587ef4ff2533f3dd04fce75c70000000000000000266a24aa21a9ede2f61c3f71d1defd3fa999dfa36953755c690689799962b48bebd836974e8cf90120000000000000000000000000000000000000000000000000000000000000000000000000

      at src/core/charms-sdk.ts:16:11

  console.error
    Stderr: No spell found in the transaction

      30 | 				}
      31 | 				if (stderr) {
    > 32 | 					console.error(`Stderr: ${stderr}`);
         | 					        ^
      33 | 				}
      34 | 				console.info(`Executed successfully: ${stdout}`);
      35 | 				resolve(stdout);

      at src/core/charms-sdk.ts:32:14

  console.info
    Executed successfully:

      at src/core/charms-sdk.ts:34:13

  console.log
    !!! 1 {
      spendable: true,
      value: 625000000,
      txid: '78af5e445d9ed314d03452c2a9d5577f533c79a254d1d13fa445d9e771b12946',
      vout: 0
    } undefined

      at src/core/spells.ts:216:12

  console.info
    Executing command: /Users/gadiguy/workspace/charms/target/release/charms tx show-spell --tx 020000000001010000000000000000000000000000000000000000000000000000000000000000ffffffff0402a40200ffffffff02205fa01200000000160014be438a2710f608303168dfde261068040a60fb7a0000000000000000266a24aa21a9ede2f61c3f71d1defd3fa999dfa36953755c690689799962b48bebd836974e8cf90120000000000000000000000000000000000000000000000000000000000000000000000000

      at src/core/charms-sdk.ts:16:11

  console.error
    Stderr: No spell found in the transaction

      30 | 				}
      31 | 				if (stderr) {
    > 32 | 					console.error(`Stderr: ${stderr}`);
         | 					        ^
      33 | 				}
      34 | 				console.info(`Executed successfully: ${stdout}`);
      35 | 				resolve(stdout);

      at src/core/charms-sdk.ts:32:14

  console.info
    Executed successfully:

      at src/core/charms-sdk.ts:34:13

  console.log
    !!! 1 {
      spendable: true,
      value: 312500000,
      txid: 'b5cf9ff90faff6143bd3c4e50210d92475578923aa21689a0c56231ce92e6c32',
      vout: 0
    } undefined

      at src/core/spells.ts:216:12

  console.info
    Executing command: /Users/gadiguy/workspace/charms/target/release/charms tx show-spell --tx 020000000001010000000000000000000000000000000000000000000000000000000000000000ffffffff04023b0200ffffffff0240be402500000000160014565dbe4e929f0f3587ef4ff2533f3dd04fce75c70000000000000000266a24aa21a9ede2f61c3f71d1defd3fa999dfa36953755c690689799962b48bebd836974e8cf90120000000000000000000000000000000000000000000000000000000000000000000000000

      at src/core/charms-sdk.ts:16:11

  console.error
    Stderr: No spell found in the transaction

      30 | 				}
      31 | 				if (stderr) {
    > 32 | 					console.error(`Stderr: ${stderr}`);
         | 					        ^
      33 | 				}
      34 | 				console.info(`Executed successfully: ${stdout}`);
      35 | 				resolve(stdout);

      at src/core/charms-sdk.ts:32:14

  console.info
    Executed successfully:

      at src/core/charms-sdk.ts:34:13

  console.log
    !!! 1 {
      spendable: true,
      value: 625000000,
      txid: '798ccfa44aaf518ac41cc3c7fff096da2ee1a92be6d8651c999a56631d7ea610',
      vout: 0
    } undefined

      at src/core/spells.ts:216:12

  console.info
    Executing command: /Users/gadiguy/workspace/charms/target/release/charms tx show-spell --tx 020000000001010000000000000000000000000000000000000000000000000000000000000000ffffffff0402390200ffffffff0240be402500000000160014565dbe4e929f0f3587ef4ff2533f3dd04fce75c70000000000000000266a24aa21a9ede2f61c3f71d1defd3fa999dfa36953755c690689799962b48bebd836974e8cf90120000000000000000000000000000000000000000000000000000000000000000000000000

      at src/core/charms-sdk.ts:16:11

  console.error
    Stderr: No spell found in the transaction

      30 | 				}
      31 | 				if (stderr) {
    > 32 | 					console.error(`Stderr: ${stderr}`);
         | 					        ^
      33 | 				}
      34 | 				console.info(`Executed successfully: ${stdout}`);
      35 | 				resolve(stdout);

      at src/core/charms-sdk.ts:32:14

  console.info
    Executed successfully:

      at src/core/charms-sdk.ts:34:13

  console.log
    !!! 1 {
      spendable: true,
      value: 625000000,
      txid: 'f7638c17a65b4272ae408d68343d9b9b1868d41e4eeb8832a3bed70ab7139c09',
      vout: 0
    } undefined

      at src/core/spells.ts:216:12

  console.info
    Executing command: /Users/gadiguy/workspace/charms/target/release/charms tx show-spell --tx 020000000001010000000000000000000000000000000000000000000000000000000000000000ffffffff0402380200ffffffff0240be402500000000160014565dbe4e929f0f3587ef4ff2533f3dd04fce75c70000000000000000266a24aa21a9ede2f61c3f71d1defd3fa999dfa36953755c690689799962b48bebd836974e8cf90120000000000000000000000000000000000000000000000000000000000000000000000000

      at src/core/charms-sdk.ts:16:11

  console.error
    Stderr: No spell found in the transaction

      30 | 				}
      31 | 				if (stderr) {
    > 32 | 					console.error(`Stderr: ${stderr}`);
         | 					        ^
      33 | 				}
      34 | 				console.info(`Executed successfully: ${stdout}`);
      35 | 				resolve(stdout);

      at src/core/charms-sdk.ts:32:14

  console.info
    Executed successfully:

      at src/core/charms-sdk.ts:34:13

  console.log
    !!! 1 {
      spendable: true,
      value: 625000000,
      txid: '4c9a76cd4c6610c98ac9f38692ec30e5325a52807c4513d9492d567e4c4fc0f5',
      vout: 0
    } undefined

      at src/core/spells.ts:216:12

  console.info
    Executing command: /Users/gadiguy/workspace/charms/target/release/charms tx show-spell --tx 020000000001010000000000000000000000000000000000000000000000000000000000000000ffffffff0402310200ffffffff0240be402500000000160014565dbe4e929f0f3587ef4ff2533f3dd04fce75c70000000000000000266a24aa21a9ede2f61c3f71d1defd3fa999dfa36953755c690689799962b48bebd836974e8cf90120000000000000000000000000000000000000000000000000000000000000000000000000

      at src/core/charms-sdk.ts:16:11

  console.error
    Stderr: No spell found in the transaction

      30 | 				}
      31 | 				if (stderr) {
    > 32 | 					console.error(`Stderr: ${stderr}`);
         | 					        ^
      33 | 				}
      34 | 				console.info(`Executed successfully: ${stdout}`);
      35 | 				resolve(stdout);

      at src/core/charms-sdk.ts:32:14

  console.info
    Executed successfully:

      at src/core/charms-sdk.ts:34:13

  console.log
    !!! 1 {
      spendable: true,
      value: 625000000,
      txid: '431dce920a2ed9502fdca2ef175a009e45e6482f264a41b0be2af5b72d42a9d7',
      vout: 0
    } undefined

      at src/core/spells.ts:216:12

  console.info
    Executing command: /Users/gadiguy/workspace/charms/target/release/charms tx show-spell --tx 020000000001010000000000000000000000000000000000000000000000000000000000000000ffffffff0402300200ffffffff0240be402500000000160014565dbe4e929f0f3587ef4ff2533f3dd04fce75c70000000000000000266a24aa21a9ede2f61c3f71d1defd3fa999dfa36953755c690689799962b48bebd836974e8cf90120000000000000000000000000000000000000000000000000000000000000000000000000

      at src/core/charms-sdk.ts:16:11

  console.error
    Stderr: No spell found in the transaction

      30 | 				}
      31 | 				if (stderr) {
    > 32 | 					console.error(`Stderr: ${stderr}`);
         | 					        ^
      33 | 				}
      34 | 				console.info(`Executed successfully: ${stdout}`);
      35 | 				resolve(stdout);

      at src/core/charms-sdk.ts:32:14

  console.info
    Executed successfully:

      at src/core/charms-sdk.ts:34:13

  console.log
    !!! 1 {
      spendable: true,
      value: 625000000,
      txid: '4899f24153f29a6541c57db7ca45e0947cd2543bba2f37e713c656c82a7e9ff2',
      vout: 0
    } undefined

      at src/core/spells.ts:216:12

  console.info
    Executing command: /Users/gadiguy/workspace/charms/target/release/charms tx show-spell --tx 020000000001010000000000000000000000000000000000000000000000000000000000000000ffffffff04020e0300ffffffff02902f500900000000160014df2907ba1c43324bcddd8f295bb3d2d09dd62c290000000000000000266a24aa21a9ede2f61c3f71d1defd3fa999dfa36953755c690689799962b48bebd836974e8cf90120000000000000000000000000000000000000000000000000000000000000000000000000

      at src/core/charms-sdk.ts:16:11

  console.error
    Stderr: No spell found in the transaction

      30 | 				}
      31 | 				if (stderr) {
    > 32 | 					console.error(`Stderr: ${stderr}`);
         | 					        ^
      33 | 				}
      34 | 				console.info(`Executed successfully: ${stdout}`);
      35 | 				resolve(stdout);

      at src/core/charms-sdk.ts:32:14

  console.info
    Executed successfully:

      at src/core/charms-sdk.ts:34:13

  console.log
    !!! 1 {
      spendable: true,
      value: 156250000,
      txid: '60494e27862bfdaf84867546e4b9a5c8d1281a9bed122ede5490e20186445ac8',
      vout: 0
    } undefined

      at src/core/spells.ts:216:12

  console.info
    Executing command: /Users/gadiguy/workspace/charms/target/release/charms tx show-spell --tx 020000000001010000000000000000000000000000000000000000000000000000000000000000ffffffff0402560200ffffffff0240be402500000000160014565dbe4e929f0f3587ef4ff2533f3dd04fce75c70000000000000000266a24aa21a9ede2f61c3f71d1defd3fa999dfa36953755c690689799962b48bebd836974e8cf90120000000000000000000000000000000000000000000000000000000000000000000000000

      at src/core/charms-sdk.ts:16:11

  console.error
    Stderr: No spell found in the transaction

      30 | 				}
      31 | 				if (stderr) {
    > 32 | 					console.error(`Stderr: ${stderr}`);
         | 					        ^
      33 | 				}
      34 | 				console.info(`Executed successfully: ${stdout}`);
      35 | 				resolve(stdout);

      at src/core/charms-sdk.ts:32:14

  console.info
    Executed successfully:

      at src/core/charms-sdk.ts:34:13

  console.log
    !!! 1 {
      spendable: true,
      value: 625000000,
      txid: 'abafeebc499eafd2d501bc526be1d2fbad2ade4cc6451b24cd38aa631bf1bd4a',
      vout: 0
    } undefined

      at src/core/spells.ts:216:12

  console.info
    Executing command: /Users/gadiguy/workspace/charms/target/release/charms tx show-spell --tx 020000000001010000000000000000000000000000000000000000000000000000000000000000ffffffff04020e0200ffffffff0240be4025000000001600147daa360617c4c926561fb1e7f258a11efe5ab4a60000000000000000266a24aa21a9ede2f61c3f71d1defd3fa999dfa36953755c690689799962b48bebd836974e8cf90120000000000000000000000000000000000000000000000000000000000000000000000000

      at src/core/charms-sdk.ts:16:11

  console.error
    Stderr: No spell found in the transaction

      30 | 				}
      31 | 				if (stderr) {
    > 32 | 					console.error(`Stderr: ${stderr}`);
         | 					        ^
      33 | 				}
      34 | 				console.info(`Executed successfully: ${stdout}`);
      35 | 				resolve(stdout);

      at src/core/charms-sdk.ts:32:14

  console.info
    Executed successfully:

      at src/core/charms-sdk.ts:34:13

  console.log
    !!! 1 {
      spendable: true,
      value: 625000000,
      txid: '9734e8f01b2bd586c6b747aec5702157088138dc4062294abf5684a2f2fc244e',
      vout: 0
    } undefined

      at src/core/spells.ts:216:12

  console.info
    Executing command: /Users/gadiguy/workspace/charms/target/release/charms tx show-spell --tx 020000000001010000000000000000000000000000000000000000000000000000000000000000ffffffff04022f0200ffffffff0240be402500000000160014565dbe4e929f0f3587ef4ff2533f3dd04fce75c70000000000000000266a24aa21a9ede2f61c3f71d1defd3fa999dfa36953755c690689799962b48bebd836974e8cf90120000000000000000000000000000000000000000000000000000000000000000000000000

      at src/core/charms-sdk.ts:16:11

  console.error
    Stderr: No spell found in the transaction

      30 | 				}
      31 | 				if (stderr) {
    > 32 | 					console.error(`Stderr: ${stderr}`);
         | 					        ^
      33 | 				}
      34 | 				console.info(`Executed successfully: ${stdout}`);
      35 | 				resolve(stdout);

      at src/core/charms-sdk.ts:32:14

  console.info
    Executed successfully:

      at src/core/charms-sdk.ts:34:13

  console.log
    !!! 1 {
      spendable: true,
      value: 625000000,
      txid: '7c598f5616bc1637f08f135aa11f13bb7ef7951ffe8f18e215e66c6305875886',
      vout: 0
    } undefined

      at src/core/spells.ts:216:12

  console.info
    Executing command: /Users/gadiguy/workspace/charms/target/release/charms tx show-spell --tx 020000000001010000000000000000000000000000000000000000000000000000000000000000ffffffff04022e0200ffffffff0240be402500000000160014565dbe4e929f0f3587ef4ff2533f3dd04fce75c70000000000000000266a24aa21a9ede2f61c3f71d1defd3fa999dfa36953755c690689799962b48bebd836974e8cf90120000000000000000000000000000000000000000000000000000000000000000000000000

      at src/core/charms-sdk.ts:16:11

  console.error
    Stderr: No spell found in the transaction

      30 | 				}
      31 | 				if (stderr) {
    > 32 | 					console.error(`Stderr: ${stderr}`);
         | 					        ^
      33 | 				}
      34 | 				console.info(`Executed successfully: ${stdout}`);
      35 | 				resolve(stdout);

      at src/core/charms-sdk.ts:32:14

  console.info
    Executed successfully:

      at src/core/charms-sdk.ts:34:13

  console.log
    !!! 1 {
      spendable: true,
      value: 625000000,
      txid: '6eee824ba5b88f47793924706738c0441570d4c389874fe9be23285b3b4930ac',
      vout: 0
    } undefined

      at src/core/spells.ts:216:12

  console.info
    Executing command: /Users/gadiguy/workspace/charms/target/release/charms tx show-spell --tx 020000000001010000000000000000000000000000000000000000000000000000000000000000ffffffff0402db0100ffffffff0240be4025000000001600148dae6f2122b28418b4dcd043140798d3d20390c90000000000000000266a24aa21a9ede2f61c3f71d1defd3fa999dfa36953755c690689799962b48bebd836974e8cf90120000000000000000000000000000000000000000000000000000000000000000000000000

      at src/core/charms-sdk.ts:16:11

  console.error
    Stderr: No spell found in the transaction

      30 | 				}
      31 | 				if (stderr) {
    > 32 | 					console.error(`Stderr: ${stderr}`);
         | 					        ^
      33 | 				}
      34 | 				console.info(`Executed successfully: ${stdout}`);
      35 | 				resolve(stdout);

      at src/core/charms-sdk.ts:32:14

  console.info
    Executed successfully:

      at src/core/charms-sdk.ts:34:13

  console.log
    !!! 1 {
      spendable: true,
      value: 625000000,
      txid: 'a073b3115960c97d8c003fb63b5933204331641ea959e7256864ca59b9637d93',
      vout: 0
    } undefined

      at src/core/spells.ts:216:12

  console.info
    Executing command: /Users/gadiguy/workspace/charms/target/release/charms tx show-spell --tx 020000000001010000000000000000000000000000000000000000000000000000000000000000ffffffff04022c0200ffffffff0240be402500000000160014565dbe4e929f0f3587ef4ff2533f3dd04fce75c70000000000000000266a24aa21a9ede2f61c3f71d1defd3fa999dfa36953755c690689799962b48bebd836974e8cf90120000000000000000000000000000000000000000000000000000000000000000000000000

      at src/core/charms-sdk.ts:16:11

  console.error
    Stderr: No spell found in the transaction

      30 | 				}
      31 | 				if (stderr) {
    > 32 | 					console.error(`Stderr: ${stderr}`);
         | 					        ^
      33 | 				}
      34 | 				console.info(`Executed successfully: ${stdout}`);
      35 | 				resolve(stdout);

      at src/core/charms-sdk.ts:32:14

  console.info
    Executed successfully:

      at src/core/charms-sdk.ts:34:13

  console.log
    !!! 1 {
      spendable: true,
      value: 625000000,
      txid: '4adf12de0db3aac36e96f215d1baea9e6ee837e7604927a819193e57eac5f8dd',
      vout: 0
    } undefined

      at src/core/spells.ts:216:12

  console.info
    Executing command: /Users/gadiguy/workspace/charms/target/release/charms tx show-spell --tx 020000000001010000000000000000000000000000000000000000000000000000000000000000ffffffff0402b30200ffffffff02205fa01200000000160014be438a2710f608303168dfde261068040a60fb7a0000000000000000266a24aa21a9ede2f61c3f71d1defd3fa999dfa36953755c690689799962b48bebd836974e8cf90120000000000000000000000000000000000000000000000000000000000000000000000000

      at src/core/charms-sdk.ts:16:11

  console.error
    Stderr: No spell found in the transaction

      30 | 				}
      31 | 				if (stderr) {
    > 32 | 					console.error(`Stderr: ${stderr}`);
         | 					        ^
      33 | 				}
      34 | 				console.info(`Executed successfully: ${stdout}`);
      35 | 				resolve(stdout);

      at src/core/charms-sdk.ts:32:14

  console.info
    Executed successfully:

      at src/core/charms-sdk.ts:34:13

  console.log
    !!! 1 {
      spendable: true,
      value: 312500000,
      txid: '0682f0c492bc32b6b8b73f6f069037dafd412b8a1ef053c08f33ef9cca7792f6',
      vout: 0
    } undefined

      at src/core/spells.ts:216:12

  console.info
    Executing command: /Users/gadiguy/workspace/charms/target/release/charms tx show-spell --tx 020000000001010000000000000000000000000000000000000000000000000000000000000000ffffffff0402250200ffffffff0240be402500000000160014565dbe4e929f0f3587ef4ff2533f3dd04fce75c70000000000000000266a24aa21a9ede2f61c3f71d1defd3fa999dfa36953755c690689799962b48bebd836974e8cf90120000000000000000000000000000000000000000000000000000000000000000000000000

      at src/core/charms-sdk.ts:16:11

  console.error
    Stderr: No spell found in the transaction

      30 | 				}
      31 | 				if (stderr) {
    > 32 | 					console.error(`Stderr: ${stderr}`);
         | 					        ^
      33 | 				}
      34 | 				console.info(`Executed successfully: ${stdout}`);
      35 | 				resolve(stdout);

      at src/core/charms-sdk.ts:32:14

  console.info
    Executed successfully:

      at src/core/charms-sdk.ts:34:13

  console.log
    !!! 1 {
      spendable: true,
      value: 625000000,
      txid: '9e3850e3aacf1b5a01ddfede89a5cf1b35130a7c7aee3804dc1d48d9d758a990',
      vout: 0
    } undefined

      at src/core/spells.ts:216:12

  console.info
    Executing command: /Users/gadiguy/workspace/charms/target/release/charms tx show-spell --tx 020000000001010000000000000000000000000000000000000000000000000000000000000000ffffffff0402240200ffffffff0240be402500000000160014565dbe4e929f0f3587ef4ff2533f3dd04fce75c70000000000000000266a24aa21a9ede2f61c3f71d1defd3fa999dfa36953755c690689799962b48bebd836974e8cf90120000000000000000000000000000000000000000000000000000000000000000000000000

      at src/core/charms-sdk.ts:16:11

  console.error
    Stderr: No spell found in the transaction

      30 | 				}
      31 | 				if (stderr) {
    > 32 | 					console.error(`Stderr: ${stderr}`);
         | 					        ^
      33 | 				}
      34 | 				console.info(`Executed successfully: ${stdout}`);
      35 | 				resolve(stdout);

      at src/core/charms-sdk.ts:32:14

  console.info
    Executed successfully:

      at src/core/charms-sdk.ts:34:13

  console.log
    !!! 1 {
      spendable: true,
      value: 625000000,
      txid: 'd6b3db8e39f30caad529d0b5e8df1f2de4f413302e3f9f8d0ae86a074400d8f7',
      vout: 0
    } undefined

      at src/core/spells.ts:216:12

  console.info
    Executing command: /Users/gadiguy/workspace/charms/target/release/charms tx show-spell --tx 020000000001010000000000000000000000000000000000000000000000000000000000000000ffffffff0402220200ffffffff0240be402500000000160014565dbe4e929f0f3587ef4ff2533f3dd04fce75c70000000000000000266a24aa21a9ede2f61c3f71d1defd3fa999dfa36953755c690689799962b48bebd836974e8cf90120000000000000000000000000000000000000000000000000000000000000000000000000

      at src/core/charms-sdk.ts:16:11

  console.error
    Stderr: No spell found in the transaction

      30 | 				}
      31 | 				if (stderr) {
    > 32 | 					console.error(`Stderr: ${stderr}`);
         | 					        ^
      33 | 				}
      34 | 				console.info(`Executed successfully: ${stdout}`);
      35 | 				resolve(stdout);

      at src/core/charms-sdk.ts:32:14

  console.info
    Executed successfully:

      at src/core/charms-sdk.ts:34:13

  console.log
    !!! 1 {
      spendable: true,
      value: 625000000,
      txid: 'fdabe5b3781778c6178f9f320c03b2e01fa7934e908bd20add341069cc5d7857',
      vout: 0
    } undefined

      at src/core/spells.ts:216:12

  console.info
    Executing command: /Users/gadiguy/workspace/charms/target/release/charms tx show-spell --tx 020000000001010000000000000000000000000000000000000000000000000000000000000000ffffffff0402200200ffffffff0240be402500000000160014565dbe4e929f0f3587ef4ff2533f3dd04fce75c70000000000000000266a24aa21a9ede2f61c3f71d1defd3fa999dfa36953755c690689799962b48bebd836974e8cf90120000000000000000000000000000000000000000000000000000000000000000000000000

      at src/core/charms-sdk.ts:16:11

  console.error
    Stderr: No spell found in the transaction

      30 | 				}
      31 | 				if (stderr) {
    > 32 | 					console.error(`Stderr: ${stderr}`);
         | 					        ^
      33 | 				}
      34 | 				console.info(`Executed successfully: ${stdout}`);
      35 | 				resolve(stdout);

      at src/core/charms-sdk.ts:32:14

  console.info
    Executed successfully:

      at src/core/charms-sdk.ts:34:13

  console.log
    !!! 1 {
      spendable: true,
      value: 625000000,
      txid: '9e9c6b84a5cd677808b398d171b8076a6308192dd41bad764e9c39c07e9e7702',
      vout: 0
    } undefined

      at src/core/spells.ts:216:12

  console.info
    Executing command: /Users/gadiguy/workspace/charms/target/release/charms tx show-spell --tx 020000000001010000000000000000000000000000000000000000000000000000000000000000ffffffff0402550400ffffffff02e40b540200000000160014c699b99a00cc336f2cd3615b2361af367128c86a0000000000000000266a24aa21a9ede2f61c3f71d1defd3fa999dfa36953755c690689799962b48bebd836974e8cf90120000000000000000000000000000000000000000000000000000000000000000000000000

      at src/core/charms-sdk.ts:16:11

  console.error
    Stderr: No spell found in the transaction

      30 | 				}
      31 | 				if (stderr) {
    > 32 | 					console.error(`Stderr: ${stderr}`);
         | 					        ^
      33 | 				}
      34 | 				console.info(`Executed successfully: ${stdout}`);
      35 | 				resolve(stdout);

      at src/core/charms-sdk.ts:32:14

  console.info
    Executed successfully:

      at src/core/charms-sdk.ts:34:13

  console.log
    !!! 1 {
      spendable: true,
      value: 39062500,
      txid: '28027e58eee7e17dc00bfafd87426e1f1097928cf244ef09f12b7608e8f3493e',
      vout: 0
    } undefined

      at src/core/spells.ts:216:12

  console.info
    Executing command: /Users/gadiguy/workspace/charms/target/release/charms tx show-spell --tx 020000000001010000000000000000000000000000000000000000000000000000000000000000ffffffff04021c0200ffffffff0240be402500000000160014565dbe4e929f0f3587ef4ff2533f3dd04fce75c70000000000000000266a24aa21a9ede2f61c3f71d1defd3fa999dfa36953755c690689799962b48bebd836974e8cf90120000000000000000000000000000000000000000000000000000000000000000000000000

      at src/core/charms-sdk.ts:16:11

  console.error
    Stderr: No spell found in the transaction

      30 | 				}
      31 | 				if (stderr) {
    > 32 | 					console.error(`Stderr: ${stderr}`);
         | 					        ^
      33 | 				}
      34 | 				console.info(`Executed successfully: ${stdout}`);
      35 | 				resolve(stdout);

      at src/core/charms-sdk.ts:32:14

  console.info
    Executed successfully:

      at src/core/charms-sdk.ts:34:13

  console.log
    !!! 1 {
      spendable: true,
      value: 625000000,
      txid: '0e5ca0b692f2e12a4eb384cd9dee622df02f727ff9e72cda87e892c6ae09caa2',
      vout: 0
    } undefined

      at src/core/spells.ts:216:12

  console.info
    Executing command: /Users/gadiguy/workspace/charms/target/release/charms tx show-spell --tx 020000000001010000000000000000000000000000000000000000000000000000000000000000ffffffff04021f0200ffffffff0240be402500000000160014565dbe4e929f0f3587ef4ff2533f3dd04fce75c70000000000000000266a24aa21a9ede2f61c3f71d1defd3fa999dfa36953755c690689799962b48bebd836974e8cf90120000000000000000000000000000000000000000000000000000000000000000000000000

      at src/core/charms-sdk.ts:16:11

  console.error
    Stderr: No spell found in the transaction

      30 | 				}
      31 | 				if (stderr) {
    > 32 | 					console.error(`Stderr: ${stderr}`);
         | 					        ^
      33 | 				}
      34 | 				console.info(`Executed successfully: ${stdout}`);
      35 | 				resolve(stdout);

      at src/core/charms-sdk.ts:32:14

  console.info
    Executed successfully:

      at src/core/charms-sdk.ts:34:13

  console.log
    !!! 1 {
      spendable: true,
      value: 625000000,
      txid: '41177b201bd822f17862eaaba64ce887e50c846eee682067ca0bd2033811df05',
      vout: 0
    } undefined

      at src/core/spells.ts:216:12

  console.info
    Executing command: /Users/gadiguy/workspace/charms/target/release/charms tx show-spell --tx 020000000001010000000000000000000000000000000000000000000000000000000000000000ffffffff0402c40200ffffffff02205fa01200000000160014be438a2710f608303168dfde261068040a60fb7a0000000000000000266a24aa21a9ede2f61c3f71d1defd3fa999dfa36953755c690689799962b48bebd836974e8cf90120000000000000000000000000000000000000000000000000000000000000000000000000

      at src/core/charms-sdk.ts:16:11

  console.error
    Stderr: No spell found in the transaction

      30 | 				}
      31 | 				if (stderr) {
    > 32 | 					console.error(`Stderr: ${stderr}`);
         | 					        ^
      33 | 				}
      34 | 				console.info(`Executed successfully: ${stdout}`);
      35 | 				resolve(stdout);

      at src/core/charms-sdk.ts:32:14

  console.info
    Executed successfully:

      at src/core/charms-sdk.ts:34:13

  console.log
    !!! 1 {
      spendable: true,
      value: 312500000,
      txid: '909c833566e76003d07a921ad2c6be4a8793baee7aea33241ec22d7fe492461b',
      vout: 0
    } undefined

      at src/core/spells.ts:216:12

  console.info
    Executing command: /Users/gadiguy/workspace/charms/target/release/charms tx show-spell --tx 020000000001010000000000000000000000000000000000000000000000000000000000000000ffffffff04021d0200ffffffff0240be402500000000160014565dbe4e929f0f3587ef4ff2533f3dd04fce75c70000000000000000266a24aa21a9ede2f61c3f71d1defd3fa999dfa36953755c690689799962b48bebd836974e8cf90120000000000000000000000000000000000000000000000000000000000000000000000000

      at src/core/charms-sdk.ts:16:11

  console.error
    Stderr: No spell found in the transaction

      30 | 				}
      31 | 				if (stderr) {
    > 32 | 					console.error(`Stderr: ${stderr}`);
         | 					        ^
      33 | 				}
      34 | 				console.info(`Executed successfully: ${stdout}`);
      35 | 				resolve(stdout);

      at src/core/charms-sdk.ts:32:14

  console.info
    Executed successfully:

      at src/core/charms-sdk.ts:34:13

  console.log
    !!! 1 {
      spendable: true,
      value: 625000000,
      txid: '9e17e630d63b43d2b1d1aff57c228727db39cdd7b4fa7d4eb474e7ded6640454',
      vout: 0
    } undefined

      at src/core/spells.ts:216:12

  console.info
    Executing command: /Users/gadiguy/workspace/charms/target/release/charms tx show-spell --tx 020000000001010000000000000000000000000000000000000000000000000000000000000000ffffffff04021b0200ffffffff0240be402500000000160014565dbe4e929f0f3587ef4ff2533f3dd04fce75c70000000000000000266a24aa21a9ede2f61c3f71d1defd3fa999dfa36953755c690689799962b48bebd836974e8cf90120000000000000000000000000000000000000000000000000000000000000000000000000

      at src/core/charms-sdk.ts:16:11

  console.error
    Stderr: No spell found in the transaction

      30 | 				}
      31 | 				if (stderr) {
    > 32 | 					console.error(`Stderr: ${stderr}`);
         | 					        ^
      33 | 				}
      34 | 				console.info(`Executed successfully: ${stdout}`);
      35 | 				resolve(stdout);

      at src/core/charms-sdk.ts:32:14

  console.info
    Executed successfully:

      at src/core/charms-sdk.ts:34:13

  console.log
    !!! 1 {
      spendable: true,
      value: 625000000,
      txid: 'c060754da3cf715e93a4ea623234a55af21a128fc144f6f8ae36200d94d4d4fd',
      vout: 0
    } undefined

      at src/core/spells.ts:216:12

  console.info
    Executing command: /Users/gadiguy/workspace/charms/target/release/charms tx show-spell --tx 020000000001010000000000000000000000000000000000000000000000000000000000000000ffffffff0402770100ffffffff02807c814a00000000160014c9d9cdc3642ca0458ccf3b6082b251ab8aa241730000000000000000266a24aa21a9ede2f61c3f71d1defd3fa999dfa36953755c690689799962b48bebd836974e8cf90120000000000000000000000000000000000000000000000000000000000000000000000000

      at src/core/charms-sdk.ts:16:11

  console.error
    Stderr: No spell found in the transaction

      30 | 				}
      31 | 				if (stderr) {
    > 32 | 					console.error(`Stderr: ${stderr}`);
         | 					        ^
      33 | 				}
      34 | 				console.info(`Executed successfully: ${stdout}`);
      35 | 				resolve(stdout);

      at src/core/charms-sdk.ts:32:14

  console.info
    Executed successfully:

      at src/core/charms-sdk.ts:34:13

  console.log
    !!! 1 {
      spendable: true,
      value: 1250000000,
      txid: 'bef40b3ee44dd6dcee8ef39c7c89c56784a1f51bf15723d922a0d3e237687f5d',
      vout: 0
    } undefined

      at src/core/spells.ts:216:12

  console.info
    Executing command: /Users/gadiguy/workspace/charms/target/release/charms tx show-spell --tx 020000000001010000000000000000000000000000000000000000000000000000000000000000ffffffff04021a0200ffffffff0240be402500000000160014565dbe4e929f0f3587ef4ff2533f3dd04fce75c70000000000000000266a24aa21a9ede2f61c3f71d1defd3fa999dfa36953755c690689799962b48bebd836974e8cf90120000000000000000000000000000000000000000000000000000000000000000000000000

      at src/core/charms-sdk.ts:16:11

  console.error
    Stderr: No spell found in the transaction

      30 | 				}
      31 | 				if (stderr) {
    > 32 | 					console.error(`Stderr: ${stderr}`);
         | 					        ^
      33 | 				}
      34 | 				console.info(`Executed successfully: ${stdout}`);
      35 | 				resolve(stdout);

      at src/core/charms-sdk.ts:32:14

  console.info
    Executed successfully:

      at src/core/charms-sdk.ts:34:13

  console.log
    !!! 1 {
      spendable: true,
      value: 625000000,
      txid: '9e8acf319d338c2a7f688eb9a0b44a9bf1feba1a45e5270a1de84d0fc7b48599',
      vout: 0
    } undefined

      at src/core/spells.ts:216:12

  console.info
    Executing command: /Users/gadiguy/workspace/charms/target/release/charms tx show-spell --tx 020000000001010000000000000000000000000000000000000000000000000000000000000000ffffffff0402a60200ffffffff02205fa01200000000160014be438a2710f608303168dfde261068040a60fb7a0000000000000000266a24aa21a9ede2f61c3f71d1defd3fa999dfa36953755c690689799962b48bebd836974e8cf90120000000000000000000000000000000000000000000000000000000000000000000000000

      at src/core/charms-sdk.ts:16:11

  console.error
    Stderr: No spell found in the transaction

      30 | 				}
      31 | 				if (stderr) {
    > 32 | 					console.error(`Stderr: ${stderr}`);
         | 					        ^
      33 | 				}
      34 | 				console.info(`Executed successfully: ${stdout}`);
      35 | 				resolve(stdout);

      at src/core/charms-sdk.ts:32:14

  console.info
    Executed successfully:

      at src/core/charms-sdk.ts:34:13

  console.log
    !!! 1 {
      spendable: true,
      value: 312500000,
      txid: 'af65635c15bde4426f5f7854df9f309eafb918190ab4ae4dee9fb40715131c3c',
      vout: 0
    } undefined

      at src/core/spells.ts:216:12

  console.info
    Executing command: /Users/gadiguy/workspace/charms/target/release/charms tx show-spell --tx 020000000001010000000000000000000000000000000000000000000000000000000000000000ffffffff0402320200ffffffff0240be402500000000160014565dbe4e929f0f3587ef4ff2533f3dd04fce75c70000000000000000266a24aa21a9ede2f61c3f71d1defd3fa999dfa36953755c690689799962b48bebd836974e8cf90120000000000000000000000000000000000000000000000000000000000000000000000000

      at src/core/charms-sdk.ts:16:11

  console.error
    Stderr: No spell found in the transaction

      30 | 				}
      31 | 				if (stderr) {
    > 32 | 					console.error(`Stderr: ${stderr}`);
         | 					        ^
      33 | 				}
      34 | 				console.info(`Executed successfully: ${stdout}`);
      35 | 				resolve(stdout);

      at src/core/charms-sdk.ts:32:14

  console.info
    Executed successfully:

      at src/core/charms-sdk.ts:34:13

  console.log
    !!! 1 {
      spendable: true,
      value: 625000000,
      txid: '30be62f9defc9f9a085a3df271aef2dc3fa3dfb7848acd3fb03fbbc8f0318f6d',
      vout: 0
    } undefined

      at src/core/spells.ts:216:12

  console.info
    Executing command: /Users/gadiguy/workspace/charms/target/release/charms tx show-spell --tx 020000000001010000000000000000000000000000000000000000000000000000000000000000ffffffff0402190200ffffffff0240be402500000000160014565dbe4e929f0f3587ef4ff2533f3dd04fce75c70000000000000000266a24aa21a9ede2f61c3f71d1defd3fa999dfa36953755c690689799962b48bebd836974e8cf90120000000000000000000000000000000000000000000000000000000000000000000000000

      at src/core/charms-sdk.ts:16:11

  console.error
    Stderr: No spell found in the transaction

      30 | 				}
      31 | 				if (stderr) {
    > 32 | 					console.error(`Stderr: ${stderr}`);
         | 					        ^
      33 | 				}
      34 | 				console.info(`Executed successfully: ${stdout}`);
      35 | 				resolve(stdout);

      at src/core/charms-sdk.ts:32:14

  console.info
    Executed successfully:

      at src/core/charms-sdk.ts:34:13

  console.log
    !!! 1 {
      spendable: true,
      value: 625000000,
      txid: '9cf0eed76b709f7379b7331a9025ce719ec5437c81de009f2d32de9130828450',
      vout: 0
    } undefined

      at src/core/spells.ts:216:12

  console.info
    Executing command: /Users/gadiguy/workspace/charms/target/release/charms tx show-spell --tx 020000000001010000000000000000000000000000000000000000000000000000000000000000ffffffff0402180200ffffffff0240be402500000000160014565dbe4e929f0f3587ef4ff2533f3dd04fce75c70000000000000000266a24aa21a9ede2f61c3f71d1defd3fa999dfa36953755c690689799962b48bebd836974e8cf90120000000000000000000000000000000000000000000000000000000000000000000000000

      at src/core/charms-sdk.ts:16:11

  console.error
    Stderr: No spell found in the transaction

      30 | 				}
      31 | 				if (stderr) {
    > 32 | 					console.error(`Stderr: ${stderr}`);
         | 					        ^
      33 | 				}
      34 | 				console.info(`Executed successfully: ${stdout}`);
      35 | 				resolve(stdout);

      at src/core/charms-sdk.ts:32:14

  console.info
    Executed successfully:

      at src/core/charms-sdk.ts:34:13

  console.log
    !!! 1 {
      spendable: true,
      value: 625000000,
      txid: 'c3c9433c942a29674c55c9126575505a01ee15d8575e8f88ad46ae3d82f9c861',
      vout: 0
    } undefined

      at src/core/spells.ts:216:12

  console.info
    Executing command: /Users/gadiguy/workspace/charms/target/release/charms tx show-spell --tx 02000000000103e479e9132aea3afb940c1e153bb9fd6172999d6e6adb0c1cb8e5567ec8fa79a10000000000ffffffff1397f600f6abdfdc3cd1cd9cedb0a31afc12812a5c29608266cf65b23976c4b80000000000ffffffff41f97b462daf4c6597a70bf819838c31ddf9205c238a08ce2542c38ab143f6170000000000ffffffff03e803000000000000225120e159dc20c54e5262252e66b6939efeeb9b922de287193ff2a112cb2bbff284c2e8030000000000002251201b02ff439b16329e6a091e3f2472a438e0a0cd8b66d1f22a39abfc24d59431b01018a6040000000016001430596887dfc06b500411c1c489b086d1985c271903405f52fffc3d28dbe292ccfb6355f653133c857f0de99ef04bfe7433adbbf69f112ff1cb08cecb2b61e9c5d8ec1fb4946225b37061ba0f99d3ed32af4e470d72b72420941d39f94a633bc151947f45d3ab78a51c93fa358b10895b2061b52c75012279ac519c21c050929b74c1a04954b78b4b6035e97a5e078a5a0f28ec96d547bfee9ace803ac003407b9b972a8807c2fbef17aebf8065e6abf58e9b2e63c28f90971d181e1497c0d74c996cfbab0607dd1520e6e453888ef45f782a3913ba7939c898fa80fd9b753a242090110da2a57d70606e5517320727704da71bb0b06680b51165cdc7a5cb935cb3ac519c41c050929b74c1a04954b78b4b6035e97a5e078a5a0f28ec96d547bfee9ace803ac056d472a530e8f0d2033665660ab9ce964b17defe4f3b9739c7cad3e981e56c7c0340fd0404e1222cb41c55965af04d6254c98cdb843bb70aa901f98dbf093ad110ce0f097aa076bf397a1d16c8a205e8de695492b21f7d0d1cd87be69f17510e68fffd12020063057370656c6c4de40182a36776657273696f6e04627478a2647265667380646f75747382a100a3667469636b657269475241494c2d4e46547163757272656e745f636f7369676e6572737840393031313064613261353764373036303665353531373332303732373730346461373162623062303636383062353131363563646337613563623933356362337163757272656e745f7468726573686f6c6401a200a164747970656b757365725f636861726d7301a166616d6f756e741a000f4240716170705f7075626c69635f696e70757473a283616e982018b2185e18d8184c101888186b18ec03181d189b18d718ae181c18fc183d1889183f18f8188205181d18c218c5184c186118ae189803182318ae16982018d618d018761869184918e918de184f18510817183f184118ba184d18381866189318b9011876188318a0181f18af184918d01118a9186518821859a166616374696f6e66757064617465836174982018b2185e18d8184c101888186b18ec03181d189b18d718ae181c18fc183d1889183f18f8188205181d18c218c5184c186118ae189803182318ae16982018d618d018761869184918e918de184f18510817183f184118ba184d18381866189318b9011876188318a0181f18af184918d01118a9186518821859a166616374696f6e646d696e748068206a4b507044600618b8682fe40033b94576895782e5095fb471986c77c0619e87ac21c16a4b507044600618b8682fe40033b94576895782e5095fb471986c77c0619e8700000000

      at src/core/charms-sdk.ts:16:11

  console.info
    Executed successfully: version: 4
    apps:
      $0000: n/b25ed84c10886bec031d9bd7ae1cfc3d893ff882051dc2c54c61ae980323ae16/d6d0766949e9de4f5108173f41ba4d386693b9017683a01faf49d011a9658259
      $0001: t/b25ed84c10886bec031d9bd7ae1cfc3d893ff882051dc2c54c61ae980323ae16/d6d0766949e9de4f5108173f41ba4d386693b9017683a01faf49d011a9658259
    public_args:
      $0000:
        action: update
      $0001:
        action: mint
    ins:
    - utxo_id: a179fac87e56e5b81c0cdb6a6e9d997261fdb93b151e0c94fb3aea2a13e979e4:0
    - utxo_id: b8c47639b265cf668260295c2a8112fc1aa3b0ed9ccdd13cdcdfabf600f69713:0
    outs:
    - charms:
        $0000:
          ticker: GRAIL-NFT
          current_cosigners: 90110da2a57d70606e5517320727704da71bb0b06680b51165cdc7a5cb935cb3
          current_threshold: 1
    - charms:
        $0000:
          type: user_charms
        $0001:
          amount: 1000000

      at src/core/charms-sdk.ts:34:13

  console.log
    !!! 1 {
      spendable: true,
      value: 77994000,
      txid: '8adec5dbdaea5ef9542b4eda2e79c9d3f7de5ba6c5e7583a75f350d968034d03',
      vout: 2
    } undefined

      at src/core/spells.ts:216:12

  console.info
    Executing command: /Users/gadiguy/workspace/charms/target/release/charms tx show-spell --tx 020000000001010000000000000000000000000000000000000000000000000000000000000000ffffffff04026d0200ffffffff02205fa01200000000160014565dbe4e929f0f3587ef4ff2533f3dd04fce75c70000000000000000266a24aa21a9ede2f61c3f71d1defd3fa999dfa36953755c690689799962b48bebd836974e8cf90120000000000000000000000000000000000000000000000000000000000000000000000000

      at src/core/charms-sdk.ts:16:11

  console.error
    Stderr: No spell found in the transaction

      30 | 				}
      31 | 				if (stderr) {
    > 32 | 					console.error(`Stderr: ${stderr}`);
         | 					        ^
      33 | 				}
      34 | 				console.info(`Executed successfully: ${stdout}`);
      35 | 				resolve(stdout);

      at src/core/charms-sdk.ts:32:14

  console.info
    Executed successfully:

      at src/core/charms-sdk.ts:34:13

  console.log
    !!! 1 {
      spendable: true,
      value: 312500000,
      txid: 'b839041dc8acc04423ac321ae62424dab6293ea44df820f5584cba4363c3f4b8',
      vout: 0
    } undefined

      at src/core/spells.ts:216:12

  console.info
    Executing command: /Users/gadiguy/workspace/charms/target/release/charms tx show-spell --tx 020000000001010000000000000000000000000000000000000000000000000000000000000000ffffffff04025a0400ffffffff02e40b540200000000160014c699b99a00cc336f2cd3615b2361af367128c86a0000000000000000266a24aa21a9ede2f61c3f71d1defd3fa999dfa36953755c690689799962b48bebd836974e8cf90120000000000000000000000000000000000000000000000000000000000000000000000000

      at src/core/charms-sdk.ts:16:11

  console.error
    Stderr: No spell found in the transaction

      30 | 				}
      31 | 				if (stderr) {
    > 32 | 					console.error(`Stderr: ${stderr}`);
         | 					        ^
      33 | 				}
      34 | 				console.info(`Executed successfully: ${stdout}`);
      35 | 				resolve(stdout);

      at src/core/charms-sdk.ts:32:14

  console.info
    Executed successfully:

      at src/core/charms-sdk.ts:34:13

  console.log
    !!! 1 {
      spendable: true,
      value: 39062500,
      txid: 'c5b5d1edee5a69373e7c1470c542049f0cfa6b4b24734b23b0dc1dbe7a611f7d',
      vout: 0
    } undefined

      at src/core/spells.ts:216:12

  console.info
    Executing command: /Users/gadiguy/workspace/charms/target/release/charms tx show-spell --tx 020000000001010000000000000000000000000000000000000000000000000000000000000000ffffffff0402300300ffffffff02902f500900000000160014df2907ba1c43324bcddd8f295bb3d2d09dd62c290000000000000000266a24aa21a9ede2f61c3f71d1defd3fa999dfa36953755c690689799962b48bebd836974e8cf90120000000000000000000000000000000000000000000000000000000000000000000000000

      at src/core/charms-sdk.ts:16:11

  console.error
    Stderr: No spell found in the transaction

      30 | 				}
      31 | 				if (stderr) {
    > 32 | 					console.error(`Stderr: ${stderr}`);
         | 					        ^
      33 | 				}
      34 | 				console.info(`Executed successfully: ${stdout}`);
      35 | 				resolve(stdout);

      at src/core/charms-sdk.ts:32:14

  console.info
    Executed successfully:

      at src/core/charms-sdk.ts:34:13

  console.log
    !!! 1 {
      spendable: true,
      value: 156250000,
      txid: 'ab85ed5fc0a8217f3e3e30e558baac27a1dba28065ca064c5459b7a4d94fce22',
      vout: 0
    } undefined

      at src/core/spells.ts:216:12

  console.info
    Executing command: /Users/gadiguy/workspace/charms/target/release/charms tx show-spell --tx 020000000001010000000000000000000000000000000000000000000000000000000000000000ffffffff0402160200ffffffff0240be40250000000016001494c6025d0349ccb4baf466a5f9f589b1a8e8c6790000000000000000266a24aa21a9ede2f61c3f71d1defd3fa999dfa36953755c690689799962b48bebd836974e8cf90120000000000000000000000000000000000000000000000000000000000000000000000000

      at src/core/charms-sdk.ts:16:11

  console.error
    Stderr: No spell found in the transaction

      30 | 				}
      31 | 				if (stderr) {
    > 32 | 					console.error(`Stderr: ${stderr}`);
         | 					        ^
      33 | 				}
      34 | 				console.info(`Executed successfully: ${stdout}`);
      35 | 				resolve(stdout);

      at src/core/charms-sdk.ts:32:14

  console.info
    Executed successfully:

      at src/core/charms-sdk.ts:34:13

  console.log
    !!! 1 {
      spendable: true,
      value: 625000000,
      txid: 'af946324e72284c3842a05d2a59ca92841a7576a27be6b0b69ff7ca441dbc45b',
      vout: 0
    } undefined

      at src/core/spells.ts:216:12

  console.info
    Executing command: /Users/gadiguy/workspace/charms/target/release/charms tx show-spell --tx 02000000000102e2b941bfec1ebd4afd5d887af1f50e0eb727ea017ca7f40abae0167548f3e4460000000000ffffffff192feb889be4643b2bc3b05a81a7878e67f970da74c3f3d3a5988ec23241462c0000000000ffffffff02e803000000000000225120dfed6f0ee6eec19d23ce38a38be59eb9343e2c6b6a1a272a32378ee494f378f15009f92901000000160014ff9aab1fc8d72c18a46cfd3a1d05798e0b1c7e2503404f55b98a7cd4cee392910eed02c21f7cad6306385c12a064e7a221691ee9cb6802da44ae9493325cff8143c2d701ea3fa27651d710778e75d727013814bb417e24209ad051ec4798d22004f2cad73c30ffa6fc4e62c3b3f20aa5675f01afc83682a6ac519c21c050929b74c1a04954b78b4b6035e97a5e078a5a0f28ec96d547bfee9ace803ac00340620a0094ed42c1f03b4867fa687a4a88c3e86da99b4321bf4b08b3140e25491f37d07dafaafb4f6376df243570cf5c1843a0743159800f4663dcd653e6e15e2afd6c010063057370656c6c4d3e0182a36776657273696f6e04627478a2647265667380646f75747381a100a3667469636b657269475241494c2d4e46547163757272656e745f636f7369676e6572737840396164303531656334373938643232303034663263616437336333306666613666633465363263336233663230616135363735663031616663383336383261367163757272656e745f7468726573686f6c6401716170705f7075626c69635f696e70757473a183616e9820185f185f1874184b18bb1866185818dc18d618ad1832189c18541866184118c0184e188a188c1873182a1889189018931861188718e9184818a61871188918929820187618f618ea1826183c18511835184818c118f118591518a41886187c187118be188318f1183c18eb183018380f18d4183f188f183218d118da1842185ba166616374696f6e6675706461746580682079cc97e5a65f14ed2e70ccbd3998e6dfbc829c48441a5044003b801d074b7029ac21c179cc97e5a65f14ed2e70ccbd3998e6dfbc829c48441a5044003b801d074b702900000000

      at src/core/charms-sdk.ts:16:11

  console.info
    Executed successfully: version: 4
    apps:
      $0000: n/5f5f744bbb6658dcd6ad329c546641c04e8a8c732a8990936187e948a6718992/76f6ea263c513548c1f15915a4867c71be83f13ceb30380fd43f8f32d1da425b
    public_args:
      $0000:
        action: update
    ins:
    - utxo_id: 46e4f3487516e0ba0af4a77c01ea27b70e0ef5f17a885dfd4abd1eecbf41b9e2:0
    outs:
    - charms:
        $0000:
          ticker: GRAIL-NFT
          current_cosigners: 9ad051ec4798d22004f2cad73c30ffa6fc4e62c3b3f20aa5675f01afc83682a6
          current_threshold: 1

      at src/core/charms-sdk.ts:34:13

  console.log
    !!! 1 {
      spendable: true,
      value: 4999154000,
      txid: '71c962be6689f73c3f976647391397429571fd12f96cd942f59b7284565ff9bc',
      vout: 1
    } undefined

      at src/core/spells.ts:216:12

  console.info
    Executing command: /Users/gadiguy/workspace/charms/target/release/charms tx show-spell --tx 020000000001010000000000000000000000000000000000000000000000000000000000000000ffffffff04024f0200ffffffff0240be402500000000160014565dbe4e929f0f3587ef4ff2533f3dd04fce75c70000000000000000266a24aa21a9ede2f61c3f71d1defd3fa999dfa36953755c690689799962b48bebd836974e8cf90120000000000000000000000000000000000000000000000000000000000000000000000000

      at src/core/charms-sdk.ts:16:11

  console.error
    Stderr: No spell found in the transaction

      30 | 				}
      31 | 				if (stderr) {
    > 32 | 					console.error(`Stderr: ${stderr}`);
         | 					        ^
      33 | 				}
      34 | 				console.info(`Executed successfully: ${stdout}`);
      35 | 				resolve(stdout);

      at src/core/charms-sdk.ts:32:14

  console.info
    Executed successfully:

      at src/core/charms-sdk.ts:34:13

  console.log
    !!! 1 {
      spendable: true,
      value: 625000000,
      txid: '05d776c90e7addece94520f39aa3bb63c0edacdbf11d6743cb79a7295d493026',
      vout: 0
    } undefined

      at src/core/spells.ts:216:12

  console.info
    Executing command: /Users/gadiguy/workspace/charms/target/release/charms tx show-spell --tx 020000000001010000000000000000000000000000000000000000000000000000000000000000ffffffff03017300ffffffff0200f2052a01000000160014c9d9cdc3642ca0458ccf3b6082b251ab8aa241730000000000000000266a24aa21a9ede2f61c3f71d1defd3fa999dfa36953755c690689799962b48bebd836974e8cf90120000000000000000000000000000000000000000000000000000000000000000000000000

      at src/core/charms-sdk.ts:16:11

  console.error
    Stderr: No spell found in the transaction

      30 | 				}
      31 | 				if (stderr) {
    > 32 | 					console.error(`Stderr: ${stderr}`);
         | 					        ^
      33 | 				}
      34 | 				console.info(`Executed successfully: ${stdout}`);
      35 | 				resolve(stdout);

      at src/core/charms-sdk.ts:32:14

  console.info
    Executed successfully:

      at src/core/charms-sdk.ts:34:13

  console.log
    !!! 1 {
      spendable: true,
      value: 5000000000,
      txid: '2163b5a03d7dcd1087605e6313208310d150388a7e486445e6c8def7cb677440',
      vout: 0
    } undefined

      at src/core/spells.ts:216:12

  console.info
    Executing command: /Users/gadiguy/workspace/charms/target/release/charms tx show-spell --tx 020000000001010000000000000000000000000000000000000000000000000000000000000000ffffffff04022a0100ffffffff0200f9029500000000160014c9d9cdc3642ca0458ccf3b6082b251ab8aa241730000000000000000266a24aa21a9ede2f61c3f71d1defd3fa999dfa36953755c690689799962b48bebd836974e8cf90120000000000000000000000000000000000000000000000000000000000000000000000000

      at src/core/charms-sdk.ts:16:11

  console.error
    Stderr: No spell found in the transaction

      30 | 				}
      31 | 				if (stderr) {
    > 32 | 					console.error(`Stderr: ${stderr}`);
         | 					        ^
      33 | 				}
      34 | 				console.info(`Executed successfully: ${stdout}`);
      35 | 				resolve(stdout);

      at src/core/charms-sdk.ts:32:14

  console.info
    Executed successfully:

      at src/core/charms-sdk.ts:34:13

  console.log
    !!! 1 {
      spendable: true,
      value: 2500000000,
      txid: '0cb164a7015c9201e9762241e23833db88d18a730b7647383f554cc186898bcb',
      vout: 0
    } undefined

      at src/core/spells.ts:216:12

  console.info
    Executing command: /Users/gadiguy/workspace/charms/target/release/charms tx show-spell --tx 020000000001010000000000000000000000000000000000000000000000000000000000000000ffffffff0402690300ffffffff02902f5009000000001600147ee0b7b0a06b1715257f82da01a3a4daa7a6aa780000000000000000266a24aa21a9ede2f61c3f71d1defd3fa999dfa36953755c690689799962b48bebd836974e8cf90120000000000000000000000000000000000000000000000000000000000000000000000000

      at src/core/charms-sdk.ts:16:11

  console.error
    Stderr: No spell found in the transaction

      30 | 				}
      31 | 				if (stderr) {
    > 32 | 					console.error(`Stderr: ${stderr}`);
         | 					        ^
      33 | 				}
      34 | 				console.info(`Executed successfully: ${stdout}`);
      35 | 				resolve(stdout);

      at src/core/charms-sdk.ts:32:14

  console.info
    Executed successfully:

      at src/core/charms-sdk.ts:34:13

  console.log
    !!! 1 {
      spendable: true,
      value: 156250000,
      txid: 'bdd2212bc99ec6e97ee5df537005bd2d5e48f8cb0a24f6a19a58e60802bbd04d',
      vout: 0
    } undefined

      at src/core/spells.ts:216:12

  console.info
    Executing command: /Users/gadiguy/workspace/charms/target/release/charms tx show-spell --tx 0200000000010190ccdf54cceaa2586a739518f8c9b2cc83aaea917e0623d85ad630c3c82827dc0000000000ffffffff02e803000000000000225120dfed6f0ee6eec19d23ce38a38be59eb9343e2c6b6a1a272a32378ee494f378f1b8c2fa29010000001600147a3128bcc43eca3609074e8b3622b27387bbf9f40341d6269c146816042460f3a1e37ca1a6f5d62cfd6d50daf4432d629430fda924e8bfc6a7e8bb54e25b2b0bff08d131a0fba43cca86ad12019634e62bf040151c3b81fd6c010063057370656c6c4d3e0182a36776657273696f6e04627478a2647265667380646f75747381a100a3667469636b657269475241494c2d4e46547163757272656e745f636f7369676e6572737840396164303531656334373938643232303034663263616437336333306666613666633465363263336233663230616135363735663031616663383336383261367163757272656e745f7468726573686f6c6401716170705f7075626c69635f696e70757473a183616e9820185f185f1874184b18bb1866185818dc18d618ad1832189c18541866184118c0184e188a188c1873182a1889189018931861188718e9184818a61871188918929820187618f618ea1826183c18511835184818c118f118591518a41886187c187118be188318f1183c18eb183018380f18d4183f188f183218d118da1842185ba166616374696f6e666465706c6f798068208e221fd71a6d9814c45ba3a918b3272f3028190c3325803bb32f3f35e075136eac21c18e221fd71a6d9814c45ba3a918b3272f3028190c3325803bb32f3f35e075136e00000000

      at src/core/charms-sdk.ts:16:11

  console.info
    Executed successfully: version: 4
    apps:
      $0000: n/5f5f744bbb6658dcd6ad329c546641c04e8a8c732a8990936187e948a6718992/76f6ea263c513548c1f15915a4867c71be83f13ceb30380fd43f8f32d1da425b
    public_args:
      $0000:
        action: deploy
    ins: []
    outs:
    - charms:
        $0000:
          ticker: GRAIL-NFT
          current_cosigners: 9ad051ec4798d22004f2cad73c30ffa6fc4e62c3b3f20aa5675f01afc83682a6
          current_threshold: 1

      at src/core/charms-sdk.ts:34:13

  console.log
    !!! 1 {
      spendable: true,
      value: 4999267000,
      txid: '46e4f3487516e0ba0af4a77c01ea27b70e0ef5f17a885dfd4abd1eecbf41b9e2',
      vout: 1
    } undefined

      at src/core/spells.ts:216:12

  console.info
    Executing command: /Users/gadiguy/workspace/charms/target/release/charms tx show-spell --tx 020000000001010000000000000000000000000000000000000000000000000000000000000000ffffffff0402cc0200ffffffff02205fa01200000000160014be438a2710f608303168dfde261068040a60fb7a0000000000000000266a24aa21a9ede2f61c3f71d1defd3fa999dfa36953755c690689799962b48bebd836974e8cf90120000000000000000000000000000000000000000000000000000000000000000000000000

      at src/core/charms-sdk.ts:16:11

  console.error
    Stderr: No spell found in the transaction

      30 | 				}
      31 | 				if (stderr) {
    > 32 | 					console.error(`Stderr: ${stderr}`);
         | 					        ^
      33 | 				}
      34 | 				console.info(`Executed successfully: ${stdout}`);
      35 | 				resolve(stdout);

      at src/core/charms-sdk.ts:32:14

  console.info
    Executed successfully:

      at src/core/charms-sdk.ts:34:13

  console.log
    !!! 1 {
      spendable: true,
      value: 312500000,
      txid: 'b4bd51cd8f6f255eb7a19b1014c5566fb4367d96e582a03489215855a72a426f',
      vout: 0
    } undefined

      at src/core/spells.ts:216:12

  console.info
    Executing command: /Users/gadiguy/workspace/charms/target/release/charms tx show-spell --tx 020000000001010000000000000000000000000000000000000000000000000000000000000000ffffffff0402690200ffffffff02205fa01200000000160014565dbe4e929f0f3587ef4ff2533f3dd04fce75c70000000000000000266a24aa21a9ede2f61c3f71d1defd3fa999dfa36953755c690689799962b48bebd836974e8cf90120000000000000000000000000000000000000000000000000000000000000000000000000

      at src/core/charms-sdk.ts:16:11

  console.error
    Stderr: No spell found in the transaction

      30 | 				}
      31 | 				if (stderr) {
    > 32 | 					console.error(`Stderr: ${stderr}`);
         | 					        ^
      33 | 				}
      34 | 				console.info(`Executed successfully: ${stdout}`);
      35 | 				resolve(stdout);

      at src/core/charms-sdk.ts:32:14

  console.info
    Executed successfully:

      at src/core/charms-sdk.ts:34:13

  console.log
    !!! 1 {
      spendable: true,
      value: 312500000,
      txid: 'd82296940c8b73b269c78db3c1ee4b648ce0b888c538d06e0ac59dd541a224ea',
      vout: 0
    } undefined

      at src/core/spells.ts:216:12

  console.info
    Executing command: /Users/gadiguy/workspace/charms/target/release/charms tx show-spell --tx 020000000001010000000000000000000000000000000000000000000000000000000000000000ffffffff04025a0300ffffffff02902f5009000000001600147ee0b7b0a06b1715257f82da01a3a4daa7a6aa780000000000000000266a24aa21a9ede2f61c3f71d1defd3fa999dfa36953755c690689799962b48bebd836974e8cf90120000000000000000000000000000000000000000000000000000000000000000000000000

      at src/core/charms-sdk.ts:16:11

  console.error
    Stderr: No spell found in the transaction

      30 | 				}
      31 | 				if (stderr) {
    > 32 | 					console.error(`Stderr: ${stderr}`);
         | 					        ^
      33 | 				}
      34 | 				console.info(`Executed successfully: ${stdout}`);
      35 | 				resolve(stdout);

      at src/core/charms-sdk.ts:32:14

  console.info
    Executed successfully:

      at src/core/charms-sdk.ts:34:13

  console.log
    !!! 1 {
      spendable: true,
      value: 156250000,
      txid: '2298c4c184b939de1ef0d3217d65e33dcbe2936e9a6ea394b447d801b9da739e',
      vout: 0
    } undefined

      at src/core/spells.ts:216:12

  console.info
    Executing command: /Users/gadiguy/workspace/charms/target/release/charms tx show-spell --tx 020000000001010000000000000000000000000000000000000000000000000000000000000000ffffffff0402050400ffffffff02c817a80400000000160014b3455ce530ba44de213c9a78c2d662785143c5f40000000000000000266a24aa21a9ede2f61c3f71d1defd3fa999dfa36953755c690689799962b48bebd836974e8cf90120000000000000000000000000000000000000000000000000000000000000000000000000

      at src/core/charms-sdk.ts:16:11

  console.error
    Stderr: No spell found in the transaction

      30 | 				}
      31 | 				if (stderr) {
    > 32 | 					console.error(`Stderr: ${stderr}`);
         | 					        ^
      33 | 				}
      34 | 				console.info(`Executed successfully: ${stdout}`);
      35 | 				resolve(stdout);

      at src/core/charms-sdk.ts:32:14

  console.info
    Executed successfully:

      at src/core/charms-sdk.ts:34:13

  console.log
    !!! 1 {
      spendable: true,
      value: 78125000,
      txid: '8719f0d3c0c149cec514e32ddbfbad56214ab17876b80e5ff052fd02596fe06b',
      vout: 0
    } undefined

      at src/core/spells.ts:216:12

  console.info
    Executing command: /Users/gadiguy/workspace/charms/target/release/charms tx show-spell --tx 020000000001010000000000000000000000000000000000000000000000000000000000000000ffffffff0402790400ffffffff02e2a7080300000000160014a30504ba7dbec4c1c72a44a77648e7866a58cd610000000000000000266a24aa21a9edf94b44ecdfaf64ce931e81c04025c740a5a4363b6ebafa403b9c122b5a90a10f0120000000000000000000000000000000000000000000000000000000000000000000000000

      at src/core/charms-sdk.ts:16:11

  console.error
    Stderr: No spell found in the transaction

      30 | 				}
      31 | 				if (stderr) {
    > 32 | 					console.error(`Stderr: ${stderr}`);
         | 					        ^
      33 | 				}
      34 | 				console.info(`Executed successfully: ${stdout}`);
      35 | 				resolve(stdout);

      at src/core/charms-sdk.ts:32:14

  console.info
    Executed successfully:

      at src/core/charms-sdk.ts:34:13

  console.log
    !!! 1 {
      spendable: true,
      value: 50898913,
      txid: 'ee5afc62aa8222c27047d65431da41627ab1e53c2e5c5b6b0c419c6ac3408bd0',
      vout: 0
    } undefined

      at src/core/spells.ts:216:12

  console.info
    Executing command: /Users/gadiguy/workspace/charms/target/release/charms tx show-spell --tx 020000000001010000000000000000000000000000000000000000000000000000000000000000ffffffff0402550100ffffffff02807c814a00000000160014c9d9cdc3642ca0458ccf3b6082b251ab8aa241730000000000000000266a24aa21a9ede2f61c3f71d1defd3fa999dfa36953755c690689799962b48bebd836974e8cf90120000000000000000000000000000000000000000000000000000000000000000000000000

      at src/core/charms-sdk.ts:16:11

  console.error
    Stderr: No spell found in the transaction

      30 | 				}
      31 | 				if (stderr) {
    > 32 | 					console.error(`Stderr: ${stderr}`);
         | 					        ^
      33 | 				}
      34 | 				console.info(`Executed successfully: ${stdout}`);
      35 | 				resolve(stdout);

      at src/core/charms-sdk.ts:32:14

  console.info
    Executed successfully:

      at src/core/charms-sdk.ts:34:13

  console.log
    !!! 1 {
      spendable: true,
      value: 1250000000,
      txid: 'cc5b4b3555155977328eaab23ad9e7bd057d248cdfb757fa227bdedf1e4afff0',
      vout: 0
    } undefined

      at src/core/spells.ts:216:12

  console.info
    Executing command: /Users/gadiguy/workspace/charms/target/release/charms tx show-spell --tx 020000000001010000000000000000000000000000000000000000000000000000000000000000ffffffff0402170200ffffffff029e1fae2500000000160014565dbe4e929f0f3587ef4ff2533f3dd04fce75c70000000000000000266a24aa21a9ed42792ca8d1025ed2a30b043ae10df1517f032f9891c850b9124fb2776f82c98e0120000000000000000000000000000000000000000000000000000000000000000000000000

      at src/core/charms-sdk.ts:16:11

  console.error
    Stderr: No spell found in the transaction

      30 | 				}
      31 | 				if (stderr) {
    > 32 | 					console.error(`Stderr: ${stderr}`);
         | 					        ^
      33 | 				}
      34 | 				console.info(`Executed successfully: ${stdout}`);
      35 | 				resolve(stdout);

      at src/core/charms-sdk.ts:32:14

  console.info
    Executed successfully:

      at src/core/charms-sdk.ts:34:13

  console.log
    !!! 1 {
      spendable: true,
      value: 632168350,
      txid: '6b4bfd819aa656c1dd97bd1e13638a9632c22a6228c137d23a192c6f52d15c44',
      vout: 0
    } undefined

      at src/core/spells.ts:216:12

  console.info
    Executing command: /Users/gadiguy/workspace/charms/target/release/charms tx show-spell --tx 020000000001010000000000000000000000000000000000000000000000000000000000000000ffffffff0402430400ffffffff02e40b540200000000160014c699b99a00cc336f2cd3615b2361af367128c86a0000000000000000266a24aa21a9ede2f61c3f71d1defd3fa999dfa36953755c690689799962b48bebd836974e8cf90120000000000000000000000000000000000000000000000000000000000000000000000000

      at src/core/charms-sdk.ts:16:11

  console.error
    Stderr: No spell found in the transaction

      30 | 				}
      31 | 				if (stderr) {
    > 32 | 					console.error(`Stderr: ${stderr}`);
         | 					        ^
      33 | 				}
      34 | 				console.info(`Executed successfully: ${stdout}`);
      35 | 				resolve(stdout);

      at src/core/charms-sdk.ts:32:14

  console.info
    Executed successfully:

      at src/core/charms-sdk.ts:34:13

  console.log
    !!! 1 {
      spendable: true,
      value: 39062500,
      txid: '1c5bab74062e4660c364fa121bdd3eb68603c1a7432c585c86c777d41b508cde',
      vout: 0
    } undefined

      at src/core/spells.ts:216:12

  console.info
    Executing command: /Users/gadiguy/workspace/charms/target/release/charms tx show-spell --tx 020000000001019019b165ff13889fd79eac936c96740201a087bea9289db7c3aa6f889c2ff3340000000000ffffffff02e803000000000000225120d80763edd7017c4ba252db5fa75841dd0f65197f4e96ab960f1bf3f861213f1e3feb052a01000000160014624faf508ad784dea8ba1626d543674523d5ead7034163ead6a3fee186f85ebfa01aee1c796c142772f9c61cd8f75d9282d46f7aec0fd4f1b6e25256fa92fb85f3ffbcf0b79b2377ff6c84716aa861b4c34b8d9cd6df81fd66010063057370656c6c4d380182a36776657273696f6e04627478a2647265667380646f75747381a100a3667469636b657269475241494c2d4e46547163757272656e745f636f7369676e6572737840363630363134646333613831626239663762633039383839373835326230613263343131313231346131306533663764383039653936323463373666356331347163757272656e745f7468726573686f6c6401716170705f7075626c69635f696e70757473a183616e982018a41884188218de0a18d118b318e6183b18b40518d3187118a018c90a189d184918841894181f101865187a0818d318e7189618de18501318f29820187618f618ea1826183c18511835184818c118f118591518a41886187c187118be188318f1183c18eb183018380f18d4183f188f183218d118da1842185ba166616374696f6e666465706c6f798068200ba6adc0e76499517d7d0cfe08de8830fbfc5f5b62df7bbdd2919d2b6cbbb36dac21c00ba6adc0e76499517d7d0cfe08de8830fbfc5f5b62df7bbdd2919d2b6cbbb36d00000000

      at src/core/charms-sdk.ts:16:11

  console.info
    Executed successfully: version: 4
    apps:
      $0000: n/a48482de0ad1b3e63bb405d371a0c90a9d4984941f10657a08d3e796de5013f2/76f6ea263c513548c1f15915a4867c71be83f13ceb30380fd43f8f32d1da425b
    public_args:
      $0000:
        action: deploy
    ins: []
    outs:
    - charms:
        $0000:
          ticker: GRAIL-NFT
          current_cosigners: 660614dc3a81bb9f7bc098897852b0a2c4111214a10e3f7d809e9624c76f5c14
          current_threshold: 1

      at src/core/charms-sdk.ts:34:13

  console.log
    !!! 1 {
      spendable: true,
      value: 4999998271,
      txid: 'd576768bc5fcdc95883fb8513737520c4608323966e6d4c2428cddcce47f8d5d',
      vout: 1
    } undefined

      at src/core/spells.ts:216:12

  console.info
    Executing command: /Users/gadiguy/workspace/charms/target/release/charms tx show-spell --tx 020000000001010000000000000000000000000000000000000000000000000000000000000000ffffffff0402f20100ffffffff0240be4025000000001600148dae6f2122b28418b4dcd043140798d3d20390c90000000000000000266a24aa21a9ede2f61c3f71d1defd3fa999dfa36953755c690689799962b48bebd836974e8cf90120000000000000000000000000000000000000000000000000000000000000000000000000

      at src/core/charms-sdk.ts:16:11

  console.error
    Stderr: No spell found in the transaction

      30 | 				}
      31 | 				if (stderr) {
    > 32 | 					console.error(`Stderr: ${stderr}`);
         | 					        ^
      33 | 				}
      34 | 				console.info(`Executed successfully: ${stdout}`);
      35 | 				resolve(stdout);

      at src/core/charms-sdk.ts:32:14

  console.info
    Executed successfully:

      at src/core/charms-sdk.ts:34:13

  console.log
    !!! 1 {
      spendable: true,
      value: 625000000,
      txid: '20754965e091d18daf7c69e9448ff8f12229e25d2bfab3e2f72a874c3a4b12f9',
      vout: 0
    } undefined

      at src/core/spells.ts:216:12

  console.info
    Executing command: /Users/gadiguy/workspace/charms/target/release/charms tx show-spell --tx 020000000001010000000000000000000000000000000000000000000000000000000000000000ffffffff04028d0000ffffffff0200f2052a01000000160014c9d9cdc3642ca0458ccf3b6082b251ab8aa241730000000000000000266a24aa21a9ede2f61c3f71d1defd3fa999dfa36953755c690689799962b48bebd836974e8cf90120000000000000000000000000000000000000000000000000000000000000000000000000

      at src/core/charms-sdk.ts:16:11

  console.error
    Stderr: No spell found in the transaction

      30 | 				}
      31 | 				if (stderr) {
    > 32 | 					console.error(`Stderr: ${stderr}`);
         | 					        ^
      33 | 				}
      34 | 				console.info(`Executed successfully: ${stdout}`);
      35 | 				resolve(stdout);

      at src/core/charms-sdk.ts:32:14

  console.info
    Executed successfully:

      at src/core/charms-sdk.ts:34:13

  console.log
    !!! 1 {
      spendable: true,
      value: 5000000000,
      txid: '4f25b89d872a9eb97bd4eecc324fd5e6be35f98af53267753a57043a89bbc026',
      vout: 0
    } undefined

      at src/core/spells.ts:216:12

  console.info
    Executing command: /Users/gadiguy/workspace/charms/target/release/charms tx show-spell --tx 020000000001035ca5e7c7290405a42c256d7de72830a7537a0f836f6bbbafe7a4b711058abde30000000000ffffffff807957dd12bcb1ec6675db6b89eb227a4f2e20a400d94a68f51cad555441f7420000000000ffffffff22259169f71cdbf1d194c8fd480e47bd461dbf96da3e8a6a1fa44578c187afb70000000000ffffffff04e8030000000000002251205afec6d38f99b81d705510fc0ac4832e9b02296b9ef16af760378af66fa3a3e22a2c0a00000000002251205afec6d38f99b81d705510fc0ac4832e9b02296b9ef16af760378af66fa3a3e2e8030000000000001600140c2ba5242064097fe376ac41be7c892a7abec8faaac3f894000000001600145d47a0e90653d84e6c872a1c243cf38d1d5ccfa203403fd0ec0de93c02307a1cbb0d007c847f684a5befd2f52339a19474acbf92f69568242d4e806ea1ef8a74eb71ee4383094c821d785eaf8816827a856195cd25f92420b95552a6fa61ea56171e6e260cdba57d250b44ba1234dc928a177698f3f016daac519c21c050929b74c1a04954b78b4b6035e97a5e078a5a0f28ec96d547bfee9ace803ac004004014a36f561e57ca22d014a15911ba7242a1c246a2c1c089e972921ea3d26cace79fee8d3ea3bf0642fed3d7f19d7d7278bcde2916336832d7df4af7f533b5db824620b95552a6fa61ea56171e6e260cdba57d250b44ba1234dc928a177698f3f016daac20ff61e0fc3b753acb4c32943452d09b8f6d1e58a05e9ee140d7e76441aab70c4cba519c41c050929b74c1a04954b78b4b6035e97a5e078a5a0f28ec96d547bfee9ace803ac0ad762b2ddbeccd8e356c311203865758c3872b218009ee4057c6e11777beb5440340d360d89d671bc2d9907b18a75b3a326810102c533b5f3637024f594acf87dfdeb12f71c6bf4538165e8e52be2c23f8814120b04218f98cd30e8b60abe42c3849fd30040063057370656c6c4d080282a36776657273696f6e04627478a2647265667380646f75747383a100a3667469636b657269475241494c2d4e46547163757272656e745f636f7369676e6572737881666636316530666333623735336163623463333239343334353264303962386636643165353861303565396565313430643765373634343161616237306334632c623935353532613666613631656135363137316536653236306364626135376432353062343462613132333464633932386131373736393866336630313664617163757272656e745f7468726573686f6c6401a0a101a166616d6f756e741a000a2c2a716170705f7075626c69635f696e70757473a283616e98201618b1184c1893187a18fb18fa184f184418e2189b18e918f8184e187a187c18ec186a189a189918c91883182718ce18c7182618dc18c6188018770f183f982018f418e1091831189618f3181f0f188e18be1856183c1880186018940a18271871181e170218d808184a181c14182c0718f318ab12182da166616374696f6e6675706461746583617498201618b1184c1893187a18fb18fa184f184418e2189b18e918f8184e187a187c18ec186a189a189918c91883182718ce18c7182618dc18c6188018770f183f982018f418e1091831189618f3181f0f188e18be1856183c1880186018940a18271871181e170218d808184a181c14182c0718f318ab12182da166616374696f4df7016e646d696e7499010418a41859184c1859182e183318d618dc18b4187218c918fd18940a183e0c18370018ef18ac18891718a718cc18fb18c218460718531867188118a30f18ce18b1183c1827186518d91842187e0a1882188d18501318f618b2189918281218f618f5183018f118331883184c18221877189b18c71849185a18401849187e182e11184218b1188918381892187e18b5189a18761880184b18a618f01871185d186a185b184e181a18c7186a188a1866188d182f1825187f188e18b8187618aa091823184c18b7188a185618e218181857188c183618bb18c702183c18ab189a183818cd185c18ce184918ce1827185b18ea18cb185d18b918b318ed188d03131834186a18c318e218df187a18b7183218d218ab18711826183d18c418751853182f1848186418271888186f18d718f6185a18ee18c7182d187b184d1820189112188218611858188618d71834184e18cd186b18dd18ad18a208186f18d6188018f5181b18320518811833181904186c184318d8185a0e0c18c518d91862185218fd18c0186f186a18e01825161838187513181d1878187d182e181a189610184b189118d21879187c18eb18b518ea18cf185215186e18991846184f18ee1825186818321851186c188f18e7187818650e1897185b183a1861182718ba1118b51892186d18461859186b182f187018b96820e7d74ec291f72f7d7831d9f4ed5d4a215fdaed84ab41ec818389aea09bdae49dac21c0e7d74ec291f72f7d7831d9f4ed5d4a215fdaed84ab41ec818389aea09bdae49d00000000

      at src/core/charms-sdk.ts:16:11

  console.info
    Executed successfully: version: 4
    apps:
      $0000: n/16b14c937afbfa4f44e29be9f84e7a7cec6a9a99c98327cec726dcc680770f3f/f4e1093196f31f0f8ebe563c8060940a27711e1702d8084a1c142c07f3ab122d
      $0001: t/16b14c937afbfa4f44e29be9f84e7a7cec6a9a99c98327cec726dcc680770f3f/f4e1093196f31f0f8ebe563c8060940a27711e1702d8084a1c142c07f3ab122d
    public_args:
      $0000:
        action: update
      $0001:
        action: mint
    ins:
    - utxo_id: e3bd8a0511b7a4e7afbb6b6f830f7a53a73028e77d6d252ca4050429c7e7a55c:0
    - utxo_id: 42f7415455ad1cf5684ad900a4202e4f7a22eb896bdb7566ecb1bc12dd577980:0
    outs:
    - charms:
        $0000:
          ticker: GRAIL-NFT
          current_cosigners: ff61e0fc3b753acb4c32943452d09b8f6d1e58a05e9ee140d7e76441aab70c4c,b95552a6fa61ea56171e6e260cdba57d250b44ba1234dc928a177698f3f016da
          current_threshold: 1
    - {}
    - charms:
        $0001:
          amount: 666666

      at src/core/charms-sdk.ts:34:13

  console.log
    !!! 1 {
      spendable: true,
      value: 1000,
      txid: '04b3c71aa5204f698da8048b770ed097fdb649e784de17cc7496cd7a44bc2696',
      vout: 2
    } undefined

      at src/core/spells.ts:216:12

  console.info
    Executing command: /Users/gadiguy/workspace/charms/target/release/charms tx show-spell --tx 020000000001010000000000000000000000000000000000000000000000000000000000000000ffffffff0402620400ffffffff02e40b540200000000160014c699b99a00cc336f2cd3615b2361af367128c86a0000000000000000266a24aa21a9ede2f61c3f71d1defd3fa999dfa36953755c690689799962b48bebd836974e8cf90120000000000000000000000000000000000000000000000000000000000000000000000000

      at src/core/charms-sdk.ts:16:11

  console.error
    Stderr: No spell found in the transaction

      30 | 				}
      31 | 				if (stderr) {
    > 32 | 					console.error(`Stderr: ${stderr}`);
         | 					        ^
      33 | 				}
      34 | 				console.info(`Executed successfully: ${stdout}`);
      35 | 				resolve(stdout);

      at src/core/charms-sdk.ts:32:14

  console.info
    Executed successfully:

      at src/core/charms-sdk.ts:34:13

  console.log
    !!! 1 {
      spendable: true,
      value: 39062500,
      txid: 'c0e11bcac57bc2a179d88f71d1ba86e8038d63bea82eabc8b1aacd4b90e3c770',
      vout: 0
    } undefined

      at src/core/spells.ts:216:12

  console.info
    Executing command: /Users/gadiguy/workspace/charms/target/release/charms tx show-spell --tx 020000000001010000000000000000000000000000000000000000000000000000000000000000ffffffff0402be0100ffffffff02807c814a000000001600148dae6f2122b28418b4dcd043140798d3d20390c90000000000000000266a24aa21a9ede2f61c3f71d1defd3fa999dfa36953755c690689799962b48bebd836974e8cf90120000000000000000000000000000000000000000000000000000000000000000000000000

      at src/core/charms-sdk.ts:16:11

  console.error
    Stderr: No spell found in the transaction

      30 | 				}
      31 | 				if (stderr) {
    > 32 | 					console.error(`Stderr: ${stderr}`);
         | 					        ^
      33 | 				}
      34 | 				console.info(`Executed successfully: ${stdout}`);
      35 | 				resolve(stdout);

      at src/core/charms-sdk.ts:32:14

  console.info
    Executed successfully:

      at src/core/charms-sdk.ts:34:13

  console.log
    !!! 1 {
      spendable: true,
      value: 1250000000,
      txid: '88ec59656a2ed873f39abecb7a691d5e168cbcfc561b75d7c0d2b75e5e7fbded',
      vout: 0
    } undefined

      at src/core/spells.ts:216:12

  console.info
    Executing command: /Users/gadiguy/workspace/charms/target/release/charms tx show-spell --tx 020000000001020fd2c2869ce93c149c7992b7e602d36a56ee46a9fc15316f2fa76fe5761ba7d70000000000ffffffff5607a944c07a1deee188918fe79b14777a5e911097f63adcd227904a031b38a20000000000ffffffff02e803000000000000225120d80763edd7017c4ba252db5fa75841dd0f65197f4e96ab960f1bf3f861213f1eb3f502950000000016001484c021bd790bd147b29a866d15eecdffde325c0c0340bfaedec534d47556a75efdad37a01271775e52ccd4cff2bfa8194eb27bbe86d08994b6c83c939cef9dd5df36cf84fafa035420e766dbd3f71c8d565615f742a62420660614dc3a81bb9f7bc098897852b0a2c4111214a10e3f7d809e9624c76f5c14ac519c21c050929b74c1a04954b78b4b6035e97a5e078a5a0f28ec96d547bfee9ace803ac00340e972c5804e069bc836fb571d0efd1af875566226acf456e1447578558bd118fdbec4bd8e765e1277268d1f247585718cfb6d15c38609481f3506cc3b9b06b654fd6a010063057370656c6c4d3c0182a36776657273696f6e04627478a2647265667380646f75747381a100a3667469636b657269475241494c2d4e46547163757272656e745f636f7369676e6572737840363630363134646333613831626239663762633039383839373835326230613263343131313231346131306533663764383039653936323463373666356331347163757272656e745f7468726573686f6c6401716170705f7075626c69635f696e70757473a183616e9820181e185c18d018ba18ab184118f318a01855182f1828185c18d518ec1870183418851877182d183618531718a2188a183918bb186118d7189b0b187718b19820187618f618ea1826183c18511835184818c118f118591518a41886187c187118be188318f1183c18eb183018380f18d4183f188f183218d118da1842185ba166616374696f6e667570646174658068201162cadd5de6f3f27aaf919f5f3c9007fb2d957b84814309df75a3b78d1c13a6ac21c01162cadd5de6f3f27aaf919f5f3c9007fb2d957b84814309df75a3b78d1c13a600000000

      at src/core/charms-sdk.ts:16:11

  console.info
    Executed successfully: version: 4
    apps:
      $0000: n/1e5cd0baab41f3a0552f285cd5ec703485772d365317a28a39bb61d79b0b77b1/76f6ea263c513548c1f15915a4867c71be83f13ceb30380fd43f8f32d1da425b
    public_args:
      $0000:
        action: update
    ins:
    - utxo_id: d7a71b76e56fa72f6f3115fca946ee566ad302e6b792799c143ce99c86c2d20f:0
    outs:
    - charms:
        $0000:
          ticker: GRAIL-NFT
          current_cosigners: 660614dc3a81bb9f7bc098897852b0a2c4111214a10e3f7d809e9624c76f5c14
          current_threshold: 1

      at src/core/charms-sdk.ts:34:13

  console.log
    !!! 1 {
      spendable: true,
      value: 2499999155,
      txid: 'abc1ca9d2eb2dec25b800c52b6e22e03cde58403a2eb5e86244423d57096aef5',
      vout: 1
    } undefined

      at src/core/spells.ts:216:12

  console.info
    Executing command: /Users/gadiguy/workspace/charms/target/release/charms tx show-spell --tx 020000000001010000000000000000000000000000000000000000000000000000000000000000ffffffff0402fc0100ffffffff0240be4025000000001600148dae6f2122b28418b4dcd043140798d3d20390c90000000000000000266a24aa21a9ede2f61c3f71d1defd3fa999dfa36953755c690689799962b48bebd836974e8cf90120000000000000000000000000000000000000000000000000000000000000000000000000

      at src/core/charms-sdk.ts:16:11

  console.error
    Stderr: No spell found in the transaction

      30 | 				}
      31 | 				if (stderr) {
    > 32 | 					console.error(`Stderr: ${stderr}`);
         | 					        ^
      33 | 				}
      34 | 				console.info(`Executed successfully: ${stdout}`);
      35 | 				resolve(stdout);

      at src/core/charms-sdk.ts:32:14

  console.info
    Executed successfully:

      at src/core/charms-sdk.ts:34:13

  console.log
    !!! 1 {
      spendable: true,
      value: 625000000,
      txid: '6b408d09a7fda8cd1ba035da515d6ad8259e1a81d0ae1c444824fd11dd205c8b',
      vout: 0
    } undefined

      at src/core/spells.ts:216:12

  console.info
    Executing command: /Users/gadiguy/workspace/charms/target/release/charms tx show-spell --tx 020000000001010000000000000000000000000000000000000000000000000000000000000000ffffffff0402da0200ffffffff02205fa01200000000160014be438a2710f608303168dfde261068040a60fb7a0000000000000000266a24aa21a9ede2f61c3f71d1defd3fa999dfa36953755c690689799962b48bebd836974e8cf90120000000000000000000000000000000000000000000000000000000000000000000000000

      at src/core/charms-sdk.ts:16:11

  console.error
    Stderr: No spell found in the transaction

      30 | 				}
      31 | 				if (stderr) {
    > 32 | 					console.error(`Stderr: ${stderr}`);
         | 					        ^
      33 | 				}
      34 | 				console.info(`Executed successfully: ${stdout}`);
      35 | 				resolve(stdout);

      at src/core/charms-sdk.ts:32:14

  console.info
    Executed successfully:

      at src/core/charms-sdk.ts:34:13

  console.log
    !!! 1 {
      spendable: true,
      value: 312500000,
      txid: '513abf244607e6a82db7ea31b877fc2f9f01c105d040a8474982aa48d9c273e7',
      vout: 0
    } undefined

      at src/core/spells.ts:216:12

  console.info
    Executing command: /Users/gadiguy/workspace/charms/target/release/charms tx show-spell --tx 020000000001010000000000000000000000000000000000000000000000000000000000000000ffffffff0402650200ffffffff02205fa01200000000160014565dbe4e929f0f3587ef4ff2533f3dd04fce75c70000000000000000266a24aa21a9ede2f61c3f71d1defd3fa999dfa36953755c690689799962b48bebd836974e8cf90120000000000000000000000000000000000000000000000000000000000000000000000000

      at src/core/charms-sdk.ts:16:11

  console.error
    Stderr: No spell found in the transaction

      30 | 				}
      31 | 				if (stderr) {
    > 32 | 					console.error(`Stderr: ${stderr}`);
         | 					        ^
      33 | 				}
      34 | 				console.info(`Executed successfully: ${stdout}`);
      35 | 				resolve(stdout);

      at src/core/charms-sdk.ts:32:14

  console.info
    Executed successfully:

      at src/core/charms-sdk.ts:34:13

  console.log
    !!! 1 {
      spendable: true,
      value: 312500000,
      txid: '3d62d4134279bed000db7f139abb7e4685bc74b57a393c756bee3b704366a25d',
      vout: 0
    } undefined

      at src/core/spells.ts:216:12

  console.info
    Executing command: /Users/gadiguy/workspace/charms/target/release/charms tx show-spell --tx 020000000001010000000000000000000000000000000000000000000000000000000000000000ffffffff0402050100ffffffff0200f9029500000000160014c9d9cdc3642ca0458ccf3b6082b251ab8aa241730000000000000000266a24aa21a9ede2f61c3f71d1defd3fa999dfa36953755c690689799962b48bebd836974e8cf90120000000000000000000000000000000000000000000000000000000000000000000000000

      at src/core/charms-sdk.ts:16:11

  console.error
    Stderr: No spell found in the transaction

      30 | 				}
      31 | 				if (stderr) {
    > 32 | 					console.error(`Stderr: ${stderr}`);
         | 					        ^
      33 | 				}
      34 | 				console.info(`Executed successfully: ${stdout}`);
      35 | 				resolve(stdout);

      at src/core/charms-sdk.ts:32:14

  console.info
    Executed successfully:

      at src/core/charms-sdk.ts:34:13

  console.log
    !!! 1 {
      spendable: true,
      value: 2500000000,
      txid: '20b61b7eaa96fc1e8d42b98a6804be30822a50eedba2b3868b5bb66604dbbb53',
      vout: 0
    } undefined

      at src/core/spells.ts:216:12

  console.info
    Executing command: /Users/gadiguy/workspace/charms/target/release/charms tx show-spell --tx 020000000001026fb2c33677e3dd4c9445570359319d721dbcb80d6835c9e6a9c1bcfe6c24b8b10000000000ffffffff668e5e8201b007e6bf9368c6b9ef3c05cd8fb61ebbccb5349eb715092a266d7f0000000000ffffffff02e803000000000000225120d80763edd7017c4ba252db5fa75841dd0f65197f4e96ab960f1bf3f861213f1eb3f50295000000001600140058ba50f10c7485f9be2048ddd296253e3ca21e0340a7beab0a731c3911570dc07e13f875f519b5f81172f80cdd11c75f68a5a4fa408ab4da24200243ec28b50680c42c3b28bb273ac3e064220c5614262fab3af5a22420660614dc3a81bb9f7bc098897852b0a2c4111214a10e3f7d809e9624c76f5c14ac519c21c050929b74c1a04954b78b4b6035e97a5e078a5a0f28ec96d547bfee9ace803ac003401e8b495505eddb0bcabe8d1ed7dba6a18f59a416eaa2d99ceb5684f1b766c3b73cf02b0c523101b56bf181fc91e82b7be70f30fc441088025238e9fb2e0d8ecafd6a010063057370656c6c4d3c0182a36776657273696f6e04627478a2647265667380646f75747381a100a3667469636b657269475241494c2d4e46547163757272656e745f636f7369676e6572737840363630363134646333613831626239663762633039383839373835326230613263343131313231346131306533663764383039653936323463373666356331347163757272656e745f7468726573686f6c6401716170705f7075626c69635f696e70757473a183616e9820182918a1181f18ea182e0d188b05182c183018c0184e188418b7182f1820181b189a185318441889189418dd184618da182018f3183218ef185518d618ba9820187618f618ea1826183c18511835184818c118f118591518a41886187c187118be188318f1183c18eb183018380f18d4183f188f183218d118da1842185ba166616374696f6e6675706461746580682050ad0296d29783e78608ac39a04363e4764c824766cdd8b29b0f438463a9387dac21c150ad0296d29783e78608ac39a04363e4764c824766cdd8b29b0f438463a9387d00000000

      at src/core/charms-sdk.ts:16:11

  console.info
    Executed successfully: version: 4
    apps:
      $0000: n/29a11fea2e0d8b052c30c04e84b72f201b9a53448994dd46da20f332ef55d6ba/76f6ea263c513548c1f15915a4867c71be83f13ceb30380fd43f8f32d1da425b
    public_args:
      $0000:
        action: update
    ins:
    - utxo_id: b1b8246cfebcc1a9e6c935680db8bc1d729d3159035745944cdde37736c3b26f:0
    outs:
    - charms:
        $0000:
          ticker: GRAIL-NFT
          current_cosigners: 660614dc3a81bb9f7bc098897852b0a2c4111214a10e3f7d809e9624c76f5c14
          current_threshold: 1

      at src/core/charms-sdk.ts:34:13

  console.log
    !!! 1 {
      spendable: true,
      value: 2499999155,
      txid: 'aa19d1f0aa5b6d0aabfa99a0ca65bcd2d5a7d6197890bd7b32c4b5504c8d16b6',
      vout: 1
    } undefined

      at src/core/spells.ts:216:12

  console.info
    Executing command: /Users/gadiguy/workspace/charms/target/release/charms tx show-spell --tx 020000000001010000000000000000000000000000000000000000000000000000000000000000ffffffff0402150200ffffffff029dd240250000000016001494c6025d0349ccb4baf466a5f9f589b1a8e8c6790000000000000000266a24aa21a9ed5fc37e323bbcb9a51d701a98b8bf5b68a31cec863ac552e9c6e373fe58a653af0120000000000000000000000000000000000000000000000000000000000000000000000000

      at src/core/charms-sdk.ts:16:11

  console.error
    Stderr: No spell found in the transaction

      30 | 				}
      31 | 				if (stderr) {
    > 32 | 					console.error(`Stderr: ${stderr}`);
         | 					        ^
      33 | 				}
      34 | 				console.info(`Executed successfully: ${stdout}`);
      35 | 				resolve(stdout);

      at src/core/charms-sdk.ts:32:14

  console.info
    Executed successfully:

      at src/core/charms-sdk.ts:34:13

  console.log
    !!! 1 {
      spendable: true,
      value: 625005213,
      txid: '0b5950480f41fbefdb37c9f91be609df846b542f665f65a09ded71cc556bdcf6',
      vout: 0
    } undefined

      at src/core/spells.ts:216:12

  console.info
    Executing command: /Users/gadiguy/workspace/charms/target/release/charms tx show-spell --tx 020000000001010000000000000000000000000000000000000000000000000000000000000000ffffffff0402ae0300ffffffff02c817a80400000000160014b3455ce530ba44de213c9a78c2d662785143c5f40000000000000000266a24aa21a9ede2f61c3f71d1defd3fa999dfa36953755c690689799962b48bebd836974e8cf90120000000000000000000000000000000000000000000000000000000000000000000000000

      at src/core/charms-sdk.ts:16:11

  console.error
    Stderr: No spell found in the transaction

      30 | 				}
      31 | 				if (stderr) {
    > 32 | 					console.error(`Stderr: ${stderr}`);
         | 					        ^
      33 | 				}
      34 | 				console.info(`Executed successfully: ${stdout}`);
      35 | 				resolve(stdout);

      at src/core/charms-sdk.ts:32:14

  console.info
    Executed successfully:

      at src/core/charms-sdk.ts:34:13

  console.log
    !!! 1 {
      spendable: true,
      value: 78125000,
      txid: '3fbe3e8c9689f8d521f9dfe0ad8ea09d8a02eaaebd02b7652d5c47361882e34c',
      vout: 0
    } undefined

      at src/core/spells.ts:216:12

  console.info
    Executing command: /Users/gadiguy/workspace/charms/target/release/charms tx show-spell --tx 020000000001010000000000000000000000000000000000000000000000000000000000000000ffffffff0402600200ffffffff02205fa01200000000160014565dbe4e929f0f3587ef4ff2533f3dd04fce75c70000000000000000266a24aa21a9ede2f61c3f71d1defd3fa999dfa36953755c690689799962b48bebd836974e8cf90120000000000000000000000000000000000000000000000000000000000000000000000000

      at src/core/charms-sdk.ts:16:11

  console.error
    Stderr: No spell found in the transaction

      30 | 				}
      31 | 				if (stderr) {
    > 32 | 					console.error(`Stderr: ${stderr}`);
         | 					        ^
      33 | 				}
      34 | 				console.info(`Executed successfully: ${stdout}`);
      35 | 				resolve(stdout);

      at src/core/charms-sdk.ts:32:14

  console.info
    Executed successfully:

      at src/core/charms-sdk.ts:34:13

  console.log
    !!! 1 {
      spendable: true,
      value: 312500000,
      txid: 'e334c242c5dbdb98f40483e6b5e9f50579644d3afc822189bd54d126f23888a9',
      vout: 0
    } undefined

      at src/core/spells.ts:216:12

  console.info
    Executing command: /Users/gadiguy/workspace/charms/target/release/charms tx show-spell --tx 020000000001010000000000000000000000000000000000000000000000000000000000000000ffffffff0402c60200ffffffff02205fa01200000000160014be438a2710f608303168dfde261068040a60fb7a0000000000000000266a24aa21a9ede2f61c3f71d1defd3fa999dfa36953755c690689799962b48bebd836974e8cf90120000000000000000000000000000000000000000000000000000000000000000000000000

      at src/core/charms-sdk.ts:16:11

  console.error
    Stderr: No spell found in the transaction

      30 | 				}
      31 | 				if (stderr) {
    > 32 | 					console.error(`Stderr: ${stderr}`);
         | 					        ^
      33 | 				}
      34 | 				console.info(`Executed successfully: ${stdout}`);
      35 | 				resolve(stdout);

      at src/core/charms-sdk.ts:32:14

  console.info
    Executed successfully:

      at src/core/charms-sdk.ts:34:13

  console.log
    !!! 1 {
      spendable: true,
      value: 312500000,
      txid: '1a2f07b6f1c54a953be0af970bfdd82d4e6c6358d58363853d7abede4b9438be',
      vout: 0
    } undefined

      at src/core/spells.ts:216:12

  console.info
    Executing command: /Users/gadiguy/workspace/charms/target/release/charms tx show-spell --tx 020000000001010000000000000000000000000000000000000000000000000000000000000000ffffffff0402690400ffffffff02e40b540200000000160014c699b99a00cc336f2cd3615b2361af367128c86a0000000000000000266a24aa21a9ede2f61c3f71d1defd3fa999dfa36953755c690689799962b48bebd836974e8cf90120000000000000000000000000000000000000000000000000000000000000000000000000

      at src/core/charms-sdk.ts:16:11

  console.error
    Stderr: No spell found in the transaction

      30 | 				}
      31 | 				if (stderr) {
    > 32 | 					console.error(`Stderr: ${stderr}`);
         | 					        ^
      33 | 				}
      34 | 				console.info(`Executed successfully: ${stdout}`);
      35 | 				resolve(stdout);

      at src/core/charms-sdk.ts:32:14

  console.info
    Executed successfully:

      at src/core/charms-sdk.ts:34:13

  console.log
    !!! 1 {
      spendable: true,
      value: 39062500,
      txid: 'b181e645ae3b3daffdfb6c53f1e973650fa9c747413d893f7b4b561ba6765ed3',
      vout: 0
    } undefined

      at src/core/spells.ts:216:12

  console.info
    Executing command: /Users/gadiguy/workspace/charms/target/release/charms tx show-spell --tx 020000000001010000000000000000000000000000000000000000000000000000000000000000ffffffff04026b0100ffffffff02807c814a00000000160014c9d9cdc3642ca0458ccf3b6082b251ab8aa241730000000000000000266a24aa21a9ede2f61c3f71d1defd3fa999dfa36953755c690689799962b48bebd836974e8cf90120000000000000000000000000000000000000000000000000000000000000000000000000

      at src/core/charms-sdk.ts:16:11

  console.error
    Stderr: No spell found in the transaction

      30 | 				}
      31 | 				if (stderr) {
    > 32 | 					console.error(`Stderr: ${stderr}`);
         | 					        ^
      33 | 				}
      34 | 				console.info(`Executed successfully: ${stdout}`);
      35 | 				resolve(stdout);

      at src/core/charms-sdk.ts:32:14

  console.info
    Executed successfully:

      at src/core/charms-sdk.ts:34:13

  console.log
    !!! 1 {
      spendable: true,
      value: 1250000000,
      txid: 'b49b46273db345b6a8fab7e7591885e8fce13c3d0e8d491cc770501974b6f9a2',
      vout: 0
    } undefined

      at src/core/spells.ts:216:12

  console.info
    Executing command: /Users/gadiguy/workspace/charms/target/release/charms tx show-spell --tx 020000000001010000000000000000000000000000000000000000000000000000000000000000ffffffff0402030300ffffffff02902f500900000000160014df2907ba1c43324bcddd8f295bb3d2d09dd62c290000000000000000266a24aa21a9ede2f61c3f71d1defd3fa999dfa36953755c690689799962b48bebd836974e8cf90120000000000000000000000000000000000000000000000000000000000000000000000000

      at src/core/charms-sdk.ts:16:11

  console.error
    Stderr: No spell found in the transaction

      30 | 				}
      31 | 				if (stderr) {
    > 32 | 					console.error(`Stderr: ${stderr}`);
         | 					        ^
      33 | 				}
      34 | 				console.info(`Executed successfully: ${stdout}`);
      35 | 				resolve(stdout);

      at src/core/charms-sdk.ts:32:14

  console.info
    Executed successfully:

      at src/core/charms-sdk.ts:34:13

  console.log
    !!! 1 {
      spendable: true,
      value: 156250000,
      txid: 'e117fd51d9f59b811b0c3297e67ae0f6e528dd2ef72bc76a3cdd0a4b6d422b49',
      vout: 0
    } undefined

      at src/core/spells.ts:216:12

  console.info
    Executing command: /Users/gadiguy/workspace/charms/target/release/charms tx show-spell --tx 020000000001010000000000000000000000000000000000000000000000000000000000000000ffffffff0402690100ffffffff02807c814a00000000160014c9d9cdc3642ca0458ccf3b6082b251ab8aa241730000000000000000266a24aa21a9ede2f61c3f71d1defd3fa999dfa36953755c690689799962b48bebd836974e8cf90120000000000000000000000000000000000000000000000000000000000000000000000000

      at src/core/charms-sdk.ts:16:11

  console.error
    Stderr: No spell found in the transaction

      30 | 				}
      31 | 				if (stderr) {
    > 32 | 					console.error(`Stderr: ${stderr}`);
         | 					        ^
      33 | 				}
      34 | 				console.info(`Executed successfully: ${stdout}`);
      35 | 				resolve(stdout);

      at src/core/charms-sdk.ts:32:14

  console.info
    Executed successfully:

      at src/core/charms-sdk.ts:34:13

  console.log
    !!! 1 {
      spendable: true,
      value: 1250000000,
      txid: '572c9ab73950c86634cf973bea53394f363658651f8f081f7245ae0965b73791',
      vout: 0
    } undefined

      at src/core/spells.ts:216:12

  console.info
    Executing command: /Users/gadiguy/workspace/charms/target/release/charms tx show-spell --tx 020000000001010000000000000000000000000000000000000000000000000000000000000000ffffffff0402260200ffffffff0240be402500000000160014565dbe4e929f0f3587ef4ff2533f3dd04fce75c70000000000000000266a24aa21a9ede2f61c3f71d1defd3fa999dfa36953755c690689799962b48bebd836974e8cf90120000000000000000000000000000000000000000000000000000000000000000000000000

      at src/core/charms-sdk.ts:16:11

  console.error
    Stderr: No spell found in the transaction

      30 | 				}
      31 | 				if (stderr) {
    > 32 | 					console.error(`Stderr: ${stderr}`);
         | 					        ^
      33 | 				}
      34 | 				console.info(`Executed successfully: ${stdout}`);
      35 | 				resolve(stdout);

      at src/core/charms-sdk.ts:32:14

  console.info
    Executed successfully:

      at src/core/charms-sdk.ts:34:13

  console.log
    !!! 1 {
      spendable: true,
      value: 625000000,
      txid: 'deb822ac8908e6ceee550ec8196e1d1ea8a1dc02d02bbb1031e7753c77acc6ab',
      vout: 0
    } undefined

      at src/core/spells.ts:216:12

  console.info
    Executing command: /Users/gadiguy/workspace/charms/target/release/charms tx show-spell --tx 020000000001010000000000000000000000000000000000000000000000000000000000000000ffffffff04023e0300ffffffff02902f500900000000160014df2907ba1c43324bcddd8f295bb3d2d09dd62c290000000000000000266a24aa21a9ede2f61c3f71d1defd3fa999dfa36953755c690689799962b48bebd836974e8cf90120000000000000000000000000000000000000000000000000000000000000000000000000

      at src/core/charms-sdk.ts:16:11

  console.error
    Stderr: No spell found in the transaction

      30 | 				}
      31 | 				if (stderr) {
    > 32 | 					console.error(`Stderr: ${stderr}`);
         | 					        ^
      33 | 				}
      34 | 				console.info(`Executed successfully: ${stdout}`);
      35 | 				resolve(stdout);

      at src/core/charms-sdk.ts:32:14

  console.info
    Executed successfully:

      at src/core/charms-sdk.ts:34:13

  console.log
    !!! 1 {
      spendable: true,
      value: 156250000,
      txid: '2647bc5377382cbbb3714a6f8b07adfdbe517dbe60f3dc83493599a6b71cdc9d',
      vout: 0
    } undefined

      at src/core/spells.ts:216:12

  console.info
    Executing command: /Users/gadiguy/workspace/charms/target/release/charms tx show-spell --tx 02000000000103d3fdc4b137e2b6d22e3fbdd04c3d62a61ff1c5f8db159b04d0bcb9d334271a960000000000ffffffff90c3597cfaccf09cd3813515b09338a2c48602d610f5b53771d09cc80192c5010000000000ffffffff4f539b7859b7aa1117864a330c66bac787fdacd8a9d58883c9dbed5f0730c4de0000000000ffffffff03e803000000000000225120980fd07a801222ed77ba893ab70e067370c42e14ce8e7ebbd8c6cb51beffb055e8030000000000002251202cf6e82cdccec39a1e1243638496ec32b88e080c1727ca04713dd561c91796fc92d3fb9400000000160014fce6c9aa98720aab43c328af96a9c492e0eabb760340375cab4ca3783781ba77d83c39b725070c1b856ee304398d94b817fe602677a7a58bc25ee98f9da6955f5fe328d68bf7abea4ca9269385099c6105c60be143ca2420af6644ddd084ac99ffbc0f3e233694cf4356c4106709913210413779d17e8486ac519c21c150929b74c1a04954b78b4b6035e97a5e078a5a0f28ec96d547bfee9ace803ac00340a40da135edfdc1c9aceb93869dc53ba7090c935ab11400230f44b2c2d7a30e2b731aacd949ebcd5fb2f35c1c052891717dbd5ff27950a50e8c563d49bf2616d82420af6644ddd084ac99ffbc0f3e233694cf4356c4106709913210413779d17e8486ac519c41c150929b74c1a04954b78b4b6035e97a5e078a5a0f28ec96d547bfee9ace803ac05b3301db1cb93679e8c25ef4a8abd5b4dfb756fc155431056cdbbff7c8d5bea103406b456bb6407492913fa013afba6d25a6c7cdd7b47d03d11b5061e3f703ce28e91fdc828aff21270dcfb5e572295e1e988d3153651774c3ccdc23f268e3f5bbd5fd1a020063057370656c6c4dec0182a36776657273696f6e04627478a2647265667380646f75747382a100a3667469636b657269475241494c2d4e46547163757272656e745f636f7369676e6572737840616636363434646464303834616339396666626330663365323333363934636634333536633431303637303939313332313034313337373964313765383438367163757272656e745f7468726573686f6c6401a200a164747970656b757365725f636861726d7301a166616d6f756e741a000a2c2a716170705f7075626c69635f696e70757473a283616e9820183b0a18d31218361887188d161896181c18dd1618f9189c183718b0184818941837184718c0189a184a189e18ed189718c91859182a182518fb1887982018ea18d6184b182818a51885184f184b18e41836183718301853186218f3183b183218fa1853183e18bd182118cc182c18da1896188404185018f418211851a166616374696f6e667570646174658361749820183b0a18d31218361887188d161896181c18dd1618f9189c183718b0184818941837184718c0189a184a189e18ed189718c91859182a182518fb1887982018ea18d6184b182818a51885184f184b18e41836183718301853186218f3183b183218fa1853183e18bd182118cc182c18da1896188404185018f418211851a166616374696f6e646d696e74806820c2e9e840eedd2e1dc23229b0bfa8053ad2d8d2fb9f43b423ae723c6c00c8e4d3ac21c1c2e9e840eedd2e1dc23229b0bfa8053ad2d8d2fb9f43b423ae723c6c00c8e4d300000000

      at src/core/charms-sdk.ts:16:11

  console.info
    Executed successfully: version: 4
    apps:
      $0000: n/3b0ad31236878d16961cdd16f99c37b048943747c09a4a9eed97c9592a25fb87/ead64b28a5854f4be43637305362f33b32fa533ebd21cc2cda96840450f42151
      $0001: t/3b0ad31236878d16961cdd16f99c37b048943747c09a4a9eed97c9592a25fb87/ead64b28a5854f4be43637305362f33b32fa533ebd21cc2cda96840450f42151
    public_args:
      $0000:
        action: update
      $0001:
        action: mint
    ins:
    - utxo_id: 961a2734d3b9bcd0049b15dbf8c5f11fa6623d4cd0bd3f2ed2b6e237b1c4fdd3:0
    - utxo_id: 01c59201c89cd07137b5f510d60286c4a23893b0153581d39cf0ccfa7c59c390:0
    outs:
    - charms:
        $0000:
          ticker: GRAIL-NFT
          current_cosigners: af6644ddd084ac99ffbc0f3e233694cf4356c4106709913210413779d17e8486
          current_threshold: 1
    - charms:
        $0000:
          type: user_charms
        $0001:
          amount: 666666

      at src/core/charms-sdk.ts:34:13

  console.log
    !!! 1 {
      spendable: true,
      value: 2499531666,
      txid: 'acbe668971eac0865ce28c026af649a954beddbbe80c09dd2714bfc65a85d41c',
      vout: 2
    } undefined

      at src/core/spells.ts:216:12

  console.info
    Executing command: /Users/gadiguy/workspace/charms/target/release/charms tx show-spell --tx 020000000001010000000000000000000000000000000000000000000000000000000000000000ffffffff0402140200ffffffff0240be4025000000001600148a3fc6a8bfd6341d07932d713ac45379e82e2e490000000000000000266a24aa21a9ede2f61c3f71d1defd3fa999dfa36953755c690689799962b48bebd836974e8cf90120000000000000000000000000000000000000000000000000000000000000000000000000

      at src/core/charms-sdk.ts:16:11

  console.error
    Stderr: No spell found in the transaction

      30 | 				}
      31 | 				if (stderr) {
    > 32 | 					console.error(`Stderr: ${stderr}`);
         | 					        ^
      33 | 				}
      34 | 				console.info(`Executed successfully: ${stdout}`);
      35 | 				resolve(stdout);

      at src/core/charms-sdk.ts:32:14

  console.info
    Executed successfully:

      at src/core/charms-sdk.ts:34:13

  console.log
    !!! 1 {
      spendable: true,
      value: 625000000,
      txid: '9dbedd51a8aa9dcf136c33a3d403525c10e19a8e1e01f10a5a75ba6bbf4beca4',
      vout: 0
    } undefined

      at src/core/spells.ts:216:12

  console.info
    Executing command: /Users/gadiguy/workspace/charms/target/release/charms tx show-spell --tx 020000000001010000000000000000000000000000000000000000000000000000000000000000ffffffff0402960100ffffffff02807c814a00000000160014c9d9cdc3642ca0458ccf3b6082b251ab8aa241730000000000000000266a24aa21a9ede2f61c3f71d1defd3fa999dfa36953755c690689799962b48bebd836974e8cf90120000000000000000000000000000000000000000000000000000000000000000000000000

      at src/core/charms-sdk.ts:16:11

  console.error
    Stderr: No spell found in the transaction

      30 | 				}
      31 | 				if (stderr) {
    > 32 | 					console.error(`Stderr: ${stderr}`);
         | 					        ^
      33 | 				}
      34 | 				console.info(`Executed successfully: ${stdout}`);
      35 | 				resolve(stdout);

      at src/core/charms-sdk.ts:32:14

  console.info
    Executed successfully:

      at src/core/charms-sdk.ts:34:13

  console.log
    !!! 1 {
      spendable: true,
      value: 1250000000,
      txid: 'd65644f3bcb2f4c19c4ab4c7c081867b5e0b3b6e085002dc0fe4659fa888d2c7',
      vout: 0
    } undefined

      at src/core/spells.ts:216:12

  console.info
    Executing command: /Users/gadiguy/workspace/charms/target/release/charms tx show-spell --tx 020000000001010000000000000000000000000000000000000000000000000000000000000000ffffffff04024e0300ffffffff02902f5009000000001600147ee0b7b0a06b1715257f82da01a3a4daa7a6aa780000000000000000266a24aa21a9ede2f61c3f71d1defd3fa999dfa36953755c690689799962b48bebd836974e8cf90120000000000000000000000000000000000000000000000000000000000000000000000000

      at src/core/charms-sdk.ts:16:11

  console.error
    Stderr: No spell found in the transaction

      30 | 				}
      31 | 				if (stderr) {
    > 32 | 					console.error(`Stderr: ${stderr}`);
         | 					        ^
      33 | 				}
      34 | 				console.info(`Executed successfully: ${stdout}`);
      35 | 				resolve(stdout);

      at src/core/charms-sdk.ts:32:14

  console.info
    Executed successfully:

      at src/core/charms-sdk.ts:34:13

  console.log
    !!! 1 {
      spendable: true,
      value: 156250000,
      txid: 'd453a630fb54e6ea98fb2df1be2697137786dc76e27afac6c978d01823165184',
      vout: 0
    } undefined

      at src/core/spells.ts:216:12

  console.info
    Executing command: /Users/gadiguy/workspace/charms/target/release/charms tx show-spell --tx 02000000000103481bb29db9162c1dca6b537ab5a2aa3e014dd243934e5e4765fa39d672741f760000000000ffffffff0f3e7d0765fb97b35888456125dd5fb74ab64e849a0aa4db2aa46754b096ab8d0100000000ffffffff91a616a83a81a233a5cb74c6bccf06ea8b90405d06820b1bce808c4f8898fd330000000000ffffffff03e803000000000000225120d80763edd7017c4ba252db5fa75841dd0f65197f4e96ab960f1bf3f861213f1ee803000000000000225120d80763edd7017c4ba252db5fa75841dd0f65197f4e96ab960f1bf3f861213f1e3ea6f09400000000160014801e0ee864d1e76bbb7567827da0aea22be5a5b00340173d6dc836fe6deb74cb46a2e7180d6bb9dcc6234a30805f74baa48ea9ed6e323d00c4a79c2ae5da99bfb968fba8b362416adb2ee1c11cee9ea143d13a9fcc3f2420660614dc3a81bb9f7bc098897852b0a2c4111214a10e3f7d809e9624c76f5c14ac519c21c050929b74c1a04954b78b4b6035e97a5e078a5a0f28ec96d547bfee9ace803ac003408eed1c2d82201238576eced99b82c725e51ca1d167103b975f7cb6efde0348e579b205e656db23a650b70e2e8cbfb192bc701d32dc8d51fc2480fc39c3354d502420660614dc3a81bb9f7bc098897852b0a2c4111214a10e3f7d809e9624c76f5c14ac519c41c050929b74c1a04954b78b4b6035e97a5e078a5a0f28ec96d547bfee9ace803ac057ab0c134a954275653fb8f57b0cc3b8fd6876f9a7c74060caa9d7eaa53e899c0340c5e67a718975127a8d67775f46569f69c8bd0c908d3283b6d937f44ee9eaa7640f3b12eeeae7cda1081ad31b14bf924876e9639992b75dd0180ecd462d82f6f1fd1c020063057370656c6c4dee0182a36776657273696f6e04627478a2647265667380646f75747382a100a3667469636b657269475241494c2d4e46547163757272656e745f636f7369676e6572737840363630363134646333613831626239663762633039383839373835326230613263343131313231346131306533663764383039653936323463373666356331347163757272656e745f7468726573686f6c6401a200a164747970656b757365725f636861726d7301a166616d6f756e741a000a2c2a716170705f7075626c69635f696e70757473a283616e982018f118e8184618df1821188918b2186c0518b518c218e0151856189518a4185318b9184b1824184618d71833186918391518b018841862188318bf18c6982018ea18d6184b182818a51885184f184b18e41836183718301853186218f3183b183218fa1853183e18bd182118cc182c18da1896188404185018f418211851a166616374696f6e66757064617465836174982018f118e8184618df1821188918b2186c0518b518c218e0151856189518a4185318b9184b1824184618d71833186918391518b018841862188318bf18c6982018ea18d6184b182818a51885184f184b18e41836183718301853186218f3183b183218fa1853183e18bd182118cc182c18da1896188404185018f418211851a166616374696f6e646d696e7480682060f6a7907b8a430bd577bf582fb4bdcb371f7ae7bb1a41fedeb9b1a6857f1ba1ac21c060f6a7907b8a430bd577bf582fb4bdcb371f7ae7bb1a41fedeb9b1a6857f1ba100000000

      at src/core/charms-sdk.ts:16:11

  console.info
    Executed successfully: version: 4
    apps:
      $0000: n/f1e846df2189b26c05b5c2e0155695a453b94b2446d733693915b0846283bfc6/ead64b28a5854f4be43637305362f33b32fa533ebd21cc2cda96840450f42151
      $0001: t/f1e846df2189b26c05b5c2e0155695a453b94b2446d733693915b0846283bfc6/ead64b28a5854f4be43637305362f33b32fa533ebd21cc2cda96840450f42151
    public_args:
      $0000:
        action: update
      $0001:
        action: mint
    ins:
    - utxo_id: 761f7472d639fa65475e4e9343d24d013eaaa2b57a536bca1d2c16b99db21b48:0
    - utxo_id: 8dab96b05467a42adba40a9a844eb64ab75fdd2561458858b397fb65077d3e0f:1
    outs:
    - charms:
        $0000:
          ticker: GRAIL-NFT
          current_cosigners: 660614dc3a81bb9f7bc098897852b0a2c4111214a10e3f7d809e9624c76f5c14
          current_threshold: 1
    - charms:
        $0000:
          type: user_charms
        $0001:
          amount: 666666

      at src/core/charms-sdk.ts:34:13

  console.log
    !!! 1 {
      spendable: true,
      value: 2498799166,
      txid: '63085d232b10e7ea6ba518279222c1b74f8fe71ebdf66adc04444d3a5301a50a',
      vout: 2
    } undefined

      at src/core/spells.ts:216:12

  console.info
    Executing command: /Users/gadiguy/workspace/charms/target/release/charms tx show-spell --tx 020000000001010000000000000000000000000000000000000000000000000000000000000000ffffffff0402110200ffffffff02a6d3402500000000160014679252ea8b9d9306c0943f46db08a0cf572745570000000000000000266a24aa21a9edbac2950e58e99e68fc8bb98adbd16fddde2e00ee349556ad6afbb2409f00decf0120000000000000000000000000000000000000000000000000000000000000000000000000

      at src/core/charms-sdk.ts:16:11

  console.error
    Stderr: No spell found in the transaction

      30 | 				}
      31 | 				if (stderr) {
    > 32 | 					console.error(`Stderr: ${stderr}`);
         | 					        ^
      33 | 				}
      34 | 				console.info(`Executed successfully: ${stdout}`);
      35 | 				resolve(stdout);

      at src/core/charms-sdk.ts:32:14

  console.info
    Executed successfully:

      at src/core/charms-sdk.ts:34:13

  console.log
    !!! 1 {
      spendable: true,
      value: 625005478,
      txid: '842ae36e8b3fcfd2ad62a93ffc0fbe73d48f08bab81329ad8418a656f24d8d94',
      vout: 0
    } undefined

      at src/core/spells.ts:216:12

  console.info
    Executing command: /Users/gadiguy/workspace/charms/target/release/charms tx show-spell --tx 020000000001010000000000000000000000000000000000000000000000000000000000000000ffffffff04029d0000ffffffff0200f9029500000000160014c9d9cdc3642ca0458ccf3b6082b251ab8aa241730000000000000000266a24aa21a9ede2f61c3f71d1defd3fa999dfa36953755c690689799962b48bebd836974e8cf90120000000000000000000000000000000000000000000000000000000000000000000000000

      at src/core/charms-sdk.ts:16:11

  console.error
    Stderr: No spell found in the transaction

      30 | 				}
      31 | 				if (stderr) {
    > 32 | 					console.error(`Stderr: ${stderr}`);
         | 					        ^
      33 | 				}
      34 | 				console.info(`Executed successfully: ${stdout}`);
      35 | 				resolve(stdout);

      at src/core/charms-sdk.ts:32:14

  console.info
    Executed successfully:

      at src/core/charms-sdk.ts:34:13

  console.log
    !!! 1 {
      spendable: true,
      value: 2500000000,
      txid: '37c8a4a234511e590b327bb505909037075ea529b9d8ae56f94b641e5c695b43',
      vout: 0
    } undefined

      at src/core/spells.ts:216:12

  console.info
    Executing command: /Users/gadiguy/workspace/charms/target/release/charms tx show-spell --tx 020000000001010000000000000000000000000000000000000000000000000000000000000000ffffffff0402320400ffffffff02e40b540200000000160014c699b99a00cc336f2cd3615b2361af367128c86a0000000000000000266a24aa21a9ede2f61c3f71d1defd3fa999dfa36953755c690689799962b48bebd836974e8cf90120000000000000000000000000000000000000000000000000000000000000000000000000

      at src/core/charms-sdk.ts:16:11

  console.error
    Stderr: No spell found in the transaction

      30 | 				}
      31 | 				if (stderr) {
    > 32 | 					console.error(`Stderr: ${stderr}`);
         | 					        ^
      33 | 				}
      34 | 				console.info(`Executed successfully: ${stdout}`);
      35 | 				resolve(stdout);

      at src/core/charms-sdk.ts:32:14

  console.info
    Executed successfully:

      at src/core/charms-sdk.ts:34:13

  console.log
    !!! 1 {
      spendable: true,
      value: 39062500,
      txid: '398587e7a1661ac75d794efca70a22a7e71db8116c072e3d16ef842302766239',
      vout: 0
    } undefined

      at src/core/spells.ts:216:12

  console.info
    Executing command: /Users/gadiguy/workspace/charms/target/release/charms tx show-spell --tx 020000000001010000000000000000000000000000000000000000000000000000000000000000ffffffff0402d20300ffffffff02c817a80400000000160014b3455ce530ba44de213c9a78c2d662785143c5f40000000000000000266a24aa21a9ede2f61c3f71d1defd3fa999dfa36953755c690689799962b48bebd836974e8cf90120000000000000000000000000000000000000000000000000000000000000000000000000

      at src/core/charms-sdk.ts:16:11

  console.error
    Stderr: No spell found in the transaction

      30 | 				}
      31 | 				if (stderr) {
    > 32 | 					console.error(`Stderr: ${stderr}`);
         | 					        ^
      33 | 				}
      34 | 				console.info(`Executed successfully: ${stdout}`);
      35 | 				resolve(stdout);

      at src/core/charms-sdk.ts:32:14

  console.info
    Executed successfully:

      at src/core/charms-sdk.ts:34:13

  console.log
    !!! 1 {
      spendable: true,
      value: 78125000,
      txid: 'ded049beb230b73ca411095ceb7f9f8bfb583eb1322d01d4c9786ecbd9704183',
      vout: 0
    } undefined

      at src/core/spells.ts:216:12

  console.info
    Executing command: /Users/gadiguy/workspace/charms/target/release/charms tx show-spell --tx 020000000001010000000000000000000000000000000000000000000000000000000000000000ffffffff0402330200ffffffff0240be402500000000160014565dbe4e929f0f3587ef4ff2533f3dd04fce75c70000000000000000266a24aa21a9ede2f61c3f71d1defd3fa999dfa36953755c690689799962b48bebd836974e8cf90120000000000000000000000000000000000000000000000000000000000000000000000000

      at src/core/charms-sdk.ts:16:11

  console.error
    Stderr: No spell found in the transaction

      30 | 				}
      31 | 				if (stderr) {
    > 32 | 					console.error(`Stderr: ${stderr}`);
         | 					        ^
      33 | 				}
      34 | 				console.info(`Executed successfully: ${stdout}`);
      35 | 				resolve(stdout);

      at src/core/charms-sdk.ts:32:14

  console.info
    Executed successfully:

      at src/core/charms-sdk.ts:34:13

  console.log
    !!! 1 {
      spendable: true,
      value: 625000000,
      txid: 'd129a3387f96c45649972fb1e1d15e055c60d841f3e4416e6d6411d77eeb2173',
      vout: 0
    } undefined

      at src/core/spells.ts:216:12

  console.info
    Executing command: /Users/gadiguy/workspace/charms/target/release/charms tx show-spell --tx 02000000000103c8cd2afb6c374351c2bf3743f1925667f47b77e54c26152fe155f7ba77fe4a940000000000ffffffff4ed5c4d8e0222ea3e042f9ec14f2aeb208cc763b8172ee91eb44488394ceadcf0000000000ffffffff2612cb152238997c7ad37cc070bd1a7d1f1f7b657a41e3189cbacc805fed1e8a0000000000ffffffff04e8030000000000002251205afec6d38f99b81d705510fc0ac4832e9b02296b9ef16af760378af66fa3a3e22a2c0a00000000002251205afec6d38f99b81d705510fc0ac4832e9b02296b9ef16af760378af66fa3a3e2e8030000000000001600140c2ba5242064097fe376ac41be7c892a7abec8fa459e8b4a000000001600140aa5ecbca10ad662a17741a6c70d4a728f5274f003403fb1000f55d85025719231d0566aaa5b6efe95da3251b79d1d99919a2d30fd2784d47156443c22492b4f75817c6d93fae1d2b1a54e86b51f08ebecdafd31c42d2420b95552a6fa61ea56171e6e260cdba57d250b44ba1234dc928a177698f3f016daac519c21c050929b74c1a04954b78b4b6035e97a5e078a5a0f28ec96d547bfee9ace803ac0040040fcc58f321c9f7306815248c6e02f3964dc1f3cb880745fdb6d44d49abd990f568e3a0f6b476cee46d6f1ba07b7458cc9c2bcb88e462865f539ba678edbac8a024620b95552a6fa61ea56171e6e260cdba57d250b44ba1234dc928a177698f3f016daac20ff61e0fc3b753acb4c32943452d09b8f6d1e58a05e9ee140d7e76441aab70c4cba519c41c050929b74c1a04954b78b4b6035e97a5e078a5a0f28ec96d547bfee9ace803ac044b092cd3833cb018866de0a52cdfa85817145205aca4a7fd260233b7cea4eb50340fcb65663d75a666da04e3e46987940a855e88b4c1f9a70c89ca5adece7e340c7a5db47e69c3304b372b7295f42510a17770e7bc7cb5e1cb44f6c730107f62ed3fd28040063057370656c6c4d080282a36776657273696f6e04627478a2647265667380646f75747383a100a3667469636b657269475241494c2d4e46547163757272656e745f636f7369676e6572737881666636316530666333623735336163623463333239343334353264303962386636643165353861303565396565313430643765373634343161616237306334632c623935353532613666613631656135363137316536653236306364626135376432353062343462613132333464633932386131373736393866336630313664617163757272656e745f7468726573686f6c6401a0a101a166616d6f756e741a000a2c2a716170705f7075626c69635f696e70757473a283616e982018221864186818c8185c18d718bf182f0118d118b618b418bf182c03186718d8189c1891181e18ef18691874182f18af18a41418fb187a18ef18881865982018f418e1091831189618f3181f0f188e18be1856183c1880186018940a18271871181e170218d808184a181c14182c0718f318ab12182da166616374696f6e66757064617465836174982018221864186818c8185c18d718bf182f0118d118b618b418bf182c03186718d8189c1891181e18ef18691874182f18af18a41418fb187a18ef18881865982018f418e1091831189618f3181f0f188e18be1856183c1880186018940a18271871181e170218d808184a181c14182c0718f318ab12182da166616374696f6e644def016d696e7499010418a41859184c18590e18ab183918ac18ae051821183b18c6181a0718e318791833187a18c6189d187918dd07185a18fa188318b9183918b8182918d618d61819187d18af0218b4184218d5184418ff18d118a11824186b1878185f181e18a618c10d18621863184718ee18931873184b18430f184b18eb18f618f01866184e18c60618cd18871218bf188b18ce021825188e187218eb18af16189e188818e718da182118ef18b0041854185702186b18f818b118dc189018fb18731718361718791833182518ac0b18de184a18f6181c184302183a0a1879184d188318ca186c18461891183418f9184e18441891183018550f187e110318d118b618c618b118a918fc1888186418a41825189918b918e4181e1318ae140f18d718ac18a318fa18e618e318b418eb189b18ae18af18731823183d06185d18b7186d181d18361867189b1840182818be188518d01836187e0418571856181d18ba18d118471888185f187e1870186d18c518b418381821184c18c4181c18441889188018bd182618ce18a8189018e8184918e6189918fe091862188718ce184918f318b718c71821187518551841185d100b07187c18c118bf184518a118841861182618fe18d0181f0918ff1840188c185e18ee1876186e188218df18c2185a1826184a183d18dd1868181f189c15682023800a5c41379e8de8d942db88d361947fb369a40b7877677b11b07e5896c9a3ac21c023800a5c41379e8de8d942db88d361947fb369a40b7877677b11b07e5896c9a300000000

      at src/core/charms-sdk.ts:16:11

  console.info
    Executed successfully: version: 4
    apps:
      $0000: n/226468c85cd7bf2f01d1b6b4bf2c0367d89c911eef69742fafa414fb7aef8865/f4e1093196f31f0f8ebe563c8060940a27711e1702d8084a1c142c07f3ab122d
      $0001: t/226468c85cd7bf2f01d1b6b4bf2c0367d89c911eef69742fafa414fb7aef8865/f4e1093196f31f0f8ebe563c8060940a27711e1702d8084a1c142c07f3ab122d
    public_args:
      $0000:
        action: update
      $0001:
        action: mint
    ins:
    - utxo_id: 944afe77baf755e12f15264ce5777bf4675692f14337bfc25143376cfb2acdc8:0
    - utxo_id: cfadce94834844eb91ee72813b76cc08b2aef214ecf942e0a32e22e0d8c4d54e:0
    outs:
    - charms:
        $0000:
          ticker: GRAIL-NFT
          current_cosigners: ff61e0fc3b753acb4c32943452d09b8f6d1e58a05e9ee140d7e76441aab70c4c,b95552a6fa61ea56171e6e260cdba57d250b44ba1234dc928a177698f3f016da
          current_threshold: 1
    - {}
    - charms:
        $0001:
          amount: 666666

      at src/core/charms-sdk.ts:34:13

  console.log
    !!! 1 {
      spendable: true,
      value: 1000,
      txid: '4a9646af6e466e4abcd2a4a1b2819679861a51eec37d0de4d4e58ca7797a5e3e',
      vout: 2
    } undefined

      at src/core/spells.ts:216:12

  console.info
    Executing command: /Users/gadiguy/workspace/charms/target/release/charms tx show-spell --tx 020000000001010000000000000000000000000000000000000000000000000000000000000000ffffffff04027e0300ffffffff02902f5009000000001600147ee0b7b0a06b1715257f82da01a3a4daa7a6aa780000000000000000266a24aa21a9ede2f61c3f71d1defd3fa999dfa36953755c690689799962b48bebd836974e8cf90120000000000000000000000000000000000000000000000000000000000000000000000000

      at src/core/charms-sdk.ts:16:11

  console.error
    Stderr: No spell found in the transaction

      30 | 				}
      31 | 				if (stderr) {
    > 32 | 					console.error(`Stderr: ${stderr}`);
         | 					        ^
      33 | 				}
      34 | 				console.info(`Executed successfully: ${stdout}`);
      35 | 				resolve(stdout);

      at src/core/charms-sdk.ts:32:14

  console.info
    Executed successfully:

      at src/core/charms-sdk.ts:34:13

  console.log
    !!! 1 {
      spendable: true,
      value: 156250000,
      txid: '9e8005494ab1ef69ea48a94ebe3d33e78b417e255390a9e484ce5139624fd6c9',
      vout: 0
    } undefined

      at src/core/spells.ts:216:12

  console.info
    Executing command: /Users/gadiguy/workspace/charms/target/release/charms tx show-spell --tx 020000000001010000000000000000000000000000000000000000000000000000000000000000ffffffff04020f0200ffffffff0247054b2500000000160014aeab9ce078ee26628c989f91d2e304c2c83cefc10000000000000000266a24aa21a9ed84374ee9fb3501afb4e747b7729a3eaad5eadac4616779bdfbe658db1e208e580120000000000000000000000000000000000000000000000000000000000000000000000000

      at src/core/charms-sdk.ts:16:11

  console.error
    Stderr: No spell found in the transaction

      30 | 				}
      31 | 				if (stderr) {
    > 32 | 					console.error(`Stderr: ${stderr}`);
         | 					        ^
      33 | 				}
      34 | 				console.info(`Executed successfully: ${stdout}`);
      35 | 				resolve(stdout);

      at src/core/charms-sdk.ts:32:14

  console.info
    Executed successfully:

      at src/core/charms-sdk.ts:34:13

  console.log
    !!! 1 {
      spendable: true,
      value: 625673543,
      txid: 'ecbcd58437cedc30e9577bd534fdba69e2497b2d9ade60c64fd8567ef41b4381',
      vout: 0
    } undefined

      at src/core/spells.ts:216:12

  console.info
    Executing command: /Users/gadiguy/workspace/charms/target/release/charms tx show-spell --tx 020000000001010000000000000000000000000000000000000000000000000000000000000000ffffffff0402010100ffffffff0200f9029500000000160014c9d9cdc3642ca0458ccf3b6082b251ab8aa241730000000000000000266a24aa21a9ede2f61c3f71d1defd3fa999dfa36953755c690689799962b48bebd836974e8cf90120000000000000000000000000000000000000000000000000000000000000000000000000

      at src/core/charms-sdk.ts:16:11

  console.error
    Stderr: No spell found in the transaction

      30 | 				}
      31 | 				if (stderr) {
    > 32 | 					console.error(`Stderr: ${stderr}`);
         | 					        ^
      33 | 				}
      34 | 				console.info(`Executed successfully: ${stdout}`);
      35 | 				resolve(stdout);

      at src/core/charms-sdk.ts:32:14

  console.info
    Executed successfully:

      at src/core/charms-sdk.ts:34:13

  console.log
    !!! 1 {
      spendable: true,
      value: 2500000000,
      txid: '4a6ee9b9e46e9413ef694b69a3bd6efe810a7da2cd6544b78de1872855d7ac30',
      vout: 0
    } undefined

      at src/core/spells.ts:216:12

  console.info
    Executing command: /Users/gadiguy/workspace/charms/target/release/charms tx show-spell --tx 020000000001010000000000000000000000000000000000000000000000000000000000000000ffffffff0402670200ffffffff02205fa01200000000160014565dbe4e929f0f3587ef4ff2533f3dd04fce75c70000000000000000266a24aa21a9ede2f61c3f71d1defd3fa999dfa36953755c690689799962b48bebd836974e8cf90120000000000000000000000000000000000000000000000000000000000000000000000000

      at src/core/charms-sdk.ts:16:11

  console.error
    Stderr: No spell found in the transaction

      30 | 				}
      31 | 				if (stderr) {
    > 32 | 					console.error(`Stderr: ${stderr}`);
         | 					        ^
      33 | 				}
      34 | 				console.info(`Executed successfully: ${stdout}`);
      35 | 				resolve(stdout);

      at src/core/charms-sdk.ts:32:14

  console.info
    Executed successfully:

      at src/core/charms-sdk.ts:34:13

  console.log
    !!! 1 {
      spendable: true,
      value: 312500000,
      txid: '96e41315c2b661ee46adc185ba80abd707d57bbff8d6d35df080ec951e874a5a',
      vout: 0
    } undefined

      at src/core/spells.ts:216:12

  console.info
    Executing command: /Users/gadiguy/workspace/charms/target/release/charms tx show-spell --tx 020000000001010000000000000000000000000000000000000000000000000000000000000000ffffffff04027f0300ffffffff02902f5009000000001600147ee0b7b0a06b1715257f82da01a3a4daa7a6aa780000000000000000266a24aa21a9ede2f61c3f71d1defd3fa999dfa36953755c690689799962b48bebd836974e8cf90120000000000000000000000000000000000000000000000000000000000000000000000000

      at src/core/charms-sdk.ts:16:11

  console.error
    Stderr: No spell found in the transaction

      30 | 				}
      31 | 				if (stderr) {
    > 32 | 					console.error(`Stderr: ${stderr}`);
         | 					        ^
      33 | 				}
      34 | 				console.info(`Executed successfully: ${stdout}`);
      35 | 				resolve(stdout);

      at src/core/charms-sdk.ts:32:14

  console.info
    Executed successfully:

      at src/core/charms-sdk.ts:34:13

  console.log
    !!! 1 {
      spendable: true,
      value: 156250000,
      txid: '736b9968a5b5f683a24becf40ece694e34e44a5070067d494d257551cd1e0809',
      vout: 0
    } undefined

      at src/core/spells.ts:216:12

  console.info
    Executing command: /Users/gadiguy/workspace/charms/target/release/charms tx show-spell --tx 020000000001010000000000000000000000000000000000000000000000000000000000000000ffffffff0402d70200ffffffff02205fa01200000000160014be438a2710f608303168dfde261068040a60fb7a0000000000000000266a24aa21a9ede2f61c3f71d1defd3fa999dfa36953755c690689799962b48bebd836974e8cf90120000000000000000000000000000000000000000000000000000000000000000000000000

      at src/core/charms-sdk.ts:16:11

  console.error
    Stderr: No spell found in the transaction

      30 | 				}
      31 | 				if (stderr) {
    > 32 | 					console.error(`Stderr: ${stderr}`);
         | 					        ^
      33 | 				}
      34 | 				console.info(`Executed successfully: ${stdout}`);
      35 | 				resolve(stdout);

      at src/core/charms-sdk.ts:32:14

  console.info
    Executed successfully:

      at src/core/charms-sdk.ts:34:13

  console.log
    !!! 1 {
      spendable: true,
      value: 312500000,
      txid: 'f24e216f16fb0b8462c0919216c6299b5bc4dcc1be2a5dbdef047b0cec515ac2',
      vout: 0
    } undefined

      at src/core/spells.ts:216:12

  console.info
    Executing command: /Users/gadiguy/workspace/charms/target/release/charms tx show-spell --tx 020000000001010000000000000000000000000000000000000000000000000000000000000000ffffffff0402c50300ffffffff02c817a80400000000160014b3455ce530ba44de213c9a78c2d662785143c5f40000000000000000266a24aa21a9ede2f61c3f71d1defd3fa999dfa36953755c690689799962b48bebd836974e8cf90120000000000000000000000000000000000000000000000000000000000000000000000000

      at src/core/charms-sdk.ts:16:11

  console.error
    Stderr: No spell found in the transaction

      30 | 				}
      31 | 				if (stderr) {
    > 32 | 					console.error(`Stderr: ${stderr}`);
         | 					        ^
      33 | 				}
      34 | 				console.info(`Executed successfully: ${stdout}`);
      35 | 				resolve(stdout);

      at src/core/charms-sdk.ts:32:14

  console.info
    Executed successfully:

      at src/core/charms-sdk.ts:34:13

  console.log
    !!! 1 {
      spendable: true,
      value: 78125000,
      txid: '058d28e3e0c0788afcb967d02db2be44ecad0e131a2fb8cf14df47ae334094e0',
      vout: 0
    } undefined

      at src/core/spells.ts:216:12

  console.info
    Executing command: /Users/gadiguy/workspace/charms/target/release/charms tx show-spell --tx 020000000001010000000000000000000000000000000000000000000000000000000000000000ffffffff0402920100ffffffff02807c814a00000000160014c9d9cdc3642ca0458ccf3b6082b251ab8aa241730000000000000000266a24aa21a9ede2f61c3f71d1defd3fa999dfa36953755c690689799962b48bebd836974e8cf90120000000000000000000000000000000000000000000000000000000000000000000000000

      at src/core/charms-sdk.ts:16:11

  console.error
    Stderr: No spell found in the transaction

      30 | 				}
      31 | 				if (stderr) {
    > 32 | 					console.error(`Stderr: ${stderr}`);
         | 					        ^
      33 | 				}
      34 | 				console.info(`Executed successfully: ${stdout}`);
      35 | 				resolve(stdout);

      at src/core/charms-sdk.ts:32:14

  console.info
    Executed successfully:

      at src/core/charms-sdk.ts:34:13

  console.log
    !!! 1 {
      spendable: true,
      value: 1250000000,
      txid: 'c1d314ca6e81dc7f5dd0f010c796b8f7f134b7e6fd9c912689ee311071647f51',
      vout: 0
    } undefined

      at src/core/spells.ts:216:12

  console.info
    Executing command: /Users/gadiguy/workspace/charms/target/release/charms tx show-spell --tx 020000000001010000000000000000000000000000000000000000000000000000000000000000ffffffff0402b00100ffffffff02807c814a000000001600148dae6f2122b28418b4dcd043140798d3d20390c90000000000000000266a24aa21a9ede2f61c3f71d1defd3fa999dfa36953755c690689799962b48bebd836974e8cf90120000000000000000000000000000000000000000000000000000000000000000000000000

      at src/core/charms-sdk.ts:16:11

  console.error
    Stderr: No spell found in the transaction

      30 | 				}
      31 | 				if (stderr) {
    > 32 | 					console.error(`Stderr: ${stderr}`);
         | 					        ^
      33 | 				}
      34 | 				console.info(`Executed successfully: ${stdout}`);
      35 | 				resolve(stdout);

      at src/core/charms-sdk.ts:32:14

  console.info
    Executed successfully:

      at src/core/charms-sdk.ts:34:13

  console.log
    !!! 1 {
      spendable: true,
      value: 1250000000,
      txid: '34e8488ae82962b21c1b36bcce33a53d30edea397836e8fe7eab907d2b89b09c',
      vout: 0
    } undefined

      at src/core/spells.ts:216:12

  console.info
    Executing command: /Users/gadiguy/workspace/charms/target/release/charms tx show-spell --tx 020000000001027ad4bbd8fc483829aaa60247795df6cfe39ac51c977244fae178b995ce6c93ec0000000000ffffffff062b7377d3de9edee5c693bed48cb2f5d4fa9e0d917cb7a9564fbb5b9b3ea45f0000000000ffffffff04e8030000000000002251205afec6d38f99b81d705510fc0ac4832e9b02296b9ef16af760378af66fa3a3e2f547774a000000002251205afec6d38f99b81d705510fc0ac4832e9b02296b9ef16af760378af66fa3a3e2e8030000000000001600140c2ba5242064097fe376ac41be7c892a7abec8fae0a78b4a00000000160014c8d714cee0fc282e872e4f77b34c6043fc4c456e03404c9cb0283514eb95613c8f5469e8900767bb6cc52757551dfbc63a1c464359e8dbc5858a1f9d1ba5881946f128b539e0451878c7cfed2e21b7992afa6966c6ea2420b95552a6fa61ea56171e6e260cdba57d250b44ba1234dc928a177698f3f016daac519c21c050929b74c1a04954b78b4b6035e97a5e078a5a0f28ec96d547bfee9ace803ac00341fb541e366cd62d9e89035131570af5fd9a7a20addc4064ac522c56ae49e8cd8733bdea1219bda9278fbeb1c04c73eac1bfd7f4e1c7de599a2d755acd2927ee7781fd2d040063057370656c6c4d080282a36776657273696f6e04627478a2647265667380646f75747383a100a3667469636b657269475241494c2d4e46547163757272656e745f636f7369676e6572737881666636316530666333623735336163623463333239343334353264303962386636643165353861303565396565313430643765373634343161616237306334632c623935353532613666613631656135363137316536653236306364626135376432353062343462613132333464633932386131373736393866336630313664617163757272656e745f7468726573686f6c6401a0a101a166616d6f756e741a4a7747f5716170705f7075626c69635f696e70757473a283616e982018ea1876184a185a188818e3187e1218e41865189f183418800718b1181c18f818e8182618bd182418c218fd182b182618eb185f1873185018e4182418c4982018f418e1091831189618f3181f0f188e18be1856183c1880186018940a18271871181e170218d808184a181c14182c0718f318ab12182da166616374696f6e66757064617465836174982018ea1876184a185a188818e3187e1218e41865189f183418800718b1181c18f818e8182618bd182418c218fd182b182618eb185f1873185018e4182418c4982018f418e1091831189618f3181f0f188e18be1856183c1880186018940a18271871181e170218d808184a181c14182c0718f318ab12182da166616374696f4df4016e646d696e7499010418a41859184c18590c183a185f18a418731882183818db18d018bb18d8181918371896188a18791829184d184d183b184c02184518e9186b183118fc10186a18c8187c151820183c183d18ff18ac186918e818430f011894189f18be186d188f189d1828181b189d18461618bc060518371510186d0018d5182818fc0e1832188f18c418801855186a18941618d218b0183f184f18ba183b18f91861185b18f00b18fe181818c918ce187d10185b18d9189118e0182218aa182f182f1825183018e702184a182618f3181a183118ec18701896185f111880182618ea18c6189e185118af18c5181e184f1895183518f218e3183218c0182d18a318c018fd1899184918c118b318d11883189f183218db18ad181d18fa091876186b18a91855182c1868186618701826187c1884183318cf1118891818189a18af1840184f18af05182b18b81878186e185718bd18a618a71833187018f3184818be1018f81218e7184818ef189f05183718c4188c18f11518a4183b18c61853187c18a21836182e184618d118fb18270b18e518ec1870184500183e18ca18f40a0818d01837187018a6183f18c61849186a1827183a186c18c618c318561860183518a118691822182f186e184f18471854182d1875186a181918c7185e187a182618b2189a18c8187d184f18f118ef18df6820233d4e80dbfff5f96c02546429c8454a4f55e44ea648bae0da82bf1faf327980ac21c0233d4e80dbfff5f96c02546429c8454a4f55e44ea648bae0da82bf1faf32798000000000

      at src/core/charms-sdk.ts:16:11

  console.info
    Executed successfully: version: 4
    apps:
      $0000: n/ea764a5a88e37e12e4659f348007b11cf8e826bd24c2fd2b26eb5f7350e424c4/f4e1093196f31f0f8ebe563c8060940a27711e1702d8084a1c142c07f3ab122d
      $0001: t/ea764a5a88e37e12e4659f348007b11cf8e826bd24c2fd2b26eb5f7350e424c4/f4e1093196f31f0f8ebe563c8060940a27711e1702d8084a1c142c07f3ab122d
    public_args:
      $0000:
        action: update
      $0001:
        action: mint
    ins:
    - utxo_id: ec936cce95b978e1fa4472971cc59ae3cff65d794702a6aa293848fcd8bbd47a:0
    outs:
    - charms:
        $0000:
          ticker: GRAIL-NFT
          current_cosigners: ff61e0fc3b753acb4c32943452d09b8f6d1e58a05e9ee140d7e76441aab70c4c,b95552a6fa61ea56171e6e260cdba57d250b44ba1234dc928a177698f3f016da
          current_threshold: 1
    - {}
    - charms:
        $0001:
          amount: 1249331189

      at src/core/charms-sdk.ts:34:13

  console.log
    !!! 1 {
      spendable: true,
      value: 1000,
      txid: '2c98d4daa6d507c4af0de75e4d49f39c97fbceef4c26a24110987db6820c73eb',
      vout: 2
    } undefined

      at src/core/spells.ts:216:12

  console.info
    Executing command: /Users/gadiguy/workspace/charms/target/release/charms tx show-spell --tx 020000000001010000000000000000000000000000000000000000000000000000000000000000ffffffff0402b40200ffffffff02205fa01200000000160014be438a2710f608303168dfde261068040a60fb7a0000000000000000266a24aa21a9ede2f61c3f71d1defd3fa999dfa36953755c690689799962b48bebd836974e8cf90120000000000000000000000000000000000000000000000000000000000000000000000000

      at src/core/charms-sdk.ts:16:11

  console.error
    Stderr: No spell found in the transaction

      30 | 				}
      31 | 				if (stderr) {
    > 32 | 					console.error(`Stderr: ${stderr}`);
         | 					        ^
      33 | 				}
      34 | 				console.info(`Executed successfully: ${stdout}`);
      35 | 				resolve(stdout);

      at src/core/charms-sdk.ts:32:14

  console.info
    Executed successfully:

      at src/core/charms-sdk.ts:34:13

  console.log
    !!! 1 {
      spendable: true,
      value: 312500000,
      txid: 'd52c108af9b2322ffa3469d308a2ffe4868141874e865a41a94e10f6ad8a57f5',
      vout: 0
    } undefined

      at src/core/spells.ts:216:12

  console.info
    Executing command: /Users/gadiguy/workspace/charms/target/release/charms tx show-spell --tx 020000000001010000000000000000000000000000000000000000000000000000000000000000ffffffff0402f40300ffffffff02c817a80400000000160014b3455ce530ba44de213c9a78c2d662785143c5f40000000000000000266a24aa21a9ede2f61c3f71d1defd3fa999dfa36953755c690689799962b48bebd836974e8cf90120000000000000000000000000000000000000000000000000000000000000000000000000

      at src/core/charms-sdk.ts:16:11

  console.error
    Stderr: No spell found in the transaction

      30 | 				}
      31 | 				if (stderr) {
    > 32 | 					console.error(`Stderr: ${stderr}`);
         | 					        ^
      33 | 				}
      34 | 				console.info(`Executed successfully: ${stdout}`);
      35 | 				resolve(stdout);

      at src/core/charms-sdk.ts:32:14

  console.info
    Executed successfully:

      at src/core/charms-sdk.ts:34:13

  console.log
    !!! 1 {
      spendable: true,
      value: 78125000,
      txid: '99b904267b50b1aff0e237d4811db579dcde415e7820bf81de395de236684ea3',
      vout: 0
    } undefined

      at src/core/spells.ts:216:12

  console.info
    Executing command: /Users/gadiguy/workspace/charms/target/release/charms tx show-spell --tx 020000000001010000000000000000000000000000000000000000000000000000000000000000ffffffff0402a30200ffffffff02205fa01200000000160014be438a2710f608303168dfde261068040a60fb7a0000000000000000266a24aa21a9ede2f61c3f71d1defd3fa999dfa36953755c690689799962b48bebd836974e8cf90120000000000000000000000000000000000000000000000000000000000000000000000000

      at src/core/charms-sdk.ts:16:11

  console.error
    Stderr: No spell found in the transaction

      30 | 				}
      31 | 				if (stderr) {
    > 32 | 					console.error(`Stderr: ${stderr}`);
         | 					        ^
      33 | 				}
      34 | 				console.info(`Executed successfully: ${stdout}`);
      35 | 				resolve(stdout);

      at src/core/charms-sdk.ts:32:14

  console.info
    Executed successfully:

      at src/core/charms-sdk.ts:34:13

  console.log
    !!! 1 {
      spendable: true,
      value: 312500000,
      txid: 'c54c914f7d7d4df01940037a26f9bbc4b1301e7fdc2efd42f50eff884d6963ee',
      vout: 0
    } undefined

      at src/core/spells.ts:216:12

  console.info
    Executing command: /Users/gadiguy/workspace/charms/target/release/charms tx show-spell --tx 020000000001010000000000000000000000000000000000000000000000000000000000000000ffffffff0402990200ffffffff02205fa01200000000160014be438a2710f608303168dfde261068040a60fb7a0000000000000000266a24aa21a9ede2f61c3f71d1defd3fa999dfa36953755c690689799962b48bebd836974e8cf90120000000000000000000000000000000000000000000000000000000000000000000000000

      at src/core/charms-sdk.ts:16:11

  console.error
    Stderr: No spell found in the transaction

      30 | 				}
      31 | 				if (stderr) {
    > 32 | 					console.error(`Stderr: ${stderr}`);
         | 					        ^
      33 | 				}
      34 | 				console.info(`Executed successfully: ${stdout}`);
      35 | 				resolve(stdout);

      at src/core/charms-sdk.ts:32:14

  console.info
    Executed successfully:

      at src/core/charms-sdk.ts:34:13

  console.log
    !!! 1 {
      spendable: true,
      value: 312500000,
      txid: 'b2cb199cd1eeaa0522465cba1102c868bbcfaba5b3d94d5617ac0f2cf7b2a027',
      vout: 0
    } undefined

      at src/core/spells.ts:216:12

  console.info
    Executing command: /Users/gadiguy/workspace/charms/target/release/charms tx show-spell --tx 020000000001010000000000000000000000000000000000000000000000000000000000000000ffffffff0402630100ffffffff02807c814a00000000160014c9d9cdc3642ca0458ccf3b6082b251ab8aa241730000000000000000266a24aa21a9ede2f61c3f71d1defd3fa999dfa36953755c690689799962b48bebd836974e8cf90120000000000000000000000000000000000000000000000000000000000000000000000000

      at src/core/charms-sdk.ts:16:11

  console.error
    Stderr: No spell found in the transaction

      30 | 				}
      31 | 				if (stderr) {
    > 32 | 					console.error(`Stderr: ${stderr}`);
         | 					        ^
      33 | 				}
      34 | 				console.info(`Executed successfully: ${stdout}`);
      35 | 				resolve(stdout);

      at src/core/charms-sdk.ts:32:14

  console.info
    Executed successfully:

      at src/core/charms-sdk.ts:34:13

  console.log
    !!! 1 {
      spendable: true,
      value: 1250000000,
      txid: '37f33f36299ef49b2ea995320ed5ba5ca52dfe45a6a80402c337ef6ae33334cf',
      vout: 0
    } undefined

      at src/core/spells.ts:216:12

  console.info
    Executing command: /Users/gadiguy/workspace/charms/target/release/charms tx show-spell --tx 020000000001010000000000000000000000000000000000000000000000000000000000000000ffffffff0402270100ffffffff0200f9029500000000160014c9d9cdc3642ca0458ccf3b6082b251ab8aa241730000000000000000266a24aa21a9ede2f61c3f71d1defd3fa999dfa36953755c690689799962b48bebd836974e8cf90120000000000000000000000000000000000000000000000000000000000000000000000000

      at src/core/charms-sdk.ts:16:11

  console.error
    Stderr: No spell found in the transaction

      30 | 				}
      31 | 				if (stderr) {
    > 32 | 					console.error(`Stderr: ${stderr}`);
         | 					        ^
      33 | 				}
      34 | 				console.info(`Executed successfully: ${stdout}`);
      35 | 				resolve(stdout);

      at src/core/charms-sdk.ts:32:14

  console.info
    Executed successfully:

      at src/core/charms-sdk.ts:34:13

  console.log
    !!! 1 {
      spendable: true,
      value: 2500000000,
      txid: '3e2b2c1434354ea3a0a59a56c47fed1a27aeb4762c89c08fbd1a37ec433a72a6',
      vout: 0
    } undefined

      at src/core/spells.ts:216:12

  console.info
    Executing command: /Users/gadiguy/workspace/charms/target/release/charms tx show-spell --tx 020000000001010000000000000000000000000000000000000000000000000000000000000000ffffffff04022d0200ffffffff0240be402500000000160014565dbe4e929f0f3587ef4ff2533f3dd04fce75c70000000000000000266a24aa21a9ede2f61c3f71d1defd3fa999dfa36953755c690689799962b48bebd836974e8cf90120000000000000000000000000000000000000000000000000000000000000000000000000

      at src/core/charms-sdk.ts:16:11

  console.error
    Stderr: No spell found in the transaction

      30 | 				}
      31 | 				if (stderr) {
    > 32 | 					console.error(`Stderr: ${stderr}`);
         | 					        ^
      33 | 				}
      34 | 				console.info(`Executed successfully: ${stdout}`);
      35 | 				resolve(stdout);

      at src/core/charms-sdk.ts:32:14

  console.info
    Executed successfully:

      at src/core/charms-sdk.ts:34:13

  console.log
    !!! 1 {
      spendable: true,
      value: 625000000,
      txid: 'a4a0a24b1df6c1bba284f3895a8ddd6bc11324f3c39bc639afcabaa590703f01',
      vout: 0
    } undefined

      at src/core/spells.ts:216:12

  console.info
    Executing command: /Users/gadiguy/workspace/charms/target/release/charms tx show-spell --tx 020000000001010000000000000000000000000000000000000000000000000000000000000000ffffffff0402550200ffffffff0240be402500000000160014565dbe4e929f0f3587ef4ff2533f3dd04fce75c70000000000000000266a24aa21a9ede2f61c3f71d1defd3fa999dfa36953755c690689799962b48bebd836974e8cf90120000000000000000000000000000000000000000000000000000000000000000000000000

      at src/core/charms-sdk.ts:16:11

  console.error
    Stderr: No spell found in the transaction

      30 | 				}
      31 | 				if (stderr) {
    > 32 | 					console.error(`Stderr: ${stderr}`);
         | 					        ^
      33 | 				}
      34 | 				console.info(`Executed successfully: ${stdout}`);
      35 | 				resolve(stdout);

      at src/core/charms-sdk.ts:32:14

  console.info
    Executed successfully:

      at src/core/charms-sdk.ts:34:13

  console.log
    !!! 1 {
      spendable: true,
      value: 625000000,
      txid: '3aee375fbcaf480ee97ad150d6d95d37f4550da66ed7fc870756e9b447ace6cd',
      vout: 0
    } undefined

      at src/core/spells.ts:216:12

  console.info
    Executing command: /Users/gadiguy/workspace/charms/target/release/charms tx show-spell --tx 020000000001010000000000000000000000000000000000000000000000000000000000000000ffffffff0402170400ffffffff02c817a80400000000160014c699b99a00cc336f2cd3615b2361af367128c86a0000000000000000266a24aa21a9ede2f61c3f71d1defd3fa999dfa36953755c690689799962b48bebd836974e8cf90120000000000000000000000000000000000000000000000000000000000000000000000000

      at src/core/charms-sdk.ts:16:11

  console.error
    Stderr: No spell found in the transaction

      30 | 				}
      31 | 				if (stderr) {
    > 32 | 					console.error(`Stderr: ${stderr}`);
         | 					        ^
      33 | 				}
      34 | 				console.info(`Executed successfully: ${stdout}`);
      35 | 				resolve(stdout);

      at src/core/charms-sdk.ts:32:14

  console.info
    Executed successfully:

      at src/core/charms-sdk.ts:34:13

  console.log
    !!! 1 {
      spendable: true,
      value: 78125000,
      txid: 'c08e0989b2878c0e754b8710060d61855c7d252261be1cb444491384a647fb74',
      vout: 0
    } undefined

      at src/core/spells.ts:216:12

  console.info
    Executing command: /Users/gadiguy/workspace/charms/target/release/charms tx show-spell --tx 020000000001010000000000000000000000000000000000000000000000000000000000000000ffffffff0402d30300ffffffff02c817a80400000000160014b3455ce530ba44de213c9a78c2d662785143c5f40000000000000000266a24aa21a9ede2f61c3f71d1defd3fa999dfa36953755c690689799962b48bebd836974e8cf90120000000000000000000000000000000000000000000000000000000000000000000000000

      at src/core/charms-sdk.ts:16:11

  console.error
    Stderr: No spell found in the transaction

      30 | 				}
      31 | 				if (stderr) {
    > 32 | 					console.error(`Stderr: ${stderr}`);
         | 					        ^
      33 | 				}
      34 | 				console.info(`Executed successfully: ${stdout}`);
      35 | 				resolve(stdout);

      at src/core/charms-sdk.ts:32:14

  console.info
    Executed successfully:

      at src/core/charms-sdk.ts:34:13

  console.log
    !!! 1 {
      spendable: true,
      value: 78125000,
      txid: 'd3700a64cd54f94de7510d824ed4d584c7dd772d9cc79c8f1782af807e6755dd',
      vout: 0
    } undefined

      at src/core/spells.ts:216:12

  console.info
    Executing command: /Users/gadiguy/workspace/charms/target/release/charms tx show-spell --tx 020000000001010000000000000000000000000000000000000000000000000000000000000000ffffffff04020c0200ffffffff0240be40250000000016001472c5491c905a48410fa92e15ebbb6e150bdb661f0000000000000000266a24aa21a9ede2f61c3f71d1defd3fa999dfa36953755c690689799962b48bebd836974e8cf90120000000000000000000000000000000000000000000000000000000000000000000000000

      at src/core/charms-sdk.ts:16:11

  console.error
    Stderr: No spell found in the transaction

      30 | 				}
      31 | 				if (stderr) {
    > 32 | 					console.error(`Stderr: ${stderr}`);
         | 					        ^
      33 | 				}
      34 | 				console.info(`Executed successfully: ${stdout}`);
      35 | 				resolve(stdout);

      at src/core/charms-sdk.ts:32:14

  console.info
    Executed successfully:

      at src/core/charms-sdk.ts:34:13

  console.log
    !!! 1 {
      spendable: true,
      value: 625000000,
      txid: '1cd832ff710869c97157767342cc38e09e537ea1f2b9973999bc17ba374800a7',
      vout: 0
    } undefined

      at src/core/spells.ts:216:12

  console.info
    Executing command: /Users/gadiguy/workspace/charms/target/release/charms tx show-spell --tx 020000000001010000000000000000000000000000000000000000000000000000000000000000ffffffff0402cc0000ffffffff0200f9029500000000160014c9d9cdc3642ca0458ccf3b6082b251ab8aa241730000000000000000266a24aa21a9ede2f61c3f71d1defd3fa999dfa36953755c690689799962b48bebd836974e8cf90120000000000000000000000000000000000000000000000000000000000000000000000000

      at src/core/charms-sdk.ts:16:11

  console.error
    Stderr: No spell found in the transaction

      30 | 				}
      31 | 				if (stderr) {
    > 32 | 					console.error(`Stderr: ${stderr}`);
         | 					        ^
      33 | 				}
      34 | 				console.info(`Executed successfully: ${stdout}`);
      35 | 				resolve(stdout);

      at src/core/charms-sdk.ts:32:14

  console.info
    Executed successfully:

      at src/core/charms-sdk.ts:34:13

  console.log
    !!! 1 {
      spendable: true,
      value: 2500000000,
      txid: 'b1f743c2100a082757fee9396c18519a1393440b6aa87005d5e19ddf646b8817',
      vout: 0
    } undefined

      at src/core/spells.ts:216:12

  console.info
    Executing command: /Users/gadiguy/workspace/charms/target/release/charms tx show-spell --tx 020000000001010000000000000000000000000000000000000000000000000000000000000000ffffffff0402900100ffffffff02807c814a00000000160014c9d9cdc3642ca0458ccf3b6082b251ab8aa241730000000000000000266a24aa21a9ede2f61c3f71d1defd3fa999dfa36953755c690689799962b48bebd836974e8cf90120000000000000000000000000000000000000000000000000000000000000000000000000

      at src/core/charms-sdk.ts:16:11

  console.error
    Stderr: No spell found in the transaction

      30 | 				}
      31 | 				if (stderr) {
    > 32 | 					console.error(`Stderr: ${stderr}`);
         | 					        ^
      33 | 				}
      34 | 				console.info(`Executed successfully: ${stdout}`);
      35 | 				resolve(stdout);

      at src/core/charms-sdk.ts:32:14

  console.info
    Executed successfully:

      at src/core/charms-sdk.ts:34:13

  console.log
    !!! 1 {
      spendable: true,
      value: 1250000000,
      txid: '613e79ebf6edeaf5ec67c8e936828167f901a87d828728df82816124fcc4df63',
      vout: 0
    } undefined

      at src/core/spells.ts:216:12

  console.info
    Executing command: /Users/gadiguy/workspace/charms/target/release/charms tx show-spell --tx 020000000001010000000000000000000000000000000000000000000000000000000000000000ffffffff0402d60300ffffffff02c817a80400000000160014b3455ce530ba44de213c9a78c2d662785143c5f40000000000000000266a24aa21a9ede2f61c3f71d1defd3fa999dfa36953755c690689799962b48bebd836974e8cf90120000000000000000000000000000000000000000000000000000000000000000000000000

      at src/core/charms-sdk.ts:16:11

  console.error
    Stderr: No spell found in the transaction

      30 | 				}
      31 | 				if (stderr) {
    > 32 | 					console.error(`Stderr: ${stderr}`);
         | 					        ^
      33 | 				}
      34 | 				console.info(`Executed successfully: ${stdout}`);
      35 | 				resolve(stdout);

      at src/core/charms-sdk.ts:32:14

  console.info
    Executed successfully:

      at src/core/charms-sdk.ts:34:13

  console.log
    !!! 1 {
      spendable: true,
      value: 78125000,
      txid: 'f8170b27e5b9be8ee38c41cf54dddfb43b52076e1d2fd8ed86a9179f44f42223',
      vout: 0
    } undefined

      at src/core/spells.ts:216:12

  console.info
    Executing command: /Users/gadiguy/workspace/charms/target/release/charms tx show-spell --tx 020000000001010000000000000000000000000000000000000000000000000000000000000000ffffffff0402f20300ffffffff02c817a80400000000160014b3455ce530ba44de213c9a78c2d662785143c5f40000000000000000266a24aa21a9ede2f61c3f71d1defd3fa999dfa36953755c690689799962b48bebd836974e8cf90120000000000000000000000000000000000000000000000000000000000000000000000000

      at src/core/charms-sdk.ts:16:11

  console.error
    Stderr: No spell found in the transaction

      30 | 				}
      31 | 				if (stderr) {
    > 32 | 					console.error(`Stderr: ${stderr}`);
         | 					        ^
      33 | 				}
      34 | 				console.info(`Executed successfully: ${stdout}`);
      35 | 				resolve(stdout);

      at src/core/charms-sdk.ts:32:14

  console.info
    Executed successfully:

      at src/core/charms-sdk.ts:34:13

  console.log
    !!! 1 {
      spendable: true,
      value: 78125000,
      txid: 'ae17611b979603fe2ab1bbd52a806c86bffff8a2f93f5d4a9413620614e08bee',
      vout: 0
    } undefined

      at src/core/spells.ts:216:12

  console.info
    Executing command: /Users/gadiguy/workspace/charms/target/release/charms tx show-spell --tx 020000000001010000000000000000000000000000000000000000000000000000000000000000ffffffff0402090200ffffffff02faeb402500000000160014f8da324c8cca212e93f82f00dbe094b118ddb9010000000000000000266a24aa21a9ed6cfe294d2962c1246451557af4a4ec47b6cbf02324ef8fff851637e4c5e997100120000000000000000000000000000000000000000000000000000000000000000000000000

      at src/core/charms-sdk.ts:16:11

  console.error
    Stderr: No spell found in the transaction

      30 | 				}
      31 | 				if (stderr) {
    > 32 | 					console.error(`Stderr: ${stderr}`);
         | 					        ^
      33 | 				}
      34 | 				console.info(`Executed successfully: ${stdout}`);
      35 | 				resolve(stdout);

      at src/core/charms-sdk.ts:32:14

  console.info
    Executed successfully:

      at src/core/charms-sdk.ts:34:13

  console.log
    !!! 1 {
      spendable: true,
      value: 625011706,
      txid: '899768e15dcd869ecf0155554b52b534669a083baa36e0318bf143e203ec02b3',
      vout: 0
    } undefined

      at src/core/spells.ts:216:12

  console.info
    Executing command: /Users/gadiguy/workspace/charms/target/release/charms tx show-spell --tx 020000000001010000000000000000000000000000000000000000000000000000000000000000ffffffff0402580200ffffffff02205fa01200000000160014565dbe4e929f0f3587ef4ff2533f3dd04fce75c70000000000000000266a24aa21a9ede2f61c3f71d1defd3fa999dfa36953755c690689799962b48bebd836974e8cf90120000000000000000000000000000000000000000000000000000000000000000000000000

      at src/core/charms-sdk.ts:16:11

  console.error
    Stderr: No spell found in the transaction

      30 | 				}
      31 | 				if (stderr) {
    > 32 | 					console.error(`Stderr: ${stderr}`);
         | 					        ^
      33 | 				}
      34 | 				console.info(`Executed successfully: ${stdout}`);
      35 | 				resolve(stdout);

      at src/core/charms-sdk.ts:32:14

  console.info
    Executed successfully:

      at src/core/charms-sdk.ts:34:13

  console.log
    !!! 1 {
      spendable: true,
      value: 312500000,
      txid: '3c411246968e48274c9ee24a338993d86524269d821fcfac5a7d3410fa6c6cd4',
      vout: 0
    } undefined

      at src/core/spells.ts:216:12

  console.info
    Executing command: /Users/gadiguy/workspace/charms/target/release/charms tx show-spell --tx 020000000001010000000000000000000000000000000000000000000000000000000000000000ffffffff0402420200ffffffff0240be402500000000160014565dbe4e929f0f3587ef4ff2533f3dd04fce75c70000000000000000266a24aa21a9ede2f61c3f71d1defd3fa999dfa36953755c690689799962b48bebd836974e8cf90120000000000000000000000000000000000000000000000000000000000000000000000000

      at src/core/charms-sdk.ts:16:11

  console.error
    Stderr: No spell found in the transaction

      30 | 				}
      31 | 				if (stderr) {
    > 32 | 					console.error(`Stderr: ${stderr}`);
         | 					        ^
      33 | 				}
      34 | 				console.info(`Executed successfully: ${stdout}`);
      35 | 				resolve(stdout);

      at src/core/charms-sdk.ts:32:14

  console.info
    Executed successfully:

      at src/core/charms-sdk.ts:34:13

  console.log
    !!! 1 {
      spendable: true,
      value: 625000000,
      txid: 'c3a173420a248ebd29f4f67f71c6c4f9843ee2e1ba2b394b43e892f7cb567232',
      vout: 0
    } undefined

      at src/core/spells.ts:216:12

  console.info
    Executing command: /Users/gadiguy/workspace/charms/target/release/charms tx show-spell --tx 020000000001010000000000000000000000000000000000000000000000000000000000000000ffffffff0402cd0200ffffffff02205fa01200000000160014be438a2710f608303168dfde261068040a60fb7a0000000000000000266a24aa21a9ede2f61c3f71d1defd3fa999dfa36953755c690689799962b48bebd836974e8cf90120000000000000000000000000000000000000000000000000000000000000000000000000

      at src/core/charms-sdk.ts:16:11

  console.error
    Stderr: No spell found in the transaction

      30 | 				}
      31 | 				if (stderr) {
    > 32 | 					console.error(`Stderr: ${stderr}`);
         | 					        ^
      33 | 				}
      34 | 				console.info(`Executed successfully: ${stdout}`);
      35 | 				resolve(stdout);

      at src/core/charms-sdk.ts:32:14

  console.info
    Executed successfully:

      at src/core/charms-sdk.ts:34:13

  console.log
    !!! 1 {
      spendable: true,
      value: 312500000,
      txid: 'f29aba26bb1b244eb69eca96e3eb4ca92618c64d585c494541752a0e77026aac',
      vout: 0
    } undefined

      at src/core/spells.ts:216:12

  console.info
    Executing command: /Users/gadiguy/workspace/charms/target/release/charms tx show-spell --tx 020000000001010000000000000000000000000000000000000000000000000000000000000000ffffffff0402860000ffffffff0200f2052a01000000160014c9d9cdc3642ca0458ccf3b6082b251ab8aa241730000000000000000266a24aa21a9ede2f61c3f71d1defd3fa999dfa36953755c690689799962b48bebd836974e8cf90120000000000000000000000000000000000000000000000000000000000000000000000000

      at src/core/charms-sdk.ts:16:11

  console.error
    Stderr: No spell found in the transaction

      30 | 				}
      31 | 				if (stderr) {
    > 32 | 					console.error(`Stderr: ${stderr}`);
         | 					        ^
      33 | 				}
      34 | 				console.info(`Executed successfully: ${stdout}`);
      35 | 				resolve(stdout);

      at src/core/charms-sdk.ts:32:14

  console.info
    Executed successfully:

      at src/core/charms-sdk.ts:34:13

  console.log
    !!! 1 {
      spendable: true,
      value: 5000000000,
      txid: '9da6ec056ee80a71a88528d88d0660d0c7f195a20548fdc53c92d9d3e8ccf168',
      vout: 0
    } undefined

      at src/core/spells.ts:216:12

  console.info
    Executing command: /Users/gadiguy/workspace/charms/target/release/charms tx show-spell --tx 020000000001010000000000000000000000000000000000000000000000000000000000000000ffffffff04023c0400ffffffff02e40b540200000000160014c699b99a00cc336f2cd3615b2361af367128c86a0000000000000000266a24aa21a9ede2f61c3f71d1defd3fa999dfa36953755c690689799962b48bebd836974e8cf90120000000000000000000000000000000000000000000000000000000000000000000000000

      at src/core/charms-sdk.ts:16:11

  console.error
    Stderr: No spell found in the transaction

      30 | 				}
      31 | 				if (stderr) {
    > 32 | 					console.error(`Stderr: ${stderr}`);
         | 					        ^
      33 | 				}
      34 | 				console.info(`Executed successfully: ${stdout}`);
      35 | 				resolve(stdout);

      at src/core/charms-sdk.ts:32:14

  console.info
    Executed successfully:

      at src/core/charms-sdk.ts:34:13

  console.log
    !!! 1 {
      spendable: true,
      value: 39062500,
      txid: '6c8cbdec3934a98ff160b7febd08e5d483830fc2ef84a171e33956d26b8b4cf0',
      vout: 0
    } undefined

      at src/core/spells.ts:216:12

  console.info
    Executing command: /Users/gadiguy/workspace/charms/target/release/charms tx show-spell --tx 020000000001010000000000000000000000000000000000000000000000000000000000000000ffffffff0402a10200ffffffff02205fa01200000000160014be438a2710f608303168dfde261068040a60fb7a0000000000000000266a24aa21a9ede2f61c3f71d1defd3fa999dfa36953755c690689799962b48bebd836974e8cf90120000000000000000000000000000000000000000000000000000000000000000000000000

      at src/core/charms-sdk.ts:16:11

  console.error
    Stderr: No spell found in the transaction

      30 | 				}
      31 | 				if (stderr) {
    > 32 | 					console.error(`Stderr: ${stderr}`);
         | 					        ^
      33 | 				}
      34 | 				console.info(`Executed successfully: ${stdout}`);
      35 | 				resolve(stdout);

      at src/core/charms-sdk.ts:32:14

  console.info
    Executed successfully:

      at src/core/charms-sdk.ts:34:13

  console.log
    !!! 1 {
      spendable: true,
      value: 312500000,
      txid: '86ce3240a5d4f3399729eac08f4dde86f626b475aae2144b553750a2d91c3679',
      vout: 0
    } undefined

      at src/core/spells.ts:216:12

  console.info
    Executing command: /Users/gadiguy/workspace/charms/target/release/charms tx show-spell --tx 020000000001010000000000000000000000000000000000000000000000000000000000000000ffffffff0402ac0200ffffffff02205fa01200000000160014be438a2710f608303168dfde261068040a60fb7a0000000000000000266a24aa21a9ede2f61c3f71d1defd3fa999dfa36953755c690689799962b48bebd836974e8cf90120000000000000000000000000000000000000000000000000000000000000000000000000

      at src/core/charms-sdk.ts:16:11

  console.error
    Stderr: No spell found in the transaction

      30 | 				}
      31 | 				if (stderr) {
    > 32 | 					console.error(`Stderr: ${stderr}`);
         | 					        ^
      33 | 				}
      34 | 				console.info(`Executed successfully: ${stdout}`);
      35 | 				resolve(stdout);

      at src/core/charms-sdk.ts:32:14

  console.info
    Executed successfully:

      at src/core/charms-sdk.ts:34:13

  console.log
    !!! 1 {
      spendable: true,
      value: 312500000,
      txid: 'b5ddf956f2e3471f458f4635087307033ad3ff5d1ffb645dbc73a0447b2259f6',
      vout: 0
    } undefined

      at src/core/spells.ts:216:12

  console.info
    Executing command: /Users/gadiguy/workspace/charms/target/release/charms tx show-spell --tx 020000000001010000000000000000000000000000000000000000000000000000000000000000ffffffff0402cc0300ffffffff02c817a80400000000160014b3455ce530ba44de213c9a78c2d662785143c5f40000000000000000266a24aa21a9ede2f61c3f71d1defd3fa999dfa36953755c690689799962b48bebd836974e8cf90120000000000000000000000000000000000000000000000000000000000000000000000000

      at src/core/charms-sdk.ts:16:11

  console.error
    Stderr: No spell found in the transaction

      30 | 				}
      31 | 				if (stderr) {
    > 32 | 					console.error(`Stderr: ${stderr}`);
         | 					        ^
      33 | 				}
      34 | 				console.info(`Executed successfully: ${stdout}`);
      35 | 				resolve(stdout);

      at src/core/charms-sdk.ts:32:14

  console.info
    Executed successfully:

      at src/core/charms-sdk.ts:34:13

  console.log
    !!! 1 {
      spendable: true,
      value: 78125000,
      txid: '3e0f82d9e80d223b4d1791a24e5988bf1618164e60d18ac3222a4e1736e65519',
      vout: 0
    } undefined

      at src/core/spells.ts:216:12

  console.info
    Executing command: /Users/gadiguy/workspace/charms/target/release/charms tx show-spell --tx 020000000001010000000000000000000000000000000000000000000000000000000000000000ffffffff0402340300ffffffff02902f500900000000160014df2907ba1c43324bcddd8f295bb3d2d09dd62c290000000000000000266a24aa21a9ede2f61c3f71d1defd3fa999dfa36953755c690689799962b48bebd836974e8cf90120000000000000000000000000000000000000000000000000000000000000000000000000

      at src/core/charms-sdk.ts:16:11

  console.error
    Stderr: No spell found in the transaction

      30 | 				}
      31 | 				if (stderr) {
    > 32 | 					console.error(`Stderr: ${stderr}`);
         | 					        ^
      33 | 				}
      34 | 				console.info(`Executed successfully: ${stdout}`);
      35 | 				resolve(stdout);

      at src/core/charms-sdk.ts:32:14

  console.info
    Executed successfully:

      at src/core/charms-sdk.ts:34:13

  console.log
    !!! 1 {
      spendable: true,
      value: 156250000,
      txid: 'b2f3e1618d7c99c1f91c7782a439ced30a2a2ae608681588e9022a1c2f56c64c',
      vout: 0
    } undefined

      at src/core/spells.ts:216:12

  console.info
    Executing command: /Users/gadiguy/workspace/charms/target/release/charms tx show-spell --tx 020000000001010000000000000000000000000000000000000000000000000000000000000000ffffffff0402ef0200ffffffff02902f500900000000160014df2907ba1c43324bcddd8f295bb3d2d09dd62c290000000000000000266a24aa21a9ede2f61c3f71d1defd3fa999dfa36953755c690689799962b48bebd836974e8cf90120000000000000000000000000000000000000000000000000000000000000000000000000

      at src/core/charms-sdk.ts:16:11

  console.error
    Stderr: No spell found in the transaction

      30 | 				}
      31 | 				if (stderr) {
    > 32 | 					console.error(`Stderr: ${stderr}`);
         | 					        ^
      33 | 				}
      34 | 				console.info(`Executed successfully: ${stdout}`);
      35 | 				resolve(stdout);

      at src/core/charms-sdk.ts:32:14

  console.info
    Executed successfully:

      at src/core/charms-sdk.ts:34:13

  console.log
    !!! 1 {
      spendable: true,
      value: 156250000,
      txid: '51e65a384fd3db1f4e6194bc69545747527e28bea1836fe440a9673d5b49743b',
      vout: 0
    } undefined

      at src/core/spells.ts:216:12

  console.info
    Executing command: /Users/gadiguy/workspace/charms/target/release/charms tx show-spell --tx 020000000001010000000000000000000000000000000000000000000000000000000000000000ffffffff0402060300ffffffff02902f500900000000160014df2907ba1c43324bcddd8f295bb3d2d09dd62c290000000000000000266a24aa21a9ede2f61c3f71d1defd3fa999dfa36953755c690689799962b48bebd836974e8cf90120000000000000000000000000000000000000000000000000000000000000000000000000

      at src/core/charms-sdk.ts:16:11

  console.error
    Stderr: No spell found in the transaction

      30 | 				}
      31 | 				if (stderr) {
    > 32 | 					console.error(`Stderr: ${stderr}`);
         | 					        ^
      33 | 				}
      34 | 				console.info(`Executed successfully: ${stdout}`);
      35 | 				resolve(stdout);

      at src/core/charms-sdk.ts:32:14

  console.info
    Executed successfully:

      at src/core/charms-sdk.ts:34:13

  console.log
    !!! 1 {
      spendable: true,
      value: 156250000,
      txid: '0576fe5f09a67162dba485c0edd341c8c39aee8a9ef90abfa27c82b2723df60a',
      vout: 0
    } undefined

      at src/core/spells.ts:216:12

  console.info
    Executing command: /Users/gadiguy/workspace/charms/target/release/charms tx show-spell --tx 020000000001010000000000000000000000000000000000000000000000000000000000000000ffffffff04026e0200ffffffff02205fa01200000000160014565dbe4e929f0f3587ef4ff2533f3dd04fce75c70000000000000000266a24aa21a9ede2f61c3f71d1defd3fa999dfa36953755c690689799962b48bebd836974e8cf90120000000000000000000000000000000000000000000000000000000000000000000000000

      at src/core/charms-sdk.ts:16:11

  console.error
    Stderr: No spell found in the transaction

      30 | 				}
      31 | 				if (stderr) {
    > 32 | 					console.error(`Stderr: ${stderr}`);
         | 					        ^
      33 | 				}
      34 | 				console.info(`Executed successfully: ${stdout}`);
      35 | 				resolve(stdout);

      at src/core/charms-sdk.ts:32:14

  console.info
    Executed successfully:

      at src/core/charms-sdk.ts:34:13

  console.log
    !!! 1 {
      spendable: true,
      value: 312500000,
      txid: 'a50956d989236bde36ce50afc35b25b2255c82f36cb790a9b8f732c83ba53a20',
      vout: 0
    } undefined

      at src/core/spells.ts:216:12

  console.info
    Executing command: /Users/gadiguy/workspace/charms/target/release/charms tx show-spell --tx 020000000001010000000000000000000000000000000000000000000000000000000000000000ffffffff0402b70000ffffffff0200f9029500000000160014c9d9cdc3642ca0458ccf3b6082b251ab8aa241730000000000000000266a24aa21a9ede2f61c3f71d1defd3fa999dfa36953755c690689799962b48bebd836974e8cf90120000000000000000000000000000000000000000000000000000000000000000000000000

      at src/core/charms-sdk.ts:16:11

  console.error
    Stderr: No spell found in the transaction

      30 | 				}
      31 | 				if (stderr) {
    > 32 | 					console.error(`Stderr: ${stderr}`);
         | 					        ^
      33 | 				}
      34 | 				console.info(`Executed successfully: ${stdout}`);
      35 | 				resolve(stdout);

      at src/core/charms-sdk.ts:32:14

  console.info
    Executed successfully:

      at src/core/charms-sdk.ts:34:13

  console.log
    !!! 1 {
      spendable: true,
      value: 2500000000,
      txid: '3b9f54905723d5984ed9f905e2032ec66546ccfaf11c8089da3d85efeea608ae',
      vout: 0
    } undefined

      at src/core/spells.ts:216:12

  console.info
    Executing command: /Users/gadiguy/workspace/charms/target/release/charms tx show-spell --tx 020000000001010000000000000000000000000000000000000000000000000000000000000000ffffffff0402300400ffffffff02e40b540200000000160014c699b99a00cc336f2cd3615b2361af367128c86a0000000000000000266a24aa21a9ede2f61c3f71d1defd3fa999dfa36953755c690689799962b48bebd836974e8cf90120000000000000000000000000000000000000000000000000000000000000000000000000

      at src/core/charms-sdk.ts:16:11

  console.error
    Stderr: No spell found in the transaction

      30 | 				}
      31 | 				if (stderr) {
    > 32 | 					console.error(`Stderr: ${stderr}`);
         | 					        ^
      33 | 				}
      34 | 				console.info(`Executed successfully: ${stdout}`);
      35 | 				resolve(stdout);

      at src/core/charms-sdk.ts:32:14

  console.info
    Executed successfully:

      at src/core/charms-sdk.ts:34:13

  console.log
    !!! 1 {
      spendable: true,
      value: 39062500,
      txid: 'ae21df2a322ab5d75ed25fad4e421c453bccb2fe5d50d8a767c01b981f92647b',
      vout: 0
    } undefined

      at src/core/spells.ts:216:12

  console.info
    Executing command: /Users/gadiguy/workspace/charms/target/release/charms tx show-spell --tx 020000000001010000000000000000000000000000000000000000000000000000000000000000ffffffff0402f80200ffffffff02902f500900000000160014df2907ba1c43324bcddd8f295bb3d2d09dd62c290000000000000000266a24aa21a9ede2f61c3f71d1defd3fa999dfa36953755c690689799962b48bebd836974e8cf90120000000000000000000000000000000000000000000000000000000000000000000000000

      at src/core/charms-sdk.ts:16:11

  console.error
    Stderr: No spell found in the transaction

      30 | 				}
      31 | 				if (stderr) {
    > 32 | 					console.error(`Stderr: ${stderr}`);
         | 					        ^
      33 | 				}
      34 | 				console.info(`Executed successfully: ${stdout}`);
      35 | 				resolve(stdout);

      at src/core/charms-sdk.ts:32:14

  console.info
    Executed successfully:

      at src/core/charms-sdk.ts:34:13

  console.log
    !!! 1 {
      spendable: true,
      value: 156250000,
      txid: '418742c3bd6aed4638cb2de4e8d5e5f84aecd2ab04ef3441bb2b0ff62c5a076f',
      vout: 0
    } undefined

      at src/core/spells.ts:216:12

  console.info
    Executing command: /Users/gadiguy/workspace/charms/target/release/charms tx show-spell --tx 020000000001010000000000000000000000000000000000000000000000000000000000000000ffffffff0402c20100ffffffff0240be4025000000001600148dae6f2122b28418b4dcd043140798d3d20390c90000000000000000266a24aa21a9ede2f61c3f71d1defd3fa999dfa36953755c690689799962b48bebd836974e8cf90120000000000000000000000000000000000000000000000000000000000000000000000000

      at src/core/charms-sdk.ts:16:11

  console.error
    Stderr: No spell found in the transaction

      30 | 				}
      31 | 				if (stderr) {
    > 32 | 					console.error(`Stderr: ${stderr}`);
         | 					        ^
      33 | 				}
      34 | 				console.info(`Executed successfully: ${stdout}`);
      35 | 				resolve(stdout);

      at src/core/charms-sdk.ts:32:14

  console.info
    Executed successfully:

      at src/core/charms-sdk.ts:34:13

  console.log
    !!! 1 {
      spendable: true,
      value: 625000000,
      txid: '0a62951fb279b616be9cc4a6e9ba3bd2ebca4e00b57b8f99da29061304f1ccfc',
      vout: 0
    } undefined

      at src/core/spells.ts:216:12

  console.info
    Executing command: /Users/gadiguy/workspace/charms/target/release/charms tx show-spell --tx 020000000001010000000000000000000000000000000000000000000000000000000000000000ffffffff0402e00100ffffffff0240be4025000000001600148dae6f2122b28418b4dcd043140798d3d20390c90000000000000000266a24aa21a9ede2f61c3f71d1defd3fa999dfa36953755c690689799962b48bebd836974e8cf90120000000000000000000000000000000000000000000000000000000000000000000000000

      at src/core/charms-sdk.ts:16:11

  console.error
    Stderr: No spell found in the transaction

      30 | 				}
      31 | 				if (stderr) {
    > 32 | 					console.error(`Stderr: ${stderr}`);
         | 					        ^
      33 | 				}
      34 | 				console.info(`Executed successfully: ${stdout}`);
      35 | 				resolve(stdout);

      at src/core/charms-sdk.ts:32:14

  console.info
    Executed successfully:

      at src/core/charms-sdk.ts:34:13

  console.log
    !!! 1 {
      spendable: true,
      value: 625000000,
      txid: 'b82088d9b17bb98bb3f733e31dae6bb8deaf0d6fcee2a49cef03a4b1b6ad43f0',
      vout: 0
    } undefined

      at src/core/spells.ts:216:12

  console.info
    Executing command: /Users/gadiguy/workspace/charms/target/release/charms tx show-spell --tx 020000000001010000000000000000000000000000000000000000000000000000000000000000ffffffff0402ea0000ffffffff0200f9029500000000160014c9d9cdc3642ca0458ccf3b6082b251ab8aa241730000000000000000266a24aa21a9ede2f61c3f71d1defd3fa999dfa36953755c690689799962b48bebd836974e8cf90120000000000000000000000000000000000000000000000000000000000000000000000000

      at src/core/charms-sdk.ts:16:11

  console.error
    Stderr: No spell found in the transaction

      30 | 				}
      31 | 				if (stderr) {
    > 32 | 					console.error(`Stderr: ${stderr}`);
         | 					        ^
      33 | 				}
      34 | 				console.info(`Executed successfully: ${stdout}`);
      35 | 				resolve(stdout);

      at src/core/charms-sdk.ts:32:14

  console.info
    Executed successfully:

      at src/core/charms-sdk.ts:34:13

  console.log
    !!! 1 {
      spendable: true,
      value: 2500000000,
      txid: '53996ec06d1a2e234fbf51d12c586d528c7b40dadefc6e812c8f9496b84fd12f',
      vout: 0
    } undefined

      at src/core/spells.ts:216:12

  console.info
    Executing command: /Users/gadiguy/workspace/charms/target/release/charms tx show-spell --tx 020000000001010000000000000000000000000000000000000000000000000000000000000000ffffffff0402650100ffffffff02807c814a00000000160014c9d9cdc3642ca0458ccf3b6082b251ab8aa241730000000000000000266a24aa21a9ede2f61c3f71d1defd3fa999dfa36953755c690689799962b48bebd836974e8cf90120000000000000000000000000000000000000000000000000000000000000000000000000

      at src/core/charms-sdk.ts:16:11

  console.error
    Stderr: No spell found in the transaction

      30 | 				}
      31 | 				if (stderr) {
    > 32 | 					console.error(`Stderr: ${stderr}`);
         | 					        ^
      33 | 				}
      34 | 				console.info(`Executed successfully: ${stdout}`);
      35 | 				resolve(stdout);

      at src/core/charms-sdk.ts:32:14

  console.info
    Executed successfully:

      at src/core/charms-sdk.ts:34:13

  console.log
    !!! 1 {
      spendable: true,
      value: 1250000000,
      txid: 'ab8965aee618358c78ed5e8a20755f4c370f854205888c8de283968b00bb9a56',
      vout: 0
    } undefined

      at src/core/spells.ts:216:12

  console.info
    Executing command: /Users/gadiguy/workspace/charms/target/release/charms tx show-spell --tx 020000000001010000000000000000000000000000000000000000000000000000000000000000ffffffff0402bc0200ffffffff02205fa01200000000160014be438a2710f608303168dfde261068040a60fb7a0000000000000000266a24aa21a9ede2f61c3f71d1defd3fa999dfa36953755c690689799962b48bebd836974e8cf90120000000000000000000000000000000000000000000000000000000000000000000000000

      at src/core/charms-sdk.ts:16:11

  console.error
    Stderr: No spell found in the transaction

      30 | 				}
      31 | 				if (stderr) {
    > 32 | 					console.error(`Stderr: ${stderr}`);
         | 					        ^
      33 | 				}
      34 | 				console.info(`Executed successfully: ${stdout}`);
      35 | 				resolve(stdout);

      at src/core/charms-sdk.ts:32:14

  console.info
    Executed successfully:

      at src/core/charms-sdk.ts:34:13

  console.log
    !!! 1 {
      spendable: true,
      value: 312500000,
      txid: 'ed39c76e3825b7a01cca844207716140fb0b6abd35b1194b4e39075e1dcad07f',
      vout: 0
    } undefined

      at src/core/spells.ts:216:12

  console.info
    Executing command: /Users/gadiguy/workspace/charms/target/release/charms tx show-spell --tx 020000000001010bdc6d8d4df5a52cf9eb02089954db87f6dbe17ff6738ea424c575c0c41876960000000000ffffffff02e803000000000000225120d80763edd7017c4ba252db5fa75841dd0f65197f4e96ab960f1bf3f861213f1ebd75814a00000000160014531fa2a7c38b0e9689eb93bb6f0f08eb22a562460341b7225631cd17abe383672180540724efb703c7bbf17ad988156b468a48c1f315022f5d86766a6f986fd2d160bb0399fbeb369d0eb697779eb751d9a85ab5a2c481fd6a010063057370656c6c4d3c0182a36776657273696f6e04627478a2647265667380646f75747381a100a3667469636b657269475241494c2d4e46547163757272656e745f636f7369676e6572737840363630363134646333613831626239663762633039383839373835326230613263343131313231346131306533663764383039653936323463373666356331347163757272656e745f7468726573686f6c6401716170705f7075626c69635f696e70757473a183616e9820181e185c18d018ba18ab184118f318a01855182f1828185c18d518ec1870183418851877182d183618531718a2188a183918bb186118d7189b0b187718b19820187618f618ea1826183c18511835184818c118f118591518a41886187c187118be188318f1183c18eb183018380f18d4183f188f183218d118da1842185ba166616374696f6e666465706c6f79806820cf548141f45a95ed86d53c72d0b071a81a0174580f67eb8812ad0b1d89ac447eac21c1cf548141f45a95ed86d53c72d0b071a81a0174580f67eb8812ad0b1d89ac447e00000000

      at src/core/charms-sdk.ts:16:11

  console.info
    Executed successfully: version: 4
    apps:
      $0000: n/1e5cd0baab41f3a0552f285cd5ec703485772d365317a28a39bb61d79b0b77b1/76f6ea263c513548c1f15915a4867c71be83f13ceb30380fd43f8f32d1da425b
    public_args:
      $0000:
        action: deploy
    ins: []
    outs:
    - charms:
        $0000:
          ticker: GRAIL-NFT
          current_cosigners: 660614dc3a81bb9f7bc098897852b0a2c4111214a10e3f7d809e9624c76f5c14
          current_threshold: 1

      at src/core/charms-sdk.ts:34:13

  console.log
    !!! 1 {
      spendable: true,
      value: 1249998269,
      txid: 'd7a71b76e56fa72f6f3115fca946ee566ad302e6b792799c143ce99c86c2d20f',
      vout: 1
    } undefined

      at src/core/spells.ts:216:12

  console.info
    Executing command: /Users/gadiguy/workspace/charms/target/release/charms tx show-spell --tx 020000000001010000000000000000000000000000000000000000000000000000000000000000ffffffff0402a70100ffffffff02807c814a000000001600148dae6f2122b28418b4dcd043140798d3d20390c90000000000000000266a24aa21a9ede2f61c3f71d1defd3fa999dfa36953755c690689799962b48bebd836974e8cf90120000000000000000000000000000000000000000000000000000000000000000000000000

      at src/core/charms-sdk.ts:16:11

  console.error
    Stderr: No spell found in the transaction

      30 | 				}
      31 | 				if (stderr) {
    > 32 | 					console.error(`Stderr: ${stderr}`);
         | 					        ^
      33 | 				}
      34 | 				console.info(`Executed successfully: ${stdout}`);
      35 | 				resolve(stdout);

      at src/core/charms-sdk.ts:32:14

  console.info
    Executed successfully:

      at src/core/charms-sdk.ts:34:13

  console.log
    !!! 1 {
      spendable: true,
      value: 1250000000,
      txid: '179b74516c87a833f7f6ca2ede48da1d5105943c919bf9c63a8616d6f9b9716e',
      vout: 0
    } undefined

      at src/core/spells.ts:216:12

  console.info
    Executing command: /Users/gadiguy/workspace/charms/target/release/charms tx show-spell --tx 020000000001010000000000000000000000000000000000000000000000000000000000000000ffffffff0402410100ffffffff02807c814a00000000160014c9d9cdc3642ca0458ccf3b6082b251ab8aa241730000000000000000266a24aa21a9ede2f61c3f71d1defd3fa999dfa36953755c690689799962b48bebd836974e8cf90120000000000000000000000000000000000000000000000000000000000000000000000000

      at src/core/charms-sdk.ts:16:11

  console.error
    Stderr: No spell found in the transaction

      30 | 				}
      31 | 				if (stderr) {
    > 32 | 					console.error(`Stderr: ${stderr}`);
         | 					        ^
      33 | 				}
      34 | 				console.info(`Executed successfully: ${stdout}`);
      35 | 				resolve(stdout);

      at src/core/charms-sdk.ts:32:14

  console.info
    Executed successfully:

      at src/core/charms-sdk.ts:34:13

  console.log
    !!! 1 {
      spendable: true,
      value: 1250000000,
      txid: 'e722adc9e2e084d63904f3aacfe9958e93cb6b6edee802b60a9b2aeb9026a66f',
      vout: 0
    } undefined

      at src/core/spells.ts:216:12

  console.info
    Executing command: /Users/gadiguy/workspace/charms/target/release/charms tx show-spell --tx 020000000001010000000000000000000000000000000000000000000000000000000000000000ffffffff04024b0200ffffffff0240be402500000000160014565dbe4e929f0f3587ef4ff2533f3dd04fce75c70000000000000000266a24aa21a9ede2f61c3f71d1defd3fa999dfa36953755c690689799962b48bebd836974e8cf90120000000000000000000000000000000000000000000000000000000000000000000000000

      at src/core/charms-sdk.ts:16:11

  console.error
    Stderr: No spell found in the transaction

      30 | 				}
      31 | 				if (stderr) {
    > 32 | 					console.error(`Stderr: ${stderr}`);
         | 					        ^
      33 | 				}
      34 | 				console.info(`Executed successfully: ${stdout}`);
      35 | 				resolve(stdout);

      at src/core/charms-sdk.ts:32:14

  console.info
    Executed successfully:

      at src/core/charms-sdk.ts:34:13

  console.log
    !!! 1 {
      spendable: true,
      value: 625000000,
      txid: '27bfebaf62c182b417dcb8ab83caeabafb1077af02188736739c532eaa247db3',
      vout: 0
    } undefined

      at src/core/spells.ts:216:12

  console.info
    Executing command: /Users/gadiguy/workspace/charms/target/release/charms tx show-spell --tx 020000000001010000000000000000000000000000000000000000000000000000000000000000ffffffff0402750200ffffffff02205fa01200000000160014565dbe4e929f0f3587ef4ff2533f3dd04fce75c70000000000000000266a24aa21a9ede2f61c3f71d1defd3fa999dfa36953755c690689799962b48bebd836974e8cf90120000000000000000000000000000000000000000000000000000000000000000000000000

      at src/core/charms-sdk.ts:16:11

  console.error
    Stderr: No spell found in the transaction

      30 | 				}
      31 | 				if (stderr) {
    > 32 | 					console.error(`Stderr: ${stderr}`);
         | 					        ^
      33 | 				}
      34 | 				console.info(`Executed successfully: ${stdout}`);
      35 | 				resolve(stdout);

      at src/core/charms-sdk.ts:32:14

  console.info
    Executed successfully:

      at src/core/charms-sdk.ts:34:13

  console.log
    !!! 1 {
      spendable: true,
      value: 312500000,
      txid: '70ccb06b0bd4f40edd32db0b409eceb2746d95e140e5b708713ca86974a0da25',
      vout: 0
    } undefined

      at src/core/spells.ts:216:12

  console.info
    Executing command: /Users/gadiguy/workspace/charms/target/release/charms tx show-spell --tx 02000000000101ff31bdb9cd7bfd352a66c7722e39831cce185ac3a1547b189c2e012e92871e4f0000000000ffffffff02e803000000000000225120d80763edd7017c4ba252db5fa75841dd0f65197f4e96ab960f1bf3f861213f1ef0ee029500000000160014992900e994474b6116ea569b151dea6419f564410341c715d8db2174d980d0e6ddb4e7e449b766663a4cbdd3dbe103680b9def13d9e79c6aac57db270431b2678e8d6a890388403eb9bc1ce373c51872694469f6a78681fd6a010063057370656c6c4d3c0182a36776657273696f6e04627478a2647265667380646f75747381a100a3667469636b657269475241494c2d4e46547163757272656e745f636f7369676e6572737840363630363134646333613831626239663762633039383839373835326230613263343131313231346131306533663764383039653936323463373666356331347163757272656e745f7468726573686f6c6401716170705f7075626c69635f696e70757473a183616e9820182918a1181f18ea182e0d188b05182c183018c0184e188418b7182f1820181b189a185318441889189418dd184618da182018f3183218ef185518d618ba9820187618f618ea1826183c18511835184818c118f118591518a41886187c187118be188318f1183c18eb183018380f18d4183f188f183218d118da1842185ba166616374696f6e666465706c6f798068205bcc44f5e5be3e85359288b817c01211347c585c99d71797db190c70a43a75b3ac21c05bcc44f5e5be3e85359288b817c01211347c585c99d71797db190c70a43a75b300000000

      at src/core/charms-sdk.ts:16:11

  console.info
    Executed successfully: version: 4
    apps:
      $0000: n/29a11fea2e0d8b052c30c04e84b72f201b9a53448994dd46da20f332ef55d6ba/76f6ea263c513548c1f15915a4867c71be83f13ceb30380fd43f8f32d1da425b
    public_args:
      $0000:
        action: deploy
    ins: []
    outs:
    - charms:
        $0000:
          ticker: GRAIL-NFT
          current_cosigners: 660614dc3a81bb9f7bc098897852b0a2c4111214a10e3f7d809e9624c76f5c14
          current_threshold: 1

      at src/core/charms-sdk.ts:34:13

  console.log
    !!! 1 {
      spendable: true,
      value: 2499997424,
      txid: 'b1b8246cfebcc1a9e6c935680db8bc1d729d3159035745944cdde37736c3b26f',
      vout: 1
    } undefined

      at src/core/spells.ts:216:12

  console.info
    Executing command: /Users/gadiguy/workspace/charms/target/release/charms tx show-spell --tx 020000000001010000000000000000000000000000000000000000000000000000000000000000ffffffff0402ae0100ffffffff02807c814a000000001600148dae6f2122b28418b4dcd043140798d3d20390c90000000000000000266a24aa21a9ede2f61c3f71d1defd3fa999dfa36953755c690689799962b48bebd836974e8cf90120000000000000000000000000000000000000000000000000000000000000000000000000

      at src/core/charms-sdk.ts:16:11

  console.error
    Stderr: No spell found in the transaction

      30 | 				}
      31 | 				if (stderr) {
    > 32 | 					console.error(`Stderr: ${stderr}`);
         | 					        ^
      33 | 				}
      34 | 				console.info(`Executed successfully: ${stdout}`);
      35 | 				resolve(stdout);

      at src/core/charms-sdk.ts:32:14

  console.info
    Executed successfully:

      at src/core/charms-sdk.ts:34:13

  console.log
    !!! 1 {
      spendable: true,
      value: 1250000000,
      txid: '28a49c16a19c891da556cf94c72c2fe997f637d9e2cca25d889431d936748708',
      vout: 0
    } undefined

      at src/core/spells.ts:216:12

  console.info
    Executing command: /Users/gadiguy/workspace/charms/target/release/charms tx show-spell --tx 020000000001010000000000000000000000000000000000000000000000000000000000000000ffffffff0402130200ffffffff02cfc64025000000001600148a3fc6a8bfd6341d07932d713ac45379e82e2e490000000000000000266a24aa21a9ede2ac2ae3a8db33c98bfd7223c2e69a0df7358165bf27e43104514749cd5955de0120000000000000000000000000000000000000000000000000000000000000000000000000

      at src/core/charms-sdk.ts:16:11

  console.error
    Stderr: No spell found in the transaction

      30 | 				}
      31 | 				if (stderr) {
    > 32 | 					console.error(`Stderr: ${stderr}`);
         | 					        ^
      33 | 				}
      34 | 				console.info(`Executed successfully: ${stdout}`);
      35 | 				resolve(stdout);

      at src/core/charms-sdk.ts:32:14

  console.info
    Executed successfully:

      at src/core/charms-sdk.ts:34:13

  console.log
    !!! 1 {
      spendable: true,
      value: 625002191,
      txid: '8e5438bb4f4ee57ab6b7db703c352e50567df3c52721a6508a564fc21b6009cb',
      vout: 0
    } undefined

      at src/core/spells.ts:216:12

  console.info
    Executing command: /Users/gadiguy/workspace/charms/target/release/charms tx show-spell --tx 020000000001010000000000000000000000000000000000000000000000000000000000000000ffffffff0402fd0000ffffffff0200f9029500000000160014c9d9cdc3642ca0458ccf3b6082b251ab8aa241730000000000000000266a24aa21a9ede2f61c3f71d1defd3fa999dfa36953755c690689799962b48bebd836974e8cf90120000000000000000000000000000000000000000000000000000000000000000000000000

      at src/core/charms-sdk.ts:16:11

  console.error
    Stderr: No spell found in the transaction

      30 | 				}
      31 | 				if (stderr) {
    > 32 | 					console.error(`Stderr: ${stderr}`);
         | 					        ^
      33 | 				}
      34 | 				console.info(`Executed successfully: ${stdout}`);
      35 | 				resolve(stdout);

      at src/core/charms-sdk.ts:32:14

  console.info
    Executed successfully:

      at src/core/charms-sdk.ts:34:13

  console.log
    !!! 1 {
      spendable: true,
      value: 2500000000,
      txid: 'eacd8422ae53a62d06a0b7ecf3ed36018bf15d89955d393b1f682afc8010c1a9',
      vout: 0
    } undefined

      at src/core/spells.ts:216:12

  console.info
    Executing command: /Users/gadiguy/workspace/charms/target/release/charms tx show-spell --tx 020000000001010000000000000000000000000000000000000000000000000000000000000000ffffffff04020a0100ffffffff0200f9029500000000160014c9d9cdc3642ca0458ccf3b6082b251ab8aa241730000000000000000266a24aa21a9ede2f61c3f71d1defd3fa999dfa36953755c690689799962b48bebd836974e8cf90120000000000000000000000000000000000000000000000000000000000000000000000000

      at src/core/charms-sdk.ts:16:11

  console.error
    Stderr: No spell found in the transaction

      30 | 				}
      31 | 				if (stderr) {
    > 32 | 					console.error(`Stderr: ${stderr}`);
         | 					        ^
      33 | 				}
      34 | 				console.info(`Executed successfully: ${stdout}`);
      35 | 				resolve(stdout);

      at src/core/charms-sdk.ts:32:14

  console.info
    Executed successfully:

      at src/core/charms-sdk.ts:34:13

  console.log
    !!! 1 {
      spendable: true,
      value: 2500000000,
      txid: 'c0c3b9f95517de3eaaeaae801f8cc58d163b0be71d4949b2949d03424122a990',
      vout: 0
    } undefined

      at src/core/spells.ts:216:12

  console.info
    Executing command: /Users/gadiguy/workspace/charms/target/release/charms tx show-spell --tx 020000000001017e34d0dbb25f8b056f14d975320c508a035861715d2ef3eae0c264ef6aa1d5d00000000000ffffffff02e803000000000000225120d80763edd7017c4ba252db5fa75841dd0f65197f4e96ab960f1bf3f861213f1e94cff79400000000160014d1b42e01053fa5166fe736bf86e6b4940b4456f30341622f44e7978e34fb91ade26dcbd7888e6ff4a165c2787c853b209ac84494dc9cee35601215df72d87e6cfbf8efc71ed574fdd7b9f004e1b9f4d827b2c4ec5fa881fd69010063057370656c6c4d3b0182a36776657273696f6e04627478a2647265667380646f75747381a100a3667469636b657269475241494c2d4e46547163757272656e745f636f7369676e6572737840363630363134646333613831626239663762633039383839373835326230613263343131313231346131306533663764383039653936323463373666356331347163757272656e745f7468726573686f6c6401716170705f7075626c69635f696e70757473a183616e982018b7181c183c189318fb0a18a818ce18a4185f187918470b187318b6187818cb03187d185218a6182418f818e3184f18d4182f18af184018ea18e618e79820187618f618ea1826183c18511835184818c118f118591518a41886187c187118be188318f1183c18eb183018380f18d4183f188f183218d118da1842185ba166616374696f6e666465706c6f798068201d4d344183374c0737f83616d57a6b39a9740db6c9bba23f3c41658d4c339487ac21c11d4d344183374c0737f83616d57a6b39a9740db6c9bba23f3c41658d4c33948700000000

      at src/core/charms-sdk.ts:16:11

  console.info
    Executed successfully: version: 4
    apps:
      $0000: n/b71c3c93fb0aa8cea45f79470b73b678cb037d52a624f8e34fd42faf40eae6e7/76f6ea263c513548c1f15915a4867c71be83f13ceb30380fd43f8f32d1da425b
    public_args:
      $0000:
        action: deploy
    ins: []
    outs:
    - charms:
        $0000:
          ticker: GRAIL-NFT
          current_cosigners: 660614dc3a81bb9f7bc098897852b0a2c4111214a10e3f7d809e9624c76f5c14
          current_threshold: 1

      at src/core/charms-sdk.ts:34:13

  console.log
    !!! 1 {
      spendable: true,
      value: 2499268500,
      txid: 'adeefcdf3a4d51219d97272a0dc70b22f26beec79beef7b02beae0a726c8935c',
      vout: 1
    } undefined

      at src/core/spells.ts:216:12

  console.info
    Executing command: /Users/gadiguy/workspace/charms/target/release/charms tx show-spell --tx 020000000001010000000000000000000000000000000000000000000000000000000000000000ffffffff0402500300ffffffff02902f5009000000001600147ee0b7b0a06b1715257f82da01a3a4daa7a6aa780000000000000000266a24aa21a9ede2f61c3f71d1defd3fa999dfa36953755c690689799962b48bebd836974e8cf90120000000000000000000000000000000000000000000000000000000000000000000000000

      at src/core/charms-sdk.ts:16:11

  console.error
    Stderr: No spell found in the transaction

      30 | 				}
      31 | 				if (stderr) {
    > 32 | 					console.error(`Stderr: ${stderr}`);
         | 					        ^
      33 | 				}
      34 | 				console.info(`Executed successfully: ${stdout}`);
      35 | 				resolve(stdout);

      at src/core/charms-sdk.ts:32:14

  console.info
    Executed successfully:

      at src/core/charms-sdk.ts:34:13

  console.log
    !!! 1 {
      spendable: true,
      value: 156250000,
      txid: '483a27bd2db530d37312c6e248dff5384807ddaa7b2143b6cbcd21a727aeea3f',
      vout: 0
    } undefined

      at src/core/spells.ts:216:12

  console.info
    Executing command: /Users/gadiguy/workspace/charms/target/release/charms tx show-spell --tx 020000000001010000000000000000000000000000000000000000000000000000000000000000ffffffff04025f0400ffffffff02e40b540200000000160014c699b99a00cc336f2cd3615b2361af367128c86a0000000000000000266a24aa21a9ede2f61c3f71d1defd3fa999dfa36953755c690689799962b48bebd836974e8cf90120000000000000000000000000000000000000000000000000000000000000000000000000

      at src/core/charms-sdk.ts:16:11

  console.error
    Stderr: No spell found in the transaction

      30 | 				}
      31 | 				if (stderr) {
    > 32 | 					console.error(`Stderr: ${stderr}`);
         | 					        ^
      33 | 				}
      34 | 				console.info(`Executed successfully: ${stdout}`);
      35 | 				resolve(stdout);

      at src/core/charms-sdk.ts:32:14

  console.info
    Executed successfully:

      at src/core/charms-sdk.ts:34:13

  console.log
    !!! 1 {
      spendable: true,
      value: 39062500,
      txid: '9ef44cfa01a327088b49761c16caeb525e3e47e3269ba0d78df3edf1cbbab3fb',
      vout: 0
    } undefined

      at src/core/spells.ts:216:12

  console.info
    Executing command: /Users/gadiguy/workspace/charms/target/release/charms tx show-spell --tx 020000000001010000000000000000000000000000000000000000000000000000000000000000ffffffff0402df0100ffffffff0240be4025000000001600148dae6f2122b28418b4dcd043140798d3d20390c90000000000000000266a24aa21a9ede2f61c3f71d1defd3fa999dfa36953755c690689799962b48bebd836974e8cf90120000000000000000000000000000000000000000000000000000000000000000000000000

      at src/core/charms-sdk.ts:16:11

  console.error
    Stderr: No spell found in the transaction

      30 | 				}
      31 | 				if (stderr) {
    > 32 | 					console.error(`Stderr: ${stderr}`);
         | 					        ^
      33 | 				}
      34 | 				console.info(`Executed successfully: ${stdout}`);
      35 | 				resolve(stdout);

      at src/core/charms-sdk.ts:32:14

  console.info
    Executed successfully:

      at src/core/charms-sdk.ts:34:13

  console.log
    !!! 1 {
      spendable: true,
      value: 625000000,
      txid: 'e61d5de51c2790f9a908e5194c6160cf0dc05555b871f03a30301b05aee8bde8',
      vout: 0
    } undefined

      at src/core/spells.ts:216:12

  console.info
    Executing command: /Users/gadiguy/workspace/charms/target/release/charms tx show-spell --tx 020000000001010000000000000000000000000000000000000000000000000000000000000000ffffffff04028c0300ffffffff02c817a804000000001600147ee0b7b0a06b1715257f82da01a3a4daa7a6aa780000000000000000266a24aa21a9ede2f61c3f71d1defd3fa999dfa36953755c690689799962b48bebd836974e8cf90120000000000000000000000000000000000000000000000000000000000000000000000000

      at src/core/charms-sdk.ts:16:11

  console.error
    Stderr: No spell found in the transaction

      30 | 				}
      31 | 				if (stderr) {
    > 32 | 					console.error(`Stderr: ${stderr}`);
         | 					        ^
      33 | 				}
      34 | 				console.info(`Executed successfully: ${stdout}`);
      35 | 				resolve(stdout);

      at src/core/charms-sdk.ts:32:14

  console.info
    Executed successfully:

      at src/core/charms-sdk.ts:34:13

  console.log
    !!! 1 {
      spendable: true,
      value: 78125000,
      txid: '8bb5e3d1464651919311a2f952aa5296a3cb9d5eb0dc1b6d94c39f2bc3dc73c0',
      vout: 0
    } undefined

      at src/core/spells.ts:216:12

  console.info
    Executing command: /Users/gadiguy/workspace/charms/target/release/charms tx show-spell --tx 020000000001010000000000000000000000000000000000000000000000000000000000000000ffffffff0402280200ffffffff0240be402500000000160014565dbe4e929f0f3587ef4ff2533f3dd04fce75c70000000000000000266a24aa21a9ede2f61c3f71d1defd3fa999dfa36953755c690689799962b48bebd836974e8cf90120000000000000000000000000000000000000000000000000000000000000000000000000

      at src/core/charms-sdk.ts:16:11

  console.error
    Stderr: No spell found in the transaction

      30 | 				}
      31 | 				if (stderr) {
    > 32 | 					console.error(`Stderr: ${stderr}`);
         | 					        ^
      33 | 				}
      34 | 				console.info(`Executed successfully: ${stdout}`);
      35 | 				resolve(stdout);

      at src/core/charms-sdk.ts:32:14

  console.info
    Executed successfully:

      at src/core/charms-sdk.ts:34:13

  console.log
    !!! 1 {
      spendable: true,
      value: 625000000,
      txid: '466af865a472fbd25ead02719057e58de90c2735e0dc822a831e73142c78b83e',
      vout: 0
    } undefined

      at src/core/spells.ts:216:12

  console.info
    Executing command: /Users/gadiguy/workspace/charms/target/release/charms tx show-spell --tx 020000000001010000000000000000000000000000000000000000000000000000000000000000ffffffff0402d50100ffffffff0240be4025000000001600148dae6f2122b28418b4dcd043140798d3d20390c90000000000000000266a24aa21a9ede2f61c3f71d1defd3fa999dfa36953755c690689799962b48bebd836974e8cf90120000000000000000000000000000000000000000000000000000000000000000000000000

      at src/core/charms-sdk.ts:16:11

  console.error
    Stderr: No spell found in the transaction

      30 | 				}
      31 | 				if (stderr) {
    > 32 | 					console.error(`Stderr: ${stderr}`);
         | 					        ^
      33 | 				}
      34 | 				console.info(`Executed successfully: ${stdout}`);
      35 | 				resolve(stdout);

      at src/core/charms-sdk.ts:32:14

  console.info
    Executed successfully:

      at src/core/charms-sdk.ts:34:13

  console.log
    !!! 1 {
      spendable: true,
      value: 625000000,
      txid: 'd818673b399816f7a2e112a4792a62f836e9628dbfb2f6b613126e30d221c6e6',
      vout: 0
    } undefined

      at src/core/spells.ts:216:12

  console.info
    Executing command: /Users/gadiguy/workspace/charms/target/release/charms tx show-spell --tx 020000000001010000000000000000000000000000000000000000000000000000000000000000ffffffff0402ec0300ffffffff02c817a80400000000160014b3455ce530ba44de213c9a78c2d662785143c5f40000000000000000266a24aa21a9ede2f61c3f71d1defd3fa999dfa36953755c690689799962b48bebd836974e8cf90120000000000000000000000000000000000000000000000000000000000000000000000000

      at src/core/charms-sdk.ts:16:11

  console.error
    Stderr: No spell found in the transaction

      30 | 				}
      31 | 				if (stderr) {
    > 32 | 					console.error(`Stderr: ${stderr}`);
         | 					        ^
      33 | 				}
      34 | 				console.info(`Executed successfully: ${stdout}`);
      35 | 				resolve(stdout);

      at src/core/charms-sdk.ts:32:14

  console.info
    Executed successfully:

      at src/core/charms-sdk.ts:34:13

  console.log
    !!! 1 {
      spendable: true,
      value: 78125000,
      txid: 'b2322f5988892b84b5f31a284cd8102644aa0eddfd8abacfc4fda92f639f9c72',
      vout: 0
    } undefined

      at src/core/spells.ts:216:12

  console.info
    Executing command: /Users/gadiguy/workspace/charms/target/release/charms tx show-spell --tx 020000000001010000000000000000000000000000000000000000000000000000000000000000ffffffff0402c30200ffffffff02205fa01200000000160014be438a2710f608303168dfde261068040a60fb7a0000000000000000266a24aa21a9ede2f61c3f71d1defd3fa999dfa36953755c690689799962b48bebd836974e8cf90120000000000000000000000000000000000000000000000000000000000000000000000000

      at src/core/charms-sdk.ts:16:11

  console.error
    Stderr: No spell found in the transaction

      30 | 				}
      31 | 				if (stderr) {
    > 32 | 					console.error(`Stderr: ${stderr}`);
         | 					        ^
      33 | 				}
      34 | 				console.info(`Executed successfully: ${stdout}`);
      35 | 				resolve(stdout);

      at src/core/charms-sdk.ts:32:14

  console.info
    Executed successfully:

      at src/core/charms-sdk.ts:34:13

  console.log
    !!! 1 {
      spendable: true,
      value: 312500000,
      txid: 'd576b8a483a6399eca13d3217c3132ce4fd43050dbfde91061751117567908ec',
      vout: 0
    } undefined

      at src/core/spells.ts:216:12

  console.info
    Executing command: /Users/gadiguy/workspace/charms/target/release/charms tx show-spell --tx 020000000001010000000000000000000000000000000000000000000000000000000000000000ffffffff0402130100ffffffff0200f9029500000000160014c9d9cdc3642ca0458ccf3b6082b251ab8aa241730000000000000000266a24aa21a9ede2f61c3f71d1defd3fa999dfa36953755c690689799962b48bebd836974e8cf90120000000000000000000000000000000000000000000000000000000000000000000000000

      at src/core/charms-sdk.ts:16:11

  console.error
    Stderr: No spell found in the transaction

      30 | 				}
      31 | 				if (stderr) {
    > 32 | 					console.error(`Stderr: ${stderr}`);
         | 					        ^
      33 | 				}
      34 | 				console.info(`Executed successfully: ${stdout}`);
      35 | 				resolve(stdout);

      at src/core/charms-sdk.ts:32:14

  console.info
    Executed successfully:

      at src/core/charms-sdk.ts:34:13

  console.log
    !!! 1 {
      spendable: true,
      value: 2500000000,
      txid: 'e0512956830b896eab9d5c56c7a647152c2eef8e54741f99048cac8cfbeac818',
      vout: 0
    } undefined

      at src/core/spells.ts:216:12

  console.info
    Executing command: /Users/gadiguy/workspace/charms/target/release/charms tx show-spell --tx 020000000001010000000000000000000000000000000000000000000000000000000000000000ffffffff0402110300ffffffff02902f500900000000160014df2907ba1c43324bcddd8f295bb3d2d09dd62c290000000000000000266a24aa21a9ede2f61c3f71d1defd3fa999dfa36953755c690689799962b48bebd836974e8cf90120000000000000000000000000000000000000000000000000000000000000000000000000

      at src/core/charms-sdk.ts:16:11

  console.error
    Stderr: No spell found in the transaction

      30 | 				}
      31 | 				if (stderr) {
    > 32 | 					console.error(`Stderr: ${stderr}`);
         | 					        ^
      33 | 				}
      34 | 				console.info(`Executed successfully: ${stdout}`);
      35 | 				resolve(stdout);

      at src/core/charms-sdk.ts:32:14

  console.info
    Executed successfully:

      at src/core/charms-sdk.ts:34:13

  console.log
    !!! 1 {
      spendable: true,
      value: 156250000,
      txid: 'dc3d9bb307c29fe5f1d72cade2a0e7c802449bd3df1c4896357eb04a4ad52980',
      vout: 0
    } undefined

      at src/core/spells.ts:216:12

  console.info
    Executing command: /Users/gadiguy/workspace/charms/target/release/charms tx show-spell --tx 020000000001010000000000000000000000000000000000000000000000000000000000000000ffffffff0402770200ffffffff02205fa01200000000160014565dbe4e929f0f3587ef4ff2533f3dd04fce75c70000000000000000266a24aa21a9ede2f61c3f71d1defd3fa999dfa36953755c690689799962b48bebd836974e8cf90120000000000000000000000000000000000000000000000000000000000000000000000000

      at src/core/charms-sdk.ts:16:11

  console.error
    Stderr: No spell found in the transaction

      30 | 				}
      31 | 				if (stderr) {
    > 32 | 					console.error(`Stderr: ${stderr}`);
         | 					        ^
      33 | 				}
      34 | 				console.info(`Executed successfully: ${stdout}`);
      35 | 				resolve(stdout);

      at src/core/charms-sdk.ts:32:14

  console.info
    Executed successfully:

      at src/core/charms-sdk.ts:34:13

  console.log
    !!! 1 {
      spendable: true,
      value: 312500000,
      txid: '229701c41fac3fdff65e01b9d676ccd2a1651e86f83e2d46213b6a9b1be98737',
      vout: 0
    } undefined

      at src/core/spells.ts:216:12

  console.info
    Executing command: /Users/gadiguy/workspace/charms/target/release/charms tx show-spell --tx 020000000001010000000000000000000000000000000000000000000000000000000000000000ffffffff0402c10200ffffffff02205fa01200000000160014be438a2710f608303168dfde261068040a60fb7a0000000000000000266a24aa21a9ede2f61c3f71d1defd3fa999dfa36953755c690689799962b48bebd836974e8cf90120000000000000000000000000000000000000000000000000000000000000000000000000

      at src/core/charms-sdk.ts:16:11

  console.error
    Stderr: No spell found in the transaction

      30 | 				}
      31 | 				if (stderr) {
    > 32 | 					console.error(`Stderr: ${stderr}`);
         | 					        ^
      33 | 				}
      34 | 				console.info(`Executed successfully: ${stdout}`);
      35 | 				resolve(stdout);

      at src/core/charms-sdk.ts:32:14

  console.info
    Executed successfully:

      at src/core/charms-sdk.ts:34:13

  console.log
    !!! 1 {
      spendable: true,
      value: 312500000,
      txid: '62dc2fdb498099fe8b3d93701b25b512e7e106a728532b0cc3fe2b39c5299f4d',
      vout: 0
    } undefined

      at src/core/spells.ts:216:12

  console.info
    Executing command: /Users/gadiguy/workspace/charms/target/release/charms tx show-spell --tx 020000000001010000000000000000000000000000000000000000000000000000000000000000ffffffff0402a90300ffffffff02c817a80400000000160014b3455ce530ba44de213c9a78c2d662785143c5f40000000000000000266a24aa21a9ede2f61c3f71d1defd3fa999dfa36953755c690689799962b48bebd836974e8cf90120000000000000000000000000000000000000000000000000000000000000000000000000

      at src/core/charms-sdk.ts:16:11

  console.error
    Stderr: No spell found in the transaction

      30 | 				}
      31 | 				if (stderr) {
    > 32 | 					console.error(`Stderr: ${stderr}`);
         | 					        ^
      33 | 				}
      34 | 				console.info(`Executed successfully: ${stdout}`);
      35 | 				resolve(stdout);

      at src/core/charms-sdk.ts:32:14

  console.info
    Executed successfully:

      at src/core/charms-sdk.ts:34:13

  console.log
    !!! 1 {
      spendable: true,
      value: 78125000,
      txid: '5d552053dcca0e11940c68a6377dcf2759bf08745cab6c45b19a51889eb2c7d9',
      vout: 0
    } undefined

      at src/core/spells.ts:216:12

  console.info
    Executing command: /Users/gadiguy/workspace/charms/target/release/charms tx show-spell --tx 020000000001010000000000000000000000000000000000000000000000000000000000000000ffffffff0402460400ffffffff02e40b540200000000160014c699b99a00cc336f2cd3615b2361af367128c86a0000000000000000266a24aa21a9ede2f61c3f71d1defd3fa999dfa36953755c690689799962b48bebd836974e8cf90120000000000000000000000000000000000000000000000000000000000000000000000000

      at src/core/charms-sdk.ts:16:11

  console.error
    Stderr: No spell found in the transaction

      30 | 				}
      31 | 				if (stderr) {
    > 32 | 					console.error(`Stderr: ${stderr}`);
         | 					        ^
      33 | 				}
      34 | 				console.info(`Executed successfully: ${stdout}`);
      35 | 				resolve(stdout);

      at src/core/charms-sdk.ts:32:14

  console.info
    Executed successfully:

      at src/core/charms-sdk.ts:34:13

  console.log
    !!! 1 {
      spendable: true,
      value: 39062500,
      txid: '05ab96fb5ee908c206c1ed5a63731ef4fd498101ae3b5756d7d662d753a51707',
      vout: 0
    } undefined

      at src/core/spells.ts:216:12

  console.info
    Executing command: /Users/gadiguy/workspace/charms/target/release/charms tx show-spell --tx 020000000001010000000000000000000000000000000000000000000000000000000000000000ffffffff0402a90000ffffffff0200f9029500000000160014c9d9cdc3642ca0458ccf3b6082b251ab8aa241730000000000000000266a24aa21a9ede2f61c3f71d1defd3fa999dfa36953755c690689799962b48bebd836974e8cf90120000000000000000000000000000000000000000000000000000000000000000000000000

      at src/core/charms-sdk.ts:16:11

  console.error
    Stderr: No spell found in the transaction

      30 | 				}
      31 | 				if (stderr) {
    > 32 | 					console.error(`Stderr: ${stderr}`);
         | 					        ^
      33 | 				}
      34 | 				console.info(`Executed successfully: ${stdout}`);
      35 | 				resolve(stdout);

      at src/core/charms-sdk.ts:32:14

  console.info
    Executed successfully:

      at src/core/charms-sdk.ts:34:13

  console.log
    !!! 1 {
      spendable: true,
      value: 2500000000,
      txid: '30edb1c5e115fe0ef2fffa3c5a0fa41136a092a4f92c7f3ad77cf939806a9a71',
      vout: 0
    } undefined

      at src/core/spells.ts:216:12

  console.info
    Executing command: /Users/gadiguy/workspace/charms/target/release/charms tx show-spell --tx 020000000001010000000000000000000000000000000000000000000000000000000000000000ffffffff0402930100ffffffff02807c814a00000000160014c9d9cdc3642ca0458ccf3b6082b251ab8aa241730000000000000000266a24aa21a9ede2f61c3f71d1defd3fa999dfa36953755c690689799962b48bebd836974e8cf90120000000000000000000000000000000000000000000000000000000000000000000000000

      at src/core/charms-sdk.ts:16:11

  console.error
    Stderr: No spell found in the transaction

      30 | 				}
      31 | 				if (stderr) {
    > 32 | 					console.error(`Stderr: ${stderr}`);
         | 					        ^
      33 | 				}
      34 | 				console.info(`Executed successfully: ${stdout}`);
      35 | 				resolve(stdout);

      at src/core/charms-sdk.ts:32:14

  console.info
    Executed successfully:

      at src/core/charms-sdk.ts:34:13

  console.log
    !!! 1 {
      spendable: true,
      value: 1250000000,
      txid: '0fa1947e831ec15438e919e586018a9333c9d1d014ae1938ec907763ab3f4060',
      vout: 0
    } undefined

      at src/core/spells.ts:216:12

  console.info
    Executing command: /Users/gadiguy/workspace/charms/target/release/charms tx show-spell --tx 020000000001010000000000000000000000000000000000000000000000000000000000000000ffffffff0402d80100ffffffff0240be4025000000001600148dae6f2122b28418b4dcd043140798d3d20390c90000000000000000266a24aa21a9ede2f61c3f71d1defd3fa999dfa36953755c690689799962b48bebd836974e8cf90120000000000000000000000000000000000000000000000000000000000000000000000000

      at src/core/charms-sdk.ts:16:11

  console.error
    Stderr: No spell found in the transaction

      30 | 				}
      31 | 				if (stderr) {
    > 32 | 					console.error(`Stderr: ${stderr}`);
         | 					        ^
      33 | 				}
      34 | 				console.info(`Executed successfully: ${stdout}`);
      35 | 				resolve(stdout);

      at src/core/charms-sdk.ts:32:14

  console.info
    Executed successfully:

      at src/core/charms-sdk.ts:34:13

  console.log
    !!! 1 {
      spendable: true,
      value: 625000000,
      txid: '6a2c634ce7d29f4625b493eab8e35d30fc50c04bc17ac55dfc44e56167f324dd',
      vout: 0
    } undefined

      at src/core/spells.ts:216:12

  console.info
    Executing command: /Users/gadiguy/workspace/charms/target/release/charms tx show-spell --tx 020000000001010000000000000000000000000000000000000000000000000000000000000000ffffffff0402140100ffffffff0200f9029500000000160014c9d9cdc3642ca0458ccf3b6082b251ab8aa241730000000000000000266a24aa21a9ede2f61c3f71d1defd3fa999dfa36953755c690689799962b48bebd836974e8cf90120000000000000000000000000000000000000000000000000000000000000000000000000

      at src/core/charms-sdk.ts:16:11

  console.error
    Stderr: No spell found in the transaction

      30 | 				}
      31 | 				if (stderr) {
    > 32 | 					console.error(`Stderr: ${stderr}`);
         | 					        ^
      33 | 				}
      34 | 				console.info(`Executed successfully: ${stdout}`);
      35 | 				resolve(stdout);

      at src/core/charms-sdk.ts:32:14

  console.info
    Executed successfully:

      at src/core/charms-sdk.ts:34:13

  console.log
    !!! 1 {
      spendable: true,
      value: 2500000000,
      txid: '97c4ffb38805a6b19484808d453556ad0bcb7e352e58f91e47d8a338634528c0',
      vout: 0
    } undefined

      at src/core/spells.ts:216:12

  console.info
    Executing command: /Users/gadiguy/workspace/charms/target/release/charms tx show-spell --tx 020000000001010000000000000000000000000000000000000000000000000000000000000000ffffffff0402d20100ffffffff0240be4025000000001600148dae6f2122b28418b4dcd043140798d3d20390c90000000000000000266a24aa21a9ede2f61c3f71d1defd3fa999dfa36953755c690689799962b48bebd836974e8cf90120000000000000000000000000000000000000000000000000000000000000000000000000

      at src/core/charms-sdk.ts:16:11

  console.error
    Stderr: No spell found in the transaction

      30 | 				}
      31 | 				if (stderr) {
    > 32 | 					console.error(`Stderr: ${stderr}`);
         | 					        ^
      33 | 				}
      34 | 				console.info(`Executed successfully: ${stdout}`);
      35 | 				resolve(stdout);

      at src/core/charms-sdk.ts:32:14

  console.info
    Executed successfully:

      at src/core/charms-sdk.ts:34:13

  console.log
    !!! 1 {
      spendable: true,
      value: 625000000,
      txid: '64630761c40308dd976685fd17091f869bb9c1fd6dcd01d3fb021198efded5db',
      vout: 0
    } undefined

      at src/core/spells.ts:216:12

  console.info
    Executing command: /Users/gadiguy/workspace/charms/target/release/charms tx show-spell --tx 020000000001010000000000000000000000000000000000000000000000000000000000000000ffffffff0402d80000ffffffff0200f9029500000000160014c9d9cdc3642ca0458ccf3b6082b251ab8aa241730000000000000000266a24aa21a9ede2f61c3f71d1defd3fa999dfa36953755c690689799962b48bebd836974e8cf90120000000000000000000000000000000000000000000000000000000000000000000000000

      at src/core/charms-sdk.ts:16:11

  console.error
    Stderr: No spell found in the transaction

      30 | 				}
      31 | 				if (stderr) {
    > 32 | 					console.error(`Stderr: ${stderr}`);
         | 					        ^
      33 | 				}
      34 | 				console.info(`Executed successfully: ${stdout}`);
      35 | 				resolve(stdout);

      at src/core/charms-sdk.ts:32:14

  console.info
    Executed successfully:

      at src/core/charms-sdk.ts:34:13

  console.log
    !!! 1 {
      spendable: true,
      value: 2500000000,
      txid: '83345cd289f1fa6a4ef5c172a4461434baf071e5fb328348042fb41dab89b1a2',
      vout: 0
    } undefined

      at src/core/spells.ts:216:12

  console.info
    Executing command: /Users/gadiguy/workspace/charms/target/release/charms tx show-spell --tx 020000000001010000000000000000000000000000000000000000000000000000000000000000ffffffff0402b50100ffffffff02807c814a000000001600148dae6f2122b28418b4dcd043140798d3d20390c90000000000000000266a24aa21a9ede2f61c3f71d1defd3fa999dfa36953755c690689799962b48bebd836974e8cf90120000000000000000000000000000000000000000000000000000000000000000000000000

      at src/core/charms-sdk.ts:16:11

  console.error
    Stderr: No spell found in the transaction

      30 | 				}
      31 | 				if (stderr) {
    > 32 | 					console.error(`Stderr: ${stderr}`);
         | 					        ^
      33 | 				}
      34 | 				console.info(`Executed successfully: ${stdout}`);
      35 | 				resolve(stdout);

      at src/core/charms-sdk.ts:32:14

  console.info
    Executed successfully:

      at src/core/charms-sdk.ts:34:13

  console.log
    !!! 1 {
      spendable: true,
      value: 1250000000,
      txid: 'cf236be851141d72d3e2d7e590ef6559da4f525050259bad2b49cf4b87e49cda',
      vout: 0
    } undefined

      at src/core/spells.ts:216:12

  console.info
    Executing command: /Users/gadiguy/workspace/charms/target/release/charms tx show-spell --tx 020000000001010000000000000000000000000000000000000000000000000000000000000000ffffffff0402b10200ffffffff02205fa01200000000160014be438a2710f608303168dfde261068040a60fb7a0000000000000000266a24aa21a9ede2f61c3f71d1defd3fa999dfa36953755c690689799962b48bebd836974e8cf90120000000000000000000000000000000000000000000000000000000000000000000000000

      at src/core/charms-sdk.ts:16:11

  console.error
    Stderr: No spell found in the transaction

      30 | 				}
      31 | 				if (stderr) {
    > 32 | 					console.error(`Stderr: ${stderr}`);
         | 					        ^
      33 | 				}
      34 | 				console.info(`Executed successfully: ${stdout}`);
      35 | 				resolve(stdout);

      at src/core/charms-sdk.ts:32:14

  console.info
    Executed successfully:

      at src/core/charms-sdk.ts:34:13

  console.log
    !!! 1 {
      spendable: true,
      value: 312500000,
      txid: 'a57e404c0b4fd7bfcd36e898dd654ab8900c959e934dea0f46aee16259b3cc12',
      vout: 0
    } undefined

      at src/core/spells.ts:216:12

  console.info
    Executing command: /Users/gadiguy/workspace/charms/target/release/charms tx show-spell --tx 020000000001010000000000000000000000000000000000000000000000000000000000000000ffffffff0402c80200ffffffff02205fa01200000000160014be438a2710f608303168dfde261068040a60fb7a0000000000000000266a24aa21a9ede2f61c3f71d1defd3fa999dfa36953755c690689799962b48bebd836974e8cf90120000000000000000000000000000000000000000000000000000000000000000000000000

      at src/core/charms-sdk.ts:16:11

  console.error
    Stderr: No spell found in the transaction

      30 | 				}
      31 | 				if (stderr) {
    > 32 | 					console.error(`Stderr: ${stderr}`);
         | 					        ^
      33 | 				}
      34 | 				console.info(`Executed successfully: ${stdout}`);
      35 | 				resolve(stdout);

      at src/core/charms-sdk.ts:32:14

  console.info
    Executed successfully:

      at src/core/charms-sdk.ts:34:13

  console.log
    !!! 1 {
      spendable: true,
      value: 312500000,
      txid: '886735637d5eac395c32b72f483e11a84d1994291aecb99e75d7a05475b2521b',
      vout: 0
    } undefined

      at src/core/spells.ts:216:12

  console.info
    Executing command: /Users/gadiguy/workspace/charms/target/release/charms tx show-spell --tx 020000000001010000000000000000000000000000000000000000000000000000000000000000ffffffff0402400200ffffffff0240be402500000000160014565dbe4e929f0f3587ef4ff2533f3dd04fce75c70000000000000000266a24aa21a9ede2f61c3f71d1defd3fa999dfa36953755c690689799962b48bebd836974e8cf90120000000000000000000000000000000000000000000000000000000000000000000000000

      at src/core/charms-sdk.ts:16:11

  console.error
    Stderr: No spell found in the transaction

      30 | 				}
      31 | 				if (stderr) {
    > 32 | 					console.error(`Stderr: ${stderr}`);
         | 					        ^
      33 | 				}
      34 | 				console.info(`Executed successfully: ${stdout}`);
      35 | 				resolve(stdout);

      at src/core/charms-sdk.ts:32:14

  console.info
    Executed successfully:

      at src/core/charms-sdk.ts:34:13

  console.log
    !!! 1 {
      spendable: true,
      value: 625000000,
      txid: 'c3e65691ee57ec38393c29ebb97b2db86f2d0e368d6bbe43bf79734116a55750',
      vout: 0
    } undefined

      at src/core/spells.ts:216:12

  console.info
    Executing command: /Users/gadiguy/workspace/charms/target/release/charms tx show-spell --tx 020000000001010000000000000000000000000000000000000000000000000000000000000000ffffffff0402420300ffffffff02902f500900000000160014df2907ba1c43324bcddd8f295bb3d2d09dd62c290000000000000000266a24aa21a9ede2f61c3f71d1defd3fa999dfa36953755c690689799962b48bebd836974e8cf90120000000000000000000000000000000000000000000000000000000000000000000000000

      at src/core/charms-sdk.ts:16:11

  console.error
    Stderr: No spell found in the transaction

      30 | 				}
      31 | 				if (stderr) {
    > 32 | 					console.error(`Stderr: ${stderr}`);
         | 					        ^
      33 | 				}
      34 | 				console.info(`Executed successfully: ${stdout}`);
      35 | 				resolve(stdout);

      at src/core/charms-sdk.ts:32:14

  console.info
    Executed successfully:

      at src/core/charms-sdk.ts:34:13

  console.log
    !!! 1 {
      spendable: true,
      value: 156250000,
      txid: 'e8bfa1a9e40d7fdcaa1caf7349e586ea39d11d0c790d1288aa7352329c16a989',
      vout: 0
    } undefined

      at src/core/spells.ts:216:12

  console.info
    Executing command: /Users/gadiguy/workspace/charms/target/release/charms tx show-spell --tx 020000000001010000000000000000000000000000000000000000000000000000000000000000ffffffff0402380300ffffffff02902f500900000000160014df2907ba1c43324bcddd8f295bb3d2d09dd62c290000000000000000266a24aa21a9ede2f61c3f71d1defd3fa999dfa36953755c690689799962b48bebd836974e8cf90120000000000000000000000000000000000000000000000000000000000000000000000000

      at src/core/charms-sdk.ts:16:11

  console.error
    Stderr: No spell found in the transaction

      30 | 				}
      31 | 				if (stderr) {
    > 32 | 					console.error(`Stderr: ${stderr}`);
         | 					        ^
      33 | 				}
      34 | 				console.info(`Executed successfully: ${stdout}`);
      35 | 				resolve(stdout);

      at src/core/charms-sdk.ts:32:14

  console.info
    Executed successfully:

      at src/core/charms-sdk.ts:34:13

  console.log
    !!! 1 {
      spendable: true,
      value: 156250000,
      txid: 'd9f4b2880dfe30006cecffadecacca6a1cac8e130a1bcbf1b6a76043df95dd26',
      vout: 0
    } undefined

      at src/core/spells.ts:216:12

  console.info
    Executing command: /Users/gadiguy/workspace/charms/target/release/charms tx show-spell --tx 020000000001010000000000000000000000000000000000000000000000000000000000000000ffffffff0402bf0100ffffffff02807c814a000000001600148dae6f2122b28418b4dcd043140798d3d20390c90000000000000000266a24aa21a9ede2f61c3f71d1defd3fa999dfa36953755c690689799962b48bebd836974e8cf90120000000000000000000000000000000000000000000000000000000000000000000000000

      at src/core/charms-sdk.ts:16:11

  console.error
    Stderr: No spell found in the transaction

      30 | 				}
      31 | 				if (stderr) {
    > 32 | 					console.error(`Stderr: ${stderr}`);
         | 					        ^
      33 | 				}
      34 | 				console.info(`Executed successfully: ${stdout}`);
      35 | 				resolve(stdout);

      at src/core/charms-sdk.ts:32:14

  console.info
    Executed successfully:

      at src/core/charms-sdk.ts:34:13

  console.log
    !!! 1 {
      spendable: true,
      value: 1250000000,
      txid: '47cea736454398d54ae30d50626b6b8fe9808f5c351914f9c02c9bc3ab277cc1',
      vout: 0
    } undefined

      at src/core/spells.ts:216:12

  console.info
    Executing command: /Users/gadiguy/workspace/charms/target/release/charms tx show-spell --tx 020000000001010000000000000000000000000000000000000000000000000000000000000000ffffffff0402f80100ffffffff0240be4025000000001600148dae6f2122b28418b4dcd043140798d3d20390c90000000000000000266a24aa21a9ede2f61c3f71d1defd3fa999dfa36953755c690689799962b48bebd836974e8cf90120000000000000000000000000000000000000000000000000000000000000000000000000

      at src/core/charms-sdk.ts:16:11

  console.error
    Stderr: No spell found in the transaction

      30 | 				}
      31 | 				if (stderr) {
    > 32 | 					console.error(`Stderr: ${stderr}`);
         | 					        ^
      33 | 				}
      34 | 				console.info(`Executed successfully: ${stdout}`);
      35 | 				resolve(stdout);

      at src/core/charms-sdk.ts:32:14

  console.info
    Executed successfully:

      at src/core/charms-sdk.ts:34:13

  console.log
    !!! 1 {
      spendable: true,
      value: 625000000,
      txid: '2c61255b6818429af5967baef889f9813e19af308b5d8063a7973c3f76bcf9d5',
      vout: 0
    } undefined

      at src/core/spells.ts:216:12

  console.info
    Executing command: /Users/gadiguy/workspace/charms/target/release/charms tx show-spell --tx 020000000001010000000000000000000000000000000000000000000000000000000000000000ffffffff0402e30100ffffffff0240be4025000000001600148dae6f2122b28418b4dcd043140798d3d20390c90000000000000000266a24aa21a9ede2f61c3f71d1defd3fa999dfa36953755c690689799962b48bebd836974e8cf90120000000000000000000000000000000000000000000000000000000000000000000000000

      at src/core/charms-sdk.ts:16:11

  console.error
    Stderr: No spell found in the transaction

      30 | 				}
      31 | 				if (stderr) {
    > 32 | 					console.error(`Stderr: ${stderr}`);
         | 					        ^
      33 | 				}
      34 | 				console.info(`Executed successfully: ${stdout}`);
      35 | 				resolve(stdout);

      at src/core/charms-sdk.ts:32:14

  console.info
    Executed successfully:

      at src/core/charms-sdk.ts:34:13

  console.log
    !!! 1 {
      spendable: true,
      value: 625000000,
      txid: 'a2c4b34732e43f2289787d64f22599241ef4818174f2d4b5c2718e9c729629d5',
      vout: 0
    } undefined

      at src/core/spells.ts:216:12

  console.info
    Executing command: /Users/gadiguy/workspace/charms/target/release/charms tx show-spell --tx 020000000001010000000000000000000000000000000000000000000000000000000000000000ffffffff0402d80200ffffffff02205fa01200000000160014be438a2710f608303168dfde261068040a60fb7a0000000000000000266a24aa21a9ede2f61c3f71d1defd3fa999dfa36953755c690689799962b48bebd836974e8cf90120000000000000000000000000000000000000000000000000000000000000000000000000

      at src/core/charms-sdk.ts:16:11

  console.error
    Stderr: No spell found in the transaction

      30 | 				}
      31 | 				if (stderr) {
    > 32 | 					console.error(`Stderr: ${stderr}`);
         | 					        ^
      33 | 				}
      34 | 				console.info(`Executed successfully: ${stdout}`);
      35 | 				resolve(stdout);

      at src/core/charms-sdk.ts:32:14

  console.info
    Executed successfully:

      at src/core/charms-sdk.ts:34:13

  console.log
    !!! 1 {
      spendable: true,
      value: 312500000,
      txid: 'e55245ac4a12fd0c15981b732737a254e74ce1437b3d49fc0cfa0c5bc4e560e8',
      vout: 0
    } undefined

      at src/core/spells.ts:216:12

  console.info
    Executing command: /Users/gadiguy/workspace/charms/target/release/charms tx show-spell --tx 02000000000103f34f1f74f34a8f5dc8d5d0000aed5ef6c97ee402a29da982ca8bf8d6b81d16410000000000ffffffff40bb2144fc943c1194f35a3b82b34327020fb9016964c133ddbf84fe4daf44fd0000000000ffffffffe0d7f5e61d8ce69993726a361630b94a7fa5b71f80cdc6e759fb1edeb0dab4e40000000000ffffffff04e803000000000000225120d80763edd7017c4ba252db5fa75841dd0f65197f4e96ab960f1bf3f861213f1e2a2c0a0000000000225120d80763edd7017c4ba252db5fa75841dd0f65197f4e96ab960f1bf3f861213f1ee80300000000000016001483007cbefd81a6ae0f78f152e3444883162fb48360d8f09400000000160014285eab6a93431d4a2260f7b3825afa830634d7d20340aee9cffdebb8c86f3706714bca4181d70ce9e139dedee76334860595eef4822dc88cfd9349f3faff66bf1440423190468894a2f63c99d943d8c5c7dee986b9642420660614dc3a81bb9f7bc098897852b0a2c4111214a10e3f7d809e9624c76f5c14ac519c21c050929b74c1a04954b78b4b6035e97a5e078a5a0f28ec96d547bfee9ace803ac003408788c492ec6821f6f2214f6363785e15411e23dad5421e5a4dbaa0f090ab0a9119a3eda2b44cf7d473e4963dcfc9c236f51ca3b79310f6b9f8999f6bf0eb7c8f2420660614dc3a81bb9f7bc098897852b0a2c4111214a10e3f7d809e9624c76f5c14ac519c41c150929b74c1a04954b78b4b6035e97a5e078a5a0f28ec96d547bfee9ace803ac09ce3d95d59d206fbbbeac0be8c1c804acc2b3930118d9a0a2219151462f59fbe0340ad5d8bfe285a2d36c6af40ce5f5360e45c849e5ff3a1c71487ec1023698ec9fb48f6584c3dd434427e68edd1dc97b1daa6560c08826911c571ec93a4eb824df1fd08020063057370656c6c4dda0182a36776657273696f6e04627478a2647265667380646f75747383a100a3667469636b657269475241494c2d4e46547163757272656e745f636f7369676e6572737840363630363134646333613831626239663762633039383839373835326230613263343131313231346131306533663764383039653936323463373666356331347163757272656e745f7468726573686f6c6401a0a101a166616d6f756e741a000a2c2a716170705f7075626c69635f696e70757473a283616e9820189a1889185d187218ef1839187918f91857187318561898181e1827182a18bd185f18bb183d1859186c18c71882189f189818f30218df00183418fd149820187618f618ea1826183c18511835184818c118f118591518a41886187c187118be188318f1183c18eb183018380f18d4183f188f183218d118da1842185ba166616374696f6e667570646174658361749820189a1889185d187218ef1839187918f91857187318561898181e1827182a18bd185f18bb183d1859186c18c71882189f189818f30218df00183418fd149820187618f618ea1826183c18511835184818c118f118591518a41886187c187118be188318f1183c18eb183018380f18d4183f188f183218d118da1842185ba166616374696f6e646d696e748068202acce78378502ab262976e987d1680148d1dbbe20912584dd42ebcc6b2052352ac21c02acce78378502ab262976e987d1680148d1dbbe20912584dd42ebcc6b205235200000000

      at src/core/charms-sdk.ts:16:11

  console.info
    Executed successfully: version: 4
    apps:
      $0000: n/9a895d72ef3979f9577356981e272abd5fbb3d596cc7829f98f302df0034fd14/76f6ea263c513548c1f15915a4867c71be83f13ceb30380fd43f8f32d1da425b
      $0001: t/9a895d72ef3979f9577356981e272abd5fbb3d596cc7829f98f302df0034fd14/76f6ea263c513548c1f15915a4867c71be83f13ceb30380fd43f8f32d1da425b
    public_args:
      $0000:
        action: update
      $0001:
        action: mint
    ins:
    - utxo_id: 41161db8d6f88bca82a99da202e47ec9f65eed0a00d0d5c85d8f4af3741f4ff3:0
    - utxo_id: fd44af4dfe84bfdd33c1646901b90f022743b3823b5af394113c94fc4421bb40:0
    outs:
    - charms:
        $0000:
          ticker: GRAIL-NFT
          current_cosigners: 660614dc3a81bb9f7bc098897852b0a2c4111214a10e3f7d809e9624c76f5c14
          current_threshold: 1
    - {}
    - charms:
        $0001:
          amount: 666666

      at src/core/charms-sdk.ts:34:13

  console.log
    !!! 1 {
      spendable: true,
      value: 1000,
      txid: '61c3f230d8e4ef674d734f166be8bf36a91f30e21f92a2ff6f5434d4fb8f9a0f',
      vout: 2
    } undefined

      at src/core/spells.ts:216:12

  console.info
    Executing command: /Users/gadiguy/workspace/charms/target/release/charms tx show-spell --tx 02000000000103f34f1f74f34a8f5dc8d5d0000aed5ef6c97ee402a29da982ca8bf8d6b81d16410000000000ffffffff40bb2144fc943c1194f35a3b82b34327020fb9016964c133ddbf84fe4daf44fd0000000000ffffffffe0d7f5e61d8ce69993726a361630b94a7fa5b71f80cdc6e759fb1edeb0dab4e40000000000ffffffff04e803000000000000225120d80763edd7017c4ba252db5fa75841dd0f65197f4e96ab960f1bf3f861213f1e2a2c0a0000000000225120d80763edd7017c4ba252db5fa75841dd0f65197f4e96ab960f1bf3f861213f1ee80300000000000016001483007cbefd81a6ae0f78f152e3444883162fb48360d8f09400000000160014285eab6a93431d4a2260f7b3825afa830634d7d20340aee9cffdebb8c86f3706714bca4181d70ce9e139dedee76334860595eef4822dc88cfd9349f3faff66bf1440423190468894a2f63c99d943d8c5c7dee986b9642420660614dc3a81bb9f7bc098897852b0a2c4111214a10e3f7d809e9624c76f5c14ac519c21c050929b74c1a04954b78b4b6035e97a5e078a5a0f28ec96d547bfee9ace803ac003408788c492ec6821f6f2214f6363785e15411e23dad5421e5a4dbaa0f090ab0a9119a3eda2b44cf7d473e4963dcfc9c236f51ca3b79310f6b9f8999f6bf0eb7c8f2420660614dc3a81bb9f7bc098897852b0a2c4111214a10e3f7d809e9624c76f5c14ac519c41c150929b74c1a04954b78b4b6035e97a5e078a5a0f28ec96d547bfee9ace803ac09ce3d95d59d206fbbbeac0be8c1c804acc2b3930118d9a0a2219151462f59fbe0340ad5d8bfe285a2d36c6af40ce5f5360e45c849e5ff3a1c71487ec1023698ec9fb48f6584c3dd434427e68edd1dc97b1daa6560c08826911c571ec93a4eb824df1fd08020063057370656c6c4dda0182a36776657273696f6e04627478a2647265667380646f75747383a100a3667469636b657269475241494c2d4e46547163757272656e745f636f7369676e6572737840363630363134646333613831626239663762633039383839373835326230613263343131313231346131306533663764383039653936323463373666356331347163757272656e745f7468726573686f6c6401a0a101a166616d6f756e741a000a2c2a716170705f7075626c69635f696e70757473a283616e9820189a1889185d187218ef1839187918f91857187318561898181e1827182a18bd185f18bb183d1859186c18c71882189f189818f30218df00183418fd149820187618f618ea1826183c18511835184818c118f118591518a41886187c187118be188318f1183c18eb183018380f18d4183f188f183218d118da1842185ba166616374696f6e667570646174658361749820189a1889185d187218ef1839187918f91857187318561898181e1827182a18bd185f18bb183d1859186c18c71882189f189818f30218df00183418fd149820187618f618ea1826183c18511835184818c118f118591518a41886187c187118be188318f1183c18eb183018380f18d4183f188f183218d118da1842185ba166616374696f6e646d696e748068202acce78378502ab262976e987d1680148d1dbbe20912584dd42ebcc6b2052352ac21c02acce78378502ab262976e987d1680148d1dbbe20912584dd42ebcc6b205235200000000

      at src/core/charms-sdk.ts:16:11

  console.info
    Executed successfully: version: 4
    apps:
      $0000: n/9a895d72ef3979f9577356981e272abd5fbb3d596cc7829f98f302df0034fd14/76f6ea263c513548c1f15915a4867c71be83f13ceb30380fd43f8f32d1da425b
      $0001: t/9a895d72ef3979f9577356981e272abd5fbb3d596cc7829f98f302df0034fd14/76f6ea263c513548c1f15915a4867c71be83f13ceb30380fd43f8f32d1da425b
    public_args:
      $0000:
        action: update
      $0001:
        action: mint
    ins:
    - utxo_id: 41161db8d6f88bca82a99da202e47ec9f65eed0a00d0d5c85d8f4af3741f4ff3:0
    - utxo_id: fd44af4dfe84bfdd33c1646901b90f022743b3823b5af394113c94fc4421bb40:0
    outs:
    - charms:
        $0000:
          ticker: GRAIL-NFT
          current_cosigners: 660614dc3a81bb9f7bc098897852b0a2c4111214a10e3f7d809e9624c76f5c14
          current_threshold: 1
    - {}
    - charms:
        $0001:
          amount: 666666

      at src/core/charms-sdk.ts:34:13

  console.log
    !!! 1 {
      spendable: true,
      value: 2498812000,
      txid: '61c3f230d8e4ef674d734f166be8bf36a91f30e21f92a2ff6f5434d4fb8f9a0f',
      vout: 3
    } undefined

      at src/core/spells.ts:216:12

  console.info
    Executing command: /Users/gadiguy/workspace/charms/target/release/charms tx show-spell --tx 020000000001010000000000000000000000000000000000000000000000000000000000000000ffffffff0402890300ffffffff02c817a804000000001600147ee0b7b0a06b1715257f82da01a3a4daa7a6aa780000000000000000266a24aa21a9ede2f61c3f71d1defd3fa999dfa36953755c690689799962b48bebd836974e8cf90120000000000000000000000000000000000000000000000000000000000000000000000000

      at src/core/charms-sdk.ts:16:11

  console.error
    Stderr: No spell found in the transaction

      30 | 				}
      31 | 				if (stderr) {
    > 32 | 					console.error(`Stderr: ${stderr}`);
         | 					        ^
      33 | 				}
      34 | 				console.info(`Executed successfully: ${stdout}`);
      35 | 				resolve(stdout);

      at src/core/charms-sdk.ts:32:14

  console.info
    Executed successfully:

      at src/core/charms-sdk.ts:34:13

  console.log
    !!! 1 {
      spendable: true,
      value: 78125000,
      txid: '76ef96c9e42545ef809d2baab84b3f3a0b1d437e7c0c8d22949ad1b365dd010b',
      vout: 0
    } undefined

      at src/core/spells.ts:216:12

  console.info
    Executing command: /Users/gadiguy/workspace/charms/target/release/charms tx show-spell --tx 020000000001010000000000000000000000000000000000000000000000000000000000000000ffffffff04029c0200ffffffff02205fa01200000000160014be438a2710f608303168dfde261068040a60fb7a0000000000000000266a24aa21a9ede2f61c3f71d1defd3fa999dfa36953755c690689799962b48bebd836974e8cf90120000000000000000000000000000000000000000000000000000000000000000000000000

      at src/core/charms-sdk.ts:16:11

  console.error
    Stderr: No spell found in the transaction

      30 | 				}
      31 | 				if (stderr) {
    > 32 | 					console.error(`Stderr: ${stderr}`);
         | 					        ^
      33 | 				}
      34 | 				console.info(`Executed successfully: ${stdout}`);
      35 | 				resolve(stdout);

      at src/core/charms-sdk.ts:32:14

  console.info
    Executed successfully:

      at src/core/charms-sdk.ts:34:13

  console.log
    !!! 1 {
      spendable: true,
      value: 312500000,
      txid: '6ef5ddecc77f188fa49551ad49762831a3353f12ac33182d8effa44c9e075883',
      vout: 0
    } undefined

      at src/core/spells.ts:216:12

  console.info
    Executing command: /Users/gadiguy/workspace/charms/target/release/charms tx show-spell --tx 020000000001010000000000000000000000000000000000000000000000000000000000000000ffffffff0402200400ffffffff02e40b540200000000160014c699b99a00cc336f2cd3615b2361af367128c86a0000000000000000266a24aa21a9ede2f61c3f71d1defd3fa999dfa36953755c690689799962b48bebd836974e8cf90120000000000000000000000000000000000000000000000000000000000000000000000000

      at src/core/charms-sdk.ts:16:11

  console.error
    Stderr: No spell found in the transaction

      30 | 				}
      31 | 				if (stderr) {
    > 32 | 					console.error(`Stderr: ${stderr}`);
         | 					        ^
      33 | 				}
      34 | 				console.info(`Executed successfully: ${stdout}`);
      35 | 				resolve(stdout);

      at src/core/charms-sdk.ts:32:14

  console.info
    Executed successfully:

      at src/core/charms-sdk.ts:34:13

  console.log
    !!! 1 {
      spendable: true,
      value: 39062500,
      txid: 'a59aae2e2c98bdca906639fb66911b25702f569336fa4a7efba5555bb17234d5',
      vout: 0
    } undefined

      at src/core/spells.ts:216:12

  console.info
    Executing command: /Users/gadiguy/workspace/charms/target/release/charms tx show-spell --tx 020000000001010000000000000000000000000000000000000000000000000000000000000000ffffffff0402da0100ffffffff0240be4025000000001600148dae6f2122b28418b4dcd043140798d3d20390c90000000000000000266a24aa21a9ede2f61c3f71d1defd3fa999dfa36953755c690689799962b48bebd836974e8cf90120000000000000000000000000000000000000000000000000000000000000000000000000

      at src/core/charms-sdk.ts:16:11

  console.error
    Stderr: No spell found in the transaction

      30 | 				}
      31 | 				if (stderr) {
    > 32 | 					console.error(`Stderr: ${stderr}`);
         | 					        ^
      33 | 				}
      34 | 				console.info(`Executed successfully: ${stdout}`);
      35 | 				resolve(stdout);

      at src/core/charms-sdk.ts:32:14

  console.info
    Executed successfully:

      at src/core/charms-sdk.ts:34:13

  console.log
    !!! 1 {
      spendable: true,
      value: 625000000,
      txid: '0102e35b5ecf3df316b916d6ced5423b69dffc1845a19c1e9104a56b30b5afce',
      vout: 0
    } undefined

      at src/core/spells.ts:216:12

  console.info
    Executing command: /Users/gadiguy/workspace/charms/target/release/charms tx show-spell --tx 020000000001010000000000000000000000000000000000000000000000000000000000000000ffffffff04021e0300ffffffff02902f500900000000160014df2907ba1c43324bcddd8f295bb3d2d09dd62c290000000000000000266a24aa21a9ede2f61c3f71d1defd3fa999dfa36953755c690689799962b48bebd836974e8cf90120000000000000000000000000000000000000000000000000000000000000000000000000

      at src/core/charms-sdk.ts:16:11

  console.error
    Stderr: No spell found in the transaction

      30 | 				}
      31 | 				if (stderr) {
    > 32 | 					console.error(`Stderr: ${stderr}`);
         | 					        ^
      33 | 				}
      34 | 				console.info(`Executed successfully: ${stdout}`);
      35 | 				resolve(stdout);

      at src/core/charms-sdk.ts:32:14

  console.info
    Executed successfully:

      at src/core/charms-sdk.ts:34:13

  console.log
    !!! 1 {
      spendable: true,
      value: 156250000,
      txid: 'eccb5cc8abb2069470c01b03e905ca694e58ad8c41071ae8224509a1a47c84dd',
      vout: 0
    } undefined

      at src/core/spells.ts:216:12

  console.info
    Executing command: /Users/gadiguy/workspace/charms/target/release/charms tx show-spell --tx 020000000001010000000000000000000000000000000000000000000000000000000000000000ffffffff0402e20200ffffffff02205fa01200000000160014df2907ba1c43324bcddd8f295bb3d2d09dd62c290000000000000000266a24aa21a9ede2f61c3f71d1defd3fa999dfa36953755c690689799962b48bebd836974e8cf90120000000000000000000000000000000000000000000000000000000000000000000000000

      at src/core/charms-sdk.ts:16:11

  console.error
    Stderr: No spell found in the transaction

      30 | 				}
      31 | 				if (stderr) {
    > 32 | 					console.error(`Stderr: ${stderr}`);
         | 					        ^
      33 | 				}
      34 | 				console.info(`Executed successfully: ${stdout}`);
      35 | 				resolve(stdout);

      at src/core/charms-sdk.ts:32:14

  console.info
    Executed successfully:

      at src/core/charms-sdk.ts:34:13

  console.log
    !!! 1 {
      spendable: true,
      value: 312500000,
      txid: 'e67e97119c3ed5577e7b731f554c9c3dbaaa5c2eefcc60d86bc35b9414aaa4fe',
      vout: 0
    } undefined

      at src/core/spells.ts:216:12

  console.info
    Executing command: /Users/gadiguy/workspace/charms/target/release/charms tx show-spell --tx 020000000001010000000000000000000000000000000000000000000000000000000000000000ffffffff0402c90200ffffffff02205fa01200000000160014be438a2710f608303168dfde261068040a60fb7a0000000000000000266a24aa21a9ede2f61c3f71d1defd3fa999dfa36953755c690689799962b48bebd836974e8cf90120000000000000000000000000000000000000000000000000000000000000000000000000

      at src/core/charms-sdk.ts:16:11

  console.error
    Stderr: No spell found in the transaction

      30 | 				}
      31 | 				if (stderr) {
    > 32 | 					console.error(`Stderr: ${stderr}`);
         | 					        ^
      33 | 				}
      34 | 				console.info(`Executed successfully: ${stdout}`);
      35 | 				resolve(stdout);

      at src/core/charms-sdk.ts:32:14

  console.info
    Executed successfully:

      at src/core/charms-sdk.ts:34:13

  console.log
    !!! 1 {
      spendable: true,
      value: 312500000,
      txid: 'c8988d1465bd0e9e00a8891071727f582a0be571e4e7206dcb3138402416de02',
      vout: 0
    } undefined

      at src/core/spells.ts:216:12

  console.info
    Executing command: /Users/gadiguy/workspace/charms/target/release/charms tx show-spell --tx 020000000001010000000000000000000000000000000000000000000000000000000000000000ffffffff0402040400ffffffff02c817a80400000000160014b3455ce530ba44de213c9a78c2d662785143c5f40000000000000000266a24aa21a9ede2f61c3f71d1defd3fa999dfa36953755c690689799962b48bebd836974e8cf90120000000000000000000000000000000000000000000000000000000000000000000000000

      at src/core/charms-sdk.ts:16:11

  console.error
    Stderr: No spell found in the transaction

      30 | 				}
      31 | 				if (stderr) {
    > 32 | 					console.error(`Stderr: ${stderr}`);
         | 					        ^
      33 | 				}
      34 | 				console.info(`Executed successfully: ${stdout}`);
      35 | 				resolve(stdout);

      at src/core/charms-sdk.ts:32:14

  console.info
    Executed successfully:

      at src/core/charms-sdk.ts:34:13

  console.log
    !!! 1 {
      spendable: true,
      value: 78125000,
      txid: '38f6a1a969839fbb25e2dba8d308f635a5dca8e517bdd1fe06b17d9e1886c165',
      vout: 0
    } undefined

      at src/core/spells.ts:216:12

  console.info
    Executing command: /Users/gadiguy/workspace/charms/target/release/charms tx show-spell --tx 020000000001010000000000000000000000000000000000000000000000000000000000000000ffffffff04023f0300ffffffff02902f500900000000160014df2907ba1c43324bcddd8f295bb3d2d09dd62c290000000000000000266a24aa21a9ede2f61c3f71d1defd3fa999dfa36953755c690689799962b48bebd836974e8cf90120000000000000000000000000000000000000000000000000000000000000000000000000

      at src/core/charms-sdk.ts:16:11

  console.error
    Stderr: No spell found in the transaction

      30 | 				}
      31 | 				if (stderr) {
    > 32 | 					console.error(`Stderr: ${stderr}`);
         | 					        ^
      33 | 				}
      34 | 				console.info(`Executed successfully: ${stdout}`);
      35 | 				resolve(stdout);

      at src/core/charms-sdk.ts:32:14

  console.info
    Executed successfully:

      at src/core/charms-sdk.ts:34:13

  console.log
    !!! 1 {
      spendable: true,
      value: 156250000,
      txid: 'cb8b42d77fdb321c672cc42f14eee4d87b1abb32a386e38af53008e8d9e4ba42',
      vout: 0
    } undefined

      at src/core/spells.ts:216:12

  console.info
    Executing command: /Users/gadiguy/workspace/charms/target/release/charms tx show-spell --tx 020000000001010000000000000000000000000000000000000000000000000000000000000000ffffffff0402d00100ffffffff0240be4025000000001600148dae6f2122b28418b4dcd043140798d3d20390c90000000000000000266a24aa21a9ede2f61c3f71d1defd3fa999dfa36953755c690689799962b48bebd836974e8cf90120000000000000000000000000000000000000000000000000000000000000000000000000

      at src/core/charms-sdk.ts:16:11

  console.error
    Stderr: No spell found in the transaction

      30 | 				}
      31 | 				if (stderr) {
    > 32 | 					console.error(`Stderr: ${stderr}`);
         | 					        ^
      33 | 				}
      34 | 				console.info(`Executed successfully: ${stdout}`);
      35 | 				resolve(stdout);

      at src/core/charms-sdk.ts:32:14

  console.info
    Executed successfully:

      at src/core/charms-sdk.ts:34:13

  console.log
    !!! 1 {
      spendable: true,
      value: 625000000,
      txid: 'd45a23e4de8742f4fc03bfd8fc1f9f8f971bf27b0cd0f9c8112e6fd6c77d2ac6',
      vout: 0
    } undefined

      at src/core/spells.ts:216:12

  console.info
    Executing command: /Users/gadiguy/workspace/charms/target/release/charms tx show-spell --tx 020000000001010000000000000000000000000000000000000000000000000000000000000000ffffffff0402170300ffffffff02902f500900000000160014df2907ba1c43324bcddd8f295bb3d2d09dd62c290000000000000000266a24aa21a9ede2f61c3f71d1defd3fa999dfa36953755c690689799962b48bebd836974e8cf90120000000000000000000000000000000000000000000000000000000000000000000000000

      at src/core/charms-sdk.ts:16:11

  console.error
    Stderr: No spell found in the transaction

      30 | 				}
      31 | 				if (stderr) {
    > 32 | 					console.error(`Stderr: ${stderr}`);
         | 					        ^
      33 | 				}
      34 | 				console.info(`Executed successfully: ${stdout}`);
      35 | 				resolve(stdout);

      at src/core/charms-sdk.ts:32:14

  console.info
    Executed successfully:

      at src/core/charms-sdk.ts:34:13

  console.log
    !!! 1 {
      spendable: true,
      value: 156250000,
      txid: '68088701404671dcd350a1e493755b25002ef25dca009409ac2e10b6f57e85eb',
      vout: 0
    } undefined

      at src/core/spells.ts:216:12

  console.info
    Executing command: /Users/gadiguy/workspace/charms/target/release/charms tx show-spell --tx 020000000001010000000000000000000000000000000000000000000000000000000000000000ffffffff0402cf0200ffffffff02205fa01200000000160014be438a2710f608303168dfde261068040a60fb7a0000000000000000266a24aa21a9ede2f61c3f71d1defd3fa999dfa36953755c690689799962b48bebd836974e8cf90120000000000000000000000000000000000000000000000000000000000000000000000000

      at src/core/charms-sdk.ts:16:11

  console.error
    Stderr: No spell found in the transaction

      30 | 				}
      31 | 				if (stderr) {
    > 32 | 					console.error(`Stderr: ${stderr}`);
         | 					        ^
      33 | 				}
      34 | 				console.info(`Executed successfully: ${stdout}`);
      35 | 				resolve(stdout);

      at src/core/charms-sdk.ts:32:14

  console.info
    Executed successfully:

      at src/core/charms-sdk.ts:34:13

  console.log
    !!! 1 {
      spendable: true,
      value: 312500000,
      txid: 'c99737b5054317e3d6b377775e4ead18ed1e0dbf421f3b26728519eb13bfc950',
      vout: 0
    } undefined

      at src/core/spells.ts:216:12

  console.info
    Executing command: /Users/gadiguy/workspace/charms/target/release/charms tx show-spell --tx 020000000001010000000000000000000000000000000000000000000000000000000000000000ffffffff0402760200ffffffff02205fa01200000000160014565dbe4e929f0f3587ef4ff2533f3dd04fce75c70000000000000000266a24aa21a9ede2f61c3f71d1defd3fa999dfa36953755c690689799962b48bebd836974e8cf90120000000000000000000000000000000000000000000000000000000000000000000000000

      at src/core/charms-sdk.ts:16:11

  console.error
    Stderr: No spell found in the transaction

      30 | 				}
      31 | 				if (stderr) {
    > 32 | 					console.error(`Stderr: ${stderr}`);
         | 					        ^
      33 | 				}
      34 | 				console.info(`Executed successfully: ${stdout}`);
      35 | 				resolve(stdout);

      at src/core/charms-sdk.ts:32:14

  console.info
    Executed successfully:

      at src/core/charms-sdk.ts:34:13

  console.log
    !!! 1 {
      spendable: true,
      value: 312500000,
      txid: '43468e102290e4af2e717b76d955168314968efc65e61eab46f3098926ab5814',
      vout: 0
    } undefined

      at src/core/spells.ts:216:12

  console.info
    Executing command: /Users/gadiguy/workspace/charms/target/release/charms tx show-spell --tx 020000000001010000000000000000000000000000000000000000000000000000000000000000ffffffff0402420400ffffffff02e40b540200000000160014c699b99a00cc336f2cd3615b2361af367128c86a0000000000000000266a24aa21a9ede2f61c3f71d1defd3fa999dfa36953755c690689799962b48bebd836974e8cf90120000000000000000000000000000000000000000000000000000000000000000000000000

      at src/core/charms-sdk.ts:16:11

  console.error
    Stderr: No spell found in the transaction

      30 | 				}
      31 | 				if (stderr) {
    > 32 | 					console.error(`Stderr: ${stderr}`);
         | 					        ^
      33 | 				}
      34 | 				console.info(`Executed successfully: ${stdout}`);
      35 | 				resolve(stdout);

      at src/core/charms-sdk.ts:32:14

  console.info
    Executed successfully:

      at src/core/charms-sdk.ts:34:13

  console.log
    !!! 1 {
      spendable: true,
      value: 39062500,
      txid: 'b61b9dfc79224b28d68fd212e3c95698e908ca616c241edb2caa9f1b873d75aa',
      vout: 0
    } undefined

      at src/core/spells.ts:216:12

  console.info
    Executing command: /Users/gadiguy/workspace/charms/target/release/charms tx show-spell --tx 020000000001010000000000000000000000000000000000000000000000000000000000000000ffffffff04029c0100ffffffff02f19b814a000000001600148dae6f2122b28418b4dcd043140798d3d20390c90000000000000000266a24aa21a9ed1807af6d67a7eec6992aa4af8c44b06b1ece2ccfed743becf6186101b3746f0e0120000000000000000000000000000000000000000000000000000000000000000000000000

      at src/core/charms-sdk.ts:16:11

  console.error
    Stderr: No spell found in the transaction

      30 | 				}
      31 | 				if (stderr) {
    > 32 | 					console.error(`Stderr: ${stderr}`);
         | 					        ^
      33 | 				}
      34 | 				console.info(`Executed successfully: ${stdout}`);
      35 | 				resolve(stdout);

      at src/core/charms-sdk.ts:32:14

  console.info
    Executed successfully:

      at src/core/charms-sdk.ts:34:13

  console.log
    !!! 1 {
      spendable: true,
      value: 1250008049,
      txid: 'fd534719b5c6f872f98346eaf5317e0ded71871248bfd385881f368b060b846c',
      vout: 0
    } undefined

      at src/core/spells.ts:216:12

  console.info
    Executing command: /Users/gadiguy/workspace/charms/target/release/charms tx show-spell --tx 020000000001010000000000000000000000000000000000000000000000000000000000000000ffffffff0402890000ffffffff0200f2052a01000000160014c9d9cdc3642ca0458ccf3b6082b251ab8aa241730000000000000000266a24aa21a9ede2f61c3f71d1defd3fa999dfa36953755c690689799962b48bebd836974e8cf90120000000000000000000000000000000000000000000000000000000000000000000000000

      at src/core/charms-sdk.ts:16:11

  console.error
    Stderr: No spell found in the transaction

      30 | 				}
      31 | 				if (stderr) {
    > 32 | 					console.error(`Stderr: ${stderr}`);
         | 					        ^
      33 | 				}
      34 | 				console.info(`Executed successfully: ${stdout}`);
      35 | 				resolve(stdout);

      at src/core/charms-sdk.ts:32:14

  console.info
    Executed successfully:

      at src/core/charms-sdk.ts:34:13

  console.log
    !!! 1 {
      spendable: true,
      value: 5000000000,
      txid: '5f61676cbdb5a0e2649a34e096566131e42ed7b54d27f8527dffc71951166683',
      vout: 0
    } undefined

      at src/core/spells.ts:216:12

  console.info
    Executing command: /Users/gadiguy/workspace/charms/target/release/charms tx show-spell --tx 020000000001010000000000000000000000000000000000000000000000000000000000000000ffffffff0402ff0100ffffffff0240be4025000000001600148dae6f2122b28418b4dcd043140798d3d20390c90000000000000000266a24aa21a9ede2f61c3f71d1defd3fa999dfa36953755c690689799962b48bebd836974e8cf90120000000000000000000000000000000000000000000000000000000000000000000000000

      at src/core/charms-sdk.ts:16:11

  console.error
    Stderr: No spell found in the transaction

      30 | 				}
      31 | 				if (stderr) {
    > 32 | 					console.error(`Stderr: ${stderr}`);
         | 					        ^
      33 | 				}
      34 | 				console.info(`Executed successfully: ${stdout}`);
      35 | 				resolve(stdout);

      at src/core/charms-sdk.ts:32:14

  console.info
    Executed successfully:

      at src/core/charms-sdk.ts:34:13

  console.log
    !!! 1 {
      spendable: true,
      value: 625000000,
      txid: '2b19204d41508d7ec359fb03abf2a6e8b64002570f43704cdb7314bd3edc2bbf',
      vout: 0
    } undefined

      at src/core/spells.ts:216:12

  console.info
    Executing command: /Users/gadiguy/workspace/charms/target/release/charms tx show-spell --tx 020000000001010000000000000000000000000000000000000000000000000000000000000000ffffffff0402f50300ffffffff02c817a80400000000160014b3455ce530ba44de213c9a78c2d662785143c5f40000000000000000266a24aa21a9ede2f61c3f71d1defd3fa999dfa36953755c690689799962b48bebd836974e8cf90120000000000000000000000000000000000000000000000000000000000000000000000000

      at src/core/charms-sdk.ts:16:11

  console.error
    Stderr: No spell found in the transaction

      30 | 				}
      31 | 				if (stderr) {
    > 32 | 					console.error(`Stderr: ${stderr}`);
         | 					        ^
      33 | 				}
      34 | 				console.info(`Executed successfully: ${stdout}`);
      35 | 				resolve(stdout);

      at src/core/charms-sdk.ts:32:14

  console.info
    Executed successfully:

      at src/core/charms-sdk.ts:34:13

  console.log
    !!! 1 {
      spendable: true,
      value: 78125000,
      txid: '2c1459956b96ad0676438087ca5c4c3b0d6b0a478375ff0406cb00e8b4514aec',
      vout: 0
    } undefined

      at src/core/spells.ts:216:12

  console.info
    Executing command: /Users/gadiguy/workspace/charms/target/release/charms tx show-spell --tx 020000000001010000000000000000000000000000000000000000000000000000000000000000ffffffff0402040200ffffffff0240be402500000000160014f3ad07f0ff99d66d81d1e8774b83ca45b5069c400000000000000000266a24aa21a9ede2f61c3f71d1defd3fa999dfa36953755c690689799962b48bebd836974e8cf90120000000000000000000000000000000000000000000000000000000000000000000000000

      at src/core/charms-sdk.ts:16:11

  console.error
    Stderr: No spell found in the transaction

      30 | 				}
      31 | 				if (stderr) {
    > 32 | 					console.error(`Stderr: ${stderr}`);
         | 					        ^
      33 | 				}
      34 | 				console.info(`Executed successfully: ${stdout}`);
      35 | 				resolve(stdout);

      at src/core/charms-sdk.ts:32:14

  console.info
    Executed successfully:

      at src/core/charms-sdk.ts:34:13

  console.log
    !!! 1 {
      spendable: true,
      value: 625000000,
      txid: '29f6ff60e921266d9f989cad32322fa4818df1813ed1d5189ac8899484e5345f',
      vout: 0
    } undefined

      at src/core/spells.ts:216:12

  console.info
    Executing command: /Users/gadiguy/workspace/charms/target/release/charms tx show-spell --tx 020000000001010000000000000000000000000000000000000000000000000000000000000000ffffffff0402e60100ffffffff0240be4025000000001600148dae6f2122b28418b4dcd043140798d3d20390c90000000000000000266a24aa21a9ede2f61c3f71d1defd3fa999dfa36953755c690689799962b48bebd836974e8cf90120000000000000000000000000000000000000000000000000000000000000000000000000

      at src/core/charms-sdk.ts:16:11

  console.error
    Stderr: No spell found in the transaction

      30 | 				}
      31 | 				if (stderr) {
    > 32 | 					console.error(`Stderr: ${stderr}`);
         | 					        ^
      33 | 				}
      34 | 				console.info(`Executed successfully: ${stdout}`);
      35 | 				resolve(stdout);

      at src/core/charms-sdk.ts:32:14

  console.info
    Executed successfully:

      at src/core/charms-sdk.ts:34:13

  console.log
    !!! 1 {
      spendable: true,
      value: 625000000,
      txid: '5db55f8041d380acbd205de49d670588fef70bbe321db04ab0333ae895260266',
      vout: 0
    } undefined

      at src/core/spells.ts:216:12

  console.info
    Executing command: /Users/gadiguy/workspace/charms/target/release/charms tx show-spell --tx 020000000001010000000000000000000000000000000000000000000000000000000000000000ffffffff0402f00100ffffffff0240be4025000000001600148dae6f2122b28418b4dcd043140798d3d20390c90000000000000000266a24aa21a9ede2f61c3f71d1defd3fa999dfa36953755c690689799962b48bebd836974e8cf90120000000000000000000000000000000000000000000000000000000000000000000000000

      at src/core/charms-sdk.ts:16:11

  console.error
    Stderr: No spell found in the transaction

      30 | 				}
      31 | 				if (stderr) {
    > 32 | 					console.error(`Stderr: ${stderr}`);
         | 					        ^
      33 | 				}
      34 | 				console.info(`Executed successfully: ${stdout}`);
      35 | 				resolve(stdout);

      at src/core/charms-sdk.ts:32:14

  console.info
    Executed successfully:

      at src/core/charms-sdk.ts:34:13

  console.log
    !!! 1 {
      spendable: true,
      value: 625000000,
      txid: 'eea948d2c7a8d037e3747a3deb106df827dc19a2bb82951861fb883b435505b9',
      vout: 0
    } undefined

      at src/core/spells.ts:216:12

  console.info
    Executing command: /Users/gadiguy/workspace/charms/target/release/charms tx show-spell --tx 020000000001010000000000000000000000000000000000000000000000000000000000000000ffffffff04024a0300ffffffff02902f5009000000001600147ee0b7b0a06b1715257f82da01a3a4daa7a6aa780000000000000000266a24aa21a9ede2f61c3f71d1defd3fa999dfa36953755c690689799962b48bebd836974e8cf90120000000000000000000000000000000000000000000000000000000000000000000000000

      at src/core/charms-sdk.ts:16:11

  console.error
    Stderr: No spell found in the transaction

      30 | 				}
      31 | 				if (stderr) {
    > 32 | 					console.error(`Stderr: ${stderr}`);
         | 					        ^
      33 | 				}
      34 | 				console.info(`Executed successfully: ${stdout}`);
      35 | 				resolve(stdout);

      at src/core/charms-sdk.ts:32:14

  console.info
    Executed successfully:

      at src/core/charms-sdk.ts:34:13

  console.log
    !!! 1 {
      spendable: true,
      value: 156250000,
      txid: '0bafb9774f678982b33b391376e550e650dee143292e4de9e5a1c6f8e0a476d4',
      vout: 0
    } undefined

      at src/core/spells.ts:216:12

  console.info
    Executing command: /Users/gadiguy/workspace/charms/target/release/charms tx show-spell --tx 020000000001010000000000000000000000000000000000000000000000000000000000000000ffffffff0402020300ffffffff02902f500900000000160014df2907ba1c43324bcddd8f295bb3d2d09dd62c290000000000000000266a24aa21a9ede2f61c3f71d1defd3fa999dfa36953755c690689799962b48bebd836974e8cf90120000000000000000000000000000000000000000000000000000000000000000000000000

      at src/core/charms-sdk.ts:16:11

  console.error
    Stderr: No spell found in the transaction

      30 | 				}
      31 | 				if (stderr) {
    > 32 | 					console.error(`Stderr: ${stderr}`);
         | 					        ^
      33 | 				}
      34 | 				console.info(`Executed successfully: ${stdout}`);
      35 | 				resolve(stdout);

      at src/core/charms-sdk.ts:32:14

  console.info
    Executed successfully:

      at src/core/charms-sdk.ts:34:13

  console.log
    !!! 1 {
      spendable: true,
      value: 156250000,
      txid: 'f55e705d02377900ec8f3288046559364a8573951e805ce0587d2fa5d7fb16ed',
      vout: 0
    } undefined

      at src/core/spells.ts:216:12

  console.info
    Executing command: /Users/gadiguy/workspace/charms/target/release/charms tx show-spell --tx 020000000001010000000000000000000000000000000000000000000000000000000000000000ffffffff0402800100ffffffff02807c814a00000000160014c9d9cdc3642ca0458ccf3b6082b251ab8aa241730000000000000000266a24aa21a9ede2f61c3f71d1defd3fa999dfa36953755c690689799962b48bebd836974e8cf90120000000000000000000000000000000000000000000000000000000000000000000000000

      at src/core/charms-sdk.ts:16:11

  console.error
    Stderr: No spell found in the transaction

      30 | 				}
      31 | 				if (stderr) {
    > 32 | 					console.error(`Stderr: ${stderr}`);
         | 					        ^
      33 | 				}
      34 | 				console.info(`Executed successfully: ${stdout}`);
      35 | 				resolve(stdout);

      at src/core/charms-sdk.ts:32:14

  console.info
    Executed successfully:

      at src/core/charms-sdk.ts:34:13

  console.log
    !!! 1 {
      spendable: true,
      value: 1250000000,
      txid: '7db184d4a77662691e115a3674e6b3f129c965784aee2ec610692e3f1f9140d5',
      vout: 0
    } undefined

      at src/core/spells.ts:216:12

  console.info
    Executing command: /Users/gadiguy/workspace/charms/target/release/charms tx show-spell --tx 020000000001010000000000000000000000000000000000000000000000000000000000000000ffffffff0402f10100ffffffff0240be4025000000001600148dae6f2122b28418b4dcd043140798d3d20390c90000000000000000266a24aa21a9ede2f61c3f71d1defd3fa999dfa36953755c690689799962b48bebd836974e8cf90120000000000000000000000000000000000000000000000000000000000000000000000000

      at src/core/charms-sdk.ts:16:11

  console.error
    Stderr: No spell found in the transaction

      30 | 				}
      31 | 				if (stderr) {
    > 32 | 					console.error(`Stderr: ${stderr}`);
         | 					        ^
      33 | 				}
      34 | 				console.info(`Executed successfully: ${stdout}`);
      35 | 				resolve(stdout);

      at src/core/charms-sdk.ts:32:14

  console.info
    Executed successfully:

      at src/core/charms-sdk.ts:34:13

  console.log
    !!! 1 {
      spendable: true,
      value: 625000000,
      txid: '7921017114ca5a75da69b0e61a3680dae17ff05deac75c509d143802febfd854',
      vout: 0
    } undefined

      at src/core/spells.ts:216:12

  console.info
    Executing command: /Users/gadiguy/workspace/charms/target/release/charms tx show-spell --tx 020000000001010000000000000000000000000000000000000000000000000000000000000000ffffffff04025e0400ffffffff02e40b540200000000160014c699b99a00cc336f2cd3615b2361af367128c86a0000000000000000266a24aa21a9ede2f61c3f71d1defd3fa999dfa36953755c690689799962b48bebd836974e8cf90120000000000000000000000000000000000000000000000000000000000000000000000000

      at src/core/charms-sdk.ts:16:11

  console.error
    Stderr: No spell found in the transaction

      30 | 				}
      31 | 				if (stderr) {
    > 32 | 					console.error(`Stderr: ${stderr}`);
         | 					        ^
      33 | 				}
      34 | 				console.info(`Executed successfully: ${stdout}`);
      35 | 				resolve(stdout);

      at src/core/charms-sdk.ts:32:14

  console.info
    Executed successfully:

      at src/core/charms-sdk.ts:34:13

  console.log
    !!! 1 {
      spendable: true,
      value: 39062500,
      txid: '1aa0edeed4da77ea53c2b10fa1af9e126eed03b3189e1a6ae8c8e0a54e001590',
      vout: 0
    } undefined

      at src/core/spells.ts:216:12

  console.info
    Executing command: /Users/gadiguy/workspace/charms/target/release/charms tx show-spell --tx 020000000001010000000000000000000000000000000000000000000000000000000000000000ffffffff04027f0200ffffffff02205fa01200000000160014be438a2710f608303168dfde261068040a60fb7a0000000000000000266a24aa21a9ede2f61c3f71d1defd3fa999dfa36953755c690689799962b48bebd836974e8cf90120000000000000000000000000000000000000000000000000000000000000000000000000

      at src/core/charms-sdk.ts:16:11

  console.error
    Stderr: No spell found in the transaction

      30 | 				}
      31 | 				if (stderr) {
    > 32 | 					console.error(`Stderr: ${stderr}`);
         | 					        ^
      33 | 				}
      34 | 				console.info(`Executed successfully: ${stdout}`);
      35 | 				resolve(stdout);

      at src/core/charms-sdk.ts:32:14

  console.info
    Executed successfully:

      at src/core/charms-sdk.ts:34:13

  console.log
    !!! 1 {
      spendable: true,
      value: 312500000,
      txid: 'c9f4b37c02fb2f241ac3d171e7efb6ba5dccce89cc9c683eeb18566ed3c4e670',
      vout: 0
    } undefined

      at src/core/spells.ts:216:12

  console.info
    Executing command: /Users/gadiguy/workspace/charms/target/release/charms tx show-spell --tx 020000000001010000000000000000000000000000000000000000000000000000000000000000ffffffff0402360100ffffffff02807c814a00000000160014c9d9cdc3642ca0458ccf3b6082b251ab8aa241730000000000000000266a24aa21a9ede2f61c3f71d1defd3fa999dfa36953755c690689799962b48bebd836974e8cf90120000000000000000000000000000000000000000000000000000000000000000000000000

      at src/core/charms-sdk.ts:16:11

  console.error
    Stderr: No spell found in the transaction

      30 | 				}
      31 | 				if (stderr) {
    > 32 | 					console.error(`Stderr: ${stderr}`);
         | 					        ^
      33 | 				}
      34 | 				console.info(`Executed successfully: ${stdout}`);
      35 | 				resolve(stdout);

      at src/core/charms-sdk.ts:32:14

  console.info
    Executed successfully:

      at src/core/charms-sdk.ts:34:13

  console.log
    !!! 1 {
      spendable: true,
      value: 1250000000,
      txid: '2e5e05e5ea30f32774f224c046c08367fdd7d38e25af70f259974eb420b42cad',
      vout: 0
    } undefined

      at src/core/spells.ts:216:12

  console.info
    Executing command: /Users/gadiguy/workspace/charms/target/release/charms tx show-spell --tx 020000000001010000000000000000000000000000000000000000000000000000000000000000ffffffff04022b0200ffffffff0240be402500000000160014565dbe4e929f0f3587ef4ff2533f3dd04fce75c70000000000000000266a24aa21a9ede2f61c3f71d1defd3fa999dfa36953755c690689799962b48bebd836974e8cf90120000000000000000000000000000000000000000000000000000000000000000000000000

      at src/core/charms-sdk.ts:16:11

  console.error
    Stderr: No spell found in the transaction

      30 | 				}
      31 | 				if (stderr) {
    > 32 | 					console.error(`Stderr: ${stderr}`);
         | 					        ^
      33 | 				}
      34 | 				console.info(`Executed successfully: ${stdout}`);
      35 | 				resolve(stdout);

      at src/core/charms-sdk.ts:32:14

  console.info
    Executed successfully:

      at src/core/charms-sdk.ts:34:13

  console.log
    !!! 1 {
      spendable: true,
      value: 625000000,
      txid: '4d0bd83be9d95435578f6c68978e7c5b7edffb7b98520e6ded6f66fc5a93d61c',
      vout: 0
    } undefined

      at src/core/spells.ts:216:12

  console.info
    Executing command: /Users/gadiguy/workspace/charms/target/release/charms tx show-spell --tx 020000000001010000000000000000000000000000000000000000000000000000000000000000ffffffff0402d70100ffffffff0240be4025000000001600148dae6f2122b28418b4dcd043140798d3d20390c90000000000000000266a24aa21a9ede2f61c3f71d1defd3fa999dfa36953755c690689799962b48bebd836974e8cf90120000000000000000000000000000000000000000000000000000000000000000000000000

      at src/core/charms-sdk.ts:16:11

  console.error
    Stderr: No spell found in the transaction

      30 | 				}
      31 | 				if (stderr) {
    > 32 | 					console.error(`Stderr: ${stderr}`);
         | 					        ^
      33 | 				}
      34 | 				console.info(`Executed successfully: ${stdout}`);
      35 | 				resolve(stdout);

      at src/core/charms-sdk.ts:32:14

  console.info
    Executed successfully:

      at src/core/charms-sdk.ts:34:13

  console.log
    !!! 1 {
      spendable: true,
      value: 625000000,
      txid: '557f05265795f270c3aba8202f0081aa7af0008f52ba45a14b3853b22d043dac',
      vout: 0
    } undefined

      at src/core/spells.ts:216:12

  console.info
    Executing command: /Users/gadiguy/workspace/charms/target/release/charms tx show-spell --tx 020000000001010000000000000000000000000000000000000000000000000000000000000000ffffffff04021e0100ffffffff0200f9029500000000160014c9d9cdc3642ca0458ccf3b6082b251ab8aa241730000000000000000266a24aa21a9ede2f61c3f71d1defd3fa999dfa36953755c690689799962b48bebd836974e8cf90120000000000000000000000000000000000000000000000000000000000000000000000000

      at src/core/charms-sdk.ts:16:11

  console.error
    Stderr: No spell found in the transaction

      30 | 				}
      31 | 				if (stderr) {
    > 32 | 					console.error(`Stderr: ${stderr}`);
         | 					        ^
      33 | 				}
      34 | 				console.info(`Executed successfully: ${stdout}`);
      35 | 				resolve(stdout);

      at src/core/charms-sdk.ts:32:14

  console.info
    Executed successfully:

      at src/core/charms-sdk.ts:34:13

  console.log
    !!! 1 {
      spendable: true,
      value: 2500000000,
      txid: 'f33e277046bdc869657766db559aacbd0395582b2a863c1dc1dd4e4c477d2c4d',
      vout: 0
    } undefined

      at src/core/spells.ts:216:12

  console.info
    Executing command: /Users/gadiguy/workspace/charms/target/release/charms tx show-spell --tx 020000000001010000000000000000000000000000000000000000000000000000000000000000ffffffff0402f10000ffffffff0200f9029500000000160014c9d9cdc3642ca0458ccf3b6082b251ab8aa241730000000000000000266a24aa21a9ede2f61c3f71d1defd3fa999dfa36953755c690689799962b48bebd836974e8cf90120000000000000000000000000000000000000000000000000000000000000000000000000

      at src/core/charms-sdk.ts:16:11

  console.error
    Stderr: No spell found in the transaction

      30 | 				}
      31 | 				if (stderr) {
    > 32 | 					console.error(`Stderr: ${stderr}`);
         | 					        ^
      33 | 				}
      34 | 				console.info(`Executed successfully: ${stdout}`);
      35 | 				resolve(stdout);

      at src/core/charms-sdk.ts:32:14

  console.info
    Executed successfully:

      at src/core/charms-sdk.ts:34:13

  console.log
    !!! 1 {
      spendable: true,
      value: 2500000000,
      txid: '00a341ddc5638ed958f5574671f73146f7e2a9ba1ad0cdd2f75a63710d6bdeab',
      vout: 0
    } undefined

      at src/core/spells.ts:216:12

  console.info
    Executing command: /Users/gadiguy/workspace/charms/target/release/charms tx show-spell --tx 020000000001010000000000000000000000000000000000000000000000000000000000000000ffffffff0402f50100ffffffff0240be4025000000001600148dae6f2122b28418b4dcd043140798d3d20390c90000000000000000266a24aa21a9ede2f61c3f71d1defd3fa999dfa36953755c690689799962b48bebd836974e8cf90120000000000000000000000000000000000000000000000000000000000000000000000000

      at src/core/charms-sdk.ts:16:11

  console.error
    Stderr: No spell found in the transaction

      30 | 				}
      31 | 				if (stderr) {
    > 32 | 					console.error(`Stderr: ${stderr}`);
         | 					        ^
      33 | 				}
      34 | 				console.info(`Executed successfully: ${stdout}`);
      35 | 				resolve(stdout);

      at src/core/charms-sdk.ts:32:14

  console.info
    Executed successfully:

      at src/core/charms-sdk.ts:34:13

  console.log
    !!! 1 {
      spendable: true,
      value: 625000000,
      txid: '8613ced60ed3dc2ba928eaa5c99c4e6261b48672c678b135ebe99257b8aaadab',
      vout: 0
    } undefined

      at src/core/spells.ts:216:12

  console.info
    Executing command: /Users/gadiguy/workspace/charms/target/release/charms tx show-spell --tx 020000000001010000000000000000000000000000000000000000000000000000000000000000ffffffff0402e70300ffffffff02c817a80400000000160014b3455ce530ba44de213c9a78c2d662785143c5f40000000000000000266a24aa21a9ede2f61c3f71d1defd3fa999dfa36953755c690689799962b48bebd836974e8cf90120000000000000000000000000000000000000000000000000000000000000000000000000

      at src/core/charms-sdk.ts:16:11

  console.error
    Stderr: No spell found in the transaction

      30 | 				}
      31 | 				if (stderr) {
    > 32 | 					console.error(`Stderr: ${stderr}`);
         | 					        ^
      33 | 				}
      34 | 				console.info(`Executed successfully: ${stdout}`);
      35 | 				resolve(stdout);

      at src/core/charms-sdk.ts:32:14

  console.info
    Executed successfully:

      at src/core/charms-sdk.ts:34:13

  console.log
    !!! 1 {
      spendable: true,
      value: 78125000,
      txid: 'c06ab73a58a88fe4862a790559669bf9ccddf42c44357f42c51628229059ff2a',
      vout: 0
    } undefined

      at src/core/spells.ts:216:12

  console.info
    Executing command: /Users/gadiguy/workspace/charms/target/release/charms tx show-spell --tx 020000000001010000000000000000000000000000000000000000000000000000000000000000ffffffff0402360300ffffffff02902f500900000000160014df2907ba1c43324bcddd8f295bb3d2d09dd62c290000000000000000266a24aa21a9ede2f61c3f71d1defd3fa999dfa36953755c690689799962b48bebd836974e8cf90120000000000000000000000000000000000000000000000000000000000000000000000000

      at src/core/charms-sdk.ts:16:11

  console.error
    Stderr: No spell found in the transaction

      30 | 				}
      31 | 				if (stderr) {
    > 32 | 					console.error(`Stderr: ${stderr}`);
         | 					        ^
      33 | 				}
      34 | 				console.info(`Executed successfully: ${stdout}`);
      35 | 				resolve(stdout);

      at src/core/charms-sdk.ts:32:14

  console.info
    Executed successfully:

      at src/core/charms-sdk.ts:34:13

  console.log
    !!! 1 {
      spendable: true,
      value: 156250000,
      txid: '97d723f2d18dea9f848d3f5772c94b7549fe10f2ddd47d20b43c354effa15e85',
      vout: 0
    } undefined

      at src/core/spells.ts:216:12

  console.info
    Executing command: /Users/gadiguy/workspace/charms/target/release/charms tx show-spell --tx 020000000001010000000000000000000000000000000000000000000000000000000000000000ffffffff0402800000ffffffff0200f2052a01000000160014c9d9cdc3642ca0458ccf3b6082b251ab8aa241730000000000000000266a24aa21a9ede2f61c3f71d1defd3fa999dfa36953755c690689799962b48bebd836974e8cf90120000000000000000000000000000000000000000000000000000000000000000000000000

      at src/core/charms-sdk.ts:16:11

  console.error
    Stderr: No spell found in the transaction

      30 | 				}
      31 | 				if (stderr) {
    > 32 | 					console.error(`Stderr: ${stderr}`);
         | 					        ^
      33 | 				}
      34 | 				console.info(`Executed successfully: ${stdout}`);
      35 | 				resolve(stdout);

      at src/core/charms-sdk.ts:32:14

  console.info
    Executed successfully:

      at src/core/charms-sdk.ts:34:13

  console.log
    !!! 1 {
      spendable: true,
      value: 5000000000,
      txid: '48d543d8de1a8fe3335a4060e338607aed3f38651a98ff4616b31e88ba0ebba9',
      vout: 0
    } undefined

      at src/core/spells.ts:216:12

  console.info
    Executing command: /Users/gadiguy/workspace/charms/target/release/charms tx show-spell --tx 020000000001010000000000000000000000000000000000000000000000000000000000000000ffffffff0402b80100ffffffff02807c814a000000001600148dae6f2122b28418b4dcd043140798d3d20390c90000000000000000266a24aa21a9ede2f61c3f71d1defd3fa999dfa36953755c690689799962b48bebd836974e8cf90120000000000000000000000000000000000000000000000000000000000000000000000000

      at src/core/charms-sdk.ts:16:11

  console.error
    Stderr: No spell found in the transaction

      30 | 				}
      31 | 				if (stderr) {
    > 32 | 					console.error(`Stderr: ${stderr}`);
         | 					        ^
      33 | 				}
      34 | 				console.info(`Executed successfully: ${stdout}`);
      35 | 				resolve(stdout);

      at src/core/charms-sdk.ts:32:14

  console.info
    Executed successfully:

      at src/core/charms-sdk.ts:34:13

  console.log
    !!! 1 {
      spendable: true,
      value: 1250000000,
      txid: '45bb53e73fe658a950719ee79d78faaa1c843d546d2c28e34b0bb5220b532702',
      vout: 0
    } undefined

      at src/core/spells.ts:216:12

  console.info
    Executing command: /Users/gadiguy/workspace/charms/target/release/charms tx show-spell --tx 020000000001010000000000000000000000000000000000000000000000000000000000000000ffffffff0402b20200ffffffff02205fa01200000000160014be438a2710f608303168dfde261068040a60fb7a0000000000000000266a24aa21a9ede2f61c3f71d1defd3fa999dfa36953755c690689799962b48bebd836974e8cf90120000000000000000000000000000000000000000000000000000000000000000000000000

      at src/core/charms-sdk.ts:16:11

  console.error
    Stderr: No spell found in the transaction

      30 | 				}
      31 | 				if (stderr) {
    > 32 | 					console.error(`Stderr: ${stderr}`);
         | 					        ^
      33 | 				}
      34 | 				console.info(`Executed successfully: ${stdout}`);
      35 | 				resolve(stdout);

      at src/core/charms-sdk.ts:32:14

  console.info
    Executed successfully:

      at src/core/charms-sdk.ts:34:13

  console.log
    !!! 1 {
      spendable: true,
      value: 312500000,
      txid: '36db0a6bbaba7f160b975dc1e44389d20d3559ca234c29910db1eafb2aeda6f6',
      vout: 0
    } undefined

      at src/core/spells.ts:216:12

  console.info
    Executing command: /Users/gadiguy/workspace/charms/target/release/charms tx show-spell --tx 020000000001010000000000000000000000000000000000000000000000000000000000000000ffffffff0402790200ffffffff02205fa01200000000160014565dbe4e929f0f3587ef4ff2533f3dd04fce75c70000000000000000266a24aa21a9ede2f61c3f71d1defd3fa999dfa36953755c690689799962b48bebd836974e8cf90120000000000000000000000000000000000000000000000000000000000000000000000000

      at src/core/charms-sdk.ts:16:11

  console.error
    Stderr: No spell found in the transaction

      30 | 				}
      31 | 				if (stderr) {
    > 32 | 					console.error(`Stderr: ${stderr}`);
         | 					        ^
      33 | 				}
      34 | 				console.info(`Executed successfully: ${stdout}`);
      35 | 				resolve(stdout);

      at src/core/charms-sdk.ts:32:14

  console.info
    Executed successfully:

      at src/core/charms-sdk.ts:34:13

  console.log
    !!! 1 {
      spendable: true,
      value: 312500000,
      txid: 'dff9f99e3699312dcff023e8b7c621f5be0a8bf6f05d29bafe0a8334f0832a34',
      vout: 0
    } undefined

      at src/core/spells.ts:216:12

  console.info
    Executing command: /Users/gadiguy/workspace/charms/target/release/charms tx show-spell --tx 020000000001010000000000000000000000000000000000000000000000000000000000000000ffffffff0402e30000ffffffff0200f9029500000000160014c9d9cdc3642ca0458ccf3b6082b251ab8aa241730000000000000000266a24aa21a9ede2f61c3f71d1defd3fa999dfa36953755c690689799962b48bebd836974e8cf90120000000000000000000000000000000000000000000000000000000000000000000000000

      at src/core/charms-sdk.ts:16:11

  console.error
    Stderr: No spell found in the transaction

      30 | 				}
      31 | 				if (stderr) {
    > 32 | 					console.error(`Stderr: ${stderr}`);
         | 					        ^
      33 | 				}
      34 | 				console.info(`Executed successfully: ${stdout}`);
      35 | 				resolve(stdout);

      at src/core/charms-sdk.ts:32:14

  console.info
    Executed successfully:

      at src/core/charms-sdk.ts:34:13

  console.log
    !!! 1 {
      spendable: true,
      value: 2500000000,
      txid: '2977e8f1d62bf8b858a1129b2e1ba6cf35f8d2a77833067797ae6b50bc46eca8',
      vout: 0
    } undefined

      at src/core/spells.ts:216:12

  console.info
    Executing command: /Users/gadiguy/workspace/charms/target/release/charms tx show-spell --tx 020000000001010000000000000000000000000000000000000000000000000000000000000000ffffffff04028c0000ffffffff0200f2052a01000000160014c9d9cdc3642ca0458ccf3b6082b251ab8aa241730000000000000000266a24aa21a9ede2f61c3f71d1defd3fa999dfa36953755c690689799962b48bebd836974e8cf90120000000000000000000000000000000000000000000000000000000000000000000000000

      at src/core/charms-sdk.ts:16:11

  console.error
    Stderr: No spell found in the transaction

      30 | 				}
      31 | 				if (stderr) {
    > 32 | 					console.error(`Stderr: ${stderr}`);
         | 					        ^
      33 | 				}
      34 | 				console.info(`Executed successfully: ${stdout}`);
      35 | 				resolve(stdout);

      at src/core/charms-sdk.ts:32:14

  console.info
    Executed successfully:

      at src/core/charms-sdk.ts:34:13

  console.log
    !!! 1 {
      spendable: true,
      value: 5000000000,
      txid: 'da3d9bd40c7505595ff2245cd4bf62c432bf976ba97bc653e9175522004f0bcc',
      vout: 0
    } undefined

      at src/core/spells.ts:216:12

  console.info
    Executing command: /Users/gadiguy/workspace/charms/target/release/charms tx show-spell --tx 020000000001010000000000000000000000000000000000000000000000000000000000000000ffffffff04024c0300ffffffff02902f5009000000001600147ee0b7b0a06b1715257f82da01a3a4daa7a6aa780000000000000000266a24aa21a9ede2f61c3f71d1defd3fa999dfa36953755c690689799962b48bebd836974e8cf90120000000000000000000000000000000000000000000000000000000000000000000000000

      at src/core/charms-sdk.ts:16:11

  console.error
    Stderr: No spell found in the transaction

      30 | 				}
      31 | 				if (stderr) {
    > 32 | 					console.error(`Stderr: ${stderr}`);
         | 					        ^
      33 | 				}
      34 | 				console.info(`Executed successfully: ${stdout}`);
      35 | 				resolve(stdout);

      at src/core/charms-sdk.ts:32:14

  console.info
    Executed successfully:

      at src/core/charms-sdk.ts:34:13

  console.log
    !!! 1 {
      spendable: true,
      value: 156250000,
      txid: '0fd2063944a52f7f420ab1018dec6526dd43f10aa689261d39d7d86a2c7420db',
      vout: 0
    } undefined

      at src/core/spells.ts:216:12

  console.info
    Executing command: /Users/gadiguy/workspace/charms/target/release/charms tx show-spell --tx 020000000001010000000000000000000000000000000000000000000000000000000000000000ffffffff0402ad0100ffffffff02807c814a000000001600148dae6f2122b28418b4dcd043140798d3d20390c90000000000000000266a24aa21a9ede2f61c3f71d1defd3fa999dfa36953755c690689799962b48bebd836974e8cf90120000000000000000000000000000000000000000000000000000000000000000000000000

      at src/core/charms-sdk.ts:16:11

  console.error
    Stderr: No spell found in the transaction

      30 | 				}
      31 | 				if (stderr) {
    > 32 | 					console.error(`Stderr: ${stderr}`);
         | 					        ^
      33 | 				}
      34 | 				console.info(`Executed successfully: ${stdout}`);
      35 | 				resolve(stdout);

      at src/core/charms-sdk.ts:32:14

  console.info
    Executed successfully:

      at src/core/charms-sdk.ts:34:13

  console.log
    !!! 1 {
      spendable: true,
      value: 1250000000,
      txid: '0907f31bdc07aafbce444ae44f643a061b509c5db0a26f94b1787cb747a517a7',
      vout: 0
    } undefined

      at src/core/spells.ts:216:12

  console.info
    Executing command: /Users/gadiguy/workspace/charms/target/release/charms tx show-spell --tx 020000000001010000000000000000000000000000000000000000000000000000000000000000ffffffff0402b90200ffffffff02205fa01200000000160014be438a2710f608303168dfde261068040a60fb7a0000000000000000266a24aa21a9ede2f61c3f71d1defd3fa999dfa36953755c690689799962b48bebd836974e8cf90120000000000000000000000000000000000000000000000000000000000000000000000000

      at src/core/charms-sdk.ts:16:11

  console.error
    Stderr: No spell found in the transaction

      30 | 				}
      31 | 				if (stderr) {
    > 32 | 					console.error(`Stderr: ${stderr}`);
         | 					        ^
      33 | 				}
      34 | 				console.info(`Executed successfully: ${stdout}`);
      35 | 				resolve(stdout);

      at src/core/charms-sdk.ts:32:14

  console.info
    Executed successfully:

      at src/core/charms-sdk.ts:34:13

  console.log
    !!! 1 {
      spendable: true,
      value: 312500000,
      txid: '3dcc54b5796b1a1dc0d77cefee328f302b64f0d06c064458863000c45ea0f9de',
      vout: 0
    } undefined

      at src/core/spells.ts:216:12

  console.info
    Executing command: /Users/gadiguy/workspace/charms/target/release/charms tx show-spell --tx 020000000001010000000000000000000000000000000000000000000000000000000000000000ffffffff04025c0100ffffffff02807c814a00000000160014c9d9cdc3642ca0458ccf3b6082b251ab8aa241730000000000000000266a24aa21a9ede2f61c3f71d1defd3fa999dfa36953755c690689799962b48bebd836974e8cf90120000000000000000000000000000000000000000000000000000000000000000000000000

      at src/core/charms-sdk.ts:16:11

  console.error
    Stderr: No spell found in the transaction

      30 | 				}
      31 | 				if (stderr) {
    > 32 | 					console.error(`Stderr: ${stderr}`);
         | 					        ^
      33 | 				}
      34 | 				console.info(`Executed successfully: ${stdout}`);
      35 | 				resolve(stdout);

      at src/core/charms-sdk.ts:32:14

  console.info
    Executed successfully:

      at src/core/charms-sdk.ts:34:13

  console.log
    !!! 1 {
      spendable: true,
      value: 1250000000,
      txid: '69d96ec4e4e4196bbf6ded6be488b2ddc95c172943e79bf1d11fbde4f832271b',
      vout: 0
    } undefined

      at src/core/spells.ts:216:12

  console.info
    Executing command: /Users/gadiguy/workspace/charms/target/release/charms tx show-spell --tx 020000000001010000000000000000000000000000000000000000000000000000000000000000ffffffff0402ae0000ffffffff0200f9029500000000160014c9d9cdc3642ca0458ccf3b6082b251ab8aa241730000000000000000266a24aa21a9ede2f61c3f71d1defd3fa999dfa36953755c690689799962b48bebd836974e8cf90120000000000000000000000000000000000000000000000000000000000000000000000000

      at src/core/charms-sdk.ts:16:11

  console.error
    Stderr: No spell found in the transaction

      30 | 				}
      31 | 				if (stderr) {
    > 32 | 					console.error(`Stderr: ${stderr}`);
         | 					        ^
      33 | 				}
      34 | 				console.info(`Executed successfully: ${stdout}`);
      35 | 				resolve(stdout);

      at src/core/charms-sdk.ts:32:14

  console.info
    Executed successfully:

      at src/core/charms-sdk.ts:34:13

  console.log
    !!! 1 {
      spendable: true,
      value: 2500000000,
      txid: 'f08f6280e77912c05b2fbb0665351588cadbbcaa121041dfc1ef77f284a4d3a3',
      vout: 0
    } undefined

      at src/core/spells.ts:216:12

  console.info
    Executing command: /Users/gadiguy/workspace/charms/target/release/charms tx show-spell --tx 020000000001010000000000000000000000000000000000000000000000000000000000000000ffffffff0402460100ffffffff02807c814a00000000160014c9d9cdc3642ca0458ccf3b6082b251ab8aa241730000000000000000266a24aa21a9ede2f61c3f71d1defd3fa999dfa36953755c690689799962b48bebd836974e8cf90120000000000000000000000000000000000000000000000000000000000000000000000000

      at src/core/charms-sdk.ts:16:11

  console.error
    Stderr: No spell found in the transaction

      30 | 				}
      31 | 				if (stderr) {
    > 32 | 					console.error(`Stderr: ${stderr}`);
         | 					        ^
      33 | 				}
      34 | 				console.info(`Executed successfully: ${stdout}`);
      35 | 				resolve(stdout);

      at src/core/charms-sdk.ts:32:14

  console.info
    Executed successfully:

      at src/core/charms-sdk.ts:34:13

  console.log
    !!! 1 {
      spendable: true,
      value: 1250000000,
      txid: 'c8bee4d5457615504ed5705e18cbdc27f247d7ef9d3ed98d526d4c867eaa49ba',
      vout: 0
    } undefined

      at src/core/spells.ts:216:12

  console.info
    Executing command: /Users/gadiguy/workspace/charms/target/release/charms tx show-spell --tx 020000000001010000000000000000000000000000000000000000000000000000000000000000ffffffff0402b90300ffffffff02c817a80400000000160014b3455ce530ba44de213c9a78c2d662785143c5f40000000000000000266a24aa21a9ede2f61c3f71d1defd3fa999dfa36953755c690689799962b48bebd836974e8cf90120000000000000000000000000000000000000000000000000000000000000000000000000

      at src/core/charms-sdk.ts:16:11

  console.error
    Stderr: No spell found in the transaction

      30 | 				}
      31 | 				if (stderr) {
    > 32 | 					console.error(`Stderr: ${stderr}`);
         | 					        ^
      33 | 				}
      34 | 				console.info(`Executed successfully: ${stdout}`);
      35 | 				resolve(stdout);

      at src/core/charms-sdk.ts:32:14

  console.info
    Executed successfully:

      at src/core/charms-sdk.ts:34:13

  console.log
    !!! 1 {
      spendable: true,
      value: 78125000,
      txid: '1ec0535e76333c509c7c668f2671810ef2e2b242a8abb6578894b650279e02c3',
      vout: 0
    } undefined

      at src/core/spells.ts:216:12

  console.info
    Executing command: /Users/gadiguy/workspace/charms/target/release/charms tx show-spell --tx 020000000001010000000000000000000000000000000000000000000000000000000000000000ffffffff0402af0000ffffffff0200f9029500000000160014c9d9cdc3642ca0458ccf3b6082b251ab8aa241730000000000000000266a24aa21a9ede2f61c3f71d1defd3fa999dfa36953755c690689799962b48bebd836974e8cf90120000000000000000000000000000000000000000000000000000000000000000000000000

      at src/core/charms-sdk.ts:16:11

  console.error
    Stderr: No spell found in the transaction

      30 | 				}
      31 | 				if (stderr) {
    > 32 | 					console.error(`Stderr: ${stderr}`);
         | 					        ^
      33 | 				}
      34 | 				console.info(`Executed successfully: ${stdout}`);
      35 | 				resolve(stdout);

      at src/core/charms-sdk.ts:32:14

  console.info
    Executed successfully:

      at src/core/charms-sdk.ts:34:13

  console.log
    !!! 1 {
      spendable: true,
      value: 2500000000,
      txid: 'c107dd96d802ba479b5d68d574797d9b34c7893f634dc088dee50fd683580998',
      vout: 0
    } undefined

      at src/core/spells.ts:216:12

  console.info
    Executing command: /Users/gadiguy/workspace/charms/target/release/charms tx show-spell --tx 020000000001010000000000000000000000000000000000000000000000000000000000000000ffffffff0402d90000ffffffff0200f9029500000000160014c9d9cdc3642ca0458ccf3b6082b251ab8aa241730000000000000000266a24aa21a9ede2f61c3f71d1defd3fa999dfa36953755c690689799962b48bebd836974e8cf90120000000000000000000000000000000000000000000000000000000000000000000000000

      at src/core/charms-sdk.ts:16:11

  console.error
    Stderr: No spell found in the transaction

      30 | 				}
      31 | 				if (stderr) {
    > 32 | 					console.error(`Stderr: ${stderr}`);
         | 					        ^
      33 | 				}
      34 | 				console.info(`Executed successfully: ${stdout}`);
      35 | 				resolve(stdout);

      at src/core/charms-sdk.ts:32:14

  console.info
    Executed successfully:

      at src/core/charms-sdk.ts:34:13

  console.log
    !!! 1 {
      spendable: true,
      value: 2500000000,
      txid: 'af23768708649a19aa553b0946302c2681fd098c3d3f7bebc600a248bdffe00e',
      vout: 0
    } undefined

      at src/core/spells.ts:216:12

  console.info
    Executing command: /Users/gadiguy/workspace/charms/target/release/charms tx show-spell --tx 020000000001010000000000000000000000000000000000000000000000000000000000000000ffffffff0402090100ffffffff0200f9029500000000160014c9d9cdc3642ca0458ccf3b6082b251ab8aa241730000000000000000266a24aa21a9ede2f61c3f71d1defd3fa999dfa36953755c690689799962b48bebd836974e8cf90120000000000000000000000000000000000000000000000000000000000000000000000000

      at src/core/charms-sdk.ts:16:11

  console.error
    Stderr: No spell found in the transaction

      30 | 				}
      31 | 				if (stderr) {
    > 32 | 					console.error(`Stderr: ${stderr}`);
         | 					        ^
      33 | 				}
      34 | 				console.info(`Executed successfully: ${stdout}`);
      35 | 				resolve(stdout);

      at src/core/charms-sdk.ts:32:14

  console.info
    Executed successfully:

      at src/core/charms-sdk.ts:34:13

  console.log
    !!! 1 {
      spendable: true,
      value: 2500000000,
      txid: '5a3a12db766f4da69bf7b133169078466afc8811c123df38618df4d2821838a3',
      vout: 0
    } undefined

      at src/core/spells.ts:216:12

  console.info
    Executing command: /Users/gadiguy/workspace/charms/target/release/charms tx show-spell --tx 020000000001010000000000000000000000000000000000000000000000000000000000000000ffffffff0402760300ffffffff02902f5009000000001600147ee0b7b0a06b1715257f82da01a3a4daa7a6aa780000000000000000266a24aa21a9ede2f61c3f71d1defd3fa999dfa36953755c690689799962b48bebd836974e8cf90120000000000000000000000000000000000000000000000000000000000000000000000000

      at src/core/charms-sdk.ts:16:11

  console.error
    Stderr: No spell found in the transaction

      30 | 				}
      31 | 				if (stderr) {
    > 32 | 					console.error(`Stderr: ${stderr}`);
         | 					        ^
      33 | 				}
      34 | 				console.info(`Executed successfully: ${stdout}`);
      35 | 				resolve(stdout);

      at src/core/charms-sdk.ts:32:14

  console.info
    Executed successfully:

      at src/core/charms-sdk.ts:34:13

  console.log
    !!! 1 {
      spendable: true,
      value: 156250000,
      txid: 'a4d0789e60642faf7330b780e7de97b8d195a13152ab7baa4d4c3514fa85e56a',
      vout: 0
    } undefined

      at src/core/spells.ts:216:12

  console.info
    Executing command: /Users/gadiguy/workspace/charms/target/release/charms tx show-spell --tx 020000000001010000000000000000000000000000000000000000000000000000000000000000ffffffff0402400100ffffffff02807c814a00000000160014c9d9cdc3642ca0458ccf3b6082b251ab8aa241730000000000000000266a24aa21a9ede2f61c3f71d1defd3fa999dfa36953755c690689799962b48bebd836974e8cf90120000000000000000000000000000000000000000000000000000000000000000000000000

      at src/core/charms-sdk.ts:16:11

  console.error
    Stderr: No spell found in the transaction

      30 | 				}
      31 | 				if (stderr) {
    > 32 | 					console.error(`Stderr: ${stderr}`);
         | 					        ^
      33 | 				}
      34 | 				console.info(`Executed successfully: ${stdout}`);
      35 | 				resolve(stdout);

      at src/core/charms-sdk.ts:32:14

  console.info
    Executed successfully:

      at src/core/charms-sdk.ts:34:13

  console.log
    !!! 1 {
      spendable: true,
      value: 1250000000,
      txid: 'e9ee904846d4b24d0debd9af3ad95917858059807f31316de9c894c744de02a3',
      vout: 0
    } undefined

      at src/core/spells.ts:216:12

  console.info
    Executing command: /Users/gadiguy/workspace/charms/target/release/charms tx show-spell --tx 020000000001010000000000000000000000000000000000000000000000000000000000000000ffffffff04027a0400ffffffff02e40b540200000000160014a30504ba7dbec4c1c72a44a77648e7866a58cd610000000000000000266a24aa21a9ede2f61c3f71d1defd3fa999dfa36953755c690689799962b48bebd836974e8cf90120000000000000000000000000000000000000000000000000000000000000000000000000

      at src/core/charms-sdk.ts:16:11

  console.error
    Stderr: No spell found in the transaction

      30 | 				}
      31 | 				if (stderr) {
    > 32 | 					console.error(`Stderr: ${stderr}`);
         | 					        ^
      33 | 				}
      34 | 				console.info(`Executed successfully: ${stdout}`);
      35 | 				resolve(stdout);

      at src/core/charms-sdk.ts:32:14

  console.info
    Executed successfully:

      at src/core/charms-sdk.ts:34:13

  console.log
    !!! 1 {
      spendable: true,
      value: 39062500,
      txid: '0517b999361893434b258d4fdac8da415d9b37783ae0ddc87af992a35422ad74',
      vout: 0
    } undefined

      at src/core/spells.ts:216:12

  console.info
    Executing command: /Users/gadiguy/workspace/charms/target/release/charms tx show-spell --tx 020000000001010000000000000000000000000000000000000000000000000000000000000000ffffffff0402830200ffffffff02205fa01200000000160014be438a2710f608303168dfde261068040a60fb7a0000000000000000266a24aa21a9ede2f61c3f71d1defd3fa999dfa36953755c690689799962b48bebd836974e8cf90120000000000000000000000000000000000000000000000000000000000000000000000000

      at src/core/charms-sdk.ts:16:11

  console.error
    Stderr: No spell found in the transaction

      30 | 				}
      31 | 				if (stderr) {
    > 32 | 					console.error(`Stderr: ${stderr}`);
         | 					        ^
      33 | 				}
      34 | 				console.info(`Executed successfully: ${stdout}`);
      35 | 				resolve(stdout);

      at src/core/charms-sdk.ts:32:14

  console.info
    Executed successfully:

      at src/core/charms-sdk.ts:34:13

  console.log
    !!! 1 {
      spendable: true,
      value: 312500000,
      txid: '507c286b9b3c7e4abb982ea825034eb79d1f1a39f30e18506b65e58ed890570c',
      vout: 0
    } undefined

      at src/core/spells.ts:216:12

  console.info
    Executing command: /Users/gadiguy/workspace/charms/target/release/charms tx show-spell --tx 0200000000010171d4f13995b158db50acd3b5aa5beb62cfe1f784ee8ee71e2cce4c733d8dd6090000000000ffffffff02e803000000000000225120037fbfa04399a85204f9b15d1ceff7e1791ce90a3cc7e0d3c768f4feae58440c4af10295000000001600145997416f1299b2203a66acaba6f9463cb5936c08034148c0575d86d35869d814c4fab020dcb60b3b37445eda3d592da5c72bfafc146441b07e0228d024e37f5797e2a599d3cf50bfe21d88b8471ddc52f2f921fa0c1c81fd4f030063057370656c6c4d080282a36776657273696f6e04627478a2647265667380646f75747381a100a27163757272656e745f636f7369676e6572737840623935353532613666613631656135363137316536653236306364626135376432353062343462613132333464633932386131373736393866336630313664617163757272656e745f7468726573686f6c6401716170705f7075626c69635f696e70757473a183616e982018a0187d1829185218d618a118e318b118c418f518901862188318c0181c186a184418211820189d18a1183c18f218ca182618ec18ab181d12187d18fb18e198201826186a185f182f03185918ca185d1859188118d7183d184218991829186d18281893189c181d181818ba18371870185818790a1839188e18ac18b302a166616374696f6e666465706c6f7999010418a41859184c185914185b1318861836183a185f0718ee18550618cf18e40818c415186e18261873186f1118c6184618a8181918d1189918d1185f1866186c18bf182f1837187f186a18f918c8185618ba1899189c18e118b818f2187c18a518f518c418b8181d18b8181b182518c218bb188a18241835187618a4187c184418d218210d182c18991856187f185018210b18ca189405188b18b2184218c218f01889183b18af18461843184d181e1868186608182f186f1896186f1837181d18601853182218381318cd18e1189818a718fc18a1184f18ef0218bf4d1601000b188418b518bb18e7188d1824189a183d18a018cb185c1844189618d6182d18d2141839184a18ea182918a61866187018d318ff18a318f80818bb18c2183c182318ba182e185e1861181e1827186d18f418cd183b18ac182e111818187d189c185e187018d61823187a1848185c171849182418e5185118c41822189e188b18b118c118a418fc18c61852185918a518c918b2184a18eb1894181b1899188f18c518ef187d18f1187518ef18a118351877186a187418bc18a91890186618ef189c18b518b80b181d18a718f218c118b918c3187318ae18580318711894189206186f1844184618bb1858182b18e6183d182518c718db18f818e918e518e70b18871877189e18861852188418e4181a1819186f188a6820f0681435937f9b1a08023e124a0db80c0adb98c19cf5f2cc967fe7651c4ae48bac21c0f0681435937f9b1a08023e124a0db80c0adb98c19cf5f2cc967fe7651c4ae48b00000000

      at src/core/charms-sdk.ts:16:11

  console.info
    Executed successfully: version: 4
    apps:
      $0000: n/a07d2952d6a1e3b1c4f5906283c01c6a4421209da13cf2ca26ecab1d127dfbe1/266a5f2f0359ca5d5981d73d4299296d28939c1d18ba377058790a398eacb302
    public_args:
      $0000:
        action: deploy
    ins: []
    outs:
    - charms:
        $0000:
          current_cosigners: b95552a6fa61ea56171e6e260cdba57d250b44ba1234dc928a177698f3f016da
          current_threshold: 1

      at src/core/charms-sdk.ts:34:13

  console.log
    !!! 1 {
      spendable: true,
      value: 2499998026,
      txid: '0f2aa841763720e362de8dabb51a13b6d7153cd67da86e0645f8924122a1c76c',
      vout: 1
    } undefined

      at src/core/spells.ts:216:12

  console.info
    Executing command: /Users/gadiguy/workspace/charms/target/release/charms tx show-spell --tx 020000000001010000000000000000000000000000000000000000000000000000000000000000ffffffff04025c0400ffffffff02e40b540200000000160014c699b99a00cc336f2cd3615b2361af367128c86a0000000000000000266a24aa21a9ede2f61c3f71d1defd3fa999dfa36953755c690689799962b48bebd836974e8cf90120000000000000000000000000000000000000000000000000000000000000000000000000

      at src/core/charms-sdk.ts:16:11

  console.error
    Stderr: No spell found in the transaction

      30 | 				}
      31 | 				if (stderr) {
    > 32 | 					console.error(`Stderr: ${stderr}`);
         | 					        ^
      33 | 				}
      34 | 				console.info(`Executed successfully: ${stdout}`);
      35 | 				resolve(stdout);

      at src/core/charms-sdk.ts:32:14

  console.info
    Executed successfully:

      at src/core/charms-sdk.ts:34:13

  console.log
    !!! 1 {
      spendable: true,
      value: 39062500,
      txid: '54d589b69889dab6764a13577c3f3744a8d2b004f500fac8d1f04ce3f7bc01ed',
      vout: 0
    } undefined

      at src/core/spells.ts:216:12

  console.info
    Executing command: /Users/gadiguy/workspace/charms/target/release/charms tx show-spell --tx 020000000001010000000000000000000000000000000000000000000000000000000000000000ffffffff0402c80100ffffffff0240be4025000000001600148dae6f2122b28418b4dcd043140798d3d20390c90000000000000000266a24aa21a9ede2f61c3f71d1defd3fa999dfa36953755c690689799962b48bebd836974e8cf90120000000000000000000000000000000000000000000000000000000000000000000000000

      at src/core/charms-sdk.ts:16:11

  console.error
    Stderr: No spell found in the transaction

      30 | 				}
      31 | 				if (stderr) {
    > 32 | 					console.error(`Stderr: ${stderr}`);
         | 					        ^
      33 | 				}
      34 | 				console.info(`Executed successfully: ${stdout}`);
      35 | 				resolve(stdout);

      at src/core/charms-sdk.ts:32:14

  console.info
    Executed successfully:

      at src/core/charms-sdk.ts:34:13

  console.log
    !!! 1 {
      spendable: true,
      value: 625000000,
      txid: '63c5ed069ddd1afe6c581edb99460e377e859db01bbef7e0b56aa1fbc568a1ba',
      vout: 0
    } undefined

      at src/core/spells.ts:216:12

  console.info
    Executing command: /Users/gadiguy/workspace/charms/target/release/charms tx show-spell --tx 020000000001010000000000000000000000000000000000000000000000000000000000000000ffffffff04023a0200ffffffff0240be402500000000160014565dbe4e929f0f3587ef4ff2533f3dd04fce75c70000000000000000266a24aa21a9ede2f61c3f71d1defd3fa999dfa36953755c690689799962b48bebd836974e8cf90120000000000000000000000000000000000000000000000000000000000000000000000000

      at src/core/charms-sdk.ts:16:11

  console.error
    Stderr: No spell found in the transaction

      30 | 				}
      31 | 				if (stderr) {
    > 32 | 					console.error(`Stderr: ${stderr}`);
         | 					        ^
      33 | 				}
      34 | 				console.info(`Executed successfully: ${stdout}`);
      35 | 				resolve(stdout);

      at src/core/charms-sdk.ts:32:14

  console.info
    Executed successfully:

      at src/core/charms-sdk.ts:34:13

  console.log
    !!! 1 {
      spendable: true,
      value: 625000000,
      txid: '83a5bf0682c9cb618ef4988a3a7e8058242d6ad7fa1ddfbf58434a5a8f657e86',
      vout: 0
    } undefined

      at src/core/spells.ts:216:12

  console.info
    Executing command: /Users/gadiguy/workspace/charms/target/release/charms tx show-spell --tx 020000000001010000000000000000000000000000000000000000000000000000000000000000ffffffff0402d60000ffffffff0200f9029500000000160014c9d9cdc3642ca0458ccf3b6082b251ab8aa241730000000000000000266a24aa21a9ede2f61c3f71d1defd3fa999dfa36953755c690689799962b48bebd836974e8cf90120000000000000000000000000000000000000000000000000000000000000000000000000

      at src/core/charms-sdk.ts:16:11

  console.error
    Stderr: No spell found in the transaction

      30 | 				}
      31 | 				if (stderr) {
    > 32 | 					console.error(`Stderr: ${stderr}`);
         | 					        ^
      33 | 				}
      34 | 				console.info(`Executed successfully: ${stdout}`);
      35 | 				resolve(stdout);

      at src/core/charms-sdk.ts:32:14

  console.info
    Executed successfully:

      at src/core/charms-sdk.ts:34:13

  console.log
    !!! 1 {
      spendable: true,
      value: 2500000000,
      txid: '2fd6ba935cad73f0ddef9699955396da03c2876af8cac68b0e07027a9e43319f',
      vout: 0
    } undefined

      at src/core/spells.ts:216:12

  console.info
    Executing command: /Users/gadiguy/workspace/charms/target/release/charms tx show-spell --tx 020000000001010000000000000000000000000000000000000000000000000000000000000000ffffffff0402290200ffffffff0240be402500000000160014565dbe4e929f0f3587ef4ff2533f3dd04fce75c70000000000000000266a24aa21a9ede2f61c3f71d1defd3fa999dfa36953755c690689799962b48bebd836974e8cf90120000000000000000000000000000000000000000000000000000000000000000000000000

      at src/core/charms-sdk.ts:16:11

  console.error
    Stderr: No spell found in the transaction

      30 | 				}
      31 | 				if (stderr) {
    > 32 | 					console.error(`Stderr: ${stderr}`);
         | 					        ^
      33 | 				}
      34 | 				console.info(`Executed successfully: ${stdout}`);
      35 | 				resolve(stdout);

      at src/core/charms-sdk.ts:32:14

  console.info
    Executed successfully:

      at src/core/charms-sdk.ts:34:13

  console.log
    !!! 1 {
      spendable: true,
      value: 625000000,
      txid: '3c17e5c63883e1ed8e45dfbbf494257a8f8bdb245abb7e4747e0d3d498aefc05',
      vout: 0
    } undefined

      at src/core/spells.ts:216:12

  console.info
    Executing command: /Users/gadiguy/workspace/charms/target/release/charms tx show-spell --tx 020000000001010000000000000000000000000000000000000000000000000000000000000000ffffffff0402f70300ffffffff02c817a80400000000160014b3455ce530ba44de213c9a78c2d662785143c5f40000000000000000266a24aa21a9ede2f61c3f71d1defd3fa999dfa36953755c690689799962b48bebd836974e8cf90120000000000000000000000000000000000000000000000000000000000000000000000000

      at src/core/charms-sdk.ts:16:11

  console.error
    Stderr: No spell found in the transaction

      30 | 				}
      31 | 				if (stderr) {
    > 32 | 					console.error(`Stderr: ${stderr}`);
         | 					        ^
      33 | 				}
      34 | 				console.info(`Executed successfully: ${stdout}`);
      35 | 				resolve(stdout);

      at src/core/charms-sdk.ts:32:14

  console.info
    Executed successfully:

      at src/core/charms-sdk.ts:34:13

  console.log
    !!! 1 {
      spendable: true,
      value: 78125000,
      txid: '0dac34eda1a1d25bb2a62ebe0953f5258d64155cf930c296dfd050afdf37be3e',
      vout: 0
    } undefined

      at src/core/spells.ts:216:12

  console.info
    Executing command: /Users/gadiguy/workspace/charms/target/release/charms tx show-spell --tx 020000000001010000000000000000000000000000000000000000000000000000000000000000ffffffff03017f00ffffffff0200f2052a01000000160014c9d9cdc3642ca0458ccf3b6082b251ab8aa241730000000000000000266a24aa21a9ede2f61c3f71d1defd3fa999dfa36953755c690689799962b48bebd836974e8cf90120000000000000000000000000000000000000000000000000000000000000000000000000

      at src/core/charms-sdk.ts:16:11

  console.error
    Stderr: No spell found in the transaction

      30 | 				}
      31 | 				if (stderr) {
    > 32 | 					console.error(`Stderr: ${stderr}`);
         | 					        ^
      33 | 				}
      34 | 				console.info(`Executed successfully: ${stdout}`);
      35 | 				resolve(stdout);

      at src/core/charms-sdk.ts:32:14

  console.info
    Executed successfully:

      at src/core/charms-sdk.ts:34:13

  console.log
    !!! 1 {
      spendable: true,
      value: 5000000000,
      txid: '3c0ac5bad75f5ec3b6a08d3b766dae5820135e510ed4ccf8d1c874a16c59829e',
      vout: 0
    } undefined

      at src/core/spells.ts:216:12

  console.info
    Executing command: /Users/gadiguy/workspace/charms/target/release/charms tx show-spell --tx 02000000000101b5ae8464946fb7c1ef151358983c0afff3ffd46a821af7d4c066d2aeb2c433c50000000000ffffffff02e803000000000000225120d52a4bff1f6935e0e268aaabf53feef19116dbba878c3971b66c34577a3efaa84cf1029500000000160014280b77ef3a62eb2a278c6de886c76d1eb74c229803411879527780fa94ef3c5e9ee0db547bb58231b73d09bc93e016328a035ca0788efe218ad37b4519aa8f1b08637d8bda02dbf441cf2dab026ce4ffb7b6adad181581fd4c030063057370656c6c4d080282a36776657273696f6e04627478a2647265667380646f75747381a100a27163757272656e745f636f7369676e65727378423032393131623864376364663537613165373735383538376466363631373234303762336534353934343030336239386638666265363930643462336364383962317163757272656e745f7468726573686f6c6401716170705f7075626c69635f696e70757473a183616e9820185418bc18be0b1856188b18ed1870187a18f318fb185e0018f5187d1869184818e1189a183e18f5189918bf183518fa18c71863182d187618fb18c203982018a718e418761821186518d11888181e18ed181a183c1831188e182a1831182d186518be18fc182e18f218741418751892151518711875182f1828181ea166616374696f6e666465706c6f7999010418a41859184c185902186e186e1834186b181f18f51874184118e518e2183f183618e718ef18da18db188618cc141854189d18381821187e184418b001183b18c01860183b182a18521875183002189c18d41856186a18a7186118521852188c18ee18d318f3183318df182618f3184f18b418fd186618c608186018dc186018af18a41518f818631718b318ec188c0b1883189b183e1876184f18d5185e187b1886187118eb185418a518e8188818d51886183d182318fd18a41840187918831518ac187118bb18551880188318b818ff1863185018201825182d4d1301184918b2182418f918dc18ab18dd0b1820181e1879081883171833185318a41894182b18a118d918cd187618fe18d618cd186718cc18630b181d18db0c185418ae187d183518fb183718e618e0183b0918cf185318fe18ed184a183818fd0a182518dd18f1182518ba18eb184f18bd183e18e4188e184a18361819183f18b918a818360918cd18d61877188c18fb12188d18fa189a16184318d4182e18381883183518ae183b18a503189718d9187a18bf187018e818e313183e183518a918601827188006182418db0a188918d9182618a718bf18e50418d3185b18ab189d185f1870184b18e2186918d90718d918d8183a188e18b0186c1518f21824186618d3181d187018b418711867189d18d31851181e6820bb2ad6c0d9c0e7fede5bd0016ba204589e0cae055f17b443576e0db1b7d80f86ac21c0bb2ad6c0d9c0e7fede5bd0016ba204589e0cae055f17b443576e0db1b7d80f8600000000

      at src/core/charms-sdk.ts:16:11

  console.info
    Executed successfully: version: 4
    apps:
      $0000: n/54bcbe0b568bed707af3fb5e00f57d6948e19a3ef599bf35fac7632d76fbc203/a7e4762165d1881eed1a3c318e2a312d65befc2ef274147592151571752f281e
    public_args:
      $0000:
        action: deploy
    ins: []
    outs:
    - charms:
        $0000:
          current_cosigners: 02911b8d7cdf57a1e7758587df66172407b3e45944003b98f8fbe690d4b3cd89b1
          current_threshold: 1

      at src/core/charms-sdk.ts:34:13

  console.log
    !!! 1 {
      spendable: true,
      value: 2499998028,
      txid: '2b85d99ee94fcf4c2e8cdbdbf2e24313f4a72dc50b912685a74ceddeb48ae1c8',
      vout: 1
    } undefined

      at src/core/spells.ts:216:12

  console.info
    Executing command: /Users/gadiguy/workspace/charms/target/release/charms tx show-spell --tx 020000000001010000000000000000000000000000000000000000000000000000000000000000ffffffff0402410300ffffffff02902f500900000000160014df2907ba1c43324bcddd8f295bb3d2d09dd62c290000000000000000266a24aa21a9ede2f61c3f71d1defd3fa999dfa36953755c690689799962b48bebd836974e8cf90120000000000000000000000000000000000000000000000000000000000000000000000000

      at src/core/charms-sdk.ts:16:11

  console.error
    Stderr: No spell found in the transaction

      30 | 				}
      31 | 				if (stderr) {
    > 32 | 					console.error(`Stderr: ${stderr}`);
         | 					        ^
      33 | 				}
      34 | 				console.info(`Executed successfully: ${stdout}`);
      35 | 				resolve(stdout);

      at src/core/charms-sdk.ts:32:14

  console.info
    Executed successfully:

      at src/core/charms-sdk.ts:34:13

  console.log
    !!! 1 {
      spendable: true,
      value: 156250000,
      txid: '7c612023ea353553fb69fdccdc6a8a97371120406e9b6e33a53c1941091220e3',
      vout: 0
    } undefined

      at src/core/spells.ts:216:12

  console.info
    Executing command: /Users/gadiguy/workspace/charms/target/release/charms tx show-spell --tx 020000000001010000000000000000000000000000000000000000000000000000000000000000ffffffff0402800200ffffffff02205fa01200000000160014be438a2710f608303168dfde261068040a60fb7a0000000000000000266a24aa21a9ede2f61c3f71d1defd3fa999dfa36953755c690689799962b48bebd836974e8cf90120000000000000000000000000000000000000000000000000000000000000000000000000

      at src/core/charms-sdk.ts:16:11

  console.error
    Stderr: No spell found in the transaction

      30 | 				}
      31 | 				if (stderr) {
    > 32 | 					console.error(`Stderr: ${stderr}`);
         | 					        ^
      33 | 				}
      34 | 				console.info(`Executed successfully: ${stdout}`);
      35 | 				resolve(stdout);

      at src/core/charms-sdk.ts:32:14

  console.info
    Executed successfully:

      at src/core/charms-sdk.ts:34:13

  console.log
    !!! 1 {
      spendable: true,
      value: 312500000,
      txid: 'a2c902106d44c563f3d837c692b90ea8bbdda3cad928e39a629a66cd03cf8f6d',
      vout: 0
    } undefined

      at src/core/spells.ts:216:12

  console.info
    Executing command: /Users/gadiguy/workspace/charms/target/release/charms tx show-spell --tx 020000000001010000000000000000000000000000000000000000000000000000000000000000ffffffff0402540100ffffffff02807c814a00000000160014c9d9cdc3642ca0458ccf3b6082b251ab8aa241730000000000000000266a24aa21a9ede2f61c3f71d1defd3fa999dfa36953755c690689799962b48bebd836974e8cf90120000000000000000000000000000000000000000000000000000000000000000000000000

      at src/core/charms-sdk.ts:16:11

  console.error
    Stderr: No spell found in the transaction

      30 | 				}
      31 | 				if (stderr) {
    > 32 | 					console.error(`Stderr: ${stderr}`);
         | 					        ^
      33 | 				}
      34 | 				console.info(`Executed successfully: ${stdout}`);
      35 | 				resolve(stdout);

      at src/core/charms-sdk.ts:32:14

  console.info
    Executed successfully:

      at src/core/charms-sdk.ts:34:13

  console.log
    !!! 1 {
      spendable: true,
      value: 1250000000,
      txid: '94e85763ab0ec610b175abe033df8ae5ff0cfcd2bea5f20399c4ab25ec65f99e',
      vout: 0
    } undefined

      at src/core/spells.ts:216:12

  console.info
    Executing command: /Users/gadiguy/workspace/charms/target/release/charms tx show-spell --tx 020000000001010000000000000000000000000000000000000000000000000000000000000000ffffffff0402950000ffffffff0200f2052a01000000160014c9d9cdc3642ca0458ccf3b6082b251ab8aa241730000000000000000266a24aa21a9ede2f61c3f71d1defd3fa999dfa36953755c690689799962b48bebd836974e8cf90120000000000000000000000000000000000000000000000000000000000000000000000000

      at src/core/charms-sdk.ts:16:11

  console.error
    Stderr: No spell found in the transaction

      30 | 				}
      31 | 				if (stderr) {
    > 32 | 					console.error(`Stderr: ${stderr}`);
         | 					        ^
      33 | 				}
      34 | 				console.info(`Executed successfully: ${stdout}`);
      35 | 				resolve(stdout);

      at src/core/charms-sdk.ts:32:14

  console.info
    Executed successfully:

      at src/core/charms-sdk.ts:34:13

  console.log
    !!! 1 {
      spendable: true,
      value: 5000000000,
      txid: '1f7a9995d712fcdef2f9309aebd4e50deb031baec8762e3867d7a2eeb4357f23',
      vout: 0
    } undefined

      at src/core/spells.ts:216:12

  console.info
    Executing command: /Users/gadiguy/workspace/charms/target/release/charms tx show-spell --tx 020000000001010000000000000000000000000000000000000000000000000000000000000000ffffffff0402a90100ffffffff02807c814a000000001600148dae6f2122b28418b4dcd043140798d3d20390c90000000000000000266a24aa21a9ede2f61c3f71d1defd3fa999dfa36953755c690689799962b48bebd836974e8cf90120000000000000000000000000000000000000000000000000000000000000000000000000

      at src/core/charms-sdk.ts:16:11

  console.error
    Stderr: No spell found in the transaction

      30 | 				}
      31 | 				if (stderr) {
    > 32 | 					console.error(`Stderr: ${stderr}`);
         | 					        ^
      33 | 				}
      34 | 				console.info(`Executed successfully: ${stdout}`);
      35 | 				resolve(stdout);

      at src/core/charms-sdk.ts:32:14

  console.info
    Executed successfully:

      at src/core/charms-sdk.ts:34:13

  console.log
    !!! 1 {
      spendable: true,
      value: 1250000000,
      txid: '75a1ada116fcb16e908e605dc66c08f3fa6938a566601041a54f8c3bd1841f9e',
      vout: 0
    } undefined

      at src/core/spells.ts:216:12

  console.info
    Executing command: /Users/gadiguy/workspace/charms/target/release/charms tx show-spell --tx 020000000001010000000000000000000000000000000000000000000000000000000000000000ffffffff0402290300ffffffff02902f500900000000160014df2907ba1c43324bcddd8f295bb3d2d09dd62c290000000000000000266a24aa21a9ede2f61c3f71d1defd3fa999dfa36953755c690689799962b48bebd836974e8cf90120000000000000000000000000000000000000000000000000000000000000000000000000

      at src/core/charms-sdk.ts:16:11

  console.error
    Stderr: No spell found in the transaction

      30 | 				}
      31 | 				if (stderr) {
    > 32 | 					console.error(`Stderr: ${stderr}`);
         | 					        ^
      33 | 				}
      34 | 				console.info(`Executed successfully: ${stdout}`);
      35 | 				resolve(stdout);

      at src/core/charms-sdk.ts:32:14

  console.info
    Executed successfully:

      at src/core/charms-sdk.ts:34:13

  console.log
    !!! 1 {
      spendable: true,
      value: 156250000,
      txid: '3e5f40a1a74937a255b6a084c5bf5f3f74fad6eb7e9c7c7c31769f98598a607e',
      vout: 0
    } undefined

      at src/core/spells.ts:216:12

  console.info
    Executing command: /Users/gadiguy/workspace/charms/target/release/charms tx show-spell --tx 020000000001010000000000000000000000000000000000000000000000000000000000000000ffffffff0402c60100ffffffff0240be4025000000001600148dae6f2122b28418b4dcd043140798d3d20390c90000000000000000266a24aa21a9ede2f61c3f71d1defd3fa999dfa36953755c690689799962b48bebd836974e8cf90120000000000000000000000000000000000000000000000000000000000000000000000000

      at src/core/charms-sdk.ts:16:11

  console.error
    Stderr: No spell found in the transaction

      30 | 				}
      31 | 				if (stderr) {
    > 32 | 					console.error(`Stderr: ${stderr}`);
         | 					        ^
      33 | 				}
      34 | 				console.info(`Executed successfully: ${stdout}`);
      35 | 				resolve(stdout);

      at src/core/charms-sdk.ts:32:14

  console.info
    Executed successfully:

      at src/core/charms-sdk.ts:34:13

  console.log
    !!! 1 {
      spendable: true,
      value: 625000000,
      txid: '1c821c9ecf0d0b9eb1b433b7cc52885b58616bf724532232bf9f3657ac13c39c',
      vout: 0
    } undefined

      at src/core/spells.ts:216:12

  console.info
    Executing command: /Users/gadiguy/workspace/charms/target/release/charms tx show-spell --tx 020000000001010000000000000000000000000000000000000000000000000000000000000000ffffffff0402fb0100ffffffff0240be4025000000001600148dae6f2122b28418b4dcd043140798d3d20390c90000000000000000266a24aa21a9ede2f61c3f71d1defd3fa999dfa36953755c690689799962b48bebd836974e8cf90120000000000000000000000000000000000000000000000000000000000000000000000000

      at src/core/charms-sdk.ts:16:11

  console.error
    Stderr: No spell found in the transaction

      30 | 				}
      31 | 				if (stderr) {
    > 32 | 					console.error(`Stderr: ${stderr}`);
         | 					        ^
      33 | 				}
      34 | 				console.info(`Executed successfully: ${stdout}`);
      35 | 				resolve(stdout);

      at src/core/charms-sdk.ts:32:14

  console.info
    Executed successfully:

      at src/core/charms-sdk.ts:34:13

  console.log
    !!! 1 {
      spendable: true,
      value: 625000000,
      txid: '1eacc2e9bad5f793f5da8ad408ed9aa9fe60d8f6a5a8b2275f503df93d751d74',
      vout: 0
    } undefined

      at src/core/spells.ts:216:12

  console.info
    Executing command: /Users/gadiguy/workspace/charms/target/release/charms tx show-spell --tx 020000000001010000000000000000000000000000000000000000000000000000000000000000ffffffff04022d0100ffffffff02807c814a00000000160014c9d9cdc3642ca0458ccf3b6082b251ab8aa241730000000000000000266a24aa21a9ede2f61c3f71d1defd3fa999dfa36953755c690689799962b48bebd836974e8cf90120000000000000000000000000000000000000000000000000000000000000000000000000

      at src/core/charms-sdk.ts:16:11

  console.error
    Stderr: No spell found in the transaction

      30 | 				}
      31 | 				if (stderr) {
    > 32 | 					console.error(`Stderr: ${stderr}`);
         | 					        ^
      33 | 				}
      34 | 				console.info(`Executed successfully: ${stdout}`);
      35 | 				resolve(stdout);

      at src/core/charms-sdk.ts:32:14

  console.info
    Executed successfully:

      at src/core/charms-sdk.ts:34:13

  console.log
    !!! 1 {
      spendable: true,
      value: 1250000000,
      txid: '3840f33df07ca8f3046dc71ad3d30739a300b921fc452b3716a0607c3b1a639c',
      vout: 0
    } undefined

      at src/core/spells.ts:216:12

  console.info
    Executing command: /Users/gadiguy/workspace/charms/target/release/charms tx show-spell --tx 020000000001010000000000000000000000000000000000000000000000000000000000000000ffffffff04024e0200ffffffff0240be402500000000160014565dbe4e929f0f3587ef4ff2533f3dd04fce75c70000000000000000266a24aa21a9ede2f61c3f71d1defd3fa999dfa36953755c690689799962b48bebd836974e8cf90120000000000000000000000000000000000000000000000000000000000000000000000000

      at src/core/charms-sdk.ts:16:11

  console.error
    Stderr: No spell found in the transaction

      30 | 				}
      31 | 				if (stderr) {
    > 32 | 					console.error(`Stderr: ${stderr}`);
         | 					        ^
      33 | 				}
      34 | 				console.info(`Executed successfully: ${stdout}`);
      35 | 				resolve(stdout);

      at src/core/charms-sdk.ts:32:14

  console.info
    Executed successfully:

      at src/core/charms-sdk.ts:34:13

  console.log
    !!! 1 {
      spendable: true,
      value: 625000000,
      txid: 'a93a64b27794ebba93d006067d07379f9fd421d2ac109c337f336357469c247e',
      vout: 0
    } undefined

      at src/core/spells.ts:216:12

  console.info
    Executing command: /Users/gadiguy/workspace/charms/target/release/charms tx show-spell --tx 020000000001010000000000000000000000000000000000000000000000000000000000000000ffffffff0402600100ffffffff02807c814a00000000160014c9d9cdc3642ca0458ccf3b6082b251ab8aa241730000000000000000266a24aa21a9ede2f61c3f71d1defd3fa999dfa36953755c690689799962b48bebd836974e8cf90120000000000000000000000000000000000000000000000000000000000000000000000000

      at src/core/charms-sdk.ts:16:11

  console.error
    Stderr: No spell found in the transaction

      30 | 				}
      31 | 				if (stderr) {
    > 32 | 					console.error(`Stderr: ${stderr}`);
         | 					        ^
      33 | 				}
      34 | 				console.info(`Executed successfully: ${stdout}`);
      35 | 				resolve(stdout);

      at src/core/charms-sdk.ts:32:14

  console.info
    Executed successfully:

      at src/core/charms-sdk.ts:34:13

  console.log
    !!! 1 {
      spendable: true,
      value: 1250000000,
      txid: '7756eeaf198056b60b5b9759f6ec42c996e1ee35c7b9cef1b7243dc84cc5939b',
      vout: 0
    } undefined

      at src/core/spells.ts:216:12

  console.info
    Executing command: /Users/gadiguy/workspace/charms/target/release/charms tx show-spell --tx 020000000001010000000000000000000000000000000000000000000000000000000000000000ffffffff0402c20300ffffffff02c817a80400000000160014b3455ce530ba44de213c9a78c2d662785143c5f40000000000000000266a24aa21a9ede2f61c3f71d1defd3fa999dfa36953755c690689799962b48bebd836974e8cf90120000000000000000000000000000000000000000000000000000000000000000000000000

      at src/core/charms-sdk.ts:16:11

  console.error
    Stderr: No spell found in the transaction

      30 | 				}
      31 | 				if (stderr) {
    > 32 | 					console.error(`Stderr: ${stderr}`);
         | 					        ^
      33 | 				}
      34 | 				console.info(`Executed successfully: ${stdout}`);
      35 | 				resolve(stdout);

      at src/core/charms-sdk.ts:32:14

  console.info
    Executed successfully:

      at src/core/charms-sdk.ts:34:13

  console.log
    !!! 1 {
      spendable: true,
      value: 78125000,
      txid: '534294181c75171696129151dfeb2d331806a8795ce2e0c8ecf6c9529b94a590',
      vout: 0
    } undefined

      at src/core/spells.ts:216:12

  console.info
    Executing command: /Users/gadiguy/workspace/charms/target/release/charms tx show-spell --tx 020000000001010000000000000000000000000000000000000000000000000000000000000000ffffffff0402ef0100ffffffff0240be4025000000001600148dae6f2122b28418b4dcd043140798d3d20390c90000000000000000266a24aa21a9ede2f61c3f71d1defd3fa999dfa36953755c690689799962b48bebd836974e8cf90120000000000000000000000000000000000000000000000000000000000000000000000000

      at src/core/charms-sdk.ts:16:11

  console.error
    Stderr: No spell found in the transaction

      30 | 				}
      31 | 				if (stderr) {
    > 32 | 					console.error(`Stderr: ${stderr}`);
         | 					        ^
      33 | 				}
      34 | 				console.info(`Executed successfully: ${stdout}`);
      35 | 				resolve(stdout);

      at src/core/charms-sdk.ts:32:14

  console.info
    Executed successfully:

      at src/core/charms-sdk.ts:34:13

  console.log
    !!! 1 {
      spendable: true,
      value: 625000000,
      txid: '00c7f9c06b830b9aaa128b35a1496bc8ce8397bcc91f854125a6e6d92a58dd9a',
      vout: 0
    } undefined

      at src/core/spells.ts:216:12

  console.info
    Executing command: /Users/gadiguy/workspace/charms/target/release/charms tx show-spell --tx 020000000001010000000000000000000000000000000000000000000000000000000000000000ffffffff0402510300ffffffff02902f5009000000001600147ee0b7b0a06b1715257f82da01a3a4daa7a6aa780000000000000000266a24aa21a9ede2f61c3f71d1defd3fa999dfa36953755c690689799962b48bebd836974e8cf90120000000000000000000000000000000000000000000000000000000000000000000000000

      at src/core/charms-sdk.ts:16:11

  console.error
    Stderr: No spell found in the transaction

      30 | 				}
      31 | 				if (stderr) {
    > 32 | 					console.error(`Stderr: ${stderr}`);
         | 					        ^
      33 | 				}
      34 | 				console.info(`Executed successfully: ${stdout}`);
      35 | 				resolve(stdout);

      at src/core/charms-sdk.ts:32:14

  console.info
    Executed successfully:

      at src/core/charms-sdk.ts:34:13

  console.log
    !!! 1 {
      spendable: true,
      value: 156250000,
      txid: '4b6077c0c5826cea0dbac805d1ab3c11214ec8fb2aa6f5a0ada11544b25ed2e8',
      vout: 0
    } undefined

      at src/core/spells.ts:216:12

  console.info
    Executing command: /Users/gadiguy/workspace/charms/target/release/charms tx show-spell --tx 020000000001010000000000000000000000000000000000000000000000000000000000000000ffffffff0402990000ffffffff0200f9029500000000160014c9d9cdc3642ca0458ccf3b6082b251ab8aa241730000000000000000266a24aa21a9ede2f61c3f71d1defd3fa999dfa36953755c690689799962b48bebd836974e8cf90120000000000000000000000000000000000000000000000000000000000000000000000000

      at src/core/charms-sdk.ts:16:11

  console.error
    Stderr: No spell found in the transaction

      30 | 				}
      31 | 				if (stderr) {
    > 32 | 					console.error(`Stderr: ${stderr}`);
         | 					        ^
      33 | 				}
      34 | 				console.info(`Executed successfully: ${stdout}`);
      35 | 				resolve(stdout);

      at src/core/charms-sdk.ts:32:14

  console.info
    Executed successfully:

      at src/core/charms-sdk.ts:34:13

  console.log
    !!! 1 {
      spendable: true,
      value: 2500000000,
      txid: '64b885eff6c62c5b63c8b9f3097e126aa438ab5e34c74f070081e59718c5a9ad',
      vout: 0
    } undefined

      at src/core/spells.ts:216:12

  console.info
    Executing command: /Users/gadiguy/workspace/charms/target/release/charms tx show-spell --tx 02000000000101a031067a104d69060781569d2760fc80ec85204df28ac8faa52b736ce9550a810000000000ffffffff02e803000000000000225120037fbfa04399a85204f9b15d1ceff7e1791ce90a3cc7e0d3c768f4feae58440c41f20295000000001600144edf72efae5f28666bffb207e82fa9a727af2d8803418c3b6c7a9c759408266f23467d5dfed092ec371c0cc89154ef4c755c55dcb8b5ee6609055c3398b9b5ec0d8a617f6e500629a699c296c435f29f3f14d212a0fc81fd62010063057370656c6c4d340182a36776657273696f6e04627478a2647265667380646f75747381a100a3667469636b657269475241494c2d4e46547163757272656e745f636f7369676e6572737840623935353532613666613631656135363137316536653236306364626135376432353062343462613132333464633932386131373736393866336630313664617163757272656e745f7468726573686f6c6401716170705f7075626c69635f696e70757473a183616e982018f901182e182b182418fb183c18a118fe18ce18a1187218b718dc185318eb18e118ed18f81846186418ca18d618d71828187518990e05184718be189d982018f418e1091831189618f3181f0f188e18be1856183c1880186018940a18271871181e170218d808184a181c14182c0718f318ab12182da166616374696f6e666465706c6f79806820642159b7bf4b1d6243a3cb0c54cd3e09c187dd0bd5ba99ea06c75e3fd7074e72ac21c0642159b7bf4b1d6243a3cb0c54cd3e09c187dd0bd5ba99ea06c75e3fd7074e7200000000

      at src/core/charms-sdk.ts:16:11

  console.info
    Executed successfully: version: 4
    apps:
      $0000: n/f9012e2b24fb3ca1fecea172b7dc53ebe1edf84664cad6d72875990e0547be9d/f4e1093196f31f0f8ebe563c8060940a27711e1702d8084a1c142c07f3ab122d
    public_args:
      $0000:
        action: deploy
    ins: []
    outs:
    - charms:
        $0000:
          ticker: GRAIL-NFT
          current_cosigners: b95552a6fa61ea56171e6e260cdba57d250b44ba1234dc928a177698f3f016da
          current_threshold: 1

      at src/core/charms-sdk.ts:34:13

  console.log
    !!! 1 {
      spendable: true,
      value: 2499998273,
      txid: '8a1c9c0eeec6860d891d441d64c865d9e1666680a703eee98d8f876721081bc8',
      vout: 1
    } undefined

      at src/core/spells.ts:216:12

  console.info
    Executing command: /Users/gadiguy/workspace/charms/target/release/charms tx show-spell --tx 020000000001010000000000000000000000000000000000000000000000000000000000000000ffffffff04026f0300ffffffff02902f5009000000001600147ee0b7b0a06b1715257f82da01a3a4daa7a6aa780000000000000000266a24aa21a9ede2f61c3f71d1defd3fa999dfa36953755c690689799962b48bebd836974e8cf90120000000000000000000000000000000000000000000000000000000000000000000000000

      at src/core/charms-sdk.ts:16:11

  console.error
    Stderr: No spell found in the transaction

      30 | 				}
      31 | 				if (stderr) {
    > 32 | 					console.error(`Stderr: ${stderr}`);
         | 					        ^
      33 | 				}
      34 | 				console.info(`Executed successfully: ${stdout}`);
      35 | 				resolve(stdout);

      at src/core/charms-sdk.ts:32:14

  console.info
    Executed successfully:

      at src/core/charms-sdk.ts:34:13

  console.log
    !!! 1 {
      spendable: true,
      value: 156250000,
      txid: '270c4dbbb08ff76b0f22950f5f2ea5e327454e2b6263fe8e11680d225de71eeb',
      vout: 0
    } undefined

      at src/core/spells.ts:216:12

  console.info
    Executing command: /Users/gadiguy/workspace/charms/target/release/charms tx show-spell --tx 020000000001010000000000000000000000000000000000000000000000000000000000000000ffffffff0402fc0200ffffffff02902f500900000000160014df2907ba1c43324bcddd8f295bb3d2d09dd62c290000000000000000266a24aa21a9ede2f61c3f71d1defd3fa999dfa36953755c690689799962b48bebd836974e8cf90120000000000000000000000000000000000000000000000000000000000000000000000000

      at src/core/charms-sdk.ts:16:11

  console.error
    Stderr: No spell found in the transaction

      30 | 				}
      31 | 				if (stderr) {
    > 32 | 					console.error(`Stderr: ${stderr}`);
         | 					        ^
      33 | 				}
      34 | 				console.info(`Executed successfully: ${stdout}`);
      35 | 				resolve(stdout);

      at src/core/charms-sdk.ts:32:14

  console.info
    Executed successfully:

      at src/core/charms-sdk.ts:34:13

  console.log
    !!! 1 {
      spendable: true,
      value: 156250000,
      txid: 'b6873483ad3c995434efa4b9d6901fd8335c5eb5e7d4bc0d1d6a2b432e20b85a',
      vout: 0
    } undefined

      at src/core/spells.ts:216:12

  console.info
    Executing command: /Users/gadiguy/workspace/charms/target/release/charms tx show-spell --tx 020000000001010000000000000000000000000000000000000000000000000000000000000000ffffffff0402dd0000ffffffff0200f9029500000000160014c9d9cdc3642ca0458ccf3b6082b251ab8aa241730000000000000000266a24aa21a9ede2f61c3f71d1defd3fa999dfa36953755c690689799962b48bebd836974e8cf90120000000000000000000000000000000000000000000000000000000000000000000000000

      at src/core/charms-sdk.ts:16:11

  console.error
    Stderr: No spell found in the transaction

      30 | 				}
      31 | 				if (stderr) {
    > 32 | 					console.error(`Stderr: ${stderr}`);
         | 					        ^
      33 | 				}
      34 | 				console.info(`Executed successfully: ${stdout}`);
      35 | 				resolve(stdout);

      at src/core/charms-sdk.ts:32:14

  console.info
    Executed successfully:

      at src/core/charms-sdk.ts:34:13

  console.log
    !!! 1 {
      spendable: true,
      value: 2500000000,
      txid: 'c73b9842aa02b1e2871f70e0776ea988478fdbedc11f4583487f1eb701b47795',
      vout: 0
    } undefined

      at src/core/spells.ts:216:12

  console.info
    Executing command: /Users/gadiguy/workspace/charms/target/release/charms tx show-spell --tx 020000000001010000000000000000000000000000000000000000000000000000000000000000ffffffff0402da0000ffffffff0200f9029500000000160014c9d9cdc3642ca0458ccf3b6082b251ab8aa241730000000000000000266a24aa21a9ede2f61c3f71d1defd3fa999dfa36953755c690689799962b48bebd836974e8cf90120000000000000000000000000000000000000000000000000000000000000000000000000

      at src/core/charms-sdk.ts:16:11

  console.error
    Stderr: No spell found in the transaction

      30 | 				}
      31 | 				if (stderr) {
    > 32 | 					console.error(`Stderr: ${stderr}`);
         | 					        ^
      33 | 				}
      34 | 				console.info(`Executed successfully: ${stdout}`);
      35 | 				resolve(stdout);

      at src/core/charms-sdk.ts:32:14

  console.info
    Executed successfully:

      at src/core/charms-sdk.ts:34:13

  console.log
    !!! 1 {
      spendable: true,
      value: 2500000000,
      txid: '45662f175f8b3078dc34f4ec3e81bd009c1e8b148bbd35ab248d3007e4876531',
      vout: 0
    } undefined

      at src/core/spells.ts:216:12

  console.info
    Executing command: /Users/gadiguy/workspace/charms/target/release/charms tx show-spell --tx 020000000001010000000000000000000000000000000000000000000000000000000000000000ffffffff0402fc0000ffffffff0200f9029500000000160014c9d9cdc3642ca0458ccf3b6082b251ab8aa241730000000000000000266a24aa21a9ede2f61c3f71d1defd3fa999dfa36953755c690689799962b48bebd836974e8cf90120000000000000000000000000000000000000000000000000000000000000000000000000

      at src/core/charms-sdk.ts:16:11

  console.error
    Stderr: No spell found in the transaction

      30 | 				}
      31 | 				if (stderr) {
    > 32 | 					console.error(`Stderr: ${stderr}`);
         | 					        ^
      33 | 				}
      34 | 				console.info(`Executed successfully: ${stdout}`);
      35 | 				resolve(stdout);

      at src/core/charms-sdk.ts:32:14

  console.info
    Executed successfully:

      at src/core/charms-sdk.ts:34:13

  console.log
    !!! 1 {
      spendable: true,
      value: 2500000000,
      txid: '33b6816aa843c432df5653e9cdc0a6dd64c3a583b3fff8b73846747a73661cd9',
      vout: 0
    } undefined

      at src/core/spells.ts:216:12

  console.info
    Executing command: /Users/gadiguy/workspace/charms/target/release/charms tx show-spell --tx 020000000001010000000000000000000000000000000000000000000000000000000000000000ffffffff0402fe0100ffffffff0240be4025000000001600148dae6f2122b28418b4dcd043140798d3d20390c90000000000000000266a24aa21a9ede2f61c3f71d1defd3fa999dfa36953755c690689799962b48bebd836974e8cf90120000000000000000000000000000000000000000000000000000000000000000000000000

      at src/core/charms-sdk.ts:16:11

  console.error
    Stderr: No spell found in the transaction

      30 | 				}
      31 | 				if (stderr) {
    > 32 | 					console.error(`Stderr: ${stderr}`);
         | 					        ^
      33 | 				}
      34 | 				console.info(`Executed successfully: ${stdout}`);
      35 | 				resolve(stdout);

      at src/core/charms-sdk.ts:32:14

  console.info
    Executed successfully:

      at src/core/charms-sdk.ts:34:13

  console.log
    !!! 1 {
      spendable: true,
      value: 625000000,
      txid: 'a9bf7c57044e5b3ba791e8348d1ea8763719616716cae2772e4c8c21fd508c2f',
      vout: 0
    } undefined

      at src/core/spells.ts:216:12

  console.info
    Executing command: /Users/gadiguy/workspace/charms/target/release/charms tx show-spell --tx 020000000001010000000000000000000000000000000000000000000000000000000000000000ffffffff04028a0100ffffffff02807c814a00000000160014c9d9cdc3642ca0458ccf3b6082b251ab8aa241730000000000000000266a24aa21a9ede2f61c3f71d1defd3fa999dfa36953755c690689799962b48bebd836974e8cf90120000000000000000000000000000000000000000000000000000000000000000000000000

      at src/core/charms-sdk.ts:16:11

  console.error
    Stderr: No spell found in the transaction

      30 | 				}
      31 | 				if (stderr) {
    > 32 | 					console.error(`Stderr: ${stderr}`);
         | 					        ^
      33 | 				}
      34 | 				console.info(`Executed successfully: ${stdout}`);
      35 | 				resolve(stdout);

      at src/core/charms-sdk.ts:32:14

  console.info
    Executed successfully:

      at src/core/charms-sdk.ts:34:13

  console.log
    !!! 1 {
      spendable: true,
      value: 1250000000,
      txid: '228653ff40cd9b35534587452a1d30a448c9c9c91f3acbfc823b03b1c8edbe94',
      vout: 0
    } undefined

      at src/core/spells.ts:216:12

  console.info
    Executing command: /Users/gadiguy/workspace/charms/target/release/charms tx show-spell --tx 02000000000102d7cfe3d3b46472b236cac8f9be3703b4faab7d0d5fa27916ab402e42401e54660000000000ffffffffe8c79bd2a3e65c5747f7c2312b8719316092449331c017c70f42182372cbbe410000000000ffffffff03e8030000000000002251205afec6d38f99b81d705510fc0ac4832e9b02296b9ef16af760378af66fa3a3e2e8030000000000001600140c2ba5242064097fe376ac41be7c892a7abec8fa2b64814a00000000160014eff6d25263a0f90992012313f2edb52f79b8f1d9040040c4bebb437ab689e02d5f7cbbcae37f7c42c3ae7f6873fc13c4a2f9c21df1e93247804e5b8bb34efbffaed43848f12a2a70ab53db9c4c580de1ec52d1911b0f674620b95552a6fa61ea56171e6e260cdba57d250b44ba1234dc928a177698f3f016daac20ff61e0fc3b753acb4c32943452d09b8f6d1e58a05e9ee140d7e76441aab70c4cba519c21c050929b74c1a04954b78b4b6035e97a5e078a5a0f28ec96d547bfee9ace803ac0034125322ccd375fce026ea86855f91ec7078ccada788502fff046e6fb33aef1b7e72d5ae35e229518743231e5bba61969c1bb487b0a6e4d40c2ce691efb8165c46381fd49040063057370656c6c4d080282a36776657273696f6e04627478a2647265667380646f75747382a100a3667469636b657269475241494c2d4e46547163757272656e745f636f7369676e6572737881666636316530666333623735336163623463333239343334353264303962386636643165353861303565396565313430643765373634343161616237306334632c623935353532613666613631656135363137316536653236306364626135376432353062343462613132333464633932386131373736393866336630313664617163757272656e745f7468726573686f6c6401a101a166616d6f756e741903e8716170705f7075626c69635f696e70757473a283616e982018d1185418b218f4187618ee183018df18c918a418c6189718aa18371848184d187318f718a918e618ca183818d11840183618c418c418c218a9181b18fb18d0982018a018df1838183218bb182718be184c182c18fe1840183418a9184818cd1843186a181e18f3187118bb188e18771849185818df18b5184118b718e81892181ba166616374696f6e66757064617465836174982018d1185418b218f4187618ee183018df18c918a418c6189718aa18371848184d187318f718a918e618ca183818d11840183618c418c418c218a9181b18fb18d0982018a018df1838183218bb182718be184c182c18fe1840183418a9184818cd1843186a181e18f3187118bb188e18771849185818df4d080218b5184118b718e81892181ba166616374696f6e646d696e7499010418a41859184c1859182e186d18d618a7183f18ea186d185b18d61848187118b1182618d5182418851818187c183a183d1843183f18fc18c818a91827187c183118ad18e9041853182218a7182b18e318b718ed18ee183c18d518ba18a31835185418a318e2188e181d187e18a516188a184518b1183a1871184a188f0d18df1833182718960e18ec18c018f018e3188518fe1866186b18bb181e182518a4188e182318f4186e182018db1823185f1848188818e018681863186a189418c518ae186518d305189a1862186a18cb186b1830189018ce183d182c181c1837185a1827188b18a018fa183818e6187d1897182d182000188e182d18f30518a71864185600186e09184418c418e6184b18a0189418cf18e618e518da0018ad18a818761836182e1850186f18a218ed1844186718430318ba18bf18b9186b091818186e183b186e18e01844184418ee18cf18f018de18e118cf18851862188d1866186a18fc18961879184218ed18ee18c718d318fa18d8188d1890183d18e706187418e118180f187518c0189d184518c9181a1894187f184118811858189d186518da186d18a518de18f01854188c1821186218d112183118e90e17185118fd18a418f418701865185901188e18a2188d0618631872188718ba184e18a518f818861875182e1840188118fd18d71807dc183a0718da136820b740c2b58e97c12f1bb015022d228734ad7673d47079080d8f692dc9cfd55a38ac21c0b740c2b58e97c12f1bb015022d228734ad7673d47079080d8f692dc9cfd55a3800000000

      at src/core/charms-sdk.ts:16:11

  console.info
    Executed successfully: version: 4
    apps:
      $0000: n/d154b2f476ee30dfc9a4c697aa37484d73f7a9e6ca38d14036c4c4c2a91bfbd0/a0df3832bb27be4c2cfe4034a948cd436a1ef371bb8e774958dfb541b7e8921b
      $0001: t/d154b2f476ee30dfc9a4c697aa37484d73f7a9e6ca38d14036c4c4c2a91bfbd0/a0df3832bb27be4c2cfe4034a948cd436a1ef371bb8e774958dfb541b7e8921b
    public_args:
      $0000:
        action: update
      $0001:
        action: mint
    ins:
    - utxo_id: 66541e40422e40ab1679a25f0d7dabfab40337bef9c8ca36b27264b4d3e3cfd7:0
    outs:
    - charms:
        $0000:
          ticker: GRAIL-NFT
          current_cosigners: ff61e0fc3b753acb4c32943452d09b8f6d1e58a05e9ee140d7e76441aab70c4c,b95552a6fa61ea56171e6e260cdba57d250b44ba1234dc928a177698f3f016da
          current_threshold: 1
    - charms:
        $0001:
          amount: 1000

      at src/core/charms-sdk.ts:34:13

  console.log
    !!! 1 {
      spendable: true,
      value: 1000,
      txid: 'faff58b374a234c71ab99d03d6a8c6041a72de552958f2567524cf5678db2594',
      vout: 1
    } undefined

      at src/core/spells.ts:216:12

  console.info
    Executing command: /Users/gadiguy/workspace/charms/target/release/charms tx show-spell --tx 020000000001010000000000000000000000000000000000000000000000000000000000000000ffffffff0402060100ffffffff0200f9029500000000160014c9d9cdc3642ca0458ccf3b6082b251ab8aa241730000000000000000266a24aa21a9ede2f61c3f71d1defd3fa999dfa36953755c690689799962b48bebd836974e8cf90120000000000000000000000000000000000000000000000000000000000000000000000000

      at src/core/charms-sdk.ts:16:11

  console.error
    Stderr: No spell found in the transaction

      30 | 				}
      31 | 				if (stderr) {
    > 32 | 					console.error(`Stderr: ${stderr}`);
         | 					        ^
      33 | 				}
      34 | 				console.info(`Executed successfully: ${stdout}`);
      35 | 				resolve(stdout);

      at src/core/charms-sdk.ts:32:14

  console.info
    Executed successfully:

      at src/core/charms-sdk.ts:34:13

  console.log
    !!! 1 {
      spendable: true,
      value: 2500000000,
      txid: '6a996640f1faab43521f7fa616e5c15c701844f4ac0f06f6b9f530b3380538a4',
      vout: 0
    } undefined

      at src/core/spells.ts:216:12

  console.info
    Executing command: /Users/gadiguy/workspace/charms/target/release/charms tx show-spell --tx 020000000001010000000000000000000000000000000000000000000000000000000000000000ffffffff0402670100ffffffff02807c814a00000000160014c9d9cdc3642ca0458ccf3b6082b251ab8aa241730000000000000000266a24aa21a9ede2f61c3f71d1defd3fa999dfa36953755c690689799962b48bebd836974e8cf90120000000000000000000000000000000000000000000000000000000000000000000000000

      at src/core/charms-sdk.ts:16:11

  console.error
    Stderr: No spell found in the transaction

      30 | 				}
      31 | 				if (stderr) {
    > 32 | 					console.error(`Stderr: ${stderr}`);
         | 					        ^
      33 | 				}
      34 | 				console.info(`Executed successfully: ${stdout}`);
      35 | 				resolve(stdout);

      at src/core/charms-sdk.ts:32:14

  console.info
    Executed successfully:

      at src/core/charms-sdk.ts:34:13

  console.log
    !!! 1 {
      spendable: true,
      value: 1250000000,
      txid: '3d9d8b49af468220a04a9c905d0320245747c019b3520954be87cc048b40f4bd',
      vout: 0
    } undefined

      at src/core/spells.ts:216:12

  console.info
    Executing command: /Users/gadiguy/workspace/charms/target/release/charms tx show-spell --tx 020000000001010000000000000000000000000000000000000000000000000000000000000000ffffffff0402680100ffffffff02807c814a00000000160014c9d9cdc3642ca0458ccf3b6082b251ab8aa241730000000000000000266a24aa21a9ede2f61c3f71d1defd3fa999dfa36953755c690689799962b48bebd836974e8cf90120000000000000000000000000000000000000000000000000000000000000000000000000

      at src/core/charms-sdk.ts:16:11

  console.error
    Stderr: No spell found in the transaction

      30 | 				}
      31 | 				if (stderr) {
    > 32 | 					console.error(`Stderr: ${stderr}`);
         | 					        ^
      33 | 				}
      34 | 				console.info(`Executed successfully: ${stdout}`);
      35 | 				resolve(stdout);

      at src/core/charms-sdk.ts:32:14

  console.info
    Executed successfully:

      at src/core/charms-sdk.ts:34:13

  console.log
    !!! 1 {
      spendable: true,
      value: 1250000000,
      txid: 'a618b44879d264ee420bd3407f16300f4faf4d039e45f7aff4cebfb425b9ecdb',
      vout: 0
    } undefined

      at src/core/spells.ts:216:12

  console.info
    Executing command: /Users/gadiguy/workspace/charms/target/release/charms tx show-spell --tx 020000000001010000000000000000000000000000000000000000000000000000000000000000ffffffff0402bb0000ffffffff0200f9029500000000160014c9d9cdc3642ca0458ccf3b6082b251ab8aa241730000000000000000266a24aa21a9ede2f61c3f71d1defd3fa999dfa36953755c690689799962b48bebd836974e8cf90120000000000000000000000000000000000000000000000000000000000000000000000000

      at src/core/charms-sdk.ts:16:11

  console.error
    Stderr: No spell found in the transaction

      30 | 				}
      31 | 				if (stderr) {
    > 32 | 					console.error(`Stderr: ${stderr}`);
         | 					        ^
      33 | 				}
      34 | 				console.info(`Executed successfully: ${stdout}`);
      35 | 				resolve(stdout);

      at src/core/charms-sdk.ts:32:14

  console.info
    Executed successfully:

      at src/core/charms-sdk.ts:34:13

  console.log
    !!! 1 {
      spendable: true,
      value: 2500000000,
      txid: '932fbcddb13a11a67c81ad9f698c2157bd54ccb4eae72c0e72d5b5eca9ae26a9',
      vout: 0
    } undefined

      at src/core/spells.ts:216:12

  console.info
    Executing command: /Users/gadiguy/workspace/charms/target/release/charms tx show-spell --tx 020000000001010000000000000000000000000000000000000000000000000000000000000000ffffffff0402520400ffffffff02e40b540200000000160014c699b99a00cc336f2cd3615b2361af367128c86a0000000000000000266a24aa21a9ede2f61c3f71d1defd3fa999dfa36953755c690689799962b48bebd836974e8cf90120000000000000000000000000000000000000000000000000000000000000000000000000

      at src/core/charms-sdk.ts:16:11

  console.error
    Stderr: No spell found in the transaction

      30 | 				}
      31 | 				if (stderr) {
    > 32 | 					console.error(`Stderr: ${stderr}`);
         | 					        ^
      33 | 				}
      34 | 				console.info(`Executed successfully: ${stdout}`);
      35 | 				resolve(stdout);

      at src/core/charms-sdk.ts:32:14

  console.info
    Executed successfully:

      at src/core/charms-sdk.ts:34:13

  console.log
    !!! 1 {
      spendable: true,
      value: 39062500,
      txid: 'e66fabd0d926f7c09e80e1d87ac61a3cb1d40c32c2b3a75bc57ef5745bc6949a',
      vout: 0
    } undefined

      at src/core/spells.ts:216:12

  console.info
    Executing command: /Users/gadiguy/workspace/charms/target/release/charms tx show-spell --tx 020000000001010000000000000000000000000000000000000000000000000000000000000000ffffffff0402e10100ffffffff0240be4025000000001600148dae6f2122b28418b4dcd043140798d3d20390c90000000000000000266a24aa21a9ede2f61c3f71d1defd3fa999dfa36953755c690689799962b48bebd836974e8cf90120000000000000000000000000000000000000000000000000000000000000000000000000

      at src/core/charms-sdk.ts:16:11

  console.error
    Stderr: No spell found in the transaction

      30 | 				}
      31 | 				if (stderr) {
    > 32 | 					console.error(`Stderr: ${stderr}`);
         | 					        ^
      33 | 				}
      34 | 				console.info(`Executed successfully: ${stdout}`);
      35 | 				resolve(stdout);

      at src/core/charms-sdk.ts:32:14

  console.info
    Executed successfully:

      at src/core/charms-sdk.ts:34:13

  console.log
    !!! 1 {
      spendable: true,
      value: 625000000,
      txid: '52de6b303d3162cf8ae3e04aa4a81f3a9b2ab044dae4721c0ac4669d2c199e91',
      vout: 0
    } undefined

      at src/core/spells.ts:216:12

  console.info
    Executing command: /Users/gadiguy/workspace/charms/target/release/charms tx show-spell --tx 020000000001010000000000000000000000000000000000000000000000000000000000000000ffffffff0402000400ffffffff02c817a80400000000160014b3455ce530ba44de213c9a78c2d662785143c5f40000000000000000266a24aa21a9ede2f61c3f71d1defd3fa999dfa36953755c690689799962b48bebd836974e8cf90120000000000000000000000000000000000000000000000000000000000000000000000000

      at src/core/charms-sdk.ts:16:11

  console.error
    Stderr: No spell found in the transaction

      30 | 				}
      31 | 				if (stderr) {
    > 32 | 					console.error(`Stderr: ${stderr}`);
         | 					        ^
      33 | 				}
      34 | 				console.info(`Executed successfully: ${stdout}`);
      35 | 				resolve(stdout);

      at src/core/charms-sdk.ts:32:14

  console.info
    Executed successfully:

      at src/core/charms-sdk.ts:34:13

  console.log
    !!! 1 {
      spendable: true,
      value: 78125000,
      txid: '63e6b7c60d615e48517ad6949827d173a15ac15b9957537ef1b293bdf795b36a',
      vout: 0
    } undefined

      at src/core/spells.ts:216:12

  console.info
    Executing command: /Users/gadiguy/workspace/charms/target/release/charms tx show-spell --tx 020000000001010000000000000000000000000000000000000000000000000000000000000000ffffffff0402930000ffffffff0200f2052a01000000160014c9d9cdc3642ca0458ccf3b6082b251ab8aa241730000000000000000266a24aa21a9ede2f61c3f71d1defd3fa999dfa36953755c690689799962b48bebd836974e8cf90120000000000000000000000000000000000000000000000000000000000000000000000000

      at src/core/charms-sdk.ts:16:11

  console.error
    Stderr: No spell found in the transaction

      30 | 				}
      31 | 				if (stderr) {
    > 32 | 					console.error(`Stderr: ${stderr}`);
         | 					        ^
      33 | 				}
      34 | 				console.info(`Executed successfully: ${stdout}`);
      35 | 				resolve(stdout);

      at src/core/charms-sdk.ts:32:14

  console.info
    Executed successfully:

      at src/core/charms-sdk.ts:34:13

  console.log
    !!! 1 {
      spendable: true,
      value: 5000000000,
      txid: 'f6717a4c1b5127c916256f178c7c39043b562c8cf0571e437b631dc0a88e1149',
      vout: 0
    } undefined

      at src/core/spells.ts:216:12

  console.info
    Executing command: /Users/gadiguy/workspace/charms/target/release/charms tx show-spell --tx 020000000001010000000000000000000000000000000000000000000000000000000000000000ffffffff0402ad0000ffffffff0200f9029500000000160014c9d9cdc3642ca0458ccf3b6082b251ab8aa241730000000000000000266a24aa21a9ede2f61c3f71d1defd3fa999dfa36953755c690689799962b48bebd836974e8cf90120000000000000000000000000000000000000000000000000000000000000000000000000

      at src/core/charms-sdk.ts:16:11

  console.error
    Stderr: No spell found in the transaction

      30 | 				}
      31 | 				if (stderr) {
    > 32 | 					console.error(`Stderr: ${stderr}`);
         | 					        ^
      33 | 				}
      34 | 				console.info(`Executed successfully: ${stdout}`);
      35 | 				resolve(stdout);

      at src/core/charms-sdk.ts:32:14

  console.info
    Executed successfully:

      at src/core/charms-sdk.ts:34:13

  console.log
    !!! 1 {
      spendable: true,
      value: 2500000000,
      txid: '5460d697f6fffe4a6831ff6d42568ebf4cecc6921322806ffed621cf75bbdb09',
      vout: 0
    } undefined

      at src/core/spells.ts:216:12

  console.info
    Executing command: /Users/gadiguy/workspace/charms/target/release/charms tx show-spell --tx 020000000001010000000000000000000000000000000000000000000000000000000000000000ffffffff0402300100ffffffff02807c814a00000000160014c9d9cdc3642ca0458ccf3b6082b251ab8aa241730000000000000000266a24aa21a9ede2f61c3f71d1defd3fa999dfa36953755c690689799962b48bebd836974e8cf90120000000000000000000000000000000000000000000000000000000000000000000000000

      at src/core/charms-sdk.ts:16:11

  console.error
    Stderr: No spell found in the transaction

      30 | 				}
      31 | 				if (stderr) {
    > 32 | 					console.error(`Stderr: ${stderr}`);
         | 					        ^
      33 | 				}
      34 | 				console.info(`Executed successfully: ${stdout}`);
      35 | 				resolve(stdout);

      at src/core/charms-sdk.ts:32:14

  console.info
    Executed successfully:

      at src/core/charms-sdk.ts:34:13

  console.log
    !!! 1 {
      spendable: true,
      value: 1250000000,
      txid: '06d54dd2c6de2a56b446318c3c03126a2eabfdfeacfaa90545c769b20d0769b9',
      vout: 0
    } undefined

      at src/core/spells.ts:216:12

  console.info
    Executing command: /Users/gadiguy/workspace/charms/target/release/charms tx show-spell --tx 02000000000101c01a7b1d925d04789737619219e133fd96b4e19dbe8723bc84902492fdb4db5d0000000000ffffffff02e803000000000000225120037fbfa04399a85204f9b15d1ceff7e1791ce90a3cc7e0d3c768f4feae58440c46ea052a0100000016001432dcf83aa86dc5d5f1fd2a5b50658f91466b2f150341212b0d252594e3cca009bf8126629417a5cb4f7a65ac3400fc4a477ce3948820b6990632d2c62ad8eb478b8ccf00535a055da9243357a727268e1cd7fb22983581fd58030063057370656c6c4d080282a36776657273696f6e04627478a2647265667380646f75747381a100a4667469636b657269475241494c2d4e46547163757272656e745f636f7369676e6572737840623935353532613666613631656135363137316536653236306364626135376432353062343462613132333464633932386131373736393866336630313664617163757272656e745f7468726573686f6c640166616d6f756e741903e9716170705f7075626c69635f696e70757473a183616e98201867184918891318af186205186818fe18df182d18a118db186f1218da188718f117186418191829186c185518aa18ce18b118cb18e20f184d18b498200c18ec18a2184118d81861183b0d18f8184514041318401846186f18f81827182918601827188e1889081845183718d918341880185418ef1854a166616374696f6e666465706c6f7999010418a41859184c185918251518c818a6184d18c018e018ef18b618f718d118e818bc16184c0d18d118580b188218b91855187c1857188b08187918911870184318cf18841819189418d3182a18e718df1891186c187d186e18f018c318dd184118d8185a0e18da184f18461896186218d60a189d18e318c018dc18a018c1183e18b4181c188e184d18db188218e718881840183118a318a918bc09182018d4187c18d518f3189418df18dc18ad1884187618d218b11518201890187018fc18220318a718b418e1184d1f01fa0618a018da18c508189c18cb18ee0418380018cb188118f518fa18a918b0182518e118a31833181b18e518aa187718e518b70102183018dd18891834188718791846182c18dc18de182b18ad0a18d3188a1856184c1891186c18421889181a1839182d1844187918fc1877185e183803183d18af18710118aa18a518fb0318b0185a187a1836185c18a0183718a818b7183418d31840182b18b218c8187e08181d1895184018431718e80118c518671843061833189e185a0218be081823187d1845182d187818c0181a187118be18b2186b1833185b186c188418c0183018681892187711181c1874091895186b1870184c18d611120118c518ab1896041218ca183b1871185d186518fb1851181a1864182318790018931853189d189168202c2fd9b3e51c7b27cc7a9c29662e6c6cbc8d88c392d93abe75b8c7c7ece01afaac21c02c2fd9b3e51c7b27cc7a9c29662e6c6cbc8d88c392d93abe75b8c7c7ece01afa00000000

      at src/core/charms-sdk.ts:16:11

  console.info
    Executed successfully: version: 4
    apps:
      $0000: n/67498913af620568fedf2da1db6f12da87f1176419296c55aaceb1cbe20f4db4/0ceca241d8613b0df84514041340466ff8272960278e89084537d9348054ef54
    public_args:
      $0000:
        action: deploy
    ins: []
    outs:
    - charms:
        $0000:
          ticker: GRAIL-NFT
          current_cosigners: b95552a6fa61ea56171e6e260cdba57d250b44ba1234dc928a177698f3f016da
          current_threshold: 1
          amount: 1001

      at src/core/charms-sdk.ts:34:13

  console.log
    !!! 1 {
      spendable: true,
      value: 4999998022,
      txid: '09d599bdb38e47eccbb2a058352b1ccff49b5e1fd1a4726cf91bed0deb3ad421',
      vout: 1
    } undefined

      at src/core/spells.ts:216:12

  console.info
    Executing command: /Users/gadiguy/workspace/charms/target/release/charms tx show-spell --tx 020000000001010000000000000000000000000000000000000000000000000000000000000000ffffffff0402f10300ffffffff02c817a80400000000160014b3455ce530ba44de213c9a78c2d662785143c5f40000000000000000266a24aa21a9ede2f61c3f71d1defd3fa999dfa36953755c690689799962b48bebd836974e8cf90120000000000000000000000000000000000000000000000000000000000000000000000000

      at src/core/charms-sdk.ts:16:11

  console.error
    Stderr: No spell found in the transaction

      30 | 				}
      31 | 				if (stderr) {
    > 32 | 					console.error(`Stderr: ${stderr}`);
         | 					        ^
      33 | 				}
      34 | 				console.info(`Executed successfully: ${stdout}`);
      35 | 				resolve(stdout);

      at src/core/charms-sdk.ts:32:14

  console.info
    Executed successfully:

      at src/core/charms-sdk.ts:34:13

  console.log
    !!! 1 {
      spendable: true,
      value: 78125000,
      txid: '20d1dcd274a9a253d4b4a172227a0ef2c6956355db5867cc7565181166348332',
      vout: 0
    } undefined

      at src/core/spells.ts:216:12

  console.info
    Executing command: /Users/gadiguy/workspace/charms/target/release/charms tx show-spell --tx 020000000001010000000000000000000000000000000000000000000000000000000000000000ffffffff0402ed0000ffffffff0200f9029500000000160014c9d9cdc3642ca0458ccf3b6082b251ab8aa241730000000000000000266a24aa21a9ede2f61c3f71d1defd3fa999dfa36953755c690689799962b48bebd836974e8cf90120000000000000000000000000000000000000000000000000000000000000000000000000

      at src/core/charms-sdk.ts:16:11

  console.error
    Stderr: No spell found in the transaction

      30 | 				}
      31 | 				if (stderr) {
    > 32 | 					console.error(`Stderr: ${stderr}`);
         | 					        ^
      33 | 				}
      34 | 				console.info(`Executed successfully: ${stdout}`);
      35 | 				resolve(stdout);

      at src/core/charms-sdk.ts:32:14

  console.info
    Executed successfully:

      at src/core/charms-sdk.ts:34:13

  console.log
    !!! 1 {
      spendable: true,
      value: 2500000000,
      txid: '12808c7b0e35e57477ea4fd6081ddaceb2b105845ca41b33bd4dbda76480dc8f',
      vout: 0
    } undefined

      at src/core/spells.ts:216:12

  console.info
    Executing command: /Users/gadiguy/workspace/charms/target/release/charms tx show-spell --tx 020000000001010000000000000000000000000000000000000000000000000000000000000000ffffffff0402aa0200ffffffff02205fa01200000000160014be438a2710f608303168dfde261068040a60fb7a0000000000000000266a24aa21a9ede2f61c3f71d1defd3fa999dfa36953755c690689799962b48bebd836974e8cf90120000000000000000000000000000000000000000000000000000000000000000000000000

      at src/core/charms-sdk.ts:16:11

  console.error
    Stderr: No spell found in the transaction

      30 | 				}
      31 | 				if (stderr) {
    > 32 | 					console.error(`Stderr: ${stderr}`);
         | 					        ^
      33 | 				}
      34 | 				console.info(`Executed successfully: ${stdout}`);
      35 | 				resolve(stdout);

      at src/core/charms-sdk.ts:32:14

  console.info
    Executed successfully:

      at src/core/charms-sdk.ts:34:13

  console.log
    !!! 1 {
      spendable: true,
      value: 312500000,
      txid: '03c14bc34ef8e40826bb091cfb430a39272bb79c1449bd24bf84ed44844af1bd',
      vout: 0
    } undefined

      at src/core/spells.ts:216:12

  console.info
    Executing command: /Users/gadiguy/workspace/charms/target/release/charms tx show-spell --tx 020000000001010000000000000000000000000000000000000000000000000000000000000000ffffffff0402220100ffffffff0200f9029500000000160014c9d9cdc3642ca0458ccf3b6082b251ab8aa241730000000000000000266a24aa21a9ede2f61c3f71d1defd3fa999dfa36953755c690689799962b48bebd836974e8cf90120000000000000000000000000000000000000000000000000000000000000000000000000

      at src/core/charms-sdk.ts:16:11

  console.error
    Stderr: No spell found in the transaction

      30 | 				}
      31 | 				if (stderr) {
    > 32 | 					console.error(`Stderr: ${stderr}`);
         | 					        ^
      33 | 				}
      34 | 				console.info(`Executed successfully: ${stdout}`);
      35 | 				resolve(stdout);

      at src/core/charms-sdk.ts:32:14

  console.info
    Executed successfully:

      at src/core/charms-sdk.ts:34:13

  console.log
    !!! 1 {
      spendable: true,
      value: 2500000000,
      txid: '6ccc9ec021f136b6a3a200f3e86d0e937a4edc3edb243bbb0f5ceebcd4b37f8f',
      vout: 0
    } undefined

      at src/core/spells.ts:216:12

  console.info
    Executing command: /Users/gadiguy/workspace/charms/target/release/charms tx show-spell --tx 020000000001010000000000000000000000000000000000000000000000000000000000000000ffffffff04026d0400ffffffff02e40b540200000000160014c699b99a00cc336f2cd3615b2361af367128c86a0000000000000000266a24aa21a9ede2f61c3f71d1defd3fa999dfa36953755c690689799962b48bebd836974e8cf90120000000000000000000000000000000000000000000000000000000000000000000000000

      at src/core/charms-sdk.ts:16:11

  console.error
    Stderr: No spell found in the transaction

      30 | 				}
      31 | 				if (stderr) {
    > 32 | 					console.error(`Stderr: ${stderr}`);
         | 					        ^
      33 | 				}
      34 | 				console.info(`Executed successfully: ${stdout}`);
      35 | 				resolve(stdout);

      at src/core/charms-sdk.ts:32:14

  console.info
    Executed successfully:

      at src/core/charms-sdk.ts:34:13

  console.log
    !!! 1 {
      spendable: true,
      value: 39062500,
      txid: '85db9f4f34003dcfa5657fca521f6d3696a48912f31e9d4a3f2f4f30009b9f13',
      vout: 0
    } undefined

      at src/core/spells.ts:216:12

  console.info
    Executing command: /Users/gadiguy/workspace/charms/target/release/charms tx show-spell --tx 020000000001010000000000000000000000000000000000000000000000000000000000000000ffffffff04026c0200ffffffff02205fa01200000000160014565dbe4e929f0f3587ef4ff2533f3dd04fce75c70000000000000000266a24aa21a9ede2f61c3f71d1defd3fa999dfa36953755c690689799962b48bebd836974e8cf90120000000000000000000000000000000000000000000000000000000000000000000000000

      at src/core/charms-sdk.ts:16:11

  console.error
    Stderr: No spell found in the transaction

      30 | 				}
      31 | 				if (stderr) {
    > 32 | 					console.error(`Stderr: ${stderr}`);
         | 					        ^
      33 | 				}
      34 | 				console.info(`Executed successfully: ${stdout}`);
      35 | 				resolve(stdout);

      at src/core/charms-sdk.ts:32:14

  console.info
    Executed successfully:

      at src/core/charms-sdk.ts:34:13

  console.log
    !!! 1 {
      spendable: true,
      value: 312500000,
      txid: 'a51d2a919738ba2ab3a276a1a5f27e8f9b4f9ec50aa54aefa6757860d2a7c757',
      vout: 0
    } undefined

      at src/core/spells.ts:216:12

  console.info
    Executing command: /Users/gadiguy/workspace/charms/target/release/charms tx show-spell --tx 020000000001010000000000000000000000000000000000000000000000000000000000000000ffffffff0402590300ffffffff02902f5009000000001600147ee0b7b0a06b1715257f82da01a3a4daa7a6aa780000000000000000266a24aa21a9ede2f61c3f71d1defd3fa999dfa36953755c690689799962b48bebd836974e8cf90120000000000000000000000000000000000000000000000000000000000000000000000000

      at src/core/charms-sdk.ts:16:11

  console.error
    Stderr: No spell found in the transaction

      30 | 				}
      31 | 				if (stderr) {
    > 32 | 					console.error(`Stderr: ${stderr}`);
         | 					        ^
      33 | 				}
      34 | 				console.info(`Executed successfully: ${stdout}`);
      35 | 				resolve(stdout);

      at src/core/charms-sdk.ts:32:14

  console.info
    Executed successfully:

      at src/core/charms-sdk.ts:34:13

  console.log
    !!! 1 {
      spendable: true,
      value: 156250000,
      txid: 'bd0f484d8aec20063e1e9f6efb19a83b768ed6b2a2a134350f3090bf2fd4e201',
      vout: 0
    } undefined

      at src/core/spells.ts:216:12

  console.info
    Executing command: /Users/gadiguy/workspace/charms/target/release/charms tx show-spell --tx 020000000001010000000000000000000000000000000000000000000000000000000000000000ffffffff0402870000ffffffff0200f2052a01000000160014c9d9cdc3642ca0458ccf3b6082b251ab8aa241730000000000000000266a24aa21a9ede2f61c3f71d1defd3fa999dfa36953755c690689799962b48bebd836974e8cf90120000000000000000000000000000000000000000000000000000000000000000000000000

      at src/core/charms-sdk.ts:16:11

  console.error
    Stderr: No spell found in the transaction

      30 | 				}
      31 | 				if (stderr) {
    > 32 | 					console.error(`Stderr: ${stderr}`);
         | 					        ^
      33 | 				}
      34 | 				console.info(`Executed successfully: ${stdout}`);
      35 | 				resolve(stdout);

      at src/core/charms-sdk.ts:32:14

  console.info
    Executed successfully:

      at src/core/charms-sdk.ts:34:13

  console.log
    !!! 1 {
      spendable: true,
      value: 5000000000,
      txid: '5b10e338803da350d77b6093831df5447c661fd6cf3b653230bfbde373448680',
      vout: 0
    } undefined

      at src/core/spells.ts:216:12

  console.info
    Executing command: /Users/gadiguy/workspace/charms/target/release/charms tx show-spell --tx 020000000001010000000000000000000000000000000000000000000000000000000000000000ffffffff0402210200ffffffff0240be402500000000160014565dbe4e929f0f3587ef4ff2533f3dd04fce75c70000000000000000266a24aa21a9ede2f61c3f71d1defd3fa999dfa36953755c690689799962b48bebd836974e8cf90120000000000000000000000000000000000000000000000000000000000000000000000000

      at src/core/charms-sdk.ts:16:11

  console.error
    Stderr: No spell found in the transaction

      30 | 				}
      31 | 				if (stderr) {
    > 32 | 					console.error(`Stderr: ${stderr}`);
         | 					        ^
      33 | 				}
      34 | 				console.info(`Executed successfully: ${stdout}`);
      35 | 				resolve(stdout);

      at src/core/charms-sdk.ts:32:14

  console.info
    Executed successfully:

      at src/core/charms-sdk.ts:34:13

  console.log
    !!! 1 {
      spendable: true,
      value: 625000000,
      txid: 'eaff4df10cc44f15c9c792d92fde7357519cccae4e23a110afaf7e247df5e3e2',
      vout: 0
    } undefined

      at src/core/spells.ts:216:12

  console.info
    Executing command: /Users/gadiguy/workspace/charms/target/release/charms tx show-spell --tx 020000000001010000000000000000000000000000000000000000000000000000000000000000ffffffff0402d00300ffffffff02c817a80400000000160014b3455ce530ba44de213c9a78c2d662785143c5f40000000000000000266a24aa21a9ede2f61c3f71d1defd3fa999dfa36953755c690689799962b48bebd836974e8cf90120000000000000000000000000000000000000000000000000000000000000000000000000

      at src/core/charms-sdk.ts:16:11

  console.error
    Stderr: No spell found in the transaction

      30 | 				}
      31 | 				if (stderr) {
    > 32 | 					console.error(`Stderr: ${stderr}`);
         | 					        ^
      33 | 				}
      34 | 				console.info(`Executed successfully: ${stdout}`);
      35 | 				resolve(stdout);

      at src/core/charms-sdk.ts:32:14

  console.info
    Executed successfully:

      at src/core/charms-sdk.ts:34:13

  console.log
    !!! 1 {
      spendable: true,
      value: 78125000,
      txid: 'b4f0d1b9d6bb26fa558e4fad03b0643c7c8d1764446219ff4dec43db0557c770',
      vout: 0
    } undefined

      at src/core/spells.ts:216:12

  console.info
    Executing command: /Users/gadiguy/workspace/charms/target/release/charms tx show-spell --tx 020000000001010000000000000000000000000000000000000000000000000000000000000000ffffffff0402290100ffffffff0200f9029500000000160014c9d9cdc3642ca0458ccf3b6082b251ab8aa241730000000000000000266a24aa21a9ede2f61c3f71d1defd3fa999dfa36953755c690689799962b48bebd836974e8cf90120000000000000000000000000000000000000000000000000000000000000000000000000

      at src/core/charms-sdk.ts:16:11

  console.error
    Stderr: No spell found in the transaction

      30 | 				}
      31 | 				if (stderr) {
    > 32 | 					console.error(`Stderr: ${stderr}`);
         | 					        ^
      33 | 				}
      34 | 				console.info(`Executed successfully: ${stdout}`);
      35 | 				resolve(stdout);

      at src/core/charms-sdk.ts:32:14

  console.info
    Executed successfully:

      at src/core/charms-sdk.ts:34:13

  console.log
    !!! 1 {
      spendable: true,
      value: 2500000000,
      txid: '3f83fa592b29c86b5c1608df0c72d4a696776e804f94727062330a83fd4509e0',
      vout: 0
    } undefined

      at src/core/spells.ts:216:12

  console.info
    Executing command: /Users/gadiguy/workspace/charms/target/release/charms tx show-spell --tx 020000000001010000000000000000000000000000000000000000000000000000000000000000ffffffff03017a00ffffffff0200f2052a01000000160014c9d9cdc3642ca0458ccf3b6082b251ab8aa241730000000000000000266a24aa21a9ede2f61c3f71d1defd3fa999dfa36953755c690689799962b48bebd836974e8cf90120000000000000000000000000000000000000000000000000000000000000000000000000

      at src/core/charms-sdk.ts:16:11

  console.error
    Stderr: No spell found in the transaction

      30 | 				}
      31 | 				if (stderr) {
    > 32 | 					console.error(`Stderr: ${stderr}`);
         | 					        ^
      33 | 				}
      34 | 				console.info(`Executed successfully: ${stdout}`);
      35 | 				resolve(stdout);

      at src/core/charms-sdk.ts:32:14

  console.info
    Executed successfully:

      at src/core/charms-sdk.ts:34:13

  console.log
    !!! 1 {
      spendable: true,
      value: 5000000000,
      txid: 'bc79006bd188e2143e48b91c2555b9a723ca472f7185532f0beb6905a3c92d6f',
      vout: 0
    } undefined

      at src/core/spells.ts:216:12

  console.info
    Executing command: /Users/gadiguy/workspace/charms/target/release/charms tx show-spell --tx 020000000001010000000000000000000000000000000000000000000000000000000000000000ffffffff04029a0300ffffffff02c817a804000000001600147ee0b7b0a06b1715257f82da01a3a4daa7a6aa780000000000000000266a24aa21a9ede2f61c3f71d1defd3fa999dfa36953755c690689799962b48bebd836974e8cf90120000000000000000000000000000000000000000000000000000000000000000000000000

      at src/core/charms-sdk.ts:16:11

  console.error
    Stderr: No spell found in the transaction

      30 | 				}
      31 | 				if (stderr) {
    > 32 | 					console.error(`Stderr: ${stderr}`);
         | 					        ^
      33 | 				}
      34 | 				console.info(`Executed successfully: ${stdout}`);
      35 | 				resolve(stdout);

      at src/core/charms-sdk.ts:32:14

  console.info
    Executed successfully:

      at src/core/charms-sdk.ts:34:13

  console.log
    !!! 1 {
      spendable: true,
      value: 78125000,
      txid: '2556342fee45c8132c9184d3939a1702af1b3344afbb364aad3a71af55a8de70',
      vout: 0
    } undefined

      at src/core/spells.ts:216:12

  console.info
    Executing command: /Users/gadiguy/workspace/charms/target/release/charms tx show-spell --tx 020000000001010000000000000000000000000000000000000000000000000000000000000000ffffffff04022f0100ffffffff02807c814a00000000160014c9d9cdc3642ca0458ccf3b6082b251ab8aa241730000000000000000266a24aa21a9ede2f61c3f71d1defd3fa999dfa36953755c690689799962b48bebd836974e8cf90120000000000000000000000000000000000000000000000000000000000000000000000000

      at src/core/charms-sdk.ts:16:11

  console.error
    Stderr: No spell found in the transaction

      30 | 				}
      31 | 				if (stderr) {
    > 32 | 					console.error(`Stderr: ${stderr}`);
         | 					        ^
      33 | 				}
      34 | 				console.info(`Executed successfully: ${stdout}`);
      35 | 				resolve(stdout);

      at src/core/charms-sdk.ts:32:14

  console.info
    Executed successfully:

      at src/core/charms-sdk.ts:34:13

  console.log
    !!! 1 {
      spendable: true,
      value: 1250000000,
      txid: 'd3d60c115a44aae938a6c5fac611816f7af8cd9f55e95ab4d8c37b9ca12be111',
      vout: 0
    } undefined

      at src/core/spells.ts:216:12

  console.info
    Executing command: /Users/gadiguy/workspace/charms/target/release/charms tx show-spell --tx 020000000001010000000000000000000000000000000000000000000000000000000000000000ffffffff0402b40300ffffffff02c817a80400000000160014b3455ce530ba44de213c9a78c2d662785143c5f40000000000000000266a24aa21a9ede2f61c3f71d1defd3fa999dfa36953755c690689799962b48bebd836974e8cf90120000000000000000000000000000000000000000000000000000000000000000000000000

      at src/core/charms-sdk.ts:16:11

  console.error
    Stderr: No spell found in the transaction

      30 | 				}
      31 | 				if (stderr) {
    > 32 | 					console.error(`Stderr: ${stderr}`);
         | 					        ^
      33 | 				}
      34 | 				console.info(`Executed successfully: ${stdout}`);
      35 | 				resolve(stdout);

      at src/core/charms-sdk.ts:32:14

  console.info
    Executed successfully:

      at src/core/charms-sdk.ts:34:13

  console.log
    !!! 1 {
      spendable: true,
      value: 78125000,
      txid: '8a2afdb0081a1aefa30ec23c0151096c71c74f02decd8926f63f2ef8c62df26f',
      vout: 0
    } undefined

      at src/core/spells.ts:216:12

  console.info
    Executing command: /Users/gadiguy/workspace/charms/target/release/charms tx show-spell --tx 020000000001010000000000000000000000000000000000000000000000000000000000000000ffffffff0402db0000ffffffff0200f9029500000000160014c9d9cdc3642ca0458ccf3b6082b251ab8aa241730000000000000000266a24aa21a9ede2f61c3f71d1defd3fa999dfa36953755c690689799962b48bebd836974e8cf90120000000000000000000000000000000000000000000000000000000000000000000000000

      at src/core/charms-sdk.ts:16:11

  console.error
    Stderr: No spell found in the transaction

      30 | 				}
      31 | 				if (stderr) {
    > 32 | 					console.error(`Stderr: ${stderr}`);
         | 					        ^
      33 | 				}
      34 | 				console.info(`Executed successfully: ${stdout}`);
      35 | 				resolve(stdout);

      at src/core/charms-sdk.ts:32:14

  console.info
    Executed successfully:

      at src/core/charms-sdk.ts:34:13

  console.log
    !!! 1 {
      spendable: true,
      value: 2500000000,
      txid: '194241873c4bbb8694209e5b09a3d87d6327cd98025cfdbf7182278c00a08769',
      vout: 0
    } undefined

      at src/core/spells.ts:216:12

  console.info
    Executing command: /Users/gadiguy/workspace/charms/target/release/charms tx show-spell --tx 020000000001010000000000000000000000000000000000000000000000000000000000000000ffffffff0402420100ffffffff02807c814a00000000160014c9d9cdc3642ca0458ccf3b6082b251ab8aa241730000000000000000266a24aa21a9ede2f61c3f71d1defd3fa999dfa36953755c690689799962b48bebd836974e8cf90120000000000000000000000000000000000000000000000000000000000000000000000000

      at src/core/charms-sdk.ts:16:11

  console.error
    Stderr: No spell found in the transaction

      30 | 				}
      31 | 				if (stderr) {
    > 32 | 					console.error(`Stderr: ${stderr}`);
         | 					        ^
      33 | 				}
      34 | 				console.info(`Executed successfully: ${stdout}`);
      35 | 				resolve(stdout);

      at src/core/charms-sdk.ts:32:14

  console.info
    Executed successfully:

      at src/core/charms-sdk.ts:34:13

  console.log
    !!! 1 {
      spendable: true,
      value: 1250000000,
      txid: 'a5273b6621487abf353198751e391dc68ec09008de734df761465436445f119f',
      vout: 0
    } undefined

      at src/core/spells.ts:216:12

  console.info
    Executing command: /Users/gadiguy/workspace/charms/target/release/charms tx show-spell --tx 020000000001010000000000000000000000000000000000000000000000000000000000000000ffffffff04027c0100ffffffff02807c814a00000000160014c9d9cdc3642ca0458ccf3b6082b251ab8aa241730000000000000000266a24aa21a9ede2f61c3f71d1defd3fa999dfa36953755c690689799962b48bebd836974e8cf90120000000000000000000000000000000000000000000000000000000000000000000000000

      at src/core/charms-sdk.ts:16:11

  console.error
    Stderr: No spell found in the transaction

      30 | 				}
      31 | 				if (stderr) {
    > 32 | 					console.error(`Stderr: ${stderr}`);
         | 					        ^
      33 | 				}
      34 | 				console.info(`Executed successfully: ${stdout}`);
      35 | 				resolve(stdout);

      at src/core/charms-sdk.ts:32:14

  console.info
    Executed successfully:

      at src/core/charms-sdk.ts:34:13

  console.log
    !!! 1 {
      spendable: true,
      value: 1250000000,
      txid: '2ea63d596ee0fe4082cbba0f8cdce425a26c9c9d57c3cccd56b8f3facf5c6673',
      vout: 0
    } undefined

      at src/core/spells.ts:216:12

  console.info
    Executing command: /Users/gadiguy/workspace/charms/target/release/charms tx show-spell --tx 020000000001010000000000000000000000000000000000000000000000000000000000000000ffffffff0402610300ffffffff02902f5009000000001600147ee0b7b0a06b1715257f82da01a3a4daa7a6aa780000000000000000266a24aa21a9ede2f61c3f71d1defd3fa999dfa36953755c690689799962b48bebd836974e8cf90120000000000000000000000000000000000000000000000000000000000000000000000000

      at src/core/charms-sdk.ts:16:11

  console.error
    Stderr: No spell found in the transaction

      30 | 				}
      31 | 				if (stderr) {
    > 32 | 					console.error(`Stderr: ${stderr}`);
         | 					        ^
      33 | 				}
      34 | 				console.info(`Executed successfully: ${stdout}`);
      35 | 				resolve(stdout);

      at src/core/charms-sdk.ts:32:14

  console.info
    Executed successfully:

      at src/core/charms-sdk.ts:34:13

  console.log
    !!! 1 {
      spendable: true,
      value: 156250000,
      txid: '3c200b02d179fd494440f1ca47d8f2dfd4110fe055f65a60d08bf7a964c2b32f',
      vout: 0
    } undefined

      at src/core/spells.ts:216:12

  console.info
    Executing command: /Users/gadiguy/workspace/charms/target/release/charms tx show-spell --tx 020000000001010000000000000000000000000000000000000000000000000000000000000000ffffffff0402d90100ffffffff0240be4025000000001600148dae6f2122b28418b4dcd043140798d3d20390c90000000000000000266a24aa21a9ede2f61c3f71d1defd3fa999dfa36953755c690689799962b48bebd836974e8cf90120000000000000000000000000000000000000000000000000000000000000000000000000

      at src/core/charms-sdk.ts:16:11

  console.error
    Stderr: No spell found in the transaction

      30 | 				}
      31 | 				if (stderr) {
    > 32 | 					console.error(`Stderr: ${stderr}`);
         | 					        ^
      33 | 				}
      34 | 				console.info(`Executed successfully: ${stdout}`);
      35 | 				resolve(stdout);

      at src/core/charms-sdk.ts:32:14

  console.info
    Executed successfully:

      at src/core/charms-sdk.ts:34:13

  console.log
    !!! 1 {
      spendable: true,
      value: 625000000,
      txid: 'e092cb11f484b7f2f9e9dbf038a6f9aeb4c1d9afa58212c23165fdec606c318d',
      vout: 0
    } undefined

      at src/core/spells.ts:216:12

  console.info
    Executing command: /Users/gadiguy/workspace/charms/target/release/charms tx show-spell --tx 020000000001010000000000000000000000000000000000000000000000000000000000000000ffffffff0402620100ffffffff02807c814a00000000160014c9d9cdc3642ca0458ccf3b6082b251ab8aa241730000000000000000266a24aa21a9ede2f61c3f71d1defd3fa999dfa36953755c690689799962b48bebd836974e8cf90120000000000000000000000000000000000000000000000000000000000000000000000000

      at src/core/charms-sdk.ts:16:11

  console.error
    Stderr: No spell found in the transaction

      30 | 				}
      31 | 				if (stderr) {
    > 32 | 					console.error(`Stderr: ${stderr}`);
         | 					        ^
      33 | 				}
      34 | 				console.info(`Executed successfully: ${stdout}`);
      35 | 				resolve(stdout);

      at src/core/charms-sdk.ts:32:14

  console.info
    Executed successfully:

      at src/core/charms-sdk.ts:34:13

  console.log
    !!! 1 {
      spendable: true,
      value: 1250000000,
      txid: '5447cda545d847e3ddabe3139acf30c7fe7812ccd43a6489f41322ed9c33bc8c',
      vout: 0
    } undefined

      at src/core/spells.ts:216:12

  console.info
    Executing command: /Users/gadiguy/workspace/charms/target/release/charms tx show-spell --tx 020000000001010000000000000000000000000000000000000000000000000000000000000000ffffffff04023d0100ffffffff02807c814a00000000160014c9d9cdc3642ca0458ccf3b6082b251ab8aa241730000000000000000266a24aa21a9ede2f61c3f71d1defd3fa999dfa36953755c690689799962b48bebd836974e8cf90120000000000000000000000000000000000000000000000000000000000000000000000000

      at src/core/charms-sdk.ts:16:11

  console.error
    Stderr: No spell found in the transaction

      30 | 				}
      31 | 				if (stderr) {
    > 32 | 					console.error(`Stderr: ${stderr}`);
         | 					        ^
      33 | 				}
      34 | 				console.info(`Executed successfully: ${stdout}`);
      35 | 				resolve(stdout);

      at src/core/charms-sdk.ts:32:14

  console.info
    Executed successfully:

      at src/core/charms-sdk.ts:34:13

  console.log
    !!! 1 {
      spendable: true,
      value: 1250000000,
      txid: '496866c98442cbf65f57aa79d7c5baba4eba7f282a538b62f30d334ffbeb4a8a',
      vout: 0
    } undefined

      at src/core/spells.ts:216:12

  console.info
    Executing command: /Users/gadiguy/workspace/charms/target/release/charms tx show-spell --tx 020000000001010000000000000000000000000000000000000000000000000000000000000000ffffffff0402080400ffffffff02c817a80400000000160014b3455ce530ba44de213c9a78c2d662785143c5f40000000000000000266a24aa21a9ede2f61c3f71d1defd3fa999dfa36953755c690689799962b48bebd836974e8cf90120000000000000000000000000000000000000000000000000000000000000000000000000

      at src/core/charms-sdk.ts:16:11

  console.error
    Stderr: No spell found in the transaction

      30 | 				}
      31 | 				if (stderr) {
    > 32 | 					console.error(`Stderr: ${stderr}`);
         | 					        ^
      33 | 				}
      34 | 				console.info(`Executed successfully: ${stdout}`);
      35 | 				resolve(stdout);

      at src/core/charms-sdk.ts:32:14

  console.info
    Executed successfully:

      at src/core/charms-sdk.ts:34:13

  console.log
    !!! 1 {
      spendable: true,
      value: 78125000,
      txid: '6a2cb21acc626d6fcf728fceee5a39a6c49826410382e1c323e4a0abca8466eb',
      vout: 0
    } undefined

      at src/core/spells.ts:216:12

  console.info
    Executing command: /Users/gadiguy/workspace/charms/target/release/charms tx show-spell --tx 020000000001010000000000000000000000000000000000000000000000000000000000000000ffffffff03017400ffffffff0200f2052a01000000160014c9d9cdc3642ca0458ccf3b6082b251ab8aa241730000000000000000266a24aa21a9ede2f61c3f71d1defd3fa999dfa36953755c690689799962b48bebd836974e8cf90120000000000000000000000000000000000000000000000000000000000000000000000000

      at src/core/charms-sdk.ts:16:11

  console.error
    Stderr: No spell found in the transaction

      30 | 				}
      31 | 				if (stderr) {
    > 32 | 					console.error(`Stderr: ${stderr}`);
         | 					        ^
      33 | 				}
      34 | 				console.info(`Executed successfully: ${stdout}`);
      35 | 				resolve(stdout);

      at src/core/charms-sdk.ts:32:14

  console.info
    Executed successfully:

      at src/core/charms-sdk.ts:34:13

  console.log
    !!! 1 {
      spendable: true,
      value: 5000000000,
      txid: 'e379ca5343e46ccfce4b02b3a5d4ffc8d9a7fc27420d7223916404779e78c728',
      vout: 0
    } undefined

      at src/core/spells.ts:216:12

  console.info
    Executing command: /Users/gadiguy/workspace/charms/target/release/charms tx show-spell --tx 020000000001010000000000000000000000000000000000000000000000000000000000000000ffffffff04023b0100ffffffff02807c814a00000000160014c9d9cdc3642ca0458ccf3b6082b251ab8aa241730000000000000000266a24aa21a9ede2f61c3f71d1defd3fa999dfa36953755c690689799962b48bebd836974e8cf90120000000000000000000000000000000000000000000000000000000000000000000000000

      at src/core/charms-sdk.ts:16:11

  console.error
    Stderr: No spell found in the transaction

      30 | 				}
      31 | 				if (stderr) {
    > 32 | 					console.error(`Stderr: ${stderr}`);
         | 					        ^
      33 | 				}
      34 | 				console.info(`Executed successfully: ${stdout}`);
      35 | 				resolve(stdout);

      at src/core/charms-sdk.ts:32:14

  console.info
    Executed successfully:

      at src/core/charms-sdk.ts:34:13

  console.log
    !!! 1 {
      spendable: true,
      value: 1250000000,
      txid: '9c5eeb59ab3b74a63f11ed77a4661bf01da466fbe21fe54cd7e8518edc5a4588',
      vout: 0
    } undefined

      at src/core/spells.ts:216:12

  console.info
    Executing command: /Users/gadiguy/workspace/charms/target/release/charms tx show-spell --tx 020000000001010000000000000000000000000000000000000000000000000000000000000000ffffffff0402a80000ffffffff0200f9029500000000160014c9d9cdc3642ca0458ccf3b6082b251ab8aa241730000000000000000266a24aa21a9ede2f61c3f71d1defd3fa999dfa36953755c690689799962b48bebd836974e8cf90120000000000000000000000000000000000000000000000000000000000000000000000000

      at src/core/charms-sdk.ts:16:11

  console.error
    Stderr: No spell found in the transaction

      30 | 				}
      31 | 				if (stderr) {
    > 32 | 					console.error(`Stderr: ${stderr}`);
         | 					        ^
      33 | 				}
      34 | 				console.info(`Executed successfully: ${stdout}`);
      35 | 				resolve(stdout);

      at src/core/charms-sdk.ts:32:14

  console.info
    Executed successfully:

      at src/core/charms-sdk.ts:34:13

  console.log
    !!! 1 {
      spendable: true,
      value: 2500000000,
      txid: '626b5efd2f42f8c82e5e88c9552a9275c32ba4f880b4760aa909a04262530987',
      vout: 0
    } undefined

      at src/core/spells.ts:216:12

  console.info
    Executing command: /Users/gadiguy/workspace/charms/target/release/charms tx show-spell --tx 020000000001010000000000000000000000000000000000000000000000000000000000000000ffffffff0402de0100ffffffff0240be4025000000001600148dae6f2122b28418b4dcd043140798d3d20390c90000000000000000266a24aa21a9ede2f61c3f71d1defd3fa999dfa36953755c690689799962b48bebd836974e8cf90120000000000000000000000000000000000000000000000000000000000000000000000000

      at src/core/charms-sdk.ts:16:11

  console.error
    Stderr: No spell found in the transaction

      30 | 				}
      31 | 				if (stderr) {
    > 32 | 					console.error(`Stderr: ${stderr}`);
         | 					        ^
      33 | 				}
      34 | 				console.info(`Executed successfully: ${stdout}`);
      35 | 				resolve(stdout);

      at src/core/charms-sdk.ts:32:14

  console.info
    Executed successfully:

      at src/core/charms-sdk.ts:34:13

  console.log
    !!! 1 {
      spendable: true,
      value: 625000000,
      txid: 'cd583b031cb923da964f42b81acbc55b5865dd6852718f444d7db7fa4a2b2267',
      vout: 0
    } undefined

      at src/core/spells.ts:216:12

  console.info
    Executing command: /Users/gadiguy/workspace/charms/target/release/charms tx show-spell --tx 020000000001010000000000000000000000000000000000000000000000000000000000000000ffffffff04020d0100ffffffff0200f9029500000000160014c9d9cdc3642ca0458ccf3b6082b251ab8aa241730000000000000000266a24aa21a9ede2f61c3f71d1defd3fa999dfa36953755c690689799962b48bebd836974e8cf90120000000000000000000000000000000000000000000000000000000000000000000000000

      at src/core/charms-sdk.ts:16:11

  console.error
    Stderr: No spell found in the transaction

      30 | 				}
      31 | 				if (stderr) {
    > 32 | 					console.error(`Stderr: ${stderr}`);
         | 					        ^
      33 | 				}
      34 | 				console.info(`Executed successfully: ${stdout}`);
      35 | 				resolve(stdout);

      at src/core/charms-sdk.ts:32:14

  console.info
    Executed successfully:

      at src/core/charms-sdk.ts:34:13

  console.log
    !!! 1 {
      spendable: true,
      value: 2500000000,
      txid: '388ab865a39c43d673591cfb4d56c1072bff4a4ead54b857710f216562f84286',
      vout: 0
    } undefined

      at src/core/spells.ts:216:12

  console.info
    Executing command: /Users/gadiguy/workspace/charms/target/release/charms tx show-spell --tx 020000000001010000000000000000000000000000000000000000000000000000000000000000ffffffff0402f90000ffffffff0200f9029500000000160014c9d9cdc3642ca0458ccf3b6082b251ab8aa241730000000000000000266a24aa21a9ede2f61c3f71d1defd3fa999dfa36953755c690689799962b48bebd836974e8cf90120000000000000000000000000000000000000000000000000000000000000000000000000

      at src/core/charms-sdk.ts:16:11

  console.error
    Stderr: No spell found in the transaction

      30 | 				}
      31 | 				if (stderr) {
    > 32 | 					console.error(`Stderr: ${stderr}`);
         | 					        ^
      33 | 				}
      34 | 				console.info(`Executed successfully: ${stdout}`);
      35 | 				resolve(stdout);

      at src/core/charms-sdk.ts:32:14

  console.info
    Executed successfully:

      at src/core/charms-sdk.ts:34:13

  console.log
    !!! 1 {
      spendable: true,
      value: 2500000000,
      txid: '41556f346621ea2a8e7377ad3e50da4e4652927893e4e1fdab5e4a2d38b4a1c8',
      vout: 0
    } undefined

      at src/core/spells.ts:216:12

  console.info
    Executing command: /Users/gadiguy/workspace/charms/target/release/charms tx show-spell --tx 020000000001010000000000000000000000000000000000000000000000000000000000000000ffffffff0402400400ffffffff02e40b540200000000160014c699b99a00cc336f2cd3615b2361af367128c86a0000000000000000266a24aa21a9ede2f61c3f71d1defd3fa999dfa36953755c690689799962b48bebd836974e8cf90120000000000000000000000000000000000000000000000000000000000000000000000000

      at src/core/charms-sdk.ts:16:11

  console.error
    Stderr: No spell found in the transaction

      30 | 				}
      31 | 				if (stderr) {
    > 32 | 					console.error(`Stderr: ${stderr}`);
         | 					        ^
      33 | 				}
      34 | 				console.info(`Executed successfully: ${stdout}`);
      35 | 				resolve(stdout);

      at src/core/charms-sdk.ts:32:14

  console.info
    Executed successfully:

      at src/core/charms-sdk.ts:34:13

  console.log
    !!! 1 {
      spendable: true,
      value: 39062500,
      txid: 'cc470f01024f674cf3d7877c198e4b36dd576ad9e8706de1880774b892100100',
      vout: 0
    } undefined

      at src/core/spells.ts:216:12

  console.info
    Executing command: /Users/gadiguy/workspace/charms/target/release/charms tx show-spell --tx 020000000001010000000000000000000000000000000000000000000000000000000000000000ffffffff04024e0100ffffffff02807c814a00000000160014c9d9cdc3642ca0458ccf3b6082b251ab8aa241730000000000000000266a24aa21a9ede2f61c3f71d1defd3fa999dfa36953755c690689799962b48bebd836974e8cf90120000000000000000000000000000000000000000000000000000000000000000000000000

      at src/core/charms-sdk.ts:16:11

  console.error
    Stderr: No spell found in the transaction

      30 | 				}
      31 | 				if (stderr) {
    > 32 | 					console.error(`Stderr: ${stderr}`);
         | 					        ^
      33 | 				}
      34 | 				console.info(`Executed successfully: ${stdout}`);
      35 | 				resolve(stdout);

      at src/core/charms-sdk.ts:32:14

  console.info
    Executed successfully:

      at src/core/charms-sdk.ts:34:13

  console.log
    !!! 1 {
      spendable: true,
      value: 1250000000,
      txid: '7f1c792593b5b975edf45891d41d3c4ff3379252fb59ce92442023e69ff14086',
      vout: 0
    } undefined

      at src/core/spells.ts:216:12

  console.info
    Executing command: /Users/gadiguy/workspace/charms/target/release/charms tx show-spell --tx 020000000001010000000000000000000000000000000000000000000000000000000000000000ffffffff0402530100ffffffff02807c814a00000000160014c9d9cdc3642ca0458ccf3b6082b251ab8aa241730000000000000000266a24aa21a9ede2f61c3f71d1defd3fa999dfa36953755c690689799962b48bebd836974e8cf90120000000000000000000000000000000000000000000000000000000000000000000000000

      at src/core/charms-sdk.ts:16:11

  console.error
    Stderr: No spell found in the transaction

      30 | 				}
      31 | 				if (stderr) {
    > 32 | 					console.error(`Stderr: ${stderr}`);
         | 					        ^
      33 | 				}
      34 | 				console.info(`Executed successfully: ${stdout}`);
      35 | 				resolve(stdout);

      at src/core/charms-sdk.ts:32:14

  console.info
    Executed successfully:

      at src/core/charms-sdk.ts:34:13

  console.log
    !!! 1 {
      spendable: true,
      value: 1250000000,
      txid: '0f118beae8fe514d50d7a683bbd30b7d8707bb3396f4e6bc7de4d65b041a5285',
      vout: 0
    } undefined

      at src/core/spells.ts:216:12

  console.info
    Executing command: /Users/gadiguy/workspace/charms/target/release/charms tx show-spell --tx 020000000001010000000000000000000000000000000000000000000000000000000000000000ffffffff0402eb0000ffffffff0200f9029500000000160014c9d9cdc3642ca0458ccf3b6082b251ab8aa241730000000000000000266a24aa21a9ede2f61c3f71d1defd3fa999dfa36953755c690689799962b48bebd836974e8cf90120000000000000000000000000000000000000000000000000000000000000000000000000

      at src/core/charms-sdk.ts:16:11

  console.error
    Stderr: No spell found in the transaction

      30 | 				}
      31 | 				if (stderr) {
    > 32 | 					console.error(`Stderr: ${stderr}`);
         | 					        ^
      33 | 				}
      34 | 				console.info(`Executed successfully: ${stdout}`);
      35 | 				resolve(stdout);

      at src/core/charms-sdk.ts:32:14

  console.info
    Executed successfully:

      at src/core/charms-sdk.ts:34:13

  console.log
    !!! 1 {
      spendable: true,
      value: 2500000000,
      txid: '107c552529b00b8dc83f48ea40fb5349b71a8ffe8b9f273f852f4c40b21a161c',
      vout: 0
    } undefined

      at src/core/spells.ts:216:12

  console.info
    Executing command: /Users/gadiguy/workspace/charms/target/release/charms tx show-spell --tx 020000000001010000000000000000000000000000000000000000000000000000000000000000ffffffff0402b60300ffffffff02c817a80400000000160014b3455ce530ba44de213c9a78c2d662785143c5f40000000000000000266a24aa21a9ede2f61c3f71d1defd3fa999dfa36953755c690689799962b48bebd836974e8cf90120000000000000000000000000000000000000000000000000000000000000000000000000

      at src/core/charms-sdk.ts:16:11

  console.error
    Stderr: No spell found in the transaction

      30 | 				}
      31 | 				if (stderr) {
    > 32 | 					console.error(`Stderr: ${stderr}`);
         | 					        ^
      33 | 				}
      34 | 				console.info(`Executed successfully: ${stdout}`);
      35 | 				resolve(stdout);

      at src/core/charms-sdk.ts:32:14

  console.info
    Executed successfully:

      at src/core/charms-sdk.ts:34:13

  console.log
    !!! 1 {
      spendable: true,
      value: 78125000,
      txid: '64fa10f9fef6626c5e1460ed88ffec97ecec63c484c03db117f45eb012aa2174',
      vout: 0
    } undefined

      at src/core/spells.ts:216:12

  console.info
    Executing command: /Users/gadiguy/workspace/charms/target/release/charms tx show-spell --tx 02000000000103b52fdcee5ad673a70ad498403a36d25f775092c123f18baddcdd41d5ea5ec0900000000000ffffffffdff1cc89cbeb5a531cd1fec6afbd252c4be2edc861f1d3cce0efabd74a205a0c0100000000ffffffff8e233d3005a261131b63a1e3d0cae8ec18861defdff2e94b102316bf4ed56b8d0000000000ffffffff03e80300000000000022512097680dbf9f28b50ab17353f754fe182e8a0ae70482598ce848e1892089366105e80300000000000022512093fbbc3ef1d0e1417698e4acc801c811523afa0b17712333440b5be41babc4ea3cc0f5940000000016001408f3c7e3c108cfd82df0f046a2bfb191af50c69f0340a0a7bc94194b3fa924222493b1a57035d42eb9225cb85aacba9defb57587947c5ce13ec38bcc4d7665abbe993cb18dccc20c77fca660b5fcbd0d0378ffe3ca5d2420144fa4304a9ca768ec0c13e2ead4e6b46ae93432230918fe31486a16603df776ac519c21c150929b74c1a04954b78b4b6035e97a5e078a5a0f28ec96d547bfee9ace803ac00340883b9cf373a823e66abb31f749d146dbbbc097b84ed7d151d1c0c41f0fb0e544057cdded2719d28be6fad095192be8a3d2f22b9040dc6290a4b4fffaad5eb06f242018ceb93fea71f7019fcb81abc5a8dcad8240ff787456f42dfe0268eedadec661ac519c41c150929b74c1a04954b78b4b6035e97a5e078a5a0f28ec96d547bfee9ace803ac08418ddfaf8483c6a694847886fe13317fb434f1d72bcc999aec641d2545bc42a0340ec01559c6cf7704f36ae80023e089f3020044ec132b210880ba3375e884358680e4bd46238073f1dba69d6e8eb4095cc209a30b71d11eda3816820bf015634dffd18020063057370656c6c4dea0182a36776657273696f6e04627478a2647265667380646f75747382a100a3667469636b657269475241494c2d4e46547163757272656e745f636f7369676e6572737840313863656239336665613731663730313966636238316162633561386463616438323430666637383734353666343264666530323638656564616465633636317163757272656e745f7468726573686f6c6401a200a164747970656b757365725f636861726d7301a166616d6f756e741a000f4240716170705f7075626c69635f696e70757473a283616e982018e118ed18ae18e018c118ae18a4185c1874187e1891183c1118a318e9183818e318561855185618a118b418e01118e5186702182b185d02185e15982018ea18d6184b182818a51885184f184b18e41836183718301853186218f3183b183218fa1853183e18bd182118cc182c18da1896188404185018f418211851a166616374696f6e66757064617465836174982018e118ed18ae18e018c118ae18a4185c1874187e1891183c1118a318e9183818e318561855185618a118b418e01118e5186702182b185d02185e15982018ea18d6184b182818a51885184f184b18e41836183718301853186218f3183b183218fa1853183e18bd182118cc182c18da1896188404185018f418211851a166616374696f6e646d696e748068206f518fe64eae23659773280742ccab3ac57be1d953721885fd8b1af743fd470fac21c06f518fe64eae23659773280742ccab3ac57be1d953721885fd8b1af743fd470f00000000

      at src/core/charms-sdk.ts:16:11

  console.info
    Executed successfully: version: 4
    apps:
      $0000: n/e1edaee0c1aea45c747e913c11a3e938e3565556a1b4e011e567022b5d025e15/ead64b28a5854f4be43637305362f33b32fa533ebd21cc2cda96840450f42151
      $0001: t/e1edaee0c1aea45c747e913c11a3e938e3565556a1b4e011e567022b5d025e15/ead64b28a5854f4be43637305362f33b32fa533ebd21cc2cda96840450f42151
    public_args:
      $0000:
        action: update
      $0001:
        action: mint
    ins:
    - utxo_id: 90c05eead541dddcad8bf123c19250775fd2363a4098d40aa773d65aeedc2fb5:0
    - utxo_id: 0c5a204ad7abefe0ccd3f161c8ede24b2c25bdafc6fed11c535aebcb89ccf1df:1
    outs:
    - charms:
        $0000:
          ticker: GRAIL-NFT
          current_cosigners: 18ceb93fea71f7019fcb81abc5a8dcad8240ff787456f42dfe0268eedadec661
          current_threshold: 1
    - charms:
        $0000:
          type: user_charms
        $0001:
          amount: 1000000

      at src/core/charms-sdk.ts:34:13

  console.log
    !!! 1 {
      spendable: true,
      value: 2499133500,
      txid: 'fce0b171e2072b01f183aa33780747371c804db9f87b4c774f9c0d80cb2e7ebe',
      vout: 2
    } undefined

      at src/core/spells.ts:216:12

  console.info
    Executing command: /Users/gadiguy/workspace/charms/target/release/charms tx show-spell --tx 020000000001010000000000000000000000000000000000000000000000000000000000000000ffffffff0402e50100ffffffff0240be4025000000001600148dae6f2122b28418b4dcd043140798d3d20390c90000000000000000266a24aa21a9ede2f61c3f71d1defd3fa999dfa36953755c690689799962b48bebd836974e8cf90120000000000000000000000000000000000000000000000000000000000000000000000000

      at src/core/charms-sdk.ts:16:11

  console.error
    Stderr: No spell found in the transaction

      30 | 				}
      31 | 				if (stderr) {
    > 32 | 					console.error(`Stderr: ${stderr}`);
         | 					        ^
      33 | 				}
      34 | 				console.info(`Executed successfully: ${stdout}`);
      35 | 				resolve(stdout);

      at src/core/charms-sdk.ts:32:14

  console.info
    Executed successfully:

      at src/core/charms-sdk.ts:34:13

  console.log
    !!! 1 {
      spendable: true,
      value: 625000000,
      txid: '011297857e65a5af5dce29edc7102fbf2f17912e089d3e00862f2591c960aba4',
      vout: 0
    } undefined

      at src/core/spells.ts:216:12

  console.info
    Executing command: /Users/gadiguy/workspace/charms/target/release/charms tx show-spell --tx 020000000001010000000000000000000000000000000000000000000000000000000000000000ffffffff0402c10100ffffffff02807c814a000000001600148dae6f2122b28418b4dcd043140798d3d20390c90000000000000000266a24aa21a9ede2f61c3f71d1defd3fa999dfa36953755c690689799962b48bebd836974e8cf90120000000000000000000000000000000000000000000000000000000000000000000000000

      at src/core/charms-sdk.ts:16:11

  console.error
    Stderr: No spell found in the transaction

      30 | 				}
      31 | 				if (stderr) {
    > 32 | 					console.error(`Stderr: ${stderr}`);
         | 					        ^
      33 | 				}
      34 | 				console.info(`Executed successfully: ${stdout}`);
      35 | 				resolve(stdout);

      at src/core/charms-sdk.ts:32:14

  console.info
    Executed successfully:

      at src/core/charms-sdk.ts:34:13

  console.log
    !!! 1 {
      spendable: true,
      value: 1250000000,
      txid: '3764e0d357cf5299571d55173e3451ecf2b4fae1694b68947330aec9e6e7f583',
      vout: 0
    } undefined

      at src/core/spells.ts:216:12

  console.info
    Executing command: /Users/gadiguy/workspace/charms/target/release/charms tx show-spell --tx 020000000001010000000000000000000000000000000000000000000000000000000000000000ffffffff0402f80000ffffffff0200f9029500000000160014c9d9cdc3642ca0458ccf3b6082b251ab8aa241730000000000000000266a24aa21a9ede2f61c3f71d1defd3fa999dfa36953755c690689799962b48bebd836974e8cf90120000000000000000000000000000000000000000000000000000000000000000000000000

      at src/core/charms-sdk.ts:16:11

  console.error
    Stderr: No spell found in the transaction

      30 | 				}
      31 | 				if (stderr) {
    > 32 | 					console.error(`Stderr: ${stderr}`);
         | 					        ^
      33 | 				}
      34 | 				console.info(`Executed successfully: ${stdout}`);
      35 | 				resolve(stdout);

      at src/core/charms-sdk.ts:32:14

  console.info
    Executed successfully:

      at src/core/charms-sdk.ts:34:13

  console.log
    !!! 1 {
      spendable: true,
      value: 2500000000,
      txid: 'fff0e1d497668ad553098dff04a181c75ded31087cadcbe292606049c4a18461',
      vout: 0
    } undefined

      at src/core/spells.ts:216:12

  console.info
    Executing command: /Users/gadiguy/workspace/charms/target/release/charms tx show-spell --tx 020000000001010000000000000000000000000000000000000000000000000000000000000000ffffffff0402750300ffffffff02902f5009000000001600147ee0b7b0a06b1715257f82da01a3a4daa7a6aa780000000000000000266a24aa21a9ede2f61c3f71d1defd3fa999dfa36953755c690689799962b48bebd836974e8cf90120000000000000000000000000000000000000000000000000000000000000000000000000

      at src/core/charms-sdk.ts:16:11

  console.error
    Stderr: No spell found in the transaction

      30 | 				}
      31 | 				if (stderr) {
    > 32 | 					console.error(`Stderr: ${stderr}`);
         | 					        ^
      33 | 				}
      34 | 				console.info(`Executed successfully: ${stdout}`);
      35 | 				resolve(stdout);

      at src/core/charms-sdk.ts:32:14

  console.info
    Executed successfully:

      at src/core/charms-sdk.ts:34:13

  console.log
    !!! 1 {
      spendable: true,
      value: 156250000,
      txid: 'a9b71369c1980376d5d29bb18c69d336a0b9c49229917d39380db2de961af01f',
      vout: 0
    } undefined

      at src/core/spells.ts:216:12

  console.info
    Executing command: /Users/gadiguy/workspace/charms/target/release/charms tx show-spell --tx 020000000001010000000000000000000000000000000000000000000000000000000000000000ffffffff04024b0100ffffffff02807c814a00000000160014c9d9cdc3642ca0458ccf3b6082b251ab8aa241730000000000000000266a24aa21a9ede2f61c3f71d1defd3fa999dfa36953755c690689799962b48bebd836974e8cf90120000000000000000000000000000000000000000000000000000000000000000000000000

      at src/core/charms-sdk.ts:16:11

  console.error
    Stderr: No spell found in the transaction

      30 | 				}
      31 | 				if (stderr) {
    > 32 | 					console.error(`Stderr: ${stderr}`);
         | 					        ^
      33 | 				}
      34 | 				console.info(`Executed successfully: ${stdout}`);
      35 | 				resolve(stdout);

      at src/core/charms-sdk.ts:32:14

  console.info
    Executed successfully:

      at src/core/charms-sdk.ts:34:13

  console.log
    !!! 1 {
      spendable: true,
      value: 1250000000,
      txid: '33f7859ddd90b5e83da6e26d9c18aa4e6dee5fc52deb72f0394be89a6a8d544a',
      vout: 0
    } undefined

      at src/core/spells.ts:216:12

  console.info
    Executing command: /Users/gadiguy/workspace/charms/target/release/charms tx show-spell --tx 020000000001010000000000000000000000000000000000000000000000000000000000000000ffffffff04029b0300ffffffff02c817a804000000001600147ee0b7b0a06b1715257f82da01a3a4daa7a6aa780000000000000000266a24aa21a9ede2f61c3f71d1defd3fa999dfa36953755c690689799962b48bebd836974e8cf90120000000000000000000000000000000000000000000000000000000000000000000000000

      at src/core/charms-sdk.ts:16:11

  console.error
    Stderr: No spell found in the transaction

      30 | 				}
      31 | 				if (stderr) {
    > 32 | 					console.error(`Stderr: ${stderr}`);
         | 					        ^
      33 | 				}
      34 | 				console.info(`Executed successfully: ${stdout}`);
      35 | 				resolve(stdout);

      at src/core/charms-sdk.ts:32:14

  console.info
    Executed successfully:

      at src/core/charms-sdk.ts:34:13

  console.log
    !!! 1 {
      spendable: true,
      value: 78125000,
      txid: '9e98d23b37fe1d4e2a63a5ad083adb1680f869e1311606077dc4d8f0758df295',
      vout: 0
    } undefined

      at src/core/spells.ts:216:12

  console.info
    Executing command: /Users/gadiguy/workspace/charms/target/release/charms tx show-spell --tx 020000000001010000000000000000000000000000000000000000000000000000000000000000ffffffff0402500100ffffffff02807c814a00000000160014c9d9cdc3642ca0458ccf3b6082b251ab8aa241730000000000000000266a24aa21a9ede2f61c3f71d1defd3fa999dfa36953755c690689799962b48bebd836974e8cf90120000000000000000000000000000000000000000000000000000000000000000000000000

      at src/core/charms-sdk.ts:16:11

  console.error
    Stderr: No spell found in the transaction

      30 | 				}
      31 | 				if (stderr) {
    > 32 | 					console.error(`Stderr: ${stderr}`);
         | 					        ^
      33 | 				}
      34 | 				console.info(`Executed successfully: ${stdout}`);
      35 | 				resolve(stdout);

      at src/core/charms-sdk.ts:32:14

  console.info
    Executed successfully:

      at src/core/charms-sdk.ts:34:13

  console.log
    !!! 1 {
      spendable: true,
      value: 1250000000,
      txid: 'be4eadea5551b5a20ba461d1df343c632e0f0d66ed42f3e540412751b4f0867f',
      vout: 0
    } undefined

      at src/core/spells.ts:216:12

  console.info
    Executing command: /Users/gadiguy/workspace/charms/target/release/charms tx show-spell --tx 020000000001010000000000000000000000000000000000000000000000000000000000000000ffffffff04026a0200ffffffff02205fa01200000000160014565dbe4e929f0f3587ef4ff2533f3dd04fce75c70000000000000000266a24aa21a9ede2f61c3f71d1defd3fa999dfa36953755c690689799962b48bebd836974e8cf90120000000000000000000000000000000000000000000000000000000000000000000000000

      at src/core/charms-sdk.ts:16:11

  console.error
    Stderr: No spell found in the transaction

      30 | 				}
      31 | 				if (stderr) {
    > 32 | 					console.error(`Stderr: ${stderr}`);
         | 					        ^
      33 | 				}
      34 | 				console.info(`Executed successfully: ${stdout}`);
      35 | 				resolve(stdout);

      at src/core/charms-sdk.ts:32:14

  console.info
    Executed successfully:

      at src/core/charms-sdk.ts:34:13

  console.log
    !!! 1 {
      spendable: true,
      value: 312500000,
      txid: 'aba4d4ff458d3462414ac3944980bb45c8d8737d1aa1e5df96721c5d70071124',
      vout: 0
    } undefined

      at src/core/spells.ts:216:12

  console.info
    Executing command: /Users/gadiguy/workspace/charms/target/release/charms tx show-spell --tx 020000000001010000000000000000000000000000000000000000000000000000000000000000ffffffff03017100ffffffff0200f2052a01000000160014c9d9cdc3642ca0458ccf3b6082b251ab8aa241730000000000000000266a24aa21a9ede2f61c3f71d1defd3fa999dfa36953755c690689799962b48bebd836974e8cf90120000000000000000000000000000000000000000000000000000000000000000000000000

      at src/core/charms-sdk.ts:16:11

  console.error
    Stderr: No spell found in the transaction

      30 | 				}
      31 | 				if (stderr) {
    > 32 | 					console.error(`Stderr: ${stderr}`);
         | 					        ^
      33 | 				}
      34 | 				console.info(`Executed successfully: ${stdout}`);
      35 | 				resolve(stdout);

      at src/core/charms-sdk.ts:32:14

  console.info
    Executed successfully:

      at src/core/charms-sdk.ts:34:13

  console.log
    !!! 1 {
      spendable: true,
      value: 5000000000,
      txid: '5969e13bf1a0ef54aeeb2d48a198c2082a0704271f947b82637ee44d4ee65da3',
      vout: 0
    } undefined

      at src/core/spells.ts:216:12

  console.info
    Executing command: /Users/gadiguy/workspace/charms/target/release/charms tx show-spell --tx 020000000001010000000000000000000000000000000000000000000000000000000000000000ffffffff03016e00ffffffff0200f2052a01000000160014c9d9cdc3642ca0458ccf3b6082b251ab8aa241730000000000000000266a24aa21a9ede2f61c3f71d1defd3fa999dfa36953755c690689799962b48bebd836974e8cf90120000000000000000000000000000000000000000000000000000000000000000000000000

      at src/core/charms-sdk.ts:16:11

  console.error
    Stderr: No spell found in the transaction

      30 | 				}
      31 | 				if (stderr) {
    > 32 | 					console.error(`Stderr: ${stderr}`);
         | 					        ^
      33 | 				}
      34 | 				console.info(`Executed successfully: ${stdout}`);
      35 | 				resolve(stdout);

      at src/core/charms-sdk.ts:32:14

  console.info
    Executed successfully:

      at src/core/charms-sdk.ts:34:13

  console.log
    !!! 1 {
      spendable: true,
      value: 5000000000,
      txid: '4c2669c0d8a7956e608b5c2400c3924ee02c186e6a6a7bb4db880fe34abcbc31',
      vout: 0
    } undefined

      at src/core/spells.ts:216:12

  console.info
    Executing command: /Users/gadiguy/workspace/charms/target/release/charms tx show-spell --tx 020000000001010000000000000000000000000000000000000000000000000000000000000000ffffffff0402050200ffffffff0233c3402500000000160014ad52853953fb43618749c7cd478dc8c36da88b410000000000000000266a24aa21a9ed28a88b22b2b7f6c2c3023880d8343c9de9a2ffc8e44dc35c34c05125827d50240120000000000000000000000000000000000000000000000000000000000000000000000000

      at src/core/charms-sdk.ts:16:11

  console.error
    Stderr: No spell found in the transaction

      30 | 				}
      31 | 				if (stderr) {
    > 32 | 					console.error(`Stderr: ${stderr}`);
         | 					        ^
      33 | 				}
      34 | 				console.info(`Executed successfully: ${stdout}`);
      35 | 				resolve(stdout);

      at src/core/charms-sdk.ts:32:14

  console.info
    Executed successfully:

      at src/core/charms-sdk.ts:34:13

  console.log
    !!! 1 {
      spendable: true,
      value: 625001267,
      txid: '50e459f56f6a9e8fc70fa38caf5434d5479eadc669009cc3a205d63960c01b99',
      vout: 0
    } undefined

      at src/core/spells.ts:216:12

  console.info
    Executing command: /Users/gadiguy/workspace/charms/target/release/charms tx show-spell --tx 02000000000102c2f5124b16a2d9254ecb0b2418c387808b3c2ab2f30f69d30962f567926287670000000000ffffffff84826f962e5f83fadd4355a33fa8bf5728dd87f36f6cdc17d06b762a821c83920000000000ffffffff03e8030000000000002251205afec6d38f99b81d705510fc0ac4832e9b02296b9ef16af760378af66fa3a3e2e8030000000000001600140c2ba5242064097fe376ac41be7c892a7abec8fa3e6f814a00000000160014235d134597b64c07ebbc2f522eea12e259f2147a040040eae2a0bb3216aae4b1de72cf6e8bb54c63be2235691ac040374d6d99d08ab799f5ef28ac76be8622d9cc8a26fde155c7f795a869817edbbf864521e37eb332324620b95552a6fa61ea56171e6e260cdba57d250b44ba1234dc928a177698f3f016daac20ff61e0fc3b753acb4c32943452d09b8f6d1e58a05e9ee140d7e76441aab70c4cba519c21c050929b74c1a04954b78b4b6035e97a5e078a5a0f28ec96d547bfee9ace803ac0034198380525774f9d6d12881bea7c5cf0e241bb75e8cb4aa6983e7de25f3c458d48ae6c8f7f8b8636720b562e59ddb93c1c86e1fcc2144940139e66e6ab53e36d4581fd3a040063057370656c6c4d080282a36776657273696f6e04627478a2647265667380646f75747382a100a3667469636b657269475241494c2d4e46547163757272656e745f636f7369676e6572737881666636316530666333623735336163623463333239343334353264303962386636643165353861303565396565313430643765373634343161616237306334632c623935353532613666613631656135363137316536653236306364626135376432353062343462613132333464633932386131373736393866336630313664617163757272656e745f7468726573686f6c6401a101a166616d6f756e741903e8716170705f7075626c69635f696e70757473a283616e9820189518dc189318ab1821189518da183018f9184c185718a318cc189618cc18ba18ca18ba18bc18fa18b3188e183a188318b617188c051893187e182318579820183d0d18a31857186e183518a20118b4189718da1518be18cb1881183c18eb185b184d031873182318b1185b18eb182d18d4184b0d18b418301858a166616374696f6e667570646174658361749820189518dc189318ab1821189518da183018f9184c185718a318cc189618cc18ba18ca18ba18bc18fa18b3188e183a188318b617188c051893187e182318579820183d0d18a31857186e183518a20118b4189718da1518be18cb1881183c18eb185b184d031873182318b1185b18eb182d18d4184b0d18b418301858a1664d0102616374696f6e646d696e7499010418a41859184c1859182b18c7185e181a18c9182c18e9184b183018d518c318b0111893185a0d189818e205182818a20c18b3188918b2189c18af181e18c7189918eb188e1826184c0f18af188318eb187918dc182d18b418ac18a109183e1878188818ab18f1189c18a2186018e8186a18aa1880183a186418d618bb183a18381855182f182e18f61896185018fa1824189418f118c418f9185218ae18e5189d18db18c5186918bc184a18dc187618fc183c188818bd184518e818cd185c186118ca182404189118ec18c01118d81880181b011854189818e81822184918bc1843188c18bc18f318a418bc18d8188f182b1821185418b318d6186c184618fe182b1018c118db185f18fe18a018bd18520418d60d187418ec18471890185003189c186b1850183e187c187d18f118cc1843185618f9184818ed186a04181f186618ca1872186218e918e81839182f1878186118611878181b18de04188318cd18f818c11894189b1843185718f6141018d9185f18b918c9182f18bb182f18ae1884185e141838187e18f1188e184418d118cb18db0218dd18bb18e5182e18ed188f18c9189b0118bc18ab187a186018ab187d13182018c318791823187d18c618f2185b18f018ff18531870186e18b518ab1866182b18bc1871187b18ff188418881870183f18e418ab188e18c1184c18c2183f682093acf557835196244d880e159e020917a12700728b871fa629febc890aa6f427ac21c193acf557835196244d880e159e020917a12700728b871fa629febc890aa6f42700000000

      at src/core/charms-sdk.ts:16:11

  console.info
    Executed successfully: version: 4
    apps:
      $0000: n/95dc93ab2195da30f94c57a3cc96ccbacababcfab38e3a83b6178c05937e2357/3d0da3576e35a201b497da15becb813ceb5b4d037323b15beb2dd44b0db43058
      $0001: t/95dc93ab2195da30f94c57a3cc96ccbacababcfab38e3a83b6178c05937e2357/3d0da3576e35a201b497da15becb813ceb5b4d037323b15beb2dd44b0db43058
    public_args:
      $0000:
        action: update
      $0001:
        action: mint
    ins:
    - utxo_id: 6787629267f56209d3690ff3b22a3c8b8087c318240bcb4e25d9a2164b12f5c2:0
    outs:
    - charms:
        $0000:
          ticker: GRAIL-NFT
          current_cosigners: ff61e0fc3b753acb4c32943452d09b8f6d1e58a05e9ee140d7e76441aab70c4c,b95552a6fa61ea56171e6e260cdba57d250b44ba1234dc928a177698f3f016da
          current_threshold: 1
    - charms:
        $0001:
          amount: 1000

      at src/core/charms-sdk.ts:34:13

  console.log
    !!! 1 {
      spendable: true,
      value: 1000,
      txid: 'c5c823a1d59b32cb753e529ec940f060f4aeb4b040415326e9656b0d60cdff92',
      vout: 1
    } undefined

      at src/core/spells.ts:216:12

  console.info
    Executing command: /Users/gadiguy/workspace/charms/target/release/charms tx show-spell --tx 020000000001010000000000000000000000000000000000000000000000000000000000000000ffffffff04025f0100ffffffff02807c814a00000000160014c9d9cdc3642ca0458ccf3b6082b251ab8aa241730000000000000000266a24aa21a9ede2f61c3f71d1defd3fa999dfa36953755c690689799962b48bebd836974e8cf90120000000000000000000000000000000000000000000000000000000000000000000000000

      at src/core/charms-sdk.ts:16:11

  console.error
    Stderr: No spell found in the transaction

      30 | 				}
      31 | 				if (stderr) {
    > 32 | 					console.error(`Stderr: ${stderr}`);
         | 					        ^
      33 | 				}
      34 | 				console.info(`Executed successfully: ${stdout}`);
      35 | 				resolve(stdout);

      at src/core/charms-sdk.ts:32:14

  console.info
    Executed successfully:

      at src/core/charms-sdk.ts:34:13

  console.log
    !!! 1 {
      spendable: true,
      value: 1250000000,
      txid: '999428b6beff68f23b652209fce2295054eff9e8c07c7934fc82e1aeec5e9772',
      vout: 0
    } undefined

      at src/core/spells.ts:216:12

  console.info
    Executing command: /Users/gadiguy/workspace/charms/target/release/charms tx show-spell --tx 020000000001010000000000000000000000000000000000000000000000000000000000000000ffffffff0402f30000ffffffff0200f9029500000000160014c9d9cdc3642ca0458ccf3b6082b251ab8aa241730000000000000000266a24aa21a9ede2f61c3f71d1defd3fa999dfa36953755c690689799962b48bebd836974e8cf90120000000000000000000000000000000000000000000000000000000000000000000000000

      at src/core/charms-sdk.ts:16:11

  console.error
    Stderr: No spell found in the transaction

      30 | 				}
      31 | 				if (stderr) {
    > 32 | 					console.error(`Stderr: ${stderr}`);
         | 					        ^
      33 | 				}
      34 | 				console.info(`Executed successfully: ${stdout}`);
      35 | 				resolve(stdout);

      at src/core/charms-sdk.ts:32:14

  console.info
    Executed successfully:

      at src/core/charms-sdk.ts:34:13

  console.log
    !!! 1 {
      spendable: true,
      value: 2500000000,
      txid: 'a3dace16cb550b73e1401b6e396f24d2960b2637faf2928330364fd5af72297b',
      vout: 0
    } undefined

      at src/core/spells.ts:216:12

  console.info
    Executing command: /Users/gadiguy/workspace/charms/target/release/charms tx show-spell --tx 020000000001010000000000000000000000000000000000000000000000000000000000000000ffffffff0402670400ffffffff02e40b540200000000160014c699b99a00cc336f2cd3615b2361af367128c86a0000000000000000266a24aa21a9ede2f61c3f71d1defd3fa999dfa36953755c690689799962b48bebd836974e8cf90120000000000000000000000000000000000000000000000000000000000000000000000000

      at src/core/charms-sdk.ts:16:11

  console.error
    Stderr: No spell found in the transaction

      30 | 				}
      31 | 				if (stderr) {
    > 32 | 					console.error(`Stderr: ${stderr}`);
         | 					        ^
      33 | 				}
      34 | 				console.info(`Executed successfully: ${stdout}`);
      35 | 				resolve(stdout);

      at src/core/charms-sdk.ts:32:14

  console.info
    Executed successfully:

      at src/core/charms-sdk.ts:34:13

  console.log
    !!! 1 {
      spendable: true,
      value: 39062500,
      txid: '0ff15eed8e67bdfa69099630e76efbdf6caa88997bfc81adc9ca35302c7bd063',
      vout: 0
    } undefined

      at src/core/spells.ts:216:12

  console.info
    Executing command: /Users/gadiguy/workspace/charms/target/release/charms tx show-spell --tx 020000000001010000000000000000000000000000000000000000000000000000000000000000ffffffff0402d50300ffffffff02c817a80400000000160014b3455ce530ba44de213c9a78c2d662785143c5f40000000000000000266a24aa21a9ede2f61c3f71d1defd3fa999dfa36953755c690689799962b48bebd836974e8cf90120000000000000000000000000000000000000000000000000000000000000000000000000

      at src/core/charms-sdk.ts:16:11

  console.error
    Stderr: No spell found in the transaction

      30 | 				}
      31 | 				if (stderr) {
    > 32 | 					console.error(`Stderr: ${stderr}`);
         | 					        ^
      33 | 				}
      34 | 				console.info(`Executed successfully: ${stdout}`);
      35 | 				resolve(stdout);

      at src/core/charms-sdk.ts:32:14

  console.info
    Executed successfully:

      at src/core/charms-sdk.ts:34:13

  console.log
    !!! 1 {
      spendable: true,
      value: 78125000,
      txid: '49d14f8888a9a9ff58dcc5cfc317dd1ce183497018562a71b7951d2c410b88d1',
      vout: 0
    } undefined

      at src/core/spells.ts:216:12

  console.info
    Executing command: /Users/gadiguy/workspace/charms/target/release/charms tx show-spell --tx 020000000001010000000000000000000000000000000000000000000000000000000000000000ffffffff0402600300ffffffff02902f5009000000001600147ee0b7b0a06b1715257f82da01a3a4daa7a6aa780000000000000000266a24aa21a9ede2f61c3f71d1defd3fa999dfa36953755c690689799962b48bebd836974e8cf90120000000000000000000000000000000000000000000000000000000000000000000000000

      at src/core/charms-sdk.ts:16:11

  console.error
    Stderr: No spell found in the transaction

      30 | 				}
      31 | 				if (stderr) {
    > 32 | 					console.error(`Stderr: ${stderr}`);
         | 					        ^
      33 | 				}
      34 | 				console.info(`Executed successfully: ${stdout}`);
      35 | 				resolve(stdout);

      at src/core/charms-sdk.ts:32:14

  console.info
    Executed successfully:

      at src/core/charms-sdk.ts:34:13

  console.log
    !!! 1 {
      spendable: true,
      value: 156250000,
      txid: 'aa21a397adc348a0e55239dcec307cb7a4654dfac3230e2c3323308a5c60fe31',
      vout: 0
    } undefined

      at src/core/spells.ts:216:12

  console.info
    Executing command: /Users/gadiguy/workspace/charms/target/release/charms tx show-spell --tx 020000000001010000000000000000000000000000000000000000000000000000000000000000ffffffff0402160100ffffffff0200f9029500000000160014c9d9cdc3642ca0458ccf3b6082b251ab8aa241730000000000000000266a24aa21a9ede2f61c3f71d1defd3fa999dfa36953755c690689799962b48bebd836974e8cf90120000000000000000000000000000000000000000000000000000000000000000000000000

      at src/core/charms-sdk.ts:16:11

  console.error
    Stderr: No spell found in the transaction

      30 | 				}
      31 | 				if (stderr) {
    > 32 | 					console.error(`Stderr: ${stderr}`);
         | 					        ^
      33 | 				}
      34 | 				console.info(`Executed successfully: ${stdout}`);
      35 | 				resolve(stdout);

      at src/core/charms-sdk.ts:32:14

  console.info
    Executed successfully:

      at src/core/charms-sdk.ts:34:13

  console.log
    !!! 1 {
      spendable: true,
      value: 2500000000,
      txid: 'ce5b530df2e3a81c1ca36a69cad13a35f4fc8d355447511d18e36d4b0b1e75d2',
      vout: 0
    } undefined

      at src/core/spells.ts:216:12

  console.info
    Executing command: /Users/gadiguy/workspace/charms/target/release/charms tx show-spell --tx 020000000001010000000000000000000000000000000000000000000000000000000000000000ffffffff04026e0100ffffffff02807c814a00000000160014c9d9cdc3642ca0458ccf3b6082b251ab8aa241730000000000000000266a24aa21a9ede2f61c3f71d1defd3fa999dfa36953755c690689799962b48bebd836974e8cf90120000000000000000000000000000000000000000000000000000000000000000000000000

      at src/core/charms-sdk.ts:16:11

  console.error
    Stderr: No spell found in the transaction

      30 | 				}
      31 | 				if (stderr) {
    > 32 | 					console.error(`Stderr: ${stderr}`);
         | 					        ^
      33 | 				}
      34 | 				console.info(`Executed successfully: ${stdout}`);
      35 | 				resolve(stdout);

      at src/core/charms-sdk.ts:32:14

  console.info
    Executed successfully:

      at src/core/charms-sdk.ts:34:13

  console.log
    !!! 1 {
      spendable: true,
      value: 1250000000,
      txid: '07d625fca652d5598af395b0c443b3707510604bf3fd35aba2bd27caeabe5a7e',
      vout: 0
    } undefined

      at src/core/spells.ts:216:12

  console.info
    Executing command: /Users/gadiguy/workspace/charms/target/release/charms tx show-spell --tx 020000000001010000000000000000000000000000000000000000000000000000000000000000ffffffff0402060200ffffffff0240be402500000000160014ad52853953fb43618749c7cd478dc8c36da88b410000000000000000266a24aa21a9ede2f61c3f71d1defd3fa999dfa36953755c690689799962b48bebd836974e8cf90120000000000000000000000000000000000000000000000000000000000000000000000000

      at src/core/charms-sdk.ts:16:11

  console.error
    Stderr: No spell found in the transaction

      30 | 				}
      31 | 				if (stderr) {
    > 32 | 					console.error(`Stderr: ${stderr}`);
         | 					        ^
      33 | 				}
      34 | 				console.info(`Executed successfully: ${stdout}`);
      35 | 				resolve(stdout);

      at src/core/charms-sdk.ts:32:14

  console.info
    Executed successfully:

      at src/core/charms-sdk.ts:34:13

  console.log
    !!! 1 {
      spendable: true,
      value: 625000000,
      txid: 'eabe40e724a4e04d95bbce1976c74791b06a9330135565110501f271a13cc627',
      vout: 0
    } undefined

      at src/core/spells.ts:216:12

  console.info
    Executing command: /Users/gadiguy/workspace/charms/target/release/charms tx show-spell --tx 020000000001010000000000000000000000000000000000000000000000000000000000000000ffffffff0402f60100ffffffff0240be4025000000001600148dae6f2122b28418b4dcd043140798d3d20390c90000000000000000266a24aa21a9ede2f61c3f71d1defd3fa999dfa36953755c690689799962b48bebd836974e8cf90120000000000000000000000000000000000000000000000000000000000000000000000000

      at src/core/charms-sdk.ts:16:11

  console.error
    Stderr: No spell found in the transaction

      30 | 				}
      31 | 				if (stderr) {
    > 32 | 					console.error(`Stderr: ${stderr}`);
         | 					        ^
      33 | 				}
      34 | 				console.info(`Executed successfully: ${stdout}`);
      35 | 				resolve(stdout);

      at src/core/charms-sdk.ts:32:14

  console.info
    Executed successfully:

      at src/core/charms-sdk.ts:34:13

  console.log
    !!! 1 {
      spendable: true,
      value: 625000000,
      txid: '3e5c635b381a4cb19d5a689af44eef665713b0dc17f8d544167b1f34ca515f77',
      vout: 0
    } undefined

      at src/core/spells.ts:216:12

  console.info
    Executing command: /Users/gadiguy/workspace/charms/target/release/charms tx show-spell --tx 02000000000101084c82c84fa3fbcac791ce7f7469a7455cb358211f180a2071a1d8da7cf4b2470000000000ffffffff02e803000000000000225120baf11738c3114fb3d953ff6de6f0c983e099b9c1d9296aa4349a22936babb8ce2c3a6804000000001600144743efbadf1b1267afb6d6aafd769ba4cd5619370341d9014a246adb3791564d44abaca7a1869dbe03b3190e12cd0578458e142174ed9afb660c69632f82d2eb248048985840c432b911fb84b8b51c08c17971e1c08781fd69010063057370656c6c4d3b0182a36776657273696f6e04627478a2647265667380646f75747381a100a3667469636b657269475241494c2d4e46547163757272656e745f636f7369676e6572737840356537643034616435313938313235333237313566633234343462353539656364623864386638333138326438343931313638306238646438613363393566317163757272656e745f7468726573686f6c6401716170705f7075626c69635f696e70757473a183616e982018fa183418bf18730a186a1840188118681879189d18c7183018bf183718ce184618c8184918ce189918d2189c189118c218dc189518fa1856189a181d18d5982018d618d018761869184918e918de184f18510817183f184118ba184d18381866189318b9011876188318a0181f18af184918d01118a9186518821859a166616374696f6e666465706c6f79806820f76b762fa33fc78f8e8325b66b36acd0c1ed770838806ea72191bc7206adf1a4ac21c1f76b762fa33fc78f8e8325b66b36acd0c1ed770838806ea72191bc7206adf1a400000000

      at src/core/charms-sdk.ts:16:11

  console.info
    Executed successfully: version: 4
    apps:
      $0000: n/fa34bf730a6a408168799dc730bf37ce46c849ce99d29c91c2dc95fa569a1dd5/d6d0766949e9de4f5108173f41ba4d386693b9017683a01faf49d011a9658259
    public_args:
      $0000:
        action: deploy
    ins: []
    outs:
    - charms:
        $0000:
          ticker: GRAIL-NFT
          current_cosigners: 5e7d04ad519812532715fc2444b559ecdb8d8f83182d84911680b8dd8a3c95f1
          current_threshold: 1

      at src/core/charms-sdk.ts:34:13

  console.log
    !!! 1 {
      spendable: true,
      value: 73939500,
      txid: '5910c4d41ae7ceef7bb5a5c3e0bfba74c3556fd4cf178b8986dbeb0f67a174c4',
      vout: 1
    } undefined

      at src/core/spells.ts:216:12

  console.info
    Executing command: /Users/gadiguy/workspace/charms/target/release/charms tx show-spell --tx 020000000001010000000000000000000000000000000000000000000000000000000000000000ffffffff0402eb0100ffffffff0240be4025000000001600148dae6f2122b28418b4dcd043140798d3d20390c90000000000000000266a24aa21a9ede2f61c3f71d1defd3fa999dfa36953755c690689799962b48bebd836974e8cf90120000000000000000000000000000000000000000000000000000000000000000000000000

      at src/core/charms-sdk.ts:16:11

  console.error
    Stderr: No spell found in the transaction

      30 | 				}
      31 | 				if (stderr) {
    > 32 | 					console.error(`Stderr: ${stderr}`);
         | 					        ^
      33 | 				}
      34 | 				console.info(`Executed successfully: ${stdout}`);
      35 | 				resolve(stdout);

      at src/core/charms-sdk.ts:32:14

  console.info
    Executed successfully:

      at src/core/charms-sdk.ts:34:13

  console.log
    !!! 1 {
      spendable: true,
      value: 625000000,
      txid: '020c8e048cb4db4b3425d0ee695890beb7d16bf799245a71b18428e1947d72b7',
      vout: 0
    } undefined

      at src/core/spells.ts:216:12

  console.info
    Executing command: /Users/gadiguy/workspace/charms/target/release/charms tx show-spell --tx 020000000001010000000000000000000000000000000000000000000000000000000000000000ffffffff0402fc0300ffffffff02c817a80400000000160014b3455ce530ba44de213c9a78c2d662785143c5f40000000000000000266a24aa21a9ede2f61c3f71d1defd3fa999dfa36953755c690689799962b48bebd836974e8cf90120000000000000000000000000000000000000000000000000000000000000000000000000

      at src/core/charms-sdk.ts:16:11

  console.error
    Stderr: No spell found in the transaction

      30 | 				}
      31 | 				if (stderr) {
    > 32 | 					console.error(`Stderr: ${stderr}`);
         | 					        ^
      33 | 				}
      34 | 				console.info(`Executed successfully: ${stdout}`);
      35 | 				resolve(stdout);

      at src/core/charms-sdk.ts:32:14

  console.info
    Executed successfully:

      at src/core/charms-sdk.ts:34:13

  console.log
    !!! 1 {
      spendable: true,
      value: 78125000,
      txid: '706da4cec8bea7deeda23da31f18634186dd2ef1570e901f0d9d4a58ad4fb2ce',
      vout: 0
    } undefined

      at src/core/spells.ts:216:12

  console.info
    Executing command: /Users/gadiguy/workspace/charms/target/release/charms tx show-spell --tx 020000000001010000000000000000000000000000000000000000000000000000000000000000ffffffff0402020100ffffffff0200f9029500000000160014c9d9cdc3642ca0458ccf3b6082b251ab8aa241730000000000000000266a24aa21a9ede2f61c3f71d1defd3fa999dfa36953755c690689799962b48bebd836974e8cf90120000000000000000000000000000000000000000000000000000000000000000000000000

      at src/core/charms-sdk.ts:16:11

  console.error
    Stderr: No spell found in the transaction

      30 | 				}
      31 | 				if (stderr) {
    > 32 | 					console.error(`Stderr: ${stderr}`);
         | 					        ^
      33 | 				}
      34 | 				console.info(`Executed successfully: ${stdout}`);
      35 | 				resolve(stdout);

      at src/core/charms-sdk.ts:32:14

  console.info
    Executed successfully:

      at src/core/charms-sdk.ts:34:13

  console.log
    !!! 1 {
      spendable: true,
      value: 2500000000,
      txid: '18abaca04f9c893216f1c22d4e28bb9a77b652a8e3cd8eb43db34bafa758fc76',
      vout: 0
    } undefined

      at src/core/spells.ts:216:12

  console.info
    Executing command: /Users/gadiguy/workspace/charms/target/release/charms tx show-spell --tx 020000000001010000000000000000000000000000000000000000000000000000000000000000ffffffff0402ad0200ffffffff02205fa01200000000160014be438a2710f608303168dfde261068040a60fb7a0000000000000000266a24aa21a9ede2f61c3f71d1defd3fa999dfa36953755c690689799962b48bebd836974e8cf90120000000000000000000000000000000000000000000000000000000000000000000000000

      at src/core/charms-sdk.ts:16:11

  console.error
    Stderr: No spell found in the transaction

      30 | 				}
      31 | 				if (stderr) {
    > 32 | 					console.error(`Stderr: ${stderr}`);
         | 					        ^
      33 | 				}
      34 | 				console.info(`Executed successfully: ${stdout}`);
      35 | 				resolve(stdout);

      at src/core/charms-sdk.ts:32:14

  console.info
    Executed successfully:

      at src/core/charms-sdk.ts:34:13

  console.log
    !!! 1 {
      spendable: true,
      value: 312500000,
      txid: '53543b916e6853021db7151b3f5c9c7f5d02885bc5ebc2df4ad56e3ed3e32332',
      vout: 0
    } undefined

      at src/core/spells.ts:216:12

  console.info
    Executing command: /Users/gadiguy/workspace/charms/target/release/charms tx show-spell --tx 020000000001010000000000000000000000000000000000000000000000000000000000000000ffffffff04029b0100ffffffff02807c814a00000000160014c9d9cdc3642ca0458ccf3b6082b251ab8aa241730000000000000000266a24aa21a9ede2f61c3f71d1defd3fa999dfa36953755c690689799962b48bebd836974e8cf90120000000000000000000000000000000000000000000000000000000000000000000000000

      at src/core/charms-sdk.ts:16:11

  console.error
    Stderr: No spell found in the transaction

      30 | 				}
      31 | 				if (stderr) {
    > 32 | 					console.error(`Stderr: ${stderr}`);
         | 					        ^
      33 | 				}
      34 | 				console.info(`Executed successfully: ${stdout}`);
      35 | 				resolve(stdout);

      at src/core/charms-sdk.ts:32:14

  console.info
    Executed successfully:

      at src/core/charms-sdk.ts:34:13

  console.log
    !!! 1 {
      spendable: true,
      value: 1250000000,
      txid: 'bcdfe8015d8d81f970311fab6ca8d3f99c399b7a5dcf8b8fcb04aed2c680a376',
      vout: 0
    } undefined

      at src/core/spells.ts:216:12

  console.info
    Executing command: /Users/gadiguy/workspace/charms/target/release/charms tx show-spell --tx 020000000001010000000000000000000000000000000000000000000000000000000000000000ffffffff0402680200ffffffff02205fa01200000000160014565dbe4e929f0f3587ef4ff2533f3dd04fce75c70000000000000000266a24aa21a9ede2f61c3f71d1defd3fa999dfa36953755c690689799962b48bebd836974e8cf90120000000000000000000000000000000000000000000000000000000000000000000000000

      at src/core/charms-sdk.ts:16:11

  console.error
    Stderr: No spell found in the transaction

      30 | 				}
      31 | 				if (stderr) {
    > 32 | 					console.error(`Stderr: ${stderr}`);
         | 					        ^
      33 | 				}
      34 | 				console.info(`Executed successfully: ${stdout}`);
      35 | 				resolve(stdout);

      at src/core/charms-sdk.ts:32:14

  console.info
    Executed successfully:

      at src/core/charms-sdk.ts:34:13

  console.log
    !!! 1 {
      spendable: true,
      value: 312500000,
      txid: 'c2fcb1988d95f475e19d6d3e6d4a591a7077b0f74ad5ee849a74962365b944f8',
      vout: 0
    } undefined

      at src/core/spells.ts:216:12

  console.info
    Executing command: /Users/gadiguy/workspace/charms/target/release/charms tx show-spell --tx 020000000001010000000000000000000000000000000000000000000000000000000000000000ffffffff0402310400ffffffff02e40b540200000000160014c699b99a00cc336f2cd3615b2361af367128c86a0000000000000000266a24aa21a9ede2f61c3f71d1defd3fa999dfa36953755c690689799962b48bebd836974e8cf90120000000000000000000000000000000000000000000000000000000000000000000000000

      at src/core/charms-sdk.ts:16:11

  console.error
    Stderr: No spell found in the transaction

      30 | 				}
      31 | 				if (stderr) {
    > 32 | 					console.error(`Stderr: ${stderr}`);
         | 					        ^
      33 | 				}
      34 | 				console.info(`Executed successfully: ${stdout}`);
      35 | 				resolve(stdout);

      at src/core/charms-sdk.ts:32:14

  console.info
    Executed successfully:

      at src/core/charms-sdk.ts:34:13

  console.log
    !!! 1 {
      spendable: true,
      value: 39062500,
      txid: 'c3c4a51003354678629aa042ea34d0afc2cb10bb8565883429d57009ce9e6b2d',
      vout: 0
    } undefined

      at src/core/spells.ts:216:12

  console.info
    Executing command: /Users/gadiguy/workspace/charms/target/release/charms tx show-spell --tx 020000000001010000000000000000000000000000000000000000000000000000000000000000ffffffff0402d30100ffffffff0240be4025000000001600148dae6f2122b28418b4dcd043140798d3d20390c90000000000000000266a24aa21a9ede2f61c3f71d1defd3fa999dfa36953755c690689799962b48bebd836974e8cf90120000000000000000000000000000000000000000000000000000000000000000000000000

      at src/core/charms-sdk.ts:16:11

  console.error
    Stderr: No spell found in the transaction

      30 | 				}
      31 | 				if (stderr) {
    > 32 | 					console.error(`Stderr: ${stderr}`);
         | 					        ^
      33 | 				}
      34 | 				console.info(`Executed successfully: ${stdout}`);
      35 | 				resolve(stdout);

      at src/core/charms-sdk.ts:32:14

  console.info
    Executed successfully:

      at src/core/charms-sdk.ts:34:13

  console.log
    !!! 1 {
      spendable: true,
      value: 625000000,
      txid: '80291985f54eb4133f1e89c45d3be020092116acdda1b140b1ddd9394e33f3aa',
      vout: 0
    } undefined

      at src/core/spells.ts:216:12

  console.info
    Executing command: /Users/gadiguy/workspace/charms/target/release/charms tx show-spell --tx 020000000001010000000000000000000000000000000000000000000000000000000000000000ffffffff04021c0100ffffffff0200f9029500000000160014c9d9cdc3642ca0458ccf3b6082b251ab8aa241730000000000000000266a24aa21a9ede2f61c3f71d1defd3fa999dfa36953755c690689799962b48bebd836974e8cf90120000000000000000000000000000000000000000000000000000000000000000000000000

      at src/core/charms-sdk.ts:16:11

  console.error
    Stderr: No spell found in the transaction

      30 | 				}
      31 | 				if (stderr) {
    > 32 | 					console.error(`Stderr: ${stderr}`);
         | 					        ^
      33 | 				}
      34 | 				console.info(`Executed successfully: ${stdout}`);
      35 | 				resolve(stdout);

      at src/core/charms-sdk.ts:32:14

  console.info
    Executed successfully:

      at src/core/charms-sdk.ts:34:13

  console.log
    !!! 1 {
      spendable: true,
      value: 2500000000,
      txid: '3d42e2ae1c0333a6dcd53540fb8d32e383edd798e4af1cdead7d896dc5ca00d6',
      vout: 0
    } undefined

      at src/core/spells.ts:216:12

  console.info
    Executing command: /Users/gadiguy/workspace/charms/target/release/charms tx show-spell --tx 020000000001010000000000000000000000000000000000000000000000000000000000000000ffffffff04020e0400ffffffff02c817a80400000000160014706a4618dfdedd474720291f66ad3ddb8c4db43f0000000000000000266a24aa21a9ed2f42a42f1e20141ae408618d08ba0003509d9e1ba00265386ad656bed0a87fb60120000000000000000000000000000000000000000000000000000000000000000000000000

      at src/core/charms-sdk.ts:16:11

  console.error
    Stderr: No spell found in the transaction

      30 | 				}
      31 | 				if (stderr) {
    > 32 | 					console.error(`Stderr: ${stderr}`);
         | 					        ^
      33 | 				}
      34 | 				console.info(`Executed successfully: ${stdout}`);
      35 | 				resolve(stdout);

      at src/core/charms-sdk.ts:32:14

  console.info
    Executed successfully:

      at src/core/charms-sdk.ts:34:13

  console.log
    !!! 1 {
      spendable: true,
      value: 78125000,
      txid: '611a908b079ef6faf5c244dc20357eacf2e83d3d8c72eab6153f0d511b09dbe0',
      vout: 0
    } undefined

      at src/core/spells.ts:216:12

  console.info
    Executing command: /Users/gadiguy/workspace/charms/target/release/charms tx show-spell --tx 020000000001010000000000000000000000000000000000000000000000000000000000000000ffffffff0402c10000ffffffff0200f9029500000000160014c9d9cdc3642ca0458ccf3b6082b251ab8aa241730000000000000000266a24aa21a9ede2f61c3f71d1defd3fa999dfa36953755c690689799962b48bebd836974e8cf90120000000000000000000000000000000000000000000000000000000000000000000000000

      at src/core/charms-sdk.ts:16:11

  console.error
    Stderr: No spell found in the transaction

      30 | 				}
      31 | 				if (stderr) {
    > 32 | 					console.error(`Stderr: ${stderr}`);
         | 					        ^
      33 | 				}
      34 | 				console.info(`Executed successfully: ${stdout}`);
      35 | 				resolve(stdout);

      at src/core/charms-sdk.ts:32:14

  console.info
    Executed successfully:

      at src/core/charms-sdk.ts:34:13

  console.log
    !!! 1 {
      spendable: true,
      value: 2500000000,
      txid: 'caf97602ca1b1cfbf4ea2cb95f103d4854933b41fa813f7ceb80d337a6d66676',
      vout: 0
    } undefined

      at src/core/spells.ts:216:12

  console.info
    Executing command: /Users/gadiguy/workspace/charms/target/release/charms tx show-spell --tx 020000000001010000000000000000000000000000000000000000000000000000000000000000ffffffff04028f0100ffffffff02807c814a00000000160014c9d9cdc3642ca0458ccf3b6082b251ab8aa241730000000000000000266a24aa21a9ede2f61c3f71d1defd3fa999dfa36953755c690689799962b48bebd836974e8cf90120000000000000000000000000000000000000000000000000000000000000000000000000

      at src/core/charms-sdk.ts:16:11

  console.error
    Stderr: No spell found in the transaction

      30 | 				}
      31 | 				if (stderr) {
    > 32 | 					console.error(`Stderr: ${stderr}`);
         | 					        ^
      33 | 				}
      34 | 				console.info(`Executed successfully: ${stdout}`);
      35 | 				resolve(stdout);

      at src/core/charms-sdk.ts:32:14

  console.info
    Executed successfully:

      at src/core/charms-sdk.ts:34:13

  console.log
    !!! 1 {
      spendable: true,
      value: 1250000000,
      txid: '0a47d2bb9ccb63781e3730fb915e2237e83182d1729934b34ec51e53476e4963',
      vout: 0
    } undefined

      at src/core/spells.ts:216:12

  console.info
    Executing command: /Users/gadiguy/workspace/charms/target/release/charms tx show-spell --tx 020000000001010000000000000000000000000000000000000000000000000000000000000000ffffffff0402260100ffffffff0200f9029500000000160014c9d9cdc3642ca0458ccf3b6082b251ab8aa241730000000000000000266a24aa21a9ede2f61c3f71d1defd3fa999dfa36953755c690689799962b48bebd836974e8cf90120000000000000000000000000000000000000000000000000000000000000000000000000

      at src/core/charms-sdk.ts:16:11

  console.error
    Stderr: No spell found in the transaction

      30 | 				}
      31 | 				if (stderr) {
    > 32 | 					console.error(`Stderr: ${stderr}`);
         | 					        ^
      33 | 				}
      34 | 				console.info(`Executed successfully: ${stdout}`);
      35 | 				resolve(stdout);

      at src/core/charms-sdk.ts:32:14

  console.info
    Executed successfully:

      at src/core/charms-sdk.ts:34:13

  console.log
    !!! 1 {
      spendable: true,
      value: 2500000000,
      txid: 'eb15a07cbc48e68b5f6e9671358e4ad8e360f419e46c60fd1ad19519259e4b76',
      vout: 0
    } undefined

      at src/core/spells.ts:216:12

  console.info
    Executing command: /Users/gadiguy/workspace/charms/target/release/charms tx show-spell --tx 020000000001010000000000000000000000000000000000000000000000000000000000000000ffffffff0402910100ffffffff02807c814a00000000160014c9d9cdc3642ca0458ccf3b6082b251ab8aa241730000000000000000266a24aa21a9ede2f61c3f71d1defd3fa999dfa36953755c690689799962b48bebd836974e8cf90120000000000000000000000000000000000000000000000000000000000000000000000000

      at src/core/charms-sdk.ts:16:11

  console.error
    Stderr: No spell found in the transaction

      30 | 				}
      31 | 				if (stderr) {
    > 32 | 					console.error(`Stderr: ${stderr}`);
         | 					        ^
      33 | 				}
      34 | 				console.info(`Executed successfully: ${stdout}`);
      35 | 				resolve(stdout);

      at src/core/charms-sdk.ts:32:14

  console.info
    Executed successfully:

      at src/core/charms-sdk.ts:34:13

  console.log
    !!! 1 {
      spendable: true,
      value: 1250000000,
      txid: '4a50373fbd48886750ffd682edec6ea080d3c6f7dcb21e5209aed5792a3c3c76',
      vout: 0
    } undefined

      at src/core/spells.ts:216:12

  console.info
    Executing command: /Users/gadiguy/workspace/charms/target/release/charms tx show-spell --tx 020000000001010000000000000000000000000000000000000000000000000000000000000000ffffffff0402200100ffffffff0200f9029500000000160014c9d9cdc3642ca0458ccf3b6082b251ab8aa241730000000000000000266a24aa21a9ede2f61c3f71d1defd3fa999dfa36953755c690689799962b48bebd836974e8cf90120000000000000000000000000000000000000000000000000000000000000000000000000

      at src/core/charms-sdk.ts:16:11

  console.error
    Stderr: No spell found in the transaction

      30 | 				}
      31 | 				if (stderr) {
    > 32 | 					console.error(`Stderr: ${stderr}`);
         | 					        ^
      33 | 				}
      34 | 				console.info(`Executed successfully: ${stdout}`);
      35 | 				resolve(stdout);

      at src/core/charms-sdk.ts:32:14

  console.info
    Executed successfully:

      at src/core/charms-sdk.ts:34:13

  console.log
    !!! 1 {
      spendable: true,
      value: 2500000000,
      txid: '778cad231a011be83343ce2abdf9f17b34776a4da655272ed2e7e1e889cb15aa',
      vout: 0
    } undefined

      at src/core/spells.ts:216:12

  console.info
    Executing command: /Users/gadiguy/workspace/charms/target/release/charms tx show-spell --tx 020000000001010000000000000000000000000000000000000000000000000000000000000000ffffffff0402180100ffffffff0200f9029500000000160014c9d9cdc3642ca0458ccf3b6082b251ab8aa241730000000000000000266a24aa21a9ede2f61c3f71d1defd3fa999dfa36953755c690689799962b48bebd836974e8cf90120000000000000000000000000000000000000000000000000000000000000000000000000

      at src/core/charms-sdk.ts:16:11

  console.error
    Stderr: No spell found in the transaction

      30 | 				}
      31 | 				if (stderr) {
    > 32 | 					console.error(`Stderr: ${stderr}`);
         | 					        ^
      33 | 				}
      34 | 				console.info(`Executed successfully: ${stdout}`);
      35 | 				resolve(stdout);

      at src/core/charms-sdk.ts:32:14

  console.info
    Executed successfully:

      at src/core/charms-sdk.ts:34:13

  console.log
    !!! 1 {
      spendable: true,
      value: 2500000000,
      txid: '5ea1bcdc52367d5e1575a65c555d9693d083fa0bdb8b6a1ddb684f5b634d2d75',
      vout: 0
    } undefined

      at src/core/spells.ts:216:12

  console.info
    Executing command: /Users/gadiguy/workspace/charms/target/release/charms tx show-spell --tx 020000000001010000000000000000000000000000000000000000000000000000000000000000ffffffff03017b00ffffffff0200f2052a01000000160014c9d9cdc3642ca0458ccf3b6082b251ab8aa241730000000000000000266a24aa21a9ede2f61c3f71d1defd3fa999dfa36953755c690689799962b48bebd836974e8cf90120000000000000000000000000000000000000000000000000000000000000000000000000

      at src/core/charms-sdk.ts:16:11

  console.error
    Stderr: No spell found in the transaction

      30 | 				}
      31 | 				if (stderr) {
    > 32 | 					console.error(`Stderr: ${stderr}`);
         | 					        ^
      33 | 				}
      34 | 				console.info(`Executed successfully: ${stdout}`);
      35 | 				resolve(stdout);

      at src/core/charms-sdk.ts:32:14

  console.info
    Executed successfully:

      at src/core/charms-sdk.ts:34:13

  console.log
    !!! 1 {
      spendable: true,
      value: 5000000000,
      txid: '2bcb3ea63c25082dd0124d89e522941d008707e6426c3356aad570e904357689',
      vout: 0
    } undefined

      at src/core/spells.ts:216:12

  console.info
    Executing command: /Users/gadiguy/workspace/charms/target/release/charms tx show-spell --tx 020000000001010000000000000000000000000000000000000000000000000000000000000000ffffffff04029d0100ffffffff02807c814a000000001600148dae6f2122b28418b4dcd043140798d3d20390c90000000000000000266a24aa21a9ede2f61c3f71d1defd3fa999dfa36953755c690689799962b48bebd836974e8cf90120000000000000000000000000000000000000000000000000000000000000000000000000

      at src/core/charms-sdk.ts:16:11

  console.error
    Stderr: No spell found in the transaction

      30 | 				}
      31 | 				if (stderr) {
    > 32 | 					console.error(`Stderr: ${stderr}`);
         | 					        ^
      33 | 				}
      34 | 				console.info(`Executed successfully: ${stdout}`);
      35 | 				resolve(stdout);

      at src/core/charms-sdk.ts:32:14

  console.info
    Executed successfully:

      at src/core/charms-sdk.ts:34:13

  console.log
    !!! 1 {
      spendable: true,
      value: 1250000000,
      txid: '287461137d0d5efb46bae448d5a62da519549d5bec145b18cff934d7e6a33573',
      vout: 0
    } undefined

      at src/core/spells.ts:216:12

  console.info
    Executing command: /Users/gadiguy/workspace/charms/target/release/charms tx show-spell --tx 020000000001010000000000000000000000000000000000000000000000000000000000000000ffffffff0402310100ffffffff02807c814a00000000160014c9d9cdc3642ca0458ccf3b6082b251ab8aa241730000000000000000266a24aa21a9ede2f61c3f71d1defd3fa999dfa36953755c690689799962b48bebd836974e8cf90120000000000000000000000000000000000000000000000000000000000000000000000000

      at src/core/charms-sdk.ts:16:11

  console.error
    Stderr: No spell found in the transaction

      30 | 				}
      31 | 				if (stderr) {
    > 32 | 					console.error(`Stderr: ${stderr}`);
         | 					        ^
      33 | 				}
      34 | 				console.info(`Executed successfully: ${stdout}`);
      35 | 				resolve(stdout);

      at src/core/charms-sdk.ts:32:14

  console.info
    Executed successfully:

      at src/core/charms-sdk.ts:34:13

  console.log
    !!! 1 {
      spendable: true,
      value: 1250000000,
      txid: '8342d486a5a4d7d3e2a50c376fecb12865d12cf9a0d892a093cecafc16fbfa72',
      vout: 0
    } undefined

      at src/core/spells.ts:216:12

  console.info
    Executing command: /Users/gadiguy/workspace/charms/target/release/charms tx show-spell --tx 020000000001012244e5e044d1aabd861ee378cdee4d8bdbeab47ac5f30f0028f3733d2496bdb60000000000ffffffff02e803000000000000225120d80763edd7017c4ba252db5fa75841dd0f65197f4e96ab960f1bf3f861213f1ebd75814a00000000160014d082b79e825ede3b67d07920fa4aca3ba94fa2a003416515d1c8b5f579f28a74616d41522f989560ebe662bc3441624263cea92bbfd131a0dcff425a2f0493d6ae46e16465633a4a733753feb2404246393b1c12f45481fd6a010063057370656c6c4d3c0182a36776657273696f6e04627478a2647265667380646f75747381a100a3667469636b657269475241494c2d4e46547163757272656e745f636f7369676e6572737840363630363134646333613831626239663762633039383839373835326230613263343131313231346131306533663764383039653936323463373666356331347163757272656e745f7468726573686f6c6401716170705f7075626c69635f696e70757473a183616e9820183018aa183f189a187b0518620718b41890184918821827181e18df186e1819181f1890183618b218a8188e1841182e18d018a718b7182c184018e218a19820187618f618ea1826183c18511835184818c118f118591518a41886187c187118be188318f1183c18eb183018380f18d4183f188f183218d118da1842185ba166616374696f6e666465706c6f79806820b40c41896177e6f869619f45e0346d8f78b07e93a36f6831c40159f2fbaaed77ac21c0b40c41896177e6f869619f45e0346d8f78b07e93a36f6831c40159f2fbaaed7700000000

      at src/core/charms-sdk.ts:16:11

  console.info
    Executed successfully: version: 4
    apps:
      $0000: n/30aa3f9a7b056207b4904982271edf6e191f9036b2a88e412ed0a7b72c40e2a1/76f6ea263c513548c1f15915a4867c71be83f13ceb30380fd43f8f32d1da425b
    public_args:
      $0000:
        action: deploy
    ins: []
    outs:
    - charms:
        $0000:
          ticker: GRAIL-NFT
          current_cosigners: 660614dc3a81bb9f7bc098897852b0a2c4111214a10e3f7d809e9624c76f5c14
          current_threshold: 1

      at src/core/charms-sdk.ts:34:13

  console.log
    !!! 1 {
      spendable: true,
      value: 1249998269,
      txid: 'da86203d99a37ee9bd058477bbdf9a3d953ddc1920d094634f7960a56d466843',
      vout: 1
    } undefined

      at src/core/spells.ts:216:12

  console.info
    Executing command: /Users/gadiguy/workspace/charms/target/release/charms tx show-spell --tx 02000000000101e5b45882bb02bd4d8b38ad777761058f8a5a2c71c6491f28997ceb94af82a9e70000000000ffffffff02e80300000000000022512091644f57787da817613e100f2b60bc89c1e84b1f97fdd977ed315d72444eb3fe0c8dea9400000000160014416f09636031357a2607c73459e41b5fb8abb05f0341e75c7a8197673c9f149b5e8b46aa2c88554c920b7194e1d930a0d9441b3b0e92fc0257e22cdc14f448f653a290793f70b72ac8e9514068b857ef1ff28e257b5e81fd67010063057370656c6c4d390182a36776657273696f6e04627478a2647265667380646f75747381a100a3667469636b657269475241494c2d4e46547163757272656e745f636f7369676e6572737840373038363830316361343862386330616538333738363664333538383262636662303837346661663230653639373964326634663232333230383036353864617163757272656e745f7468726573686f6c6401716170705f7075626c69635f696e70757473a183616e9820186d1825188718da182c189c18fd186b18cf11188d18be18cb1418d4183a02181b18b218ea1821182d18e11896189c182618c2188b18a118f918b1185a982018d618d018761869184918e918de184f18510817183f184118ba184d18381866189318b9011876188318a0181f18af184918d01118a9186518821859a166616374696f6e666465706c6f79806820eaeddb323b81326d7b2190b4968970ba86ff2cc5a59a26053690b6487d2bf916ac21c0eaeddb323b81326d7b2190b4968970ba86ff2cc5a59a26053690b6487d2bf91600000000

      at src/core/charms-sdk.ts:16:11

  console.info
    Executed successfully: version: 4
    apps:
      $0000: n/6d2587da2c9cfd6bcf118dbecb14d43a021bb2ea212de1969c26c28ba1f9b15a/d6d0766949e9de4f5108173f41ba4d386693b9017683a01faf49d011a9658259
    public_args:
      $0000:
        action: deploy
    ins: []
    outs:
    - charms:
        $0000:
          ticker: GRAIL-NFT
          current_cosigners: 7086801ca48b8c0ae837866d35882bcfb0874faf20e6979d2f4f2232080658da
          current_threshold: 1

      at src/core/charms-sdk.ts:34:13

  console.log
    !!! 1 {
      spendable: true,
      value: 2498399500,
      txid: '5d803df2b73b36a5f1882c9bf20308a7248dc5fc925a1ce7ab594e5bb24bc45f',
      vout: 1
    } undefined

      at src/core/spells.ts:216:12

  console.info
    Executing command: /Users/gadiguy/workspace/charms/target/release/charms tx show-spell --tx 020000000001010000000000000000000000000000000000000000000000000000000000000000ffffffff0402e90200ffffffff02205fa01200000000160014df2907ba1c43324bcddd8f295bb3d2d09dd62c290000000000000000266a24aa21a9ede2f61c3f71d1defd3fa999dfa36953755c690689799962b48bebd836974e8cf90120000000000000000000000000000000000000000000000000000000000000000000000000

      at src/core/charms-sdk.ts:16:11

  console.error
    Stderr: No spell found in the transaction

      30 | 				}
      31 | 				if (stderr) {
    > 32 | 					console.error(`Stderr: ${stderr}`);
         | 					        ^
      33 | 				}
      34 | 				console.info(`Executed successfully: ${stdout}`);
      35 | 				resolve(stdout);

      at src/core/charms-sdk.ts:32:14

  console.info
    Executed successfully:

      at src/core/charms-sdk.ts:34:13

  console.log
    !!! 1 {
      spendable: true,
      value: 312500000,
      txid: 'f10a3294d132c6ea7cdd661685dc02912e1a5466d5abc5321d4fb8b82d826801',
      vout: 0
    } undefined

      at src/core/spells.ts:216:12

  console.info
    Executing command: /Users/gadiguy/workspace/charms/target/release/charms tx show-spell --tx 020000000001010000000000000000000000000000000000000000000000000000000000000000ffffffff0402f70000ffffffff0200f9029500000000160014c9d9cdc3642ca0458ccf3b6082b251ab8aa241730000000000000000266a24aa21a9ede2f61c3f71d1defd3fa999dfa36953755c690689799962b48bebd836974e8cf90120000000000000000000000000000000000000000000000000000000000000000000000000

      at src/core/charms-sdk.ts:16:11

  console.error
    Stderr: No spell found in the transaction

      30 | 				}
      31 | 				if (stderr) {
    > 32 | 					console.error(`Stderr: ${stderr}`);
         | 					        ^
      33 | 				}
      34 | 				console.info(`Executed successfully: ${stdout}`);
      35 | 				resolve(stdout);

      at src/core/charms-sdk.ts:32:14

  console.info
    Executed successfully:

      at src/core/charms-sdk.ts:34:13

  console.log
    !!! 1 {
      spendable: true,
      value: 2500000000,
      txid: '3a8db3a4a17f6720b6f709aa255444f132feace9b65f19e2aeed61dd9d05bca1',
      vout: 0
    } undefined

      at src/core/spells.ts:216:12

  console.info
    Executing command: /Users/gadiguy/workspace/charms/target/release/charms tx show-spell --tx 020000000001010000000000000000000000000000000000000000000000000000000000000000ffffffff0402a50100ffffffff02807c814a000000001600148dae6f2122b28418b4dcd043140798d3d20390c90000000000000000266a24aa21a9ede2f61c3f71d1defd3fa999dfa36953755c690689799962b48bebd836974e8cf90120000000000000000000000000000000000000000000000000000000000000000000000000

      at src/core/charms-sdk.ts:16:11

  console.error
    Stderr: No spell found in the transaction

      30 | 				}
      31 | 				if (stderr) {
    > 32 | 					console.error(`Stderr: ${stderr}`);
         | 					        ^
      33 | 				}
      34 | 				console.info(`Executed successfully: ${stdout}`);
      35 | 				resolve(stdout);

      at src/core/charms-sdk.ts:32:14

  console.info
    Executed successfully:

      at src/core/charms-sdk.ts:34:13

  console.log
    !!! 1 {
      spendable: true,
      value: 1250000000,
      txid: '64f01dadded8b314616881172d0f56e2bc9064897aa9bf23480ee3a454dd2f38',
      vout: 0
    } undefined

      at src/core/spells.ts:216:12

  console.info
    Executing command: /Users/gadiguy/workspace/charms/target/release/charms tx show-spell --tx 020000000001010000000000000000000000000000000000000000000000000000000000000000ffffffff0402be0000ffffffff0200f9029500000000160014c9d9cdc3642ca0458ccf3b6082b251ab8aa241730000000000000000266a24aa21a9ede2f61c3f71d1defd3fa999dfa36953755c690689799962b48bebd836974e8cf90120000000000000000000000000000000000000000000000000000000000000000000000000

      at src/core/charms-sdk.ts:16:11

  console.error
    Stderr: No spell found in the transaction

      30 | 				}
      31 | 				if (stderr) {
    > 32 | 					console.error(`Stderr: ${stderr}`);
         | 					        ^
      33 | 				}
      34 | 				console.info(`Executed successfully: ${stdout}`);
      35 | 				resolve(stdout);

      at src/core/charms-sdk.ts:32:14

  console.info
    Executed successfully:

      at src/core/charms-sdk.ts:34:13

  console.log
    !!! 1 {
      spendable: true,
      value: 2500000000,
      txid: 'b987789bf3765f7aad049e759cc9c03f9a358176eb871e21bf8c3564abfbc6b1',
      vout: 0
    } undefined

      at src/core/spells.ts:216:12

  console.info
    Executing command: /Users/gadiguy/workspace/charms/target/release/charms tx show-spell --tx 020000000001010000000000000000000000000000000000000000000000000000000000000000ffffffff04025d0300ffffffff02902f5009000000001600147ee0b7b0a06b1715257f82da01a3a4daa7a6aa780000000000000000266a24aa21a9ede2f61c3f71d1defd3fa999dfa36953755c690689799962b48bebd836974e8cf90120000000000000000000000000000000000000000000000000000000000000000000000000

      at src/core/charms-sdk.ts:16:11

  console.error
    Stderr: No spell found in the transaction

      30 | 				}
      31 | 				if (stderr) {
    > 32 | 					console.error(`Stderr: ${stderr}`);
         | 					        ^
      33 | 				}
      34 | 				console.info(`Executed successfully: ${stdout}`);
      35 | 				resolve(stdout);

      at src/core/charms-sdk.ts:32:14

  console.info
    Executed successfully:

      at src/core/charms-sdk.ts:34:13

  console.log
    !!! 1 {
      spendable: true,
      value: 156250000,
      txid: '0d708d9f8ade7ea3aaa27e95372e2a1a46749a197ea7f6654f0a8c8252becc6a',
      vout: 0
    } undefined

      at src/core/spells.ts:216:12

  console.info
    Executing command: /Users/gadiguy/workspace/charms/target/release/charms tx show-spell --tx 020000000001010000000000000000000000000000000000000000000000000000000000000000ffffffff0402b50200ffffffff02205fa01200000000160014be438a2710f608303168dfde261068040a60fb7a0000000000000000266a24aa21a9ede2f61c3f71d1defd3fa999dfa36953755c690689799962b48bebd836974e8cf90120000000000000000000000000000000000000000000000000000000000000000000000000

      at src/core/charms-sdk.ts:16:11

  console.error
    Stderr: No spell found in the transaction

      30 | 				}
      31 | 				if (stderr) {
    > 32 | 					console.error(`Stderr: ${stderr}`);
         | 					        ^
      33 | 				}
      34 | 				console.info(`Executed successfully: ${stdout}`);
      35 | 				resolve(stdout);

      at src/core/charms-sdk.ts:32:14

  console.info
    Executed successfully:

      at src/core/charms-sdk.ts:34:13

  console.log
    !!! 1 {
      spendable: true,
      value: 312500000,
      txid: 'a8f30a885938b5ebb959ae12cd89316b83a5baa305d13bd9bb7834b07334b1d1',
      vout: 0
    } undefined

      at src/core/spells.ts:216:12

  console.info
    Executing command: /Users/gadiguy/workspace/charms/target/release/charms tx show-spell --tx 02000000000101006cebcd20916ef2e2957f9f08b340bb14e71cd53854dfcf5c9f8442d9a065380000000000ffffffff02e803000000000000225120d80763edd7017c4ba252db5fa75841dd0f65197f4e96ab960f1bf3f861213f1e84978b4a00000000160014823d309596d1d3e148b5352d5c0e563b6c7610fd03411cccde09b2a24cb3d38bb293b0e1300191185f7c50f5d631ee246a0cbb9c5cfacf22dd6b33c3025bed776853816d38a0f47bf84e7d66e648d54b7cbeec8c65f781fd66010063057370656c6c4d380182a36776657273696f6e04627478a2647265667380646f75747381a100a3667469636b657269475241494c2d4e46547163757272656e745f636f7369676e6572737840363630363134646333613831626239663762633039383839373835326230613263343131313231346131306533663764383039653936323463373666356331347163757272656e745f7468726573686f6c6401716170705f7075626c69635f696e70757473a183616e982018f81884188c185e0c11183d18c718b002188f187518d70718d3184318c71896183d187718c61302187d18c8182218281837183d1898182818889820187618f618ea1826183c18511835184818c118f118591518a41886187c187118be188318f1183c18eb183018380f18d4183f188f183218d118da1842185ba166616374696f6e666465706c6f798068205ec263558ab7729f1d9d698049b4775be81a7efdae5f896304b3d2dcdf746289ac21c05ec263558ab7729f1d9d698049b4775be81a7efdae5f896304b3d2dcdf74628900000000

      at src/core/charms-sdk.ts:16:11

  console.info
    Executed successfully: version: 4
    apps:
      $0000: n/f8848c5e0c113dc7b0028f75d707d343c7963d77c613027dc82228373d982888/76f6ea263c513548c1f15915a4867c71be83f13ceb30380fd43f8f32d1da425b
    public_args:
      $0000:
        action: deploy
    ins: []
    outs:
    - charms:
        $0000:
          ticker: GRAIL-NFT
          current_cosigners: 660614dc3a81bb9f7bc098897852b0a2c4111214a10e3f7d809e9624c76f5c14
          current_threshold: 1

      at src/core/charms-sdk.ts:34:13

  console.log
    !!! 1 {
      spendable: true,
      value: 1250662276,
      txid: '4893470781c6fa596a71b9842ca89cbf52f95eeb5d30195859f42ad3681c7c04',
      vout: 1
    } undefined

      at src/core/spells.ts:216:12

  console.info
    Executing command: /Users/gadiguy/workspace/charms/target/release/charms tx show-spell --tx 02000000000103f34122df4cb6b99586b3f8038cc2bba046e364c0cd9eeae0b3e10cf8e57509550000000000ffffffff55061a246dd7d39c939ed42cf9bad6649d1696d0ee4fc4d334eced9839121d910000000000ffffffff4f004c962f7e6236418117c48c707666ad9695e5b6033a4de4919e41a1e8a7c00000000000ffffffff03e8030000000000002251200f2fe469d5651647192f6f32b5ba9f1a332ee17451177bc23203208ab30d14c9e803000000000000225120d472474a1ea13b0164bf41c65ca9ffcf5924c48154ca051d9c4b9b0ff3705ad35c04520200000000160014379a53498514f417122ee672f7014958d988a4730340b15872654869554005b145de78d9156197f1bcbcaada4b8a1ace50cab48fe178861f3e23ea2bffa1fe3189c0a8453b4f4090d127d96a2465a3bf29f1d6ff535124205483fffb87df7fa2ac0a50f23b4abd54f933cd298634271bcbe8a2b840e2cc64ac519c21c050929b74c1a04954b78b4b6035e97a5e078a5a0f28ec96d547bfee9ace803ac00340be7b88a630e0fc5a4a7c44d20fcead563d8520209ae5e327ec4dda498d9ac6578e9ef9d56b69436584720dac1507e74da333d6d4f5033d7c248d44108f95f2bf24209fa174b37373a7d1a8ce08353eb76d14143c2ea8bc2c30eb8f885995a11c3cf2ac519c41c150929b74c1a04954b78b4b6035e97a5e078a5a0f28ec96d547bfee9ace803ac01e76e1cbf6a79dcdc30031da411fa0348b77d5da760e266f128df2982115a13d0340138c4f61eae81b059e37841dd0d3c154ce81200c8d8b87d001d628bb61decadd76b2b56ad6a786608344aeb50a45e5ac89fc16d8e182a95fb946cc2ec14c68b3fd16020063057370656c6c4de80182a36776657273696f6e04627478a2647265667380646f75747382a100a3667469636b657269475241494c2d4e46547163757272656e745f636f7369676e6572737840396661313734623337333733613764316138636530383335336562373664313431343363326561386263326333306562386638383539393561313163336366327163757272656e745f7468726573686f6c6401a200a164747970656b757365725f636861726d7301a166616d6f756e741a000f4240716170705f7075626c69635f696e70757473a283616e9820188a18520d18c0189918c218ba184f187c18a718e718ce18b2011822182b18b6189318bc1873189518f4186118ef18a516185018fa1899186a183c18cf982018d618d018761869184918e918de184f18510817183f184118ba184d18381866189318b9011876188318a0181f18af184918d01118a9186518821859a166616374696f6e667570646174658361749820188a18520d18c0189918c218ba184f187c18a718e718ce18b2011822182b18b6189318bc1873189518f4186118ef18a516185018fa1899186a183c18cf982018d618d018761869184918e918de184f18510817183f184118ba184d18381866189318b9011876188318a0181f18af184918d01118a9186518821859a166616374696f6e646d696e7480682016327fa0dd31cf0393dc7f3465af6a1389e8b8138a0f1761b7fc6a854033a692ac21c116327fa0dd31cf0393dc7f3465af6a1389e8b8138a0f1761b7fc6a854033a69200000000

      at src/core/charms-sdk.ts:16:11

  console.info
    Executed successfully: version: 4
    apps:
      $0000: n/8a520dc099c2ba4f7ca7e7ceb201222bb693bc7395f461efa51650fa996a3ccf/d6d0766949e9de4f5108173f41ba4d386693b9017683a01faf49d011a9658259
      $0001: t/8a520dc099c2ba4f7ca7e7ceb201222bb693bc7395f461efa51650fa996a3ccf/d6d0766949e9de4f5108173f41ba4d386693b9017683a01faf49d011a9658259
    public_args:
      $0000:
        action: update
      $0001:
        action: mint
    ins:
    - utxo_id: 550975e5f80ce1b3e0ea9ecdc064e346a0bbc28c03f8b38695b9b64cdf2241f3:0
    - utxo_id: 911d123998edec34d3c44feed096169d64d6baf92cd49e939cd3d76d241a0655:0
    outs:
    - charms:
        $0000:
          ticker: GRAIL-NFT
          current_cosigners: 9fa174b37373a7d1a8ce08353eb76d14143c2ea8bc2c30eb8f885995a11c3cf2
          current_threshold: 1
    - charms:
        $0000:
          type: user_charms
        $0001:
          amount: 1000000

      at src/core/charms-sdk.ts:34:13

  console.log
    !!! 1 {
      spendable: true,
      value: 38929500,
      txid: 'a675139570ba3f29926bbb7c2f215ac32a8f73df812fdea32e558755c0196f91',
      vout: 2
    } undefined

      at src/core/spells.ts:216:12

  console.info
    Executing command: /Users/gadiguy/workspace/charms/target/release/charms tx show-spell --tx 020000000001010000000000000000000000000000000000000000000000000000000000000000ffffffff04023f0100ffffffff02807c814a00000000160014c9d9cdc3642ca0458ccf3b6082b251ab8aa241730000000000000000266a24aa21a9ede2f61c3f71d1defd3fa999dfa36953755c690689799962b48bebd836974e8cf90120000000000000000000000000000000000000000000000000000000000000000000000000

      at src/core/charms-sdk.ts:16:11

  console.error
    Stderr: No spell found in the transaction

      30 | 				}
      31 | 				if (stderr) {
    > 32 | 					console.error(`Stderr: ${stderr}`);
         | 					        ^
      33 | 				}
      34 | 				console.info(`Executed successfully: ${stdout}`);
      35 | 				resolve(stdout);

      at src/core/charms-sdk.ts:32:14

  console.info
    Executed successfully:

      at src/core/charms-sdk.ts:34:13

  console.log
    !!! 1 {
      spendable: true,
      value: 1250000000,
      txid: '8a01f57f8e582364f4218d0212f6622b7bbb12f417c2264bcc2d7f704d36526f',
      vout: 0
    } undefined

      at src/core/spells.ts:216:12

  console.info
    Executing command: /Users/gadiguy/workspace/charms/target/release/charms tx show-spell --tx 020000000001010000000000000000000000000000000000000000000000000000000000000000ffffffff0402ac0100ffffffff02807c814a000000001600148dae6f2122b28418b4dcd043140798d3d20390c90000000000000000266a24aa21a9ede2f61c3f71d1defd3fa999dfa36953755c690689799962b48bebd836974e8cf90120000000000000000000000000000000000000000000000000000000000000000000000000

      at src/core/charms-sdk.ts:16:11

  console.error
    Stderr: No spell found in the transaction

      30 | 				}
      31 | 				if (stderr) {
    > 32 | 					console.error(`Stderr: ${stderr}`);
         | 					        ^
      33 | 				}
      34 | 				console.info(`Executed successfully: ${stdout}`);
      35 | 				resolve(stdout);

      at src/core/charms-sdk.ts:32:14

  console.info
    Executed successfully:

      at src/core/charms-sdk.ts:34:13

  console.log
    !!! 1 {
      spendable: true,
      value: 1250000000,
      txid: '6f49572045f46af0701ce6ec19dbfee3da49444217c9e183c7242f641a77376f',
      vout: 0
    } undefined

      at src/core/spells.ts:216:12

  console.info
    Executing command: /Users/gadiguy/workspace/charms/target/release/charms tx show-spell --tx 020000000001010000000000000000000000000000000000000000000000000000000000000000ffffffff0402560100ffffffff02807c814a00000000160014c9d9cdc3642ca0458ccf3b6082b251ab8aa241730000000000000000266a24aa21a9ede2f61c3f71d1defd3fa999dfa36953755c690689799962b48bebd836974e8cf90120000000000000000000000000000000000000000000000000000000000000000000000000

      at src/core/charms-sdk.ts:16:11

  console.error
    Stderr: No spell found in the transaction

      30 | 				}
      31 | 				if (stderr) {
    > 32 | 					console.error(`Stderr: ${stderr}`);
         | 					        ^
      33 | 				}
      34 | 				console.info(`Executed successfully: ${stdout}`);
      35 | 				resolve(stdout);

      at src/core/charms-sdk.ts:32:14

  console.info
    Executed successfully:

      at src/core/charms-sdk.ts:34:13

  console.log
    !!! 1 {
      spendable: true,
      value: 1250000000,
      txid: '6462d4e1a637030b3ba7f546d2a60cc03bfc72254e9abdd0a4b6e2dac2b9ed6e',
      vout: 0
    } undefined

      at src/core/spells.ts:216:12

  console.info
    Executing command: /Users/gadiguy/workspace/charms/target/release/charms tx show-spell --tx 020000000001010000000000000000000000000000000000000000000000000000000000000000ffffffff0402610100ffffffff02807c814a00000000160014c9d9cdc3642ca0458ccf3b6082b251ab8aa241730000000000000000266a24aa21a9ede2f61c3f71d1defd3fa999dfa36953755c690689799962b48bebd836974e8cf90120000000000000000000000000000000000000000000000000000000000000000000000000

      at src/core/charms-sdk.ts:16:11

  console.error
    Stderr: No spell found in the transaction

      30 | 				}
      31 | 				if (stderr) {
    > 32 | 					console.error(`Stderr: ${stderr}`);
         | 					        ^
      33 | 				}
      34 | 				console.info(`Executed successfully: ${stdout}`);
      35 | 				resolve(stdout);

      at src/core/charms-sdk.ts:32:14

  console.info
    Executed successfully:

      at src/core/charms-sdk.ts:34:13

  console.log
    !!! 1 {
      spendable: true,
      value: 1250000000,
      txid: '879e20c3693977c7b43d57b66b52757568638e7954c3a84240edc3eed3592b6e',
      vout: 0
    } undefined

      at src/core/spells.ts:216:12

  console.info
    Executing command: /Users/gadiguy/workspace/charms/target/release/charms tx show-spell --tx 020000000001010000000000000000000000000000000000000000000000000000000000000000ffffffff0402db0300ffffffff02c817a80400000000160014b3455ce530ba44de213c9a78c2d662785143c5f40000000000000000266a24aa21a9ede2f61c3f71d1defd3fa999dfa36953755c690689799962b48bebd836974e8cf90120000000000000000000000000000000000000000000000000000000000000000000000000

      at src/core/charms-sdk.ts:16:11

  console.error
    Stderr: No spell found in the transaction

      30 | 				}
      31 | 				if (stderr) {
    > 32 | 					console.error(`Stderr: ${stderr}`);
         | 					        ^
      33 | 				}
      34 | 				console.info(`Executed successfully: ${stdout}`);
      35 | 				resolve(stdout);

      at src/core/charms-sdk.ts:32:14

  console.info
    Executed successfully:

      at src/core/charms-sdk.ts:34:13

  console.log
    !!! 1 {
      spendable: true,
      value: 78125000,
      txid: '5c6ec3ec197a41dd7c6dbdae67d9e452f3fb4c2871a96dd0be5940c4fdaaad4d',
      vout: 0
    } undefined

      at src/core/spells.ts:216:12

  console.info
    Executing command: /Users/gadiguy/workspace/charms/target/release/charms tx show-spell --tx 020000000001010000000000000000000000000000000000000000000000000000000000000000ffffffff0402fa0100ffffffff0240be4025000000001600148dae6f2122b28418b4dcd043140798d3d20390c90000000000000000266a24aa21a9ede2f61c3f71d1defd3fa999dfa36953755c690689799962b48bebd836974e8cf90120000000000000000000000000000000000000000000000000000000000000000000000000

      at src/core/charms-sdk.ts:16:11

  console.error
    Stderr: No spell found in the transaction

      30 | 				}
      31 | 				if (stderr) {
    > 32 | 					console.error(`Stderr: ${stderr}`);
         | 					        ^
      33 | 				}
      34 | 				console.info(`Executed successfully: ${stdout}`);
      35 | 				resolve(stdout);

      at src/core/charms-sdk.ts:32:14

  console.info
    Executed successfully:

      at src/core/charms-sdk.ts:34:13

  console.log
    !!! 1 {
      spendable: true,
      value: 625000000,
      txid: '3fc7441c4b546cc164af647317ac2373bd10a42672c29f6c8fbded635530b30a',
      vout: 0
    } undefined

      at src/core/spells.ts:216:12

  console.info
    Executing command: /Users/gadiguy/workspace/charms/target/release/charms tx show-spell --tx 020000000001010000000000000000000000000000000000000000000000000000000000000000ffffffff0402880000ffffffff0200f2052a01000000160014c9d9cdc3642ca0458ccf3b6082b251ab8aa241730000000000000000266a24aa21a9ede2f61c3f71d1defd3fa999dfa36953755c690689799962b48bebd836974e8cf90120000000000000000000000000000000000000000000000000000000000000000000000000

      at src/core/charms-sdk.ts:16:11

  console.error
    Stderr: No spell found in the transaction

      30 | 				}
      31 | 				if (stderr) {
    > 32 | 					console.error(`Stderr: ${stderr}`);
         | 					        ^
      33 | 				}
      34 | 				console.info(`Executed successfully: ${stdout}`);
      35 | 				resolve(stdout);

      at src/core/charms-sdk.ts:32:14

  console.info
    Executed successfully:

      at src/core/charms-sdk.ts:34:13

  console.log
    !!! 1 {
      spendable: true,
      value: 5000000000,
      txid: '24a00f632c0612a3a1be7a7a77950d88d16a8e9795ec3e3cb8b369c63b108a6c',
      vout: 0
    } undefined

      at src/core/spells.ts:216:12

  console.info
    Executing command: /Users/gadiguy/workspace/charms/target/release/charms tx show-spell --tx 020000000001010000000000000000000000000000000000000000000000000000000000000000ffffffff0402f50000ffffffff0200f9029500000000160014c9d9cdc3642ca0458ccf3b6082b251ab8aa241730000000000000000266a24aa21a9ede2f61c3f71d1defd3fa999dfa36953755c690689799962b48bebd836974e8cf90120000000000000000000000000000000000000000000000000000000000000000000000000

      at src/core/charms-sdk.ts:16:11

  console.error
    Stderr: No spell found in the transaction

      30 | 				}
      31 | 				if (stderr) {
    > 32 | 					console.error(`Stderr: ${stderr}`);
         | 					        ^
      33 | 				}
      34 | 				console.info(`Executed successfully: ${stdout}`);
      35 | 				resolve(stdout);

      at src/core/charms-sdk.ts:32:14

  console.info
    Executed successfully:

      at src/core/charms-sdk.ts:34:13

  console.log
    !!! 1 {
      spendable: true,
      value: 2500000000,
      txid: '04cdac8e010234f48ab331435fcccf0f4490df86e0b5ef5925c9e8c32c33e187',
      vout: 0
    } undefined

      at src/core/spells.ts:216:12

  console.info
    Executing command: /Users/gadiguy/workspace/charms/target/release/charms tx show-spell --tx 020000000001010000000000000000000000000000000000000000000000000000000000000000ffffffff0402980000ffffffff0200f9029500000000160014c9d9cdc3642ca0458ccf3b6082b251ab8aa241730000000000000000266a24aa21a9ede2f61c3f71d1defd3fa999dfa36953755c690689799962b48bebd836974e8cf90120000000000000000000000000000000000000000000000000000000000000000000000000

      at src/core/charms-sdk.ts:16:11

  console.error
    Stderr: No spell found in the transaction

      30 | 				}
      31 | 				if (stderr) {
    > 32 | 					console.error(`Stderr: ${stderr}`);
         | 					        ^
      33 | 				}
      34 | 				console.info(`Executed successfully: ${stdout}`);
      35 | 				resolve(stdout);

      at src/core/charms-sdk.ts:32:14

  console.info
    Executed successfully:

      at src/core/charms-sdk.ts:34:13

  console.log
    !!! 1 {
      spendable: true,
      value: 2500000000,
      txid: '447597299e245fcd6d855514d3f58ac648a36f33027801c56df83de4deb2277d',
      vout: 0
    } undefined

      at src/core/spells.ts:216:12

  console.info
    Executing command: /Users/gadiguy/workspace/charms/target/release/charms tx show-spell --tx 020000000001010000000000000000000000000000000000000000000000000000000000000000ffffffff0402dc0000ffffffff0200f9029500000000160014c9d9cdc3642ca0458ccf3b6082b251ab8aa241730000000000000000266a24aa21a9ede2f61c3f71d1defd3fa999dfa36953755c690689799962b48bebd836974e8cf90120000000000000000000000000000000000000000000000000000000000000000000000000

      at src/core/charms-sdk.ts:16:11

  console.error
    Stderr: No spell found in the transaction

      30 | 				}
      31 | 				if (stderr) {
    > 32 | 					console.error(`Stderr: ${stderr}`);
         | 					        ^
      33 | 				}
      34 | 				console.info(`Executed successfully: ${stdout}`);
      35 | 				resolve(stdout);

      at src/core/charms-sdk.ts:32:14

  console.info
    Executed successfully:

      at src/core/charms-sdk.ts:34:13

  console.log
    !!! 1 {
      spendable: true,
      value: 2500000000,
      txid: '5f6d839cc276a0dca7ef37faceab54a3a084140d62df83cb800d4b7f2ec8abb1',
      vout: 0
    } undefined

      at src/core/spells.ts:216:12

  console.info
    Executing command: /Users/gadiguy/workspace/charms/target/release/charms tx show-spell --tx 020000000001010000000000000000000000000000000000000000000000000000000000000000ffffffff04023d0400ffffffff02e40b540200000000160014c699b99a00cc336f2cd3615b2361af367128c86a0000000000000000266a24aa21a9ede2f61c3f71d1defd3fa999dfa36953755c690689799962b48bebd836974e8cf90120000000000000000000000000000000000000000000000000000000000000000000000000

      at src/core/charms-sdk.ts:16:11

  console.error
    Stderr: No spell found in the transaction

      30 | 				}
      31 | 				if (stderr) {
    > 32 | 					console.error(`Stderr: ${stderr}`);
         | 					        ^
      33 | 				}
      34 | 				console.info(`Executed successfully: ${stdout}`);
      35 | 				resolve(stdout);

      at src/core/charms-sdk.ts:32:14

  console.info
    Executed successfully:

      at src/core/charms-sdk.ts:34:13

  console.log
    !!! 1 {
      spendable: true,
      value: 39062500,
      txid: '5201f391468afd952846920b9dc8ce08d4b8a6c2165691f7db32002d9e227c07',
      vout: 0
    } undefined

      at src/core/spells.ts:216:12

  console.info
    Executing command: /Users/gadiguy/workspace/charms/target/release/charms tx show-spell --tx 020000000001010000000000000000000000000000000000000000000000000000000000000000ffffffff04028b0200ffffffff02205fa01200000000160014be438a2710f608303168dfde261068040a60fb7a0000000000000000266a24aa21a9ede2f61c3f71d1defd3fa999dfa36953755c690689799962b48bebd836974e8cf90120000000000000000000000000000000000000000000000000000000000000000000000000

      at src/core/charms-sdk.ts:16:11

  console.error
    Stderr: No spell found in the transaction

      30 | 				}
      31 | 				if (stderr) {
    > 32 | 					console.error(`Stderr: ${stderr}`);
         | 					        ^
      33 | 				}
      34 | 				console.info(`Executed successfully: ${stdout}`);
      35 | 				resolve(stdout);

      at src/core/charms-sdk.ts:32:14

  console.info
    Executed successfully:

      at src/core/charms-sdk.ts:34:13

  console.log
    !!! 1 {
      spendable: true,
      value: 312500000,
      txid: '7fd0036831d6bfb674079350380449839757cf0daf639e6ebed7ae262967292a',
      vout: 0
    } undefined

      at src/core/spells.ts:216:12

  console.info
    Executing command: /Users/gadiguy/workspace/charms/target/release/charms tx show-spell --tx 020000000001018200b35a949407e9c898374f15ae4ea1db593f0e75f51d65344557baf36e4ad60000000000ffffffff02e803000000000000225120037fbfa04399a85204f9b15d1ceff7e1791ce90a3cc7e0d3c768f4feae58440c4df102950000000016001453ccee7c807221fbac2297ac05d7dc28b28d4d1a0341574ed38dbd1790f620a99bca28ec2a71600b96cd27a5287c0f6112685783a15204bfa7b0a88139c47500bef83e14f059f0548d5cdec1cdebebfd52a65a53f64b81fd49030063057370656c6c4d080282a36776657273696f6e04627478a2647265667380646f75747381a100a27163757272656e745f636f7369676e6572737840623935353532613666613631656135363137316536653236306364626135376432353062343462613132333464633932386131373736393866336630313664617163757272656e745f7468726573686f6c6401716170705f7075626c69635f696e70757473a183616e9820189d18891825188518501873184400181f18341886183918b118a518bf0618ed18430118561832186918d0189d18401884187718ce18af18c9182618fd9820186118af18e1186718f2184b18c0170f18a118c3183e0318de18d91846188018891881185c183118b518de182d1860187718620d18e618e5185f183ca166616374696f6e666465706c6f7999010418a41859184c18590518930c187d18fe18e80f187d18491835181d18d618c818a018b4187918e4181b185318af1899189118a9189d18d515189b18c018df1845189d18ab181e1893186e18701838188918bc187b18740f1820182b1859187418e418c618260618c61889185518d7185918741844183218f518e50818d9185f18ca181a181c189f18f7182718aa185a18be18eb18aa182b18ff184c18ce00183a18d818b91870183118c61829182b18851892187b1819186a184c181801188f182118cf18db18cc060e184418e11851187d189118a60818441825187c18e64d1001184e185018411870183b18a51891141718e018c31418e218a3184b0a182a1866187a183c1830189018e518f8187b189918c318e718fd1867185a188518c118a418ec186b18dd18ea18e1181a182218f61018db186318a0183113185518d118341875189f1826187c1856184f18fd18e8186018201841186f182f130518e418e9187f18f918c7181d18e6182018480918a418e9182f15188618e2185818bd188418db186d185c18ec185118bf18191873182f18451843183618b518d318c31851183918a4187918b71863183118f718b018c218f50d18b1189b182e13188218f618cd182a183b18b6187718d20218ee187618b10518a818ef18a618f01882185818af18941875186e182318ed18b018776820ea5dbb62780221ffaf82e3be7294b483c7ba18df5978a1194bf4014e900125a6ac21c1ea5dbb62780221ffaf82e3be7294b483c7ba18df5978a1194bf4014e900125a600000000

      at src/core/charms-sdk.ts:16:11

  console.info
    Executed successfully: version: 4
    apps:
      $0000: n/9d892585507344001f348639b1a5bf06ed4301563269d09d408477ceafc926fd/61afe167f24bc0170fa1c33e03ded9468089815c31b5de2d6077620de6e55f3c
    public_args:
      $0000:
        action: deploy
    ins: []
    outs:
    - charms:
        $0000:
          current_cosigners: b95552a6fa61ea56171e6e260cdba57d250b44ba1234dc928a177698f3f016da
          current_threshold: 1

      at src/core/charms-sdk.ts:34:13

  console.log
    !!! 1 {
      spendable: true,
      value: 2499998029,
      txid: '01ab0401a9732f5d4085b75c48cd77667f124aa3bafb0efcf60e98045bf18caa',
      vout: 1
    } undefined

      at src/core/spells.ts:216:12

  console.info
    Executing command: /Users/gadiguy/workspace/charms/target/release/charms tx show-spell --tx 020000000001010000000000000000000000000000000000000000000000000000000000000000ffffffff0402350200ffffffff0240be402500000000160014565dbe4e929f0f3587ef4ff2533f3dd04fce75c70000000000000000266a24aa21a9ede2f61c3f71d1defd3fa999dfa36953755c690689799962b48bebd836974e8cf90120000000000000000000000000000000000000000000000000000000000000000000000000

      at src/core/charms-sdk.ts:16:11

  console.error
    Stderr: No spell found in the transaction

      30 | 				}
      31 | 				if (stderr) {
    > 32 | 					console.error(`Stderr: ${stderr}`);
         | 					        ^
      33 | 				}
      34 | 				console.info(`Executed successfully: ${stdout}`);
      35 | 				resolve(stdout);

      at src/core/charms-sdk.ts:32:14

  console.info
    Executed successfully:

      at src/core/charms-sdk.ts:34:13

  console.log
    !!! 1 {
      spendable: true,
      value: 625000000,
      txid: '5977fec20143c403997507c8e81d1f8f13a3fcfe2164e326698fada951836acb',
      vout: 0
    } undefined

      at src/core/spells.ts:216:12

  console.info
    Executing command: /Users/gadiguy/workspace/charms/target/release/charms tx show-spell --tx 020000000001010000000000000000000000000000000000000000000000000000000000000000ffffffff0402c00000ffffffff0200f9029500000000160014c9d9cdc3642ca0458ccf3b6082b251ab8aa241730000000000000000266a24aa21a9ede2f61c3f71d1defd3fa999dfa36953755c690689799962b48bebd836974e8cf90120000000000000000000000000000000000000000000000000000000000000000000000000

      at src/core/charms-sdk.ts:16:11

  console.error
    Stderr: No spell found in the transaction

      30 | 				}
      31 | 				if (stderr) {
    > 32 | 					console.error(`Stderr: ${stderr}`);
         | 					        ^
      33 | 				}
      34 | 				console.info(`Executed successfully: ${stdout}`);
      35 | 				resolve(stdout);

      at src/core/charms-sdk.ts:32:14

  console.info
    Executed successfully:

      at src/core/charms-sdk.ts:34:13

  console.log
    !!! 1 {
      spendable: true,
      value: 2500000000,
      txid: '330d133fa65895f7926440ca375ff334a823091fa6e5bd669df2d50fc5d9b321',
      vout: 0
    } undefined

      at src/core/spells.ts:216:12

  console.info
    Executing command: /Users/gadiguy/workspace/charms/target/release/charms tx show-spell --tx 020000000001010b3d9d59922ba2aa59cc0fb4f18a856081647c838c1d52453551c315403b9cdf0000000000ffffffff02e803000000000000225120047e01914b162d37a6986bcece9a95228edc6071cf90644f0d8ce7f37c2179c2c028ce2901000000160014b7b1994382b7f6010c8b0be5a4c8582c148bd5370341df74feb52c6bf6cf6a26e661a504381465464baf73b8ecd6900a136998e9ef00026e6af998f211a5b9267ad01d161ad242db192fd92c46dc1d69369992e36c8181fd69010063057370656c6c4d3b0182a36776657273696f6e04627478a2647265667380646f75747381a100a3667469636b657269475241494c2d4e46547163757272656e745f636f7369676e6572737840663963613961363031633763323261333737343366303139303361363532613332323436623131643135353763613731646165303238663266646334313233347163757272656e745f7468726573686f6c6401716170705f7075626c69635f696e70757473a183616e982018e7189d1865185e183e1868186918fe182218db18ea183318da1518ca18db183618d8187318b6186f18851878188d185f187718f31873186c184118561866982018d618d018761869184918e918de184f18510817183f184118ba184d18381866189318b9011876188318a0181f18af184918d01118a9186518821859a166616374696f6e666465706c6f7980682033c36749bae31eb7a54922f47894e408b5b2c440dedb3562bacdbc09dbbd1b7eac21c033c36749bae31eb7a54922f47894e408b5b2c440dedb3562bacdbc09dbbd1b7e00000000

      at src/core/charms-sdk.ts:16:11

  console.info
    Executed successfully: version: 4
    apps:
      $0000: n/e79d655e3e6869fe22dbea33da15cadb36d873b66f85788d5f77f3736c415666/d6d0766949e9de4f5108173f41ba4d386693b9017683a01faf49d011a9658259
    public_args:
      $0000:
        action: deploy
    ins: []
    outs:
    - charms:
        $0000:
          ticker: GRAIL-NFT
          current_cosigners: f9ca9a601c7c22a37743f01903a652a32246b11d1557ca71dae028f2fdc41234
          current_threshold: 1

      at src/core/charms-sdk.ts:34:13

  console.log
    !!! 1 {
      spendable: true,
      value: 4996344000,
      txid: 'fff9dd8bb5bb5dd21b9caff7523749be031b6504bae8969f5d740d7c95331ccb',
      vout: 1
    } undefined

      at src/core/spells.ts:216:12

  console.info
    Executing command: /Users/gadiguy/workspace/charms/target/release/charms tx show-spell --tx 020000000001010000000000000000000000000000000000000000000000000000000000000000ffffffff04022b0300ffffffff02902f500900000000160014df2907ba1c43324bcddd8f295bb3d2d09dd62c290000000000000000266a24aa21a9ede2f61c3f71d1defd3fa999dfa36953755c690689799962b48bebd836974e8cf90120000000000000000000000000000000000000000000000000000000000000000000000000

      at src/core/charms-sdk.ts:16:11

  console.error
    Stderr: No spell found in the transaction

      30 | 				}
      31 | 				if (stderr) {
    > 32 | 					console.error(`Stderr: ${stderr}`);
         | 					        ^
      33 | 				}
      34 | 				console.info(`Executed successfully: ${stdout}`);
      35 | 				resolve(stdout);

      at src/core/charms-sdk.ts:32:14

  console.info
    Executed successfully:

      at src/core/charms-sdk.ts:34:13

  console.log
    !!! 1 {
      spendable: true,
      value: 156250000,
      txid: '274610277394b2dd74858bf598a3dece86f3b014c176aa06ce3aef51f1ce7179',
      vout: 0
    } undefined

      at src/core/spells.ts:216:12

  console.info
    Executing command: /Users/gadiguy/workspace/charms/target/release/charms tx show-spell --tx 020000000001010000000000000000000000000000000000000000000000000000000000000000ffffffff0402ba0100ffffffff02807c814a000000001600148dae6f2122b28418b4dcd043140798d3d20390c90000000000000000266a24aa21a9ede2f61c3f71d1defd3fa999dfa36953755c690689799962b48bebd836974e8cf90120000000000000000000000000000000000000000000000000000000000000000000000000

      at src/core/charms-sdk.ts:16:11

  console.error
    Stderr: No spell found in the transaction

      30 | 				}
      31 | 				if (stderr) {
    > 32 | 					console.error(`Stderr: ${stderr}`);
         | 					        ^
      33 | 				}
      34 | 				console.info(`Executed successfully: ${stdout}`);
      35 | 				resolve(stdout);

      at src/core/charms-sdk.ts:32:14

  console.info
    Executed successfully:

      at src/core/charms-sdk.ts:34:13

  console.log
    !!! 1 {
      spendable: true,
      value: 1250000000,
      txid: 'b61f1136e04fd5f295f53d7ba10a8d85d24a01af382ef35c4171e9c6abf35e6c',
      vout: 0
    } undefined

      at src/core/spells.ts:216:12

  console.info
    Executing command: /Users/gadiguy/workspace/charms/target/release/charms tx show-spell --tx 020000000001010000000000000000000000000000000000000000000000000000000000000000ffffffff0402c60300ffffffff02c817a80400000000160014b3455ce530ba44de213c9a78c2d662785143c5f40000000000000000266a24aa21a9ede2f61c3f71d1defd3fa999dfa36953755c690689799962b48bebd836974e8cf90120000000000000000000000000000000000000000000000000000000000000000000000000

      at src/core/charms-sdk.ts:16:11

  console.error
    Stderr: No spell found in the transaction

      30 | 				}
      31 | 				if (stderr) {
    > 32 | 					console.error(`Stderr: ${stderr}`);
         | 					        ^
      33 | 				}
      34 | 				console.info(`Executed successfully: ${stdout}`);
      35 | 				resolve(stdout);

      at src/core/charms-sdk.ts:32:14

  console.info
    Executed successfully:

      at src/core/charms-sdk.ts:34:13

  console.log
    !!! 1 {
      spendable: true,
      value: 78125000,
      txid: '9065eeaf7165c8d65e992d1421a8d804ae38310b92a4b5d8299b965d50691525',
      vout: 0
    } undefined

      at src/core/spells.ts:216:12

  console.info
    Executing command: /Users/gadiguy/workspace/charms/target/release/charms tx show-spell --tx 020000000001010000000000000000000000000000000000000000000000000000000000000000ffffffff0402330100ffffffff02807c814a00000000160014c9d9cdc3642ca0458ccf3b6082b251ab8aa241730000000000000000266a24aa21a9ede2f61c3f71d1defd3fa999dfa36953755c690689799962b48bebd836974e8cf90120000000000000000000000000000000000000000000000000000000000000000000000000

      at src/core/charms-sdk.ts:16:11

  console.error
    Stderr: No spell found in the transaction

      30 | 				}
      31 | 				if (stderr) {
    > 32 | 					console.error(`Stderr: ${stderr}`);
         | 					        ^
      33 | 				}
      34 | 				console.info(`Executed successfully: ${stdout}`);
      35 | 				resolve(stdout);

      at src/core/charms-sdk.ts:32:14

  console.info
    Executed successfully:

      at src/core/charms-sdk.ts:34:13

  console.log
    !!! 1 {
      spendable: true,
      value: 1250000000,
      txid: '781f62f2e4627b5f036a2cd3d0531c70a002b6328c236e79ca02089fa1b7b21a',
      vout: 0
    } undefined

      at src/core/spells.ts:216:12

  console.info
    Executing command: /Users/gadiguy/workspace/charms/target/release/charms tx show-spell --tx 020000000001010000000000000000000000000000000000000000000000000000000000000000ffffffff0402b90100ffffffff02807c814a000000001600148dae6f2122b28418b4dcd043140798d3d20390c90000000000000000266a24aa21a9ede2f61c3f71d1defd3fa999dfa36953755c690689799962b48bebd836974e8cf90120000000000000000000000000000000000000000000000000000000000000000000000000

      at src/core/charms-sdk.ts:16:11

  console.error
    Stderr: No spell found in the transaction

      30 | 				}
      31 | 				if (stderr) {
    > 32 | 					console.error(`Stderr: ${stderr}`);
         | 					        ^
      33 | 				}
      34 | 				console.info(`Executed successfully: ${stdout}`);
      35 | 				resolve(stdout);

      at src/core/charms-sdk.ts:32:14

  console.info
    Executed successfully:

      at src/core/charms-sdk.ts:34:13

  console.log
    !!! 1 {
      spendable: true,
      value: 1250000000,
      txid: 'aa78c5266dcb9b7338232cd0aaa37e5efc1d9cda90139b395d6cc3610c335d72',
      vout: 0
    } undefined

      at src/core/spells.ts:216:12

  console.info
    Executing command: /Users/gadiguy/workspace/charms/target/release/charms tx show-spell --tx 020000000001010000000000000000000000000000000000000000000000000000000000000000ffffffff0402ec0000ffffffff0200f9029500000000160014c9d9cdc3642ca0458ccf3b6082b251ab8aa241730000000000000000266a24aa21a9ede2f61c3f71d1defd3fa999dfa36953755c690689799962b48bebd836974e8cf90120000000000000000000000000000000000000000000000000000000000000000000000000

      at src/core/charms-sdk.ts:16:11

  console.error
    Stderr: No spell found in the transaction

      30 | 				}
      31 | 				if (stderr) {
    > 32 | 					console.error(`Stderr: ${stderr}`);
         | 					        ^
      33 | 				}
      34 | 				console.info(`Executed successfully: ${stdout}`);
      35 | 				resolve(stdout);

      at src/core/charms-sdk.ts:32:14

  console.info
    Executed successfully:

      at src/core/charms-sdk.ts:34:13

  console.log
    !!! 1 {
      spendable: true,
      value: 2500000000,
      txid: '324ef9a1cc62bc89bf15cf6317abd5dce684320821efe6eeebab1ea11702c56b',
      vout: 0
    } undefined

      at src/core/spells.ts:216:12

  console.info
    Executing command: /Users/gadiguy/workspace/charms/target/release/charms tx show-spell --tx 020000000001010000000000000000000000000000000000000000000000000000000000000000ffffffff0402fb0200ffffffff02902f500900000000160014df2907ba1c43324bcddd8f295bb3d2d09dd62c290000000000000000266a24aa21a9ede2f61c3f71d1defd3fa999dfa36953755c690689799962b48bebd836974e8cf90120000000000000000000000000000000000000000000000000000000000000000000000000

      at src/core/charms-sdk.ts:16:11

  console.error
    Stderr: No spell found in the transaction

      30 | 				}
      31 | 				if (stderr) {
    > 32 | 					console.error(`Stderr: ${stderr}`);
         | 					        ^
      33 | 				}
      34 | 				console.info(`Executed successfully: ${stdout}`);
      35 | 				resolve(stdout);

      at src/core/charms-sdk.ts:32:14

  console.info
    Executed successfully:

      at src/core/charms-sdk.ts:34:13

  console.log
    !!! 1 {
      spendable: true,
      value: 156250000,
      txid: 'bbb2332b01718f0dd306472e12a4f00f903fc312474f0f3c72f9a82522feb7b8',
      vout: 0
    } undefined

      at src/core/spells.ts:216:12

  console.info
    Executing command: /Users/gadiguy/workspace/charms/target/release/charms tx show-spell --tx 020000000001010000000000000000000000000000000000000000000000000000000000000000ffffffff0402c90100ffffffff0240be4025000000001600148dae6f2122b28418b4dcd043140798d3d20390c90000000000000000266a24aa21a9ede2f61c3f71d1defd3fa999dfa36953755c690689799962b48bebd836974e8cf90120000000000000000000000000000000000000000000000000000000000000000000000000

      at src/core/charms-sdk.ts:16:11

  console.error
    Stderr: No spell found in the transaction

      30 | 				}
      31 | 				if (stderr) {
    > 32 | 					console.error(`Stderr: ${stderr}`);
         | 					        ^
      33 | 				}
      34 | 				console.info(`Executed successfully: ${stdout}`);
      35 | 				resolve(stdout);

      at src/core/charms-sdk.ts:32:14

  console.info
    Executed successfully:

      at src/core/charms-sdk.ts:34:13

  console.log
    !!! 1 {
      spendable: true,
      value: 625000000,
      txid: '41ab8d1aed3ff4849f4a2668a1a4ff1dd8ef39ab6849f44be8a373d9bfe84b87',
      vout: 0
    } undefined

      at src/core/spells.ts:216:12

  console.info
    Executing command: /Users/gadiguy/workspace/charms/target/release/charms tx show-spell --tx 020000000001010000000000000000000000000000000000000000000000000000000000000000ffffffff0402370100ffffffff02e487814a00000000160014c9d9cdc3642ca0458ccf3b6082b251ab8aa241730000000000000000266a24aa21a9ed75e735f31b9a79e0dc714022ee0e41986d3f777a490d07e218e7e30915d067ae0120000000000000000000000000000000000000000000000000000000000000000000000000

      at src/core/charms-sdk.ts:16:11

  console.error
    Stderr: No spell found in the transaction

      30 | 				}
      31 | 				if (stderr) {
    > 32 | 					console.error(`Stderr: ${stderr}`);
         | 					        ^
      33 | 				}
      34 | 				console.info(`Executed successfully: ${stdout}`);
      35 | 				resolve(stdout);

      at src/core/charms-sdk.ts:32:14

  console.info
    Executed successfully:

      at src/core/charms-sdk.ts:34:13

  console.log
    !!! 1 {
      spendable: true,
      value: 1250002916,
      txid: 'b0add16e70170760e7d4c4817246510d29777747ea587b9af10be89735310ed5',
      vout: 0
    } undefined

      at src/core/spells.ts:216:12

  console.info
    Executing command: /Users/gadiguy/workspace/charms/target/release/charms tx show-spell --tx 020000000001010000000000000000000000000000000000000000000000000000000000000000ffffffff04021e0400ffffffff02e40b540200000000160014c699b99a00cc336f2cd3615b2361af367128c86a0000000000000000266a24aa21a9ede2f61c3f71d1defd3fa999dfa36953755c690689799962b48bebd836974e8cf90120000000000000000000000000000000000000000000000000000000000000000000000000

      at src/core/charms-sdk.ts:16:11

  console.error
    Stderr: No spell found in the transaction

      30 | 				}
      31 | 				if (stderr) {
    > 32 | 					console.error(`Stderr: ${stderr}`);
         | 					        ^
      33 | 				}
      34 | 				console.info(`Executed successfully: ${stdout}`);
      35 | 				resolve(stdout);

      at src/core/charms-sdk.ts:32:14

  console.info
    Executed successfully:

      at src/core/charms-sdk.ts:34:13

  console.log
    !!! 1 {
      spendable: true,
      value: 39062500,
      txid: 'be232177a5d4149fc343ec2cedaef2e8339936a8fc4a08750591e25ef179f711',
      vout: 0
    } undefined

      at src/core/spells.ts:216:12

  console.info
    Executing command: /Users/gadiguy/workspace/charms/target/release/charms tx show-spell --tx 020000000001010000000000000000000000000000000000000000000000000000000000000000ffffffff04025e0100ffffffff02807c814a00000000160014c9d9cdc3642ca0458ccf3b6082b251ab8aa241730000000000000000266a24aa21a9ede2f61c3f71d1defd3fa999dfa36953755c690689799962b48bebd836974e8cf90120000000000000000000000000000000000000000000000000000000000000000000000000

      at src/core/charms-sdk.ts:16:11

  console.error
    Stderr: No spell found in the transaction

      30 | 				}
      31 | 				if (stderr) {
    > 32 | 					console.error(`Stderr: ${stderr}`);
         | 					        ^
      33 | 				}
      34 | 				console.info(`Executed successfully: ${stdout}`);
      35 | 				resolve(stdout);

      at src/core/charms-sdk.ts:32:14

  console.info
    Executed successfully:

      at src/core/charms-sdk.ts:34:13

  console.log
    !!! 1 {
      spendable: true,
      value: 1250000000,
      txid: '91f554736c2d556ac923bb16961728155014313018f89f0d92ede82e195e6a69',
      vout: 0
    } undefined

      at src/core/spells.ts:216:12

  console.info
    Executing command: /Users/gadiguy/workspace/charms/target/release/charms tx show-spell --tx 020000000001010000000000000000000000000000000000000000000000000000000000000000ffffffff0402270200ffffffff0240be402500000000160014565dbe4e929f0f3587ef4ff2533f3dd04fce75c70000000000000000266a24aa21a9ede2f61c3f71d1defd3fa999dfa36953755c690689799962b48bebd836974e8cf90120000000000000000000000000000000000000000000000000000000000000000000000000

      at src/core/charms-sdk.ts:16:11

  console.error
    Stderr: No spell found in the transaction

      30 | 				}
      31 | 				if (stderr) {
    > 32 | 					console.error(`Stderr: ${stderr}`);
         | 					        ^
      33 | 				}
      34 | 				console.info(`Executed successfully: ${stdout}`);
      35 | 				resolve(stdout);

      at src/core/charms-sdk.ts:32:14

  console.info
    Executed successfully:

      at src/core/charms-sdk.ts:34:13

  console.log
    !!! 1 {
      spendable: true,
      value: 625000000,
      txid: '9e0093e09ad85e01b6703a76c9edeb0c44f9faf08360985989186b6d34da31c0',
      vout: 0
    } undefined

      at src/core/spells.ts:216:12

  console.info
    Executing command: /Users/gadiguy/workspace/charms/target/release/charms tx show-spell --tx 02000000000101af2da75fe496853975b5e944da242b83501ba5ef9f458ec3004896ef4377dd750000000000ffffffff02e803000000000000225120d52a4bff1f6935e0e268aaabf53feef19116dbba878c3971b66c34577a3efaa84bf1029500000000160014b95fb4475509b1758ef0bf31218efea1b6884e2c034191da8b3a6570c66cdd7b9b9fa462bfdc1dbeaa5aff69142749e8e48c371023efb693f6e3a6e30594fadc8d63a2a4c376d12fbe8a3bcfee1b9aa43c182705d04881fd4e030063057370656c6c4d080282a36776657273696f6e04627478a2647265667380646f75747381a100a27163757272656e745f636f7369676e65727378423032393131623864376364663537613165373735383538376466363631373234303762336534353934343030336239386638666265363930643462336364383962317163757272656e745f7468726573686f6c6401716170705f7075626c69635f696e70757473a183616e9820185418bc18be0b1856188b18ed1870187a18f318fb185e0018f5187d1869184818e1189a183e18f5189918bf183518fa18c71863182d187618fb18c203982018a718e418761821186518d11888181e18ed181a183c1831188e182a1831182d186518be18fc182e18f218741418751892151518711875182f1828181ea166616374696f6e666465706c6f7999010418a41859184c1859182718ff188b189f188a18e418f1184c0118db18b9188518631863189e189a18d8187e184218b3185418ad18db18fb189318e418a2186e186418f1188c1875182d18db187118f518e7189c183f188e187418e418b11889185316187818d0187a18f7184d187a188e183b18ec02189c187c0918771846181c18d318900818f218a618ad1886184d18ee0f189018c9051864187b18ca185718fd185318c518d90518ee18db189b18da187c18aa185018cf189018710518f0182b187f184b182f183518421888182e187f18f5183718d718df18994d150114181a18ae188318ab1892186f18541867189b0218c518b108182418db185e18e20c181c18b3001845141898186f184618b71834184c1890186c184018c2182818af18ee18f818390a1860181d18c2185c18f9186d182018e218ae187e181b182618a216186118d018a0186f18f1189b18c41825184f181a187f18c41827188618b2187b184418ed18da1886181b18d51864184918dc18b318a6186307187318f218c6188018ca1833186c18dc1830185e18ee189518b018ba18ea0618ec18280918f918aa18ad182818f018f71827181b1843185f18e5185715184a18d7187518a51852186e18c018fa1854181b18f1186e18300e188a1853183d18611822188e18b115131831185018be1869185218c1184b187d6820548ad3c5e2bed1054690cf23c6f3ade737a449c38bb831480061b72e777c92eaac21c1548ad3c5e2bed1054690cf23c6f3ade737a449c38bb831480061b72e777c92ea00000000

      at src/core/charms-sdk.ts:16:11

  console.info
    Executed successfully: version: 4
    apps:
      $0000: n/54bcbe0b568bed707af3fb5e00f57d6948e19a3ef599bf35fac7632d76fbc203/a7e4762165d1881eed1a3c318e2a312d65befc2ef274147592151571752f281e
    public_args:
      $0000:
        action: deploy
    ins: []
    outs:
    - charms:
        $0000:
          current_cosigners: 02911b8d7cdf57a1e7758587df66172407b3e45944003b98f8fbe690d4b3cd89b1
          current_threshold: 1

      at src/core/charms-sdk.ts:34:13

  console.log
    !!! 1 {
      spendable: true,
      value: 2499998027,
      txid: '509697aaa6bc0807dc00ebd8600d38c4879c66d8d79e426023861ba1a0e76769',
      vout: 1
    } undefined

      at src/core/spells.ts:216:12

  console.info
    Executing command: /Users/gadiguy/workspace/charms/target/release/charms tx show-spell --tx 020000000001010000000000000000000000000000000000000000000000000000000000000000ffffffff04026f0200ffffffff02205fa01200000000160014565dbe4e929f0f3587ef4ff2533f3dd04fce75c70000000000000000266a24aa21a9ede2f61c3f71d1defd3fa999dfa36953755c690689799962b48bebd836974e8cf90120000000000000000000000000000000000000000000000000000000000000000000000000

      at src/core/charms-sdk.ts:16:11

  console.error
    Stderr: No spell found in the transaction

      30 | 				}
      31 | 				if (stderr) {
    > 32 | 					console.error(`Stderr: ${stderr}`);
         | 					        ^
      33 | 				}
      34 | 				console.info(`Executed successfully: ${stdout}`);
      35 | 				resolve(stdout);

      at src/core/charms-sdk.ts:32:14

  console.info
    Executed successfully:

      at src/core/charms-sdk.ts:34:13

  console.log
    !!! 1 {
      spendable: true,
      value: 312500000,
      txid: 'd792556f5b14459ed8415232677fa1b7a1633db1c4d22325aa830a35151c388c',
      vout: 0
    } undefined

      at src/core/spells.ts:216:12

  console.info
    Executing command: /Users/gadiguy/workspace/charms/target/release/charms tx show-spell --tx 020000000001010000000000000000000000000000000000000000000000000000000000000000ffffffff0402bf0000ffffffff0200f9029500000000160014c9d9cdc3642ca0458ccf3b6082b251ab8aa241730000000000000000266a24aa21a9ede2f61c3f71d1defd3fa999dfa36953755c690689799962b48bebd836974e8cf90120000000000000000000000000000000000000000000000000000000000000000000000000

      at src/core/charms-sdk.ts:16:11

  console.error
    Stderr: No spell found in the transaction

      30 | 				}
      31 | 				if (stderr) {
    > 32 | 					console.error(`Stderr: ${stderr}`);
         | 					        ^
      33 | 				}
      34 | 				console.info(`Executed successfully: ${stdout}`);
      35 | 				resolve(stdout);

      at src/core/charms-sdk.ts:32:14

  console.info
    Executed successfully:

      at src/core/charms-sdk.ts:34:13

  console.log
    !!! 1 {
      spendable: true,
      value: 2500000000,
      txid: '6f9d36c3614afd1e021f06f29233e3e6d1051bd0e272d2c99778a65b5fc61103',
      vout: 0
    } undefined

      at src/core/spells.ts:216:12

  console.info
    Executing command: /Users/gadiguy/workspace/charms/target/release/charms tx show-spell --tx 020000000001010000000000000000000000000000000000000000000000000000000000000000ffffffff0402a40000ffffffff0200f9029500000000160014c9d9cdc3642ca0458ccf3b6082b251ab8aa241730000000000000000266a24aa21a9ede2f61c3f71d1defd3fa999dfa36953755c690689799962b48bebd836974e8cf90120000000000000000000000000000000000000000000000000000000000000000000000000

      at src/core/charms-sdk.ts:16:11

  console.error
    Stderr: No spell found in the transaction

      30 | 				}
      31 | 				if (stderr) {
    > 32 | 					console.error(`Stderr: ${stderr}`);
         | 					        ^
      33 | 				}
      34 | 				console.info(`Executed successfully: ${stdout}`);
      35 | 				resolve(stdout);

      at src/core/charms-sdk.ts:32:14

  console.info
    Executed successfully:

      at src/core/charms-sdk.ts:34:13

  console.log
    !!! 1 {
      spendable: true,
      value: 2500000000,
      txid: 'd78366832bacbdc51a443e528afa6cc646b67d4e389003dc78658eec2c14372c',
      vout: 0
    } undefined

      at src/core/spells.ts:216:12

  console.info
    Executing command: /Users/gadiguy/workspace/charms/target/release/charms tx show-spell --tx 020000000001010000000000000000000000000000000000000000000000000000000000000000ffffffff04020a0400ffffffff02c817a80400000000160014b3455ce530ba44de213c9a78c2d662785143c5f40000000000000000266a24aa21a9ede2f61c3f71d1defd3fa999dfa36953755c690689799962b48bebd836974e8cf90120000000000000000000000000000000000000000000000000000000000000000000000000

      at src/core/charms-sdk.ts:16:11

  console.error
    Stderr: No spell found in the transaction

      30 | 				}
      31 | 				if (stderr) {
    > 32 | 					console.error(`Stderr: ${stderr}`);
         | 					        ^
      33 | 				}
      34 | 				console.info(`Executed successfully: ${stdout}`);
      35 | 				resolve(stdout);

      at src/core/charms-sdk.ts:32:14

  console.info
    Executed successfully:

      at src/core/charms-sdk.ts:34:13

  console.log
    !!! 1 {
      spendable: true,
      value: 78125000,
      txid: '9ed146f3819497759da8b1ca53c63150a5d45ae91f9f24cbb2d28ac1d9f1e182',
      vout: 0
    } undefined

      at src/core/spells.ts:216:12

  console.info
    Executing command: /Users/gadiguy/workspace/charms/target/release/charms tx show-spell --tx 020000000001010000000000000000000000000000000000000000000000000000000000000000ffffffff0402bd0100ffffffff02807c814a000000001600148dae6f2122b28418b4dcd043140798d3d20390c90000000000000000266a24aa21a9ede2f61c3f71d1defd3fa999dfa36953755c690689799962b48bebd836974e8cf90120000000000000000000000000000000000000000000000000000000000000000000000000

      at src/core/charms-sdk.ts:16:11

  console.error
    Stderr: No spell found in the transaction

      30 | 				}
      31 | 				if (stderr) {
    > 32 | 					console.error(`Stderr: ${stderr}`);
         | 					        ^
      33 | 				}
      34 | 				console.info(`Executed successfully: ${stdout}`);
      35 | 				resolve(stdout);

      at src/core/charms-sdk.ts:32:14

  console.info
    Executed successfully:

      at src/core/charms-sdk.ts:34:13

  console.log
    !!! 1 {
      spendable: true,
      value: 1250000000,
      txid: 'e0fe0ee63a7270ea52daf81644dd24580609c5b44c627ea8c1d650854c3a7411',
      vout: 0
    } undefined

      at src/core/spells.ts:216:12

  console.info
    Executing command: /Users/gadiguy/workspace/charms/target/release/charms tx show-spell --tx 020000000001010000000000000000000000000000000000000000000000000000000000000000ffffffff03017e00ffffffff0200f2052a01000000160014c9d9cdc3642ca0458ccf3b6082b251ab8aa241730000000000000000266a24aa21a9ede2f61c3f71d1defd3fa999dfa36953755c690689799962b48bebd836974e8cf90120000000000000000000000000000000000000000000000000000000000000000000000000

      at src/core/charms-sdk.ts:16:11

  console.error
    Stderr: No spell found in the transaction

      30 | 				}
      31 | 				if (stderr) {
    > 32 | 					console.error(`Stderr: ${stderr}`);
         | 					        ^
      33 | 				}
      34 | 				console.info(`Executed successfully: ${stdout}`);
      35 | 				resolve(stdout);

      at src/core/charms-sdk.ts:32:14

  console.info
    Executed successfully:

      at src/core/charms-sdk.ts:34:13

  console.log
    !!! 1 {
      spendable: true,
      value: 5000000000,
      txid: 'c2d17f88c856911b1b58ae29996cae12d24f6e72c826d99f33f29f6c0ae7bec1',
      vout: 0
    } undefined

      at src/core/spells.ts:216:12

  console.info
    Executing command: /Users/gadiguy/workspace/charms/target/release/charms tx show-spell --tx 020000000001010000000000000000000000000000000000000000000000000000000000000000ffffffff0402750100ffffffff02807c814a00000000160014c9d9cdc3642ca0458ccf3b6082b251ab8aa241730000000000000000266a24aa21a9ede2f61c3f71d1defd3fa999dfa36953755c690689799962b48bebd836974e8cf90120000000000000000000000000000000000000000000000000000000000000000000000000

      at src/core/charms-sdk.ts:16:11

  console.error
    Stderr: No spell found in the transaction

      30 | 				}
      31 | 				if (stderr) {
    > 32 | 					console.error(`Stderr: ${stderr}`);
         | 					        ^
      33 | 				}
      34 | 				console.info(`Executed successfully: ${stdout}`);
      35 | 				resolve(stdout);

      at src/core/charms-sdk.ts:32:14

  console.info
    Executed successfully:

      at src/core/charms-sdk.ts:34:13

  console.log
    !!! 1 {
      spendable: true,
      value: 1250000000,
      txid: 'afa93f6451412b1caebe183974d545bc0ec161ff22840971d1773f9c6264ce68',
      vout: 0
    } undefined

      at src/core/spells.ts:216:12

  console.info
    Executing command: /Users/gadiguy/workspace/charms/target/release/charms tx show-spell --tx 020000000001010000000000000000000000000000000000000000000000000000000000000000ffffffff0402e90100ffffffff0240be4025000000001600148dae6f2122b28418b4dcd043140798d3d20390c90000000000000000266a24aa21a9ede2f61c3f71d1defd3fa999dfa36953755c690689799962b48bebd836974e8cf90120000000000000000000000000000000000000000000000000000000000000000000000000

      at src/core/charms-sdk.ts:16:11

  console.error
    Stderr: No spell found in the transaction

      30 | 				}
      31 | 				if (stderr) {
    > 32 | 					console.error(`Stderr: ${stderr}`);
         | 					        ^
      33 | 				}
      34 | 				console.info(`Executed successfully: ${stdout}`);
      35 | 				resolve(stdout);

      at src/core/charms-sdk.ts:32:14

  console.info
    Executed successfully:

      at src/core/charms-sdk.ts:34:13

  console.log
    !!! 1 {
      spendable: true,
      value: 625000000,
      txid: '3c42bc2b72281754cbf746928856af079bfd6fadb4d0a11bbd628d34f0d50f53',
      vout: 0
    } undefined

      at src/core/spells.ts:216:12

  console.info
    Executing command: /Users/gadiguy/workspace/charms/target/release/charms tx show-spell --tx 020000000001010000000000000000000000000000000000000000000000000000000000000000ffffffff04023f0400ffffffff02e40b540200000000160014c699b99a00cc336f2cd3615b2361af367128c86a0000000000000000266a24aa21a9ede2f61c3f71d1defd3fa999dfa36953755c690689799962b48bebd836974e8cf90120000000000000000000000000000000000000000000000000000000000000000000000000

      at src/core/charms-sdk.ts:16:11

  console.error
    Stderr: No spell found in the transaction

      30 | 				}
      31 | 				if (stderr) {
    > 32 | 					console.error(`Stderr: ${stderr}`);
         | 					        ^
      33 | 				}
      34 | 				console.info(`Executed successfully: ${stdout}`);
      35 | 				resolve(stdout);

      at src/core/charms-sdk.ts:32:14

  console.info
    Executed successfully:

      at src/core/charms-sdk.ts:34:13

  console.log
    !!! 1 {
      spendable: true,
      value: 39062500,
      txid: 'd9e60bbeeb5ddc0870f923b0073a3904bc607ec197b6f327f1c01d37f1f0c469',
      vout: 0
    } undefined

      at src/core/spells.ts:216:12

  console.info
    Executing command: /Users/gadiguy/workspace/charms/target/release/charms tx show-spell --tx 020000000001010000000000000000000000000000000000000000000000000000000000000000ffffffff0402e20000ffffffff0200f9029500000000160014c9d9cdc3642ca0458ccf3b6082b251ab8aa241730000000000000000266a24aa21a9ede2f61c3f71d1defd3fa999dfa36953755c690689799962b48bebd836974e8cf90120000000000000000000000000000000000000000000000000000000000000000000000000

      at src/core/charms-sdk.ts:16:11

  console.error
    Stderr: No spell found in the transaction

      30 | 				}
      31 | 				if (stderr) {
    > 32 | 					console.error(`Stderr: ${stderr}`);
         | 					        ^
      33 | 				}
      34 | 				console.info(`Executed successfully: ${stdout}`);
      35 | 				resolve(stdout);

      at src/core/charms-sdk.ts:32:14

  console.info
    Executed successfully:

      at src/core/charms-sdk.ts:34:13

  console.log
    !!! 1 {
      spendable: true,
      value: 2500000000,
      txid: '2669abdfb9a3803d95f04cc2ac64270a2ac9651dc5bdc1806537def659046e62',
      vout: 0
    } undefined

      at src/core/spells.ts:216:12

  console.info
    Executing command: /Users/gadiguy/workspace/charms/target/release/charms tx show-spell --tx 020000000001010000000000000000000000000000000000000000000000000000000000000000ffffffff0402d40100ffffffff0240be4025000000001600148dae6f2122b28418b4dcd043140798d3d20390c90000000000000000266a24aa21a9ede2f61c3f71d1defd3fa999dfa36953755c690689799962b48bebd836974e8cf90120000000000000000000000000000000000000000000000000000000000000000000000000

      at src/core/charms-sdk.ts:16:11

  console.error
    Stderr: No spell found in the transaction

      30 | 				}
      31 | 				if (stderr) {
    > 32 | 					console.error(`Stderr: ${stderr}`);
         | 					        ^
      33 | 				}
      34 | 				console.info(`Executed successfully: ${stdout}`);
      35 | 				resolve(stdout);

      at src/core/charms-sdk.ts:32:14

  console.info
    Executed successfully:

      at src/core/charms-sdk.ts:34:13

  console.log
    !!! 1 {
      spendable: true,
      value: 625000000,
      txid: 'e6ed4c6f5b8d2e7edd98fe5da33c72a06d09fb00ed26367c6805017fef9b8361',
      vout: 0
    } undefined

      at src/core/spells.ts:216:12

  console.info
    Executing command: /Users/gadiguy/workspace/charms/target/release/charms tx show-spell --tx 020000000001010000000000000000000000000000000000000000000000000000000000000000ffffffff0402e80300ffffffff02c817a80400000000160014b3455ce530ba44de213c9a78c2d662785143c5f40000000000000000266a24aa21a9ede2f61c3f71d1defd3fa999dfa36953755c690689799962b48bebd836974e8cf90120000000000000000000000000000000000000000000000000000000000000000000000000

      at src/core/charms-sdk.ts:16:11

  console.error
    Stderr: No spell found in the transaction

      30 | 				}
      31 | 				if (stderr) {
    > 32 | 					console.error(`Stderr: ${stderr}`);
         | 					        ^
      33 | 				}
      34 | 				console.info(`Executed successfully: ${stdout}`);
      35 | 				resolve(stdout);

      at src/core/charms-sdk.ts:32:14

  console.info
    Executed successfully:

      at src/core/charms-sdk.ts:34:13

  console.log
    !!! 1 {
      spendable: true,
      value: 78125000,
      txid: '11c671aa2bf0ab6625c1ed9bb6608b3a9d27783b2b6e99a9e43369aad71a51ec',
      vout: 0
    } undefined

      at src/core/spells.ts:216:12

  console.info
    Executing command: /Users/gadiguy/workspace/charms/target/release/charms tx show-spell --tx 020000000001010000000000000000000000000000000000000000000000000000000000000000ffffffff04027e0100ffffffff02807c814a00000000160014c9d9cdc3642ca0458ccf3b6082b251ab8aa241730000000000000000266a24aa21a9ede2f61c3f71d1defd3fa999dfa36953755c690689799962b48bebd836974e8cf90120000000000000000000000000000000000000000000000000000000000000000000000000

      at src/core/charms-sdk.ts:16:11

  console.error
    Stderr: No spell found in the transaction

      30 | 				}
      31 | 				if (stderr) {
    > 32 | 					console.error(`Stderr: ${stderr}`);
         | 					        ^
      33 | 				}
      34 | 				console.info(`Executed successfully: ${stdout}`);
      35 | 				resolve(stdout);

      at src/core/charms-sdk.ts:32:14

  console.info
    Executed successfully:

      at src/core/charms-sdk.ts:34:13

  console.log
    !!! 1 {
      spendable: true,
      value: 1250000000,
      txid: '26a69ddead3117b042fbcb4292d45ba262dd4211e00eff3199fcd21ef3283623',
      vout: 0
    } undefined

      at src/core/spells.ts:216:12

  console.info
    Executing command: /Users/gadiguy/workspace/charms/target/release/charms tx show-spell --tx 020000000001010000000000000000000000000000000000000000000000000000000000000000ffffffff04027a0100ffffffff02807c814a00000000160014c9d9cdc3642ca0458ccf3b6082b251ab8aa241730000000000000000266a24aa21a9ede2f61c3f71d1defd3fa999dfa36953755c690689799962b48bebd836974e8cf90120000000000000000000000000000000000000000000000000000000000000000000000000

      at src/core/charms-sdk.ts:16:11

  console.error
    Stderr: No spell found in the transaction

      30 | 				}
      31 | 				if (stderr) {
    > 32 | 					console.error(`Stderr: ${stderr}`);
         | 					        ^
      33 | 				}
      34 | 				console.info(`Executed successfully: ${stdout}`);
      35 | 				resolve(stdout);

      at src/core/charms-sdk.ts:32:14

  console.info
    Executed successfully:

      at src/core/charms-sdk.ts:34:13

  console.log
    !!! 1 {
      spendable: true,
      value: 1250000000,
      txid: 'e958eb7ebd0ed4497b42f5549b08b9e6ad71021b34c70801bfc2d77aaa14a69a',
      vout: 0
    } undefined

      at src/core/spells.ts:216:12

  console.info
    Executing command: /Users/gadiguy/workspace/charms/target/release/charms tx show-spell --tx 020000000001010000000000000000000000000000000000000000000000000000000000000000ffffffff0402e70000ffffffff0200f9029500000000160014c9d9cdc3642ca0458ccf3b6082b251ab8aa241730000000000000000266a24aa21a9ede2f61c3f71d1defd3fa999dfa36953755c690689799962b48bebd836974e8cf90120000000000000000000000000000000000000000000000000000000000000000000000000

      at src/core/charms-sdk.ts:16:11

  console.error
    Stderr: No spell found in the transaction

      30 | 				}
      31 | 				if (stderr) {
    > 32 | 					console.error(`Stderr: ${stderr}`);
         | 					        ^
      33 | 				}
      34 | 				console.info(`Executed successfully: ${stdout}`);
      35 | 				resolve(stdout);

      at src/core/charms-sdk.ts:32:14

  console.info
    Executed successfully:

      at src/core/charms-sdk.ts:34:13

  console.log
    !!! 1 {
      spendable: true,
      value: 2500000000,
      txid: '27444366605c16cbe96e43ba353ba63af9b591ed217073ce0e2689290a0bd30a',
      vout: 0
    } undefined

      at src/core/spells.ts:216:12

  console.info
    Executing command: /Users/gadiguy/workspace/charms/target/release/charms tx show-spell --tx 020000000001010000000000000000000000000000000000000000000000000000000000000000ffffffff0402c80300ffffffff02c817a80400000000160014b3455ce530ba44de213c9a78c2d662785143c5f40000000000000000266a24aa21a9ede2f61c3f71d1defd3fa999dfa36953755c690689799962b48bebd836974e8cf90120000000000000000000000000000000000000000000000000000000000000000000000000

      at src/core/charms-sdk.ts:16:11

  console.error
    Stderr: No spell found in the transaction

      30 | 				}
      31 | 				if (stderr) {
    > 32 | 					console.error(`Stderr: ${stderr}`);
         | 					        ^
      33 | 				}
      34 | 				console.info(`Executed successfully: ${stdout}`);
      35 | 				resolve(stdout);

      at src/core/charms-sdk.ts:32:14

  console.info
    Executed successfully:

      at src/core/charms-sdk.ts:34:13

  console.log
    !!! 1 {
      spendable: true,
      value: 78125000,
      txid: '9c4b6503c6deb8a7c4cd7474d077683b42932aafdad627919e81e916b2779913',
      vout: 0
    } undefined

      at src/core/spells.ts:216:12

  console.info
    Executing command: /Users/gadiguy/workspace/charms/target/release/charms tx show-spell --tx 020000000001010000000000000000000000000000000000000000000000000000000000000000ffffffff0402870300ffffffff02c817a804000000001600147ee0b7b0a06b1715257f82da01a3a4daa7a6aa780000000000000000266a24aa21a9ede2f61c3f71d1defd3fa999dfa36953755c690689799962b48bebd836974e8cf90120000000000000000000000000000000000000000000000000000000000000000000000000

      at src/core/charms-sdk.ts:16:11

  console.error
    Stderr: No spell found in the transaction

      30 | 				}
      31 | 				if (stderr) {
    > 32 | 					console.error(`Stderr: ${stderr}`);
         | 					        ^
      33 | 				}
      34 | 				console.info(`Executed successfully: ${stdout}`);
      35 | 				resolve(stdout);

      at src/core/charms-sdk.ts:32:14

  console.info
    Executed successfully:

      at src/core/charms-sdk.ts:34:13

  console.log
    !!! 1 {
      spendable: true,
      value: 78125000,
      txid: 'ddda3f50c896963a39cbcafe0726f1abf2e68c48267ad85241a17416b7cafe89',
      vout: 0
    } undefined

      at src/core/spells.ts:216:12

  console.info
    Executing command: /Users/gadiguy/workspace/charms/target/release/charms tx show-spell --tx 020000000001010000000000000000000000000000000000000000000000000000000000000000ffffffff0402120300ffffffff02902f500900000000160014df2907ba1c43324bcddd8f295bb3d2d09dd62c290000000000000000266a24aa21a9ede2f61c3f71d1defd3fa999dfa36953755c690689799962b48bebd836974e8cf90120000000000000000000000000000000000000000000000000000000000000000000000000

      at src/core/charms-sdk.ts:16:11

  console.error
    Stderr: No spell found in the transaction

      30 | 				}
      31 | 				if (stderr) {
    > 32 | 					console.error(`Stderr: ${stderr}`);
         | 					        ^
      33 | 				}
      34 | 				console.info(`Executed successfully: ${stdout}`);
      35 | 				resolve(stdout);

      at src/core/charms-sdk.ts:32:14

  console.info
    Executed successfully:

      at src/core/charms-sdk.ts:34:13

  console.log
    !!! 1 {
      spendable: true,
      value: 156250000,
      txid: 'cbfc33ab8d6b616982b243024bdfad61ebb722e11e84a90cbcd01cf8787bb5b8',
      vout: 0
    } undefined

      at src/core/spells.ts:216:12

  console.info
    Executing command: /Users/gadiguy/workspace/charms/target/release/charms tx show-spell --tx 020000000001010000000000000000000000000000000000000000000000000000000000000000ffffffff0402230200ffffffff0240be402500000000160014565dbe4e929f0f3587ef4ff2533f3dd04fce75c70000000000000000266a24aa21a9ede2f61c3f71d1defd3fa999dfa36953755c690689799962b48bebd836974e8cf90120000000000000000000000000000000000000000000000000000000000000000000000000

      at src/core/charms-sdk.ts:16:11

  console.error
    Stderr: No spell found in the transaction

      30 | 				}
      31 | 				if (stderr) {
    > 32 | 					console.error(`Stderr: ${stderr}`);
         | 					        ^
      33 | 				}
      34 | 				console.info(`Executed successfully: ${stdout}`);
      35 | 				resolve(stdout);

      at src/core/charms-sdk.ts:32:14

  console.info
    Executed successfully:

      at src/core/charms-sdk.ts:34:13

  console.log
    !!! 1 {
      spendable: true,
      value: 625000000,
      txid: '86e37bdc67db130d0128b67499b01a1939356138850ba1aa3de0ef395a2c7015',
      vout: 0
    } undefined

      at src/core/spells.ts:216:12

  console.info
    Executing command: /Users/gadiguy/workspace/charms/target/release/charms tx show-spell --tx 020000000001010000000000000000000000000000000000000000000000000000000000000000ffffffff04021e0200ffffffff0240be402500000000160014565dbe4e929f0f3587ef4ff2533f3dd04fce75c70000000000000000266a24aa21a9ede2f61c3f71d1defd3fa999dfa36953755c690689799962b48bebd836974e8cf90120000000000000000000000000000000000000000000000000000000000000000000000000

      at src/core/charms-sdk.ts:16:11

  console.error
    Stderr: No spell found in the transaction

      30 | 				}
      31 | 				if (stderr) {
    > 32 | 					console.error(`Stderr: ${stderr}`);
         | 					        ^
      33 | 				}
      34 | 				console.info(`Executed successfully: ${stdout}`);
      35 | 				resolve(stdout);

      at src/core/charms-sdk.ts:32:14

  console.info
    Executed successfully:

      at src/core/charms-sdk.ts:34:13

  console.log
    !!! 1 {
      spendable: true,
      value: 625000000,
      txid: 'f7838b288e69fe33aa59c8fe15b7a1d4f892edf450a77534820ab80c62765e95',
      vout: 0
    } undefined

      at src/core/spells.ts:216:12

  console.info
    Executing command: /Users/gadiguy/workspace/charms/target/release/charms tx show-spell --tx 020000000001011cd109b2cb65f6b778c451ca1d8d8501555b71a280a33b8b236b865c2cf5952e0000000000ffffffff02e80300000000000022512010fd8cc20fa45dfd1fd008cc7c43bd0a1235ad2665342e209cf9a319f8bd65dc2cf69c04000000001600144bc24b02af70fc24cd23ce8fe5a5ee17ddc937420341d829008afed397d6656ee670e3b7d987e755d3fc6ae8f912393d61802dc8322d2c0ccdad5b1c7e6c03579172146fe175b418dc2703fa8dc85ba717857147da2a81fd65010063057370656c6c4d370182a36776657273696f6e04627478a2647265667380646f75747381a100a3667469636b657269475241494c2d4e46547163757272656e745f636f7369676e6572737840393431643339663934613633336263313531393437663435643361623738613531633933666133353862313038393562323036316235326337353031323237397163757272656e745f7468726573686f6c6401716170705f7075626c69635f696e70757473a183616e982018b2185e18d8184c101888186b18ec03181d189b18d718ae181c18fc183d1889183f18f8188205181d18c218c5184c186118ae189803182318ae16982018d618d018761869184918e918de184f18510817183f184118ba184d18381866189318b9011876188318a0181f18af184918d01118a9186518821859a166616374696f6e666465706c6f79806820649bf101b719b1f810398d2893a0a709a79cf19bc0f4d3310f3787722eeed8eaac21c0649bf101b719b1f810398d2893a0a709a79cf19bc0f4d3310f3787722eeed8ea00000000

      at src/core/charms-sdk.ts:16:11

  console.info
    Executed successfully: version: 4
    apps:
      $0000: n/b25ed84c10886bec031d9bd7ae1cfc3d893ff882051dc2c54c61ae980323ae16/d6d0766949e9de4f5108173f41ba4d386693b9017683a01faf49d011a9658259
    public_args:
      $0000:
        action: deploy
    ins: []
    outs:
    - charms:
        $0000:
          ticker: GRAIL-NFT
          current_cosigners: 941d39f94a633bc151947f45d3ab78a51c93fa358b10895b2061b52c75012279
          current_threshold: 1

      at src/core/charms-sdk.ts:34:13

  console.log
    !!! 1 {
      spendable: true,
      value: 77395500,
      txid: 'a179fac87e56e5b81c0cdb6a6e9d997261fdb93b151e0c94fb3aea2a13e979e4',
      vout: 1
    } undefined

      at src/core/spells.ts:216:12

  console.info
    Executing command: /Users/gadiguy/workspace/charms/target/release/charms tx show-spell --tx 020000000001010000000000000000000000000000000000000000000000000000000000000000ffffffff04025b0400ffffffff02e40b540200000000160014c699b99a00cc336f2cd3615b2361af367128c86a0000000000000000266a24aa21a9ede2f61c3f71d1defd3fa999dfa36953755c690689799962b48bebd836974e8cf90120000000000000000000000000000000000000000000000000000000000000000000000000

      at src/core/charms-sdk.ts:16:11

  console.error
    Stderr: No spell found in the transaction

      30 | 				}
      31 | 				if (stderr) {
    > 32 | 					console.error(`Stderr: ${stderr}`);
         | 					        ^
      33 | 				}
      34 | 				console.info(`Executed successfully: ${stdout}`);
      35 | 				resolve(stdout);

      at src/core/charms-sdk.ts:32:14

  console.info
    Executed successfully:

      at src/core/charms-sdk.ts:34:13

  console.log
    !!! 1 {
      spendable: true,
      value: 39062500,
      txid: '3bb40ff4291a234c1a9cec98cf35c889fcb308be219eb8b6aa9e226be781a922',
      vout: 0
    } undefined

      at src/core/spells.ts:216:12

  console.info
    Executing command: /Users/gadiguy/workspace/charms/target/release/charms tx show-spell --tx 0200000000010327395d880015964c18e1d8f01cfc55bd55623de73d67d0ba2c8eb54c983c0ad80000000000ffffffff4f7800196fbe74fae3ad32cabd1d418417b08882915fb59370eb6b36957aa7970000000000ffffffffeefcf844febf77422c5b125fec40f1ce53e0da69b5c2b6c45f587d2f4dadd6ee0000000000ffffffff03e803000000000000225120602d2ea445304b8b695c3658ca5de3c95f84cb6442ba0884c8e6cb777a7d44ade80300000000000022512072582aeee1c4116baeb2907f1d4c8e11c235ba1b0c37a84bc8967a3fdbfd492f1c34744a00000000160014d444fb948bda0aa0e77bf66784b9475b4a1d3895034024abcd3d37f70f6b7cfcb5cc33bf0ee9eb53291b815cee23486b01727db12cd082efd5850a4da49fcaf8a82e4120300631d2c1d03e7b7f44afa2502499cc91fa2420f517c2656767186ea2bd9162ec331064b34a6b276a7a2a1116717b0072dfd1ddac519c21c050929b74c1a04954b78b4b6035e97a5e078a5a0f28ec96d547bfee9ace803ac00340f3161938373e6c9c20c7697d44f2957aef54079d5cacbfa936af7a1a5b51cd343fa32cfc3e64d6b35bc181b8e2557b2876bbbbf833dd203158764a7050d1b3d424206e893fc935e361711cc73171c946737d8e9141f38d3c37499afc694101240583ac519c41c050929b74c1a04954b78b4b6035e97a5e078a5a0f28ec96d547bfee9ace803ac0c45c7b3b73899e117c7e8dde4557ae25ac51a216b4d7ff25e3bd9f187f79a3da03402b7b7cc96aae2a41beb6b5d9f06ab116c582a268133bf031aa68f6da0227c8ba4697dd4577e2715d077f6250d80b2b5836190b6c07ecfc739096b473bf1e0cc2fd20020063057370656c6c4df20182a36776657273696f6e04627478a2647265667380646f75747382a100a3667469636b657269475241494c2d4e46547163757272656e745f636f7369676e6572737840366538393366633933356533363137313163633733313731633934363733376438653931343166333864336333373439396166633639343130313234303538337163757272656e745f7468726573686f6c6401a200a164747970656b757365725f636861726d7301a166616d6f756e741a000f4240716170705f7075626c69635f696e70757473a283616e982018ee187018b31860185418e61859186918fa1843185418a218441862181c188618f11818186318c1184218b70118ee18e0185c188118f718cf1820188318e5982018ea18d6184b182818a51885184f184b18e41836183718301853186218f3183b183218fa1853183e18bd182118cc182c18da1896188404185018f418211851a166616374696f6e66757064617465836174982018ee187018b31860185418e61859186918fa1843185418a218441862181c188618f11818186318c1184218b70118ee18e0185c188118f718cf1820188318e5982018ea18d6184b182818a51885184f184b18e41836183718301853186218f3183b183218fa1853183e18bd182118cc182c18da1896188404185018f418211851a166616374696f6e646d696e74806820056514a1ea483cc50a25407266dfa1ccf1806b2e5f0cd90fc0390890166a4062ac21c0056514a1ea483cc50a25407266dfa1ccf1806b2e5f0cd90fc0390890166a406200000000

      at src/core/charms-sdk.ts:16:11

  console.info
    Executed successfully: version: 4
    apps:
      $0000: n/ee70b36054e65969fa4354a244621c86f11863c142b701eee05c81f7cf2083e5/ead64b28a5854f4be43637305362f33b32fa533ebd21cc2cda96840450f42151
      $0001: t/ee70b36054e65969fa4354a244621c86f11863c142b701eee05c81f7cf2083e5/ead64b28a5854f4be43637305362f33b32fa533ebd21cc2cda96840450f42151
    public_args:
      $0000:
        action: update
      $0001:
        action: mint
    ins:
    - utxo_id: d80a3c984cb58e2cbad0673de73d6255bd55fc1cf0d8e1184c961500885d3927:0
    - utxo_id: 97a77a95366beb7093b55f918288b01784411dbdca32ade3fa74be6f1900784f:0
    outs:
    - charms:
        $0000:
          ticker: GRAIL-NFT
          current_cosigners: 6e893fc935e361711cc73171c946737d8e9141f38d3c37499afc694101240583
          current_threshold: 1
    - charms:
        $0000:
          type: user_charms
        $0001:
          amount: 1000000

      at src/core/charms-sdk.ts:34:13

  console.log
    !!! 1 {
      spendable: true,
      value: 1249129500,
      txid: '00653555b75da75bf6f2f9c4a944c8fbdff75dfd626f0091f40d3a17082b9dac',
      vout: 2
    } undefined

      at src/core/spells.ts:216:12

  console.info
    Executing command: /Users/gadiguy/workspace/charms/target/release/charms tx show-spell --tx 020000000001010000000000000000000000000000000000000000000000000000000000000000ffffffff0402e40100ffffffff0240be4025000000001600148dae6f2122b28418b4dcd043140798d3d20390c90000000000000000266a24aa21a9ede2f61c3f71d1defd3fa999dfa36953755c690689799962b48bebd836974e8cf90120000000000000000000000000000000000000000000000000000000000000000000000000

      at src/core/charms-sdk.ts:16:11

  console.error
    Stderr: No spell found in the transaction

      30 | 				}
      31 | 				if (stderr) {
    > 32 | 					console.error(`Stderr: ${stderr}`);
         | 					        ^
      33 | 				}
      34 | 				console.info(`Executed successfully: ${stdout}`);
      35 | 				resolve(stdout);

      at src/core/charms-sdk.ts:32:14

  console.info
    Executed successfully:

      at src/core/charms-sdk.ts:34:13

  console.log
    !!! 1 {
      spendable: true,
      value: 625000000,
      txid: '4918b5ae878f9e0814655dabd1fc9e49fb602f14e597d6753d9f5b5bea0f4f8f',
      vout: 0
    } undefined

      at src/core/spells.ts:216:12

  console.info
    Executing command: /Users/gadiguy/workspace/charms/target/release/charms tx show-spell --tx 020000000001010000000000000000000000000000000000000000000000000000000000000000ffffffff0402810100ffffffff02807c814a00000000160014c9d9cdc3642ca0458ccf3b6082b251ab8aa241730000000000000000266a24aa21a9ede2f61c3f71d1defd3fa999dfa36953755c690689799962b48bebd836974e8cf90120000000000000000000000000000000000000000000000000000000000000000000000000

      at src/core/charms-sdk.ts:16:11

  console.error
    Stderr: No spell found in the transaction

      30 | 				}
      31 | 				if (stderr) {
    > 32 | 					console.error(`Stderr: ${stderr}`);
         | 					        ^
      33 | 				}
      34 | 				console.info(`Executed successfully: ${stdout}`);
      35 | 				resolve(stdout);

      at src/core/charms-sdk.ts:32:14

  console.info
    Executed successfully:

      at src/core/charms-sdk.ts:34:13

  console.log
    !!! 1 {
      spendable: true,
      value: 1250000000,
      txid: 'b1c7773e7b5f335fdf6d24883d9b8197d37777a33e4a3a131ba2c3ec1ffb9fd0',
      vout: 0
    } undefined

      at src/core/spells.ts:216:12

  console.info
    Executing command: /Users/gadiguy/workspace/charms/target/release/charms tx show-spell --tx 020000000001010000000000000000000000000000000000000000000000000000000000000000ffffffff0402770300ffffffff02902f5009000000001600147ee0b7b0a06b1715257f82da01a3a4daa7a6aa780000000000000000266a24aa21a9ede2f61c3f71d1defd3fa999dfa36953755c690689799962b48bebd836974e8cf90120000000000000000000000000000000000000000000000000000000000000000000000000

      at src/core/charms-sdk.ts:16:11

  console.error
    Stderr: No spell found in the transaction

      30 | 				}
      31 | 				if (stderr) {
    > 32 | 					console.error(`Stderr: ${stderr}`);
         | 					        ^
      33 | 				}
      34 | 				console.info(`Executed successfully: ${stdout}`);
      35 | 				resolve(stdout);

      at src/core/charms-sdk.ts:32:14

  console.info
    Executed successfully:

      at src/core/charms-sdk.ts:34:13

  console.log
    !!! 1 {
      spendable: true,
      value: 156250000,
      txid: '661971dceb021a8f8193d8998244e2442aa05438f1e71d1054aaef61a48104d0',
      vout: 0
    } undefined

      at src/core/spells.ts:216:12

  console.info
    Executing command: /Users/gadiguy/workspace/charms/target/release/charms tx show-spell --tx 020000000001010000000000000000000000000000000000000000000000000000000000000000ffffffff04023c0100ffffffff02807c814a00000000160014c9d9cdc3642ca0458ccf3b6082b251ab8aa241730000000000000000266a24aa21a9ede2f61c3f71d1defd3fa999dfa36953755c690689799962b48bebd836974e8cf90120000000000000000000000000000000000000000000000000000000000000000000000000

      at src/core/charms-sdk.ts:16:11

  console.error
    Stderr: No spell found in the transaction

      30 | 				}
      31 | 				if (stderr) {
    > 32 | 					console.error(`Stderr: ${stderr}`);
         | 					        ^
      33 | 				}
      34 | 				console.info(`Executed successfully: ${stdout}`);
      35 | 				resolve(stdout);

      at src/core/charms-sdk.ts:32:14

  console.info
    Executed successfully:

      at src/core/charms-sdk.ts:34:13

  console.log
    !!! 1 {
      spendable: true,
      value: 1250000000,
      txid: '37ff54eb5b0ff89495ad6b00901db6f2df94937b1654b3e5ccd901bba3c9c357',
      vout: 0
    } undefined

      at src/core/spells.ts:216:12

  console.info
    Executing command: /Users/gadiguy/workspace/charms/target/release/charms tx show-spell --tx 020000000001010000000000000000000000000000000000000000000000000000000000000000ffffffff0402f00300ffffffff02c817a80400000000160014b3455ce530ba44de213c9a78c2d662785143c5f40000000000000000266a24aa21a9ede2f61c3f71d1defd3fa999dfa36953755c690689799962b48bebd836974e8cf90120000000000000000000000000000000000000000000000000000000000000000000000000

      at src/core/charms-sdk.ts:16:11

  console.error
    Stderr: No spell found in the transaction

      30 | 				}
      31 | 				if (stderr) {
    > 32 | 					console.error(`Stderr: ${stderr}`);
         | 					        ^
      33 | 				}
      34 | 				console.info(`Executed successfully: ${stdout}`);
      35 | 				resolve(stdout);

      at src/core/charms-sdk.ts:32:14

  console.info
    Executed successfully:

      at src/core/charms-sdk.ts:34:13

  console.log
    !!! 1 {
      spendable: true,
      value: 78125000,
      txid: 'abf2d82e391bacfdb6f77388515400bb94605c0753d60ee50f747728f1351269',
      vout: 0
    } undefined

      at src/core/spells.ts:216:12

  console.info
    Executing command: /Users/gadiguy/workspace/charms/target/release/charms tx show-spell --tx 020000000001010000000000000000000000000000000000000000000000000000000000000000ffffffff0402460200ffffffff0240be402500000000160014565dbe4e929f0f3587ef4ff2533f3dd04fce75c70000000000000000266a24aa21a9ede2f61c3f71d1defd3fa999dfa36953755c690689799962b48bebd836974e8cf90120000000000000000000000000000000000000000000000000000000000000000000000000

      at src/core/charms-sdk.ts:16:11

  console.error
    Stderr: No spell found in the transaction

      30 | 				}
      31 | 				if (stderr) {
    > 32 | 					console.error(`Stderr: ${stderr}`);
         | 					        ^
      33 | 				}
      34 | 				console.info(`Executed successfully: ${stdout}`);
      35 | 				resolve(stdout);

      at src/core/charms-sdk.ts:32:14

  console.info
    Executed successfully:

      at src/core/charms-sdk.ts:34:13

  console.log
    !!! 1 {
      spendable: true,
      value: 625000000,
      txid: 'c00693139db7efe312975a67423808111f8c9f9bc55f6184139345b4de4ce2d6',
      vout: 0
    } undefined

      at src/core/spells.ts:216:12

  console.info
    Executing command: /Users/gadiguy/workspace/charms/target/release/charms tx show-spell --tx 020000000001010000000000000000000000000000000000000000000000000000000000000000ffffffff0402900000ffffffff0200f2052a01000000160014c9d9cdc3642ca0458ccf3b6082b251ab8aa241730000000000000000266a24aa21a9ede2f61c3f71d1defd3fa999dfa36953755c690689799962b48bebd836974e8cf90120000000000000000000000000000000000000000000000000000000000000000000000000

      at src/core/charms-sdk.ts:16:11

  console.error
    Stderr: No spell found in the transaction

      30 | 				}
      31 | 				if (stderr) {
    > 32 | 					console.error(`Stderr: ${stderr}`);
         | 					        ^
      33 | 				}
      34 | 				console.info(`Executed successfully: ${stdout}`);
      35 | 				resolve(stdout);

      at src/core/charms-sdk.ts:32:14

  console.info
    Executed successfully:

      at src/core/charms-sdk.ts:34:13

  console.log
    !!! 1 {
      spendable: true,
      value: 5000000000,
      txid: '9c56a1c0fe2f0e5d3e5dc14fee099c32dc2334c9085141260853b45c12729462',
      vout: 0
    } undefined

      at src/core/spells.ts:216:12

  console.info
    Executing command: /Users/gadiguy/workspace/charms/target/release/charms tx show-spell --tx 020000000001010000000000000000000000000000000000000000000000000000000000000000ffffffff0402ed0100ffffffff0240be4025000000001600148dae6f2122b28418b4dcd043140798d3d20390c90000000000000000266a24aa21a9ede2f61c3f71d1defd3fa999dfa36953755c690689799962b48bebd836974e8cf90120000000000000000000000000000000000000000000000000000000000000000000000000

      at src/core/charms-sdk.ts:16:11

  console.error
    Stderr: No spell found in the transaction

      30 | 				}
      31 | 				if (stderr) {
    > 32 | 					console.error(`Stderr: ${stderr}`);
         | 					        ^
      33 | 				}
      34 | 				console.info(`Executed successfully: ${stdout}`);
      35 | 				resolve(stdout);

      at src/core/charms-sdk.ts:32:14

  console.info
    Executed successfully:

      at src/core/charms-sdk.ts:34:13

  console.log
    !!! 1 {
      spendable: true,
      value: 625000000,
      txid: '71ed62b0296faab3e04c5993fdc13ed5bff1031b72b2bfdc31479e860d6e8be4',
      vout: 0
    } undefined

      at src/core/spells.ts:216:12

  console.info
    Executing command: /Users/gadiguy/workspace/charms/target/release/charms tx show-spell --tx 020000000001010000000000000000000000000000000000000000000000000000000000000000ffffffff0402d60100ffffffff0240be4025000000001600148dae6f2122b28418b4dcd043140798d3d20390c90000000000000000266a24aa21a9ede2f61c3f71d1defd3fa999dfa36953755c690689799962b48bebd836974e8cf90120000000000000000000000000000000000000000000000000000000000000000000000000

      at src/core/charms-sdk.ts:16:11

  console.error
    Stderr: No spell found in the transaction

      30 | 				}
      31 | 				if (stderr) {
    > 32 | 					console.error(`Stderr: ${stderr}`);
         | 					        ^
      33 | 				}
      34 | 				console.info(`Executed successfully: ${stdout}`);
      35 | 				resolve(stdout);

      at src/core/charms-sdk.ts:32:14

  console.info
    Executed successfully:

      at src/core/charms-sdk.ts:34:13

  console.log
    !!! 1 {
      spendable: true,
      value: 625000000,
      txid: '1c08d3eb5ff56df55ad21eb61b6ca7d19417626a7134ac360cd6571dfb3cf6c8',
      vout: 0
    } undefined

      at src/core/spells.ts:216:12

  console.info
    Executing command: /Users/gadiguy/workspace/charms/target/release/charms tx show-spell --tx 020000000001010000000000000000000000000000000000000000000000000000000000000000ffffffff04020a0200ffffffff0240be402500000000160014f8da324c8cca212e93f82f00dbe094b118ddb9010000000000000000266a24aa21a9ede2f61c3f71d1defd3fa999dfa36953755c690689799962b48bebd836974e8cf90120000000000000000000000000000000000000000000000000000000000000000000000000

      at src/core/charms-sdk.ts:16:11

  console.error
    Stderr: No spell found in the transaction

      30 | 				}
      31 | 				if (stderr) {
    > 32 | 					console.error(`Stderr: ${stderr}`);
         | 					        ^
      33 | 				}
      34 | 				console.info(`Executed successfully: ${stdout}`);
      35 | 				resolve(stdout);

      at src/core/charms-sdk.ts:32:14

  console.info
    Executed successfully:

      at src/core/charms-sdk.ts:34:13

  console.log
    !!! 1 {
      spendable: true,
      value: 625000000,
      txid: 'ffad56c4fcfb0cc012f278b29994dc9a92354eef2272c24f72e6db5b4afff74a',
      vout: 0
    } undefined

      at src/core/spells.ts:216:12

  console.info
    Executing command: /Users/gadiguy/workspace/charms/target/release/charms tx show-spell --tx 020000000001010000000000000000000000000000000000000000000000000000000000000000ffffffff0402a10300ffffffff02c817a804000000001600147ee0b7b0a06b1715257f82da01a3a4daa7a6aa780000000000000000266a24aa21a9ede2f61c3f71d1defd3fa999dfa36953755c690689799962b48bebd836974e8cf90120000000000000000000000000000000000000000000000000000000000000000000000000

      at src/core/charms-sdk.ts:16:11

  console.error
    Stderr: No spell found in the transaction

      30 | 				}
      31 | 				if (stderr) {
    > 32 | 					console.error(`Stderr: ${stderr}`);
         | 					        ^
      33 | 				}
      34 | 				console.info(`Executed successfully: ${stdout}`);
      35 | 				resolve(stdout);

      at src/core/charms-sdk.ts:32:14

  console.info
    Executed successfully:

      at src/core/charms-sdk.ts:34:13

  console.log
    !!! 1 {
      spendable: true,
      value: 78125000,
      txid: '3de013290590601ed5f4d6c327d7d95749bdef25fd24191a4eb7f73a86fa0ea3',
      vout: 0
    } undefined

      at src/core/spells.ts:216:12

  console.info
    Executing command: /Users/gadiguy/workspace/charms/target/release/charms tx show-spell --tx 020000000001010000000000000000000000000000000000000000000000000000000000000000ffffffff0402360200ffffffff0240be402500000000160014565dbe4e929f0f3587ef4ff2533f3dd04fce75c70000000000000000266a24aa21a9ede2f61c3f71d1defd3fa999dfa36953755c690689799962b48bebd836974e8cf90120000000000000000000000000000000000000000000000000000000000000000000000000

      at src/core/charms-sdk.ts:16:11

  console.error
    Stderr: No spell found in the transaction

      30 | 				}
      31 | 				if (stderr) {
    > 32 | 					console.error(`Stderr: ${stderr}`);
         | 					        ^
      33 | 				}
      34 | 				console.info(`Executed successfully: ${stdout}`);
      35 | 				resolve(stdout);

      at src/core/charms-sdk.ts:32:14

  console.info
    Executed successfully:

      at src/core/charms-sdk.ts:34:13

  console.log
    !!! 1 {
      spendable: true,
      value: 625000000,
      txid: '3424f42e7f42965ce54a2757e4e1404211a815c9b51110e0e155f8ffcef7a558',
      vout: 0
    } undefined

      at src/core/spells.ts:216:12

  console.info
    Executing command: /Users/gadiguy/workspace/charms/target/release/charms tx show-spell --tx 020000000001010000000000000000000000000000000000000000000000000000000000000000ffffffff0402d10000ffffffff0200f9029500000000160014c9d9cdc3642ca0458ccf3b6082b251ab8aa241730000000000000000266a24aa21a9ede2f61c3f71d1defd3fa999dfa36953755c690689799962b48bebd836974e8cf90120000000000000000000000000000000000000000000000000000000000000000000000000

      at src/core/charms-sdk.ts:16:11

  console.error
    Stderr: No spell found in the transaction

      30 | 				}
      31 | 				if (stderr) {
    > 32 | 					console.error(`Stderr: ${stderr}`);
         | 					        ^
      33 | 				}
      34 | 				console.info(`Executed successfully: ${stdout}`);
      35 | 				resolve(stdout);

      at src/core/charms-sdk.ts:32:14

  console.info
    Executed successfully:

      at src/core/charms-sdk.ts:34:13

  console.log
    !!! 1 {
      spendable: true,
      value: 2500000000,
      txid: '611bdb85c1a60fa88ce0a1ac5fcd46e0fd23d1d91fe3c982c612b71411522ebd',
      vout: 0
    } undefined

      at src/core/spells.ts:216:12

  console.info
    Executing command: /Users/gadiguy/workspace/charms/target/release/charms tx show-spell --tx 020000000001010000000000000000000000000000000000000000000000000000000000000000ffffffff0402dc0100ffffffff0240be4025000000001600148dae6f2122b28418b4dcd043140798d3d20390c90000000000000000266a24aa21a9ede2f61c3f71d1defd3fa999dfa36953755c690689799962b48bebd836974e8cf90120000000000000000000000000000000000000000000000000000000000000000000000000

      at src/core/charms-sdk.ts:16:11

  console.error
    Stderr: No spell found in the transaction

      30 | 				}
      31 | 				if (stderr) {
    > 32 | 					console.error(`Stderr: ${stderr}`);
         | 					        ^
      33 | 				}
      34 | 				console.info(`Executed successfully: ${stdout}`);
      35 | 				resolve(stdout);

      at src/core/charms-sdk.ts:32:14

  console.info
    Executed successfully:

      at src/core/charms-sdk.ts:34:13

  console.log
    !!! 1 {
      spendable: true,
      value: 625000000,
      txid: '7e73548ae5f3ebb0665dbb6886dbbfaf90297fdbac806852c4e15ae5dde8d9cf',
      vout: 0
    } undefined

      at src/core/spells.ts:216:12

  console.info
    Executing command: /Users/gadiguy/workspace/charms/target/release/charms tx show-spell --tx 020000000001010000000000000000000000000000000000000000000000000000000000000000ffffffff0402250100ffffffff0200f9029500000000160014c9d9cdc3642ca0458ccf3b6082b251ab8aa241730000000000000000266a24aa21a9ede2f61c3f71d1defd3fa999dfa36953755c690689799962b48bebd836974e8cf90120000000000000000000000000000000000000000000000000000000000000000000000000

      at src/core/charms-sdk.ts:16:11

  console.error
    Stderr: No spell found in the transaction

      30 | 				}
      31 | 				if (stderr) {
    > 32 | 					console.error(`Stderr: ${stderr}`);
         | 					        ^
      33 | 				}
      34 | 				console.info(`Executed successfully: ${stdout}`);
      35 | 				resolve(stdout);

      at src/core/charms-sdk.ts:32:14

  console.info
    Executed successfully:

      at src/core/charms-sdk.ts:34:13

  console.log
    !!! 1 {
      spendable: true,
      value: 2500000000,
      txid: '89361ad07a3880d09173ca4c86791657042e51ab4d2b3c7737d66e9c10d49d0a',
      vout: 0
    } undefined

      at src/core/spells.ts:216:12

  console.info
    Executing command: /Users/gadiguy/workspace/charms/target/release/charms tx show-spell --tx 020000000001010000000000000000000000000000000000000000000000000000000000000000ffffffff03017200ffffffff0200f2052a01000000160014c9d9cdc3642ca0458ccf3b6082b251ab8aa241730000000000000000266a24aa21a9ede2f61c3f71d1defd3fa999dfa36953755c690689799962b48bebd836974e8cf90120000000000000000000000000000000000000000000000000000000000000000000000000

      at src/core/charms-sdk.ts:16:11

  console.error
    Stderr: No spell found in the transaction

      30 | 				}
      31 | 				if (stderr) {
    > 32 | 					console.error(`Stderr: ${stderr}`);
         | 					        ^
      33 | 				}
      34 | 				console.info(`Executed successfully: ${stdout}`);
      35 | 				resolve(stdout);

      at src/core/charms-sdk.ts:32:14

  console.info
    Executed successfully:

      at src/core/charms-sdk.ts:34:13

  console.log
    !!! 1 {
      spendable: true,
      value: 5000000000,
      txid: 'bfa25532b49ac6b4752c8b0579d0e3953b535113083510aa8829d4b0379c5fb3',
      vout: 0
    } undefined

      at src/core/spells.ts:216:12

  console.info
    Executing command: /Users/gadiguy/workspace/charms/target/release/charms tx show-spell --tx 020000000001010000000000000000000000000000000000000000000000000000000000000000ffffffff0402510100ffffffff02807c814a00000000160014c9d9cdc3642ca0458ccf3b6082b251ab8aa241730000000000000000266a24aa21a9ede2f61c3f71d1defd3fa999dfa36953755c690689799962b48bebd836974e8cf90120000000000000000000000000000000000000000000000000000000000000000000000000

      at src/core/charms-sdk.ts:16:11

  console.error
    Stderr: No spell found in the transaction

      30 | 				}
      31 | 				if (stderr) {
    > 32 | 					console.error(`Stderr: ${stderr}`);
         | 					        ^
      33 | 				}
      34 | 				console.info(`Executed successfully: ${stdout}`);
      35 | 				resolve(stdout);

      at src/core/charms-sdk.ts:32:14

  console.info
    Executed successfully:

      at src/core/charms-sdk.ts:34:13

  console.log
    !!! 1 {
      spendable: true,
      value: 1250000000,
      txid: 'def7ad4ed681679372697f7384d6e2b3545cd628806102ee99d3bed9d08d34a6',
      vout: 0
    } undefined

      at src/core/spells.ts:216:12

  console.info
    Executing command: /Users/gadiguy/workspace/charms/target/release/charms tx show-spell --tx 020000000001010000000000000000000000000000000000000000000000000000000000000000ffffffff04025b0300ffffffff02902f5009000000001600147ee0b7b0a06b1715257f82da01a3a4daa7a6aa780000000000000000266a24aa21a9ede2f61c3f71d1defd3fa999dfa36953755c690689799962b48bebd836974e8cf90120000000000000000000000000000000000000000000000000000000000000000000000000

      at src/core/charms-sdk.ts:16:11

  console.error
    Stderr: No spell found in the transaction

      30 | 				}
      31 | 				if (stderr) {
    > 32 | 					console.error(`Stderr: ${stderr}`);
         | 					        ^
      33 | 				}
      34 | 				console.info(`Executed successfully: ${stdout}`);
      35 | 				resolve(stdout);

      at src/core/charms-sdk.ts:32:14

  console.info
    Executed successfully:

      at src/core/charms-sdk.ts:34:13

  console.log
    !!! 1 {
      spendable: true,
      value: 156250000,
      txid: '741070300094820dc008a2fd7732bbe7566546410ff60929a6014dc0f9faee25',
      vout: 0
    } undefined

      at src/core/spells.ts:216:12

  console.info
    Executing command: /Users/gadiguy/workspace/charms/target/release/charms tx show-spell --tx 020000000001010000000000000000000000000000000000000000000000000000000000000000ffffffff0402ba0000ffffffff0200f9029500000000160014c9d9cdc3642ca0458ccf3b6082b251ab8aa241730000000000000000266a24aa21a9ede2f61c3f71d1defd3fa999dfa36953755c690689799962b48bebd836974e8cf90120000000000000000000000000000000000000000000000000000000000000000000000000

      at src/core/charms-sdk.ts:16:11

  console.error
    Stderr: No spell found in the transaction

      30 | 				}
      31 | 				if (stderr) {
    > 32 | 					console.error(`Stderr: ${stderr}`);
         | 					        ^
      33 | 				}
      34 | 				console.info(`Executed successfully: ${stdout}`);
      35 | 				resolve(stdout);

      at src/core/charms-sdk.ts:32:14

  console.info
    Executed successfully:

      at src/core/charms-sdk.ts:34:13

  console.log
    !!! 1 {
      spendable: true,
      value: 2500000000,
      txid: 'bde419ba20e02ad9ffb8b9647408ecb7f5a4d96204a60dd45cd75d83b849ea53',
      vout: 0
    } undefined

      at src/core/spells.ts:216:12

  console.info
    Executing command: /Users/gadiguy/workspace/charms/target/release/charms tx show-spell --tx 020000000001010000000000000000000000000000000000000000000000000000000000000000ffffffff0402cc0100ffffffff0240be4025000000001600148dae6f2122b28418b4dcd043140798d3d20390c90000000000000000266a24aa21a9ede2f61c3f71d1defd3fa999dfa36953755c690689799962b48bebd836974e8cf90120000000000000000000000000000000000000000000000000000000000000000000000000

      at src/core/charms-sdk.ts:16:11

  console.error
    Stderr: No spell found in the transaction

      30 | 				}
      31 | 				if (stderr) {
    > 32 | 					console.error(`Stderr: ${stderr}`);
         | 					        ^
      33 | 				}
      34 | 				console.info(`Executed successfully: ${stdout}`);
      35 | 				resolve(stdout);

      at src/core/charms-sdk.ts:32:14

  console.info
    Executed successfully:

      at src/core/charms-sdk.ts:34:13

  console.log
    !!! 1 {
      spendable: true,
      value: 625000000,
      txid: '94d2db12b38a9b044cbd09e031d71ebdb5a912e4e0c8607be4443a8aecbc7844',
      vout: 0
    } undefined

      at src/core/spells.ts:216:12

  console.info
    Executing command: /Users/gadiguy/workspace/charms/target/release/charms tx show-spell --tx 020000000001010000000000000000000000000000000000000000000000000000000000000000ffffffff0402c00100ffffffff02807c814a000000001600148dae6f2122b28418b4dcd043140798d3d20390c90000000000000000266a24aa21a9ede2f61c3f71d1defd3fa999dfa36953755c690689799962b48bebd836974e8cf90120000000000000000000000000000000000000000000000000000000000000000000000000

      at src/core/charms-sdk.ts:16:11

  console.error
    Stderr: No spell found in the transaction

      30 | 				}
      31 | 				if (stderr) {
    > 32 | 					console.error(`Stderr: ${stderr}`);
         | 					        ^
      33 | 				}
      34 | 				console.info(`Executed successfully: ${stdout}`);
      35 | 				resolve(stdout);

      at src/core/charms-sdk.ts:32:14

  console.info
    Executed successfully:

      at src/core/charms-sdk.ts:34:13

  console.log
    !!! 1 {
      spendable: true,
      value: 1250000000,
      txid: 'c3d6300871ea5ce7967ccb80c720c0b943b106f6792d267326dd04147b6c9250',
      vout: 0
    } undefined

      at src/core/spells.ts:216:12

  console.info
    Executing command: /Users/gadiguy/workspace/charms/target/release/charms tx show-spell --tx 020000000001010000000000000000000000000000000000000000000000000000000000000000ffffffff04020e0100ffffffff0200f9029500000000160014c9d9cdc3642ca0458ccf3b6082b251ab8aa241730000000000000000266a24aa21a9ede2f61c3f71d1defd3fa999dfa36953755c690689799962b48bebd836974e8cf90120000000000000000000000000000000000000000000000000000000000000000000000000

      at src/core/charms-sdk.ts:16:11

  console.error
    Stderr: No spell found in the transaction

      30 | 				}
      31 | 				if (stderr) {
    > 32 | 					console.error(`Stderr: ${stderr}`);
         | 					        ^
      33 | 				}
      34 | 				console.info(`Executed successfully: ${stdout}`);
      35 | 				resolve(stdout);

      at src/core/charms-sdk.ts:32:14

  console.info
    Executed successfully:

      at src/core/charms-sdk.ts:34:13

  console.log
    !!! 1 {
      spendable: true,
      value: 2500000000,
      txid: 'f92d55c8fcec46d9ceb9d5d02eb1d543e5fc51cc1cbdb62a81893c4db725f2d1',
      vout: 0
    } undefined

      at src/core/spells.ts:216:12

  console.info
    Executing command: /Users/gadiguy/workspace/charms/target/release/charms tx show-spell --tx 020000000001010000000000000000000000000000000000000000000000000000000000000000ffffffff0402ab0000ffffffff0200f9029500000000160014c9d9cdc3642ca0458ccf3b6082b251ab8aa241730000000000000000266a24aa21a9ede2f61c3f71d1defd3fa999dfa36953755c690689799962b48bebd836974e8cf90120000000000000000000000000000000000000000000000000000000000000000000000000

      at src/core/charms-sdk.ts:16:11

  console.error
    Stderr: No spell found in the transaction

      30 | 				}
      31 | 				if (stderr) {
    > 32 | 					console.error(`Stderr: ${stderr}`);
         | 					        ^
      33 | 				}
      34 | 				console.info(`Executed successfully: ${stdout}`);
      35 | 				resolve(stdout);

      at src/core/charms-sdk.ts:32:14

  console.info
    Executed successfully:

      at src/core/charms-sdk.ts:34:13

  console.log
    !!! 1 {
      spendable: true,
      value: 2500000000,
      txid: '61c3e9c41ea88bbe4edc62a57a4bde03d28adad5b8874ab09ee7949e9a6a1042',
      vout: 0
    } undefined

      at src/core/spells.ts:216:12

  console.info
    Executing command: /Users/gadiguy/workspace/charms/target/release/charms tx show-spell --tx 020000000001010000000000000000000000000000000000000000000000000000000000000000ffffffff04027b0100ffffffff02807c814a00000000160014c9d9cdc3642ca0458ccf3b6082b251ab8aa241730000000000000000266a24aa21a9ede2f61c3f71d1defd3fa999dfa36953755c690689799962b48bebd836974e8cf90120000000000000000000000000000000000000000000000000000000000000000000000000

      at src/core/charms-sdk.ts:16:11

  console.error
    Stderr: No spell found in the transaction

      30 | 				}
      31 | 				if (stderr) {
    > 32 | 					console.error(`Stderr: ${stderr}`);
         | 					        ^
      33 | 				}
      34 | 				console.info(`Executed successfully: ${stdout}`);
      35 | 				resolve(stdout);

      at src/core/charms-sdk.ts:32:14

  console.info
    Executed successfully:

      at src/core/charms-sdk.ts:34:13

  console.log
    !!! 1 {
      spendable: true,
      value: 1250000000,
      txid: 'b8a9ac962940598763711b60db1b1cf6767c78c74151d8c9babe43ee3007504f',
      vout: 0
    } undefined

      at src/core/spells.ts:216:12

  console.info
    Executing command: /Users/gadiguy/workspace/charms/target/release/charms tx show-spell --tx 020000000001010000000000000000000000000000000000000000000000000000000000000000ffffffff0402640100ffffffff02807c814a00000000160014c9d9cdc3642ca0458ccf3b6082b251ab8aa241730000000000000000266a24aa21a9ede2f61c3f71d1defd3fa999dfa36953755c690689799962b48bebd836974e8cf90120000000000000000000000000000000000000000000000000000000000000000000000000

      at src/core/charms-sdk.ts:16:11

  console.error
    Stderr: No spell found in the transaction

      30 | 				}
      31 | 				if (stderr) {
    > 32 | 					console.error(`Stderr: ${stderr}`);
         | 					        ^
      33 | 				}
      34 | 				console.info(`Executed successfully: ${stdout}`);
      35 | 				resolve(stdout);

      at src/core/charms-sdk.ts:32:14

  console.info
    Executed successfully:

      at src/core/charms-sdk.ts:34:13

  console.log
    !!! 1 {
      spendable: true,
      value: 1250000000,
      txid: '7f4b5c0b983739180a0262cd8483072f1b84a0290978cb61622af778b17560a4',
      vout: 0
    } undefined

      at src/core/spells.ts:216:12

  console.info
    Executing command: /Users/gadiguy/workspace/charms/target/release/charms tx show-spell --tx 020000000001012e24f74737dcb19e5d5b351747a50f23a8c2ff6f738f9ecbc319ed20b7cef88c0000000000ffffffff02e803000000000000225120037fbfa04399a85204f9b15d1ceff7e1791ce90a3cc7e0d3c768f4feae58440c8ee2052a010000001600148c62211138b9c0a48d63253681c88c61d947665d0341ac01df9b72ba4e6f43738621ce5f86ba5f23d8b56ec4ad2b517176961d88df2fa0a2ed4f83380a64d52d02e1d2341a5a820034105b6cc4f4067215336b5a966981fd57030063057370656c6c4d080282a36776657273696f6e04627478a2647265667380646f75747381a100a3667469636b657269475241494c2d4e46547163757272656e745f636f7369676e6572737840623935353532613666613631656135363137316536653236306364626135376432353062343462613132333464633932386131373736393866336630313664617163757272656e745f7468726573686f6c6401716170705f7075626c69635f696e70757473a183616e982018221864186818c8185c18d718bf182f0118d118b618b418bf182c03186718d8189c1891181e18ef18691874182f18af18a41418fb187a18ef18881865982018f418e1091831189618f3181f0f188e18be1856183c1880186018940a18271871181e170218d808184a181c14182c0718f318ab12182da166616374696f6e666465706c6f7999010418a41859184c1859182718e218c1181b182f187f18ff18c11880181918d3184e181f188c18ed030e188218b1187018ff188218910b186818be188118ef185c1018e71861181818ee18f218f11820181d188818a9181b18bb184518b618fb181d185d182618e418b5187018e018c8171849181f1897184318c018a9186a185c18ca1884181b0418a418e11890182b18c8188618dd186518671884182c187618450a0801185718b1189118461884183216189118311865183718c914186b182418a318ba18d118e11899185a185d0618cc18794d1e01189418b3188d185e18ab185c185a18a3187d18ad189b185818a21218ac183d186a18e6189e181a18bb181f189018a1184e184018a81888187f183118a21888182e1885188418bf187f18b018db18ca18a9185203181c1835051718d0189618bc182e18dc187f11187118a3183618ff18ed1888183118cb188f1852182c186918701866182c1858189518b018b7186d1898183818d218ee18681877187918ba18f418d318a80a181c184d181c183d1824181d18be18d018920418e318ad187d1888189d18a2181a1851183c184f18aa1895186018441858183818c3183f188318f718eb181f184118e21851187b1880184e18c8189b18b71894185618a018f618ca18e716011870184718da186b18ad18fe0018e4189d18e10c184218cc0568200fcfec61df6fe2aaf64a5ab0c7bc629efd33989a5e432243199aff4f55eee82cac21c10fcfec61df6fe2aaf64a5ab0c7bc629efd33989a5e432243199aff4f55eee82c00000000

      at src/core/charms-sdk.ts:16:11

  console.info
    Executed successfully: version: 4
    apps:
      $0000: n/226468c85cd7bf2f01d1b6b4bf2c0367d89c911eef69742fafa414fb7aef8865/f4e1093196f31f0f8ebe563c8060940a27711e1702d8084a1c142c07f3ab122d
    public_args:
      $0000:
        action: deploy
    ins: []
    outs:
    - charms:
        $0000:
          ticker: GRAIL-NFT
          current_cosigners: b95552a6fa61ea56171e6e260cdba57d250b44ba1234dc928a177698f3f016da
          current_threshold: 1

      at src/core/charms-sdk.ts:34:13

  console.log
    !!! 1 {
      spendable: true,
      value: 4999996046,
      txid: '944afe77baf755e12f15264ce5777bf4675692f14337bfc25143376cfb2acdc8',
      vout: 1
    } undefined

      at src/core/spells.ts:216:12

  console.info
    Executing command: /Users/gadiguy/workspace/charms/target/release/charms tx show-spell --tx 020000000001010000000000000000000000000000000000000000000000000000000000000000ffffffff0402430300ffffffff02c513310a000000001600147ee0b7b0a06b1715257f82da01a3a4daa7a6aa780000000000000000266a24aa21a9edaa39107d242b1585920b73ba13f74d8f0b2ae9946ad97ae41d8872af20efdbee0120000000000000000000000000000000000000000000000000000000000000000000000000

      at src/core/charms-sdk.ts:16:11

  console.error
    Stderr: No spell found in the transaction

      30 | 				}
      31 | 				if (stderr) {
    > 32 | 					console.error(`Stderr: ${stderr}`);
         | 					        ^
      33 | 				}
      34 | 				console.info(`Executed successfully: ${stdout}`);
      35 | 				resolve(stdout);

      at src/core/charms-sdk.ts:32:14

  console.info
    Executed successfully:

      at src/core/charms-sdk.ts:34:13

  console.log
    !!! 1 {
      spendable: true,
      value: 170988485,
      txid: '7940e38bd61aa1d961b0727013794d2a60405db1be6167882405174f41b9d2ed',
      vout: 0
    } undefined

      at src/core/spells.ts:216:12

  console.info
    Executing command: /Users/gadiguy/workspace/charms/target/release/charms tx show-spell --tx 020000000001010000000000000000000000000000000000000000000000000000000000000000ffffffff0402a10000ffffffff0200f9029500000000160014c9d9cdc3642ca0458ccf3b6082b251ab8aa241730000000000000000266a24aa21a9ede2f61c3f71d1defd3fa999dfa36953755c690689799962b48bebd836974e8cf90120000000000000000000000000000000000000000000000000000000000000000000000000

      at src/core/charms-sdk.ts:16:11

  console.error
    Stderr: No spell found in the transaction

      30 | 				}
      31 | 				if (stderr) {
    > 32 | 					console.error(`Stderr: ${stderr}`);
         | 					        ^
      33 | 				}
      34 | 				console.info(`Executed successfully: ${stdout}`);
      35 | 				resolve(stdout);

      at src/core/charms-sdk.ts:32:14

  console.info
    Executed successfully:

      at src/core/charms-sdk.ts:34:13

  console.log
    !!! 1 {
      spendable: true,
      value: 2500000000,
      txid: '721d6d0c2d30a25d90fce62c9f6936865a4e7bcb8b41916538e38a77bf052a4e',
      vout: 0
    } undefined

      at src/core/spells.ts:216:12

  console.info
    Executing command: /Users/gadiguy/workspace/charms/target/release/charms tx show-spell --tx 020000000001010000000000000000000000000000000000000000000000000000000000000000ffffffff0402bb0100ffffffff02807c814a000000001600148dae6f2122b28418b4dcd043140798d3d20390c90000000000000000266a24aa21a9ede2f61c3f71d1defd3fa999dfa36953755c690689799962b48bebd836974e8cf90120000000000000000000000000000000000000000000000000000000000000000000000000

      at src/core/charms-sdk.ts:16:11

  console.error
    Stderr: No spell found in the transaction

      30 | 				}
      31 | 				if (stderr) {
    > 32 | 					console.error(`Stderr: ${stderr}`);
         | 					        ^
      33 | 				}
      34 | 				console.info(`Executed successfully: ${stdout}`);
      35 | 				resolve(stdout);

      at src/core/charms-sdk.ts:32:14

  console.info
    Executed successfully:

      at src/core/charms-sdk.ts:34:13

  console.log
    !!! 1 {
      spendable: true,
      value: 1250000000,
      txid: '0be3ab9ebebe0e652ee8a8ce8c2b47a1eac44720d0d8ff121f348bb704ce00a7',
      vout: 0
    } undefined

      at src/core/spells.ts:216:12

  console.info
    Executing command: /Users/gadiguy/workspace/charms/target/release/charms tx show-spell --tx 020000000001010000000000000000000000000000000000000000000000000000000000000000ffffffff0402030200ffffffff027ac6402500000000160014f3ad07f0ff99d66d81d1e8774b83ca45b5069c400000000000000000266a24aa21a9ed3005d06c9b57024959d719a2d3f94fc6f6ef57a6ab2d41bde4e2badfbb7ba47d0120000000000000000000000000000000000000000000000000000000000000000000000000

      at src/core/charms-sdk.ts:16:11

  console.error
    Stderr: No spell found in the transaction

      30 | 				}
      31 | 				if (stderr) {
    > 32 | 					console.error(`Stderr: ${stderr}`);
         | 					        ^
      33 | 				}
      34 | 				console.info(`Executed successfully: ${stdout}`);
      35 | 				resolve(stdout);

      at src/core/charms-sdk.ts:32:14

  console.info
    Executed successfully:

      at src/core/charms-sdk.ts:34:13

  console.log
    !!! 1 {
      spendable: true,
      value: 625002106,
      txid: 'dd43869418a79bcfeba23d06f09e2cb9ae36e52effc9d54de544ff1287e58b1f',
      vout: 0
    } undefined

      at src/core/spells.ts:216:12

  console.info
    Executing command: /Users/gadiguy/workspace/charms/target/release/charms tx show-spell --tx 020000000001010000000000000000000000000000000000000000000000000000000000000000ffffffff0402340200ffffffff0240be402500000000160014565dbe4e929f0f3587ef4ff2533f3dd04fce75c70000000000000000266a24aa21a9ede2f61c3f71d1defd3fa999dfa36953755c690689799962b48bebd836974e8cf90120000000000000000000000000000000000000000000000000000000000000000000000000

      at src/core/charms-sdk.ts:16:11

  console.error
    Stderr: No spell found in the transaction

      30 | 				}
      31 | 				if (stderr) {
    > 32 | 					console.error(`Stderr: ${stderr}`);
         | 					        ^
      33 | 				}
      34 | 				console.info(`Executed successfully: ${stdout}`);
      35 | 				resolve(stdout);

      at src/core/charms-sdk.ts:32:14

  console.info
    Executed successfully:

      at src/core/charms-sdk.ts:34:13

  console.log
    !!! 1 {
      spendable: true,
      value: 625000000,
      txid: 'f8c3346894a1b6980b5bb6169e805e534e6bd19b5b1256bb8b59fff9f6731dd9',
      vout: 0
    } undefined

      at src/core/spells.ts:216:12

  console.info
    Executing command: /Users/gadiguy/workspace/charms/target/release/charms tx show-spell --tx 020000000001010000000000000000000000000000000000000000000000000000000000000000ffffffff0402d10100ffffffff0240be4025000000001600148dae6f2122b28418b4dcd043140798d3d20390c90000000000000000266a24aa21a9ede2f61c3f71d1defd3fa999dfa36953755c690689799962b48bebd836974e8cf90120000000000000000000000000000000000000000000000000000000000000000000000000

      at src/core/charms-sdk.ts:16:11

  console.error
    Stderr: No spell found in the transaction

      30 | 				}
      31 | 				if (stderr) {
    > 32 | 					console.error(`Stderr: ${stderr}`);
         | 					        ^
      33 | 				}
      34 | 				console.info(`Executed successfully: ${stdout}`);
      35 | 				resolve(stdout);

      at src/core/charms-sdk.ts:32:14

  console.info
    Executed successfully:

      at src/core/charms-sdk.ts:34:13

  console.log
    !!! 1 {
      spendable: true,
      value: 625000000,
      txid: '518533d2b41b64713db5710544e3f0d2f376cc784cbe7a555034e3ccfd46c43e',
      vout: 0
    } undefined

      at src/core/spells.ts:216:12

  console.info
    Executing command: /Users/gadiguy/workspace/charms/target/release/charms tx show-spell --tx 020000000001010000000000000000000000000000000000000000000000000000000000000000ffffffff0402830100ffffffff02807c814a00000000160014c9d9cdc3642ca0458ccf3b6082b251ab8aa241730000000000000000266a24aa21a9ede2f61c3f71d1defd3fa999dfa36953755c690689799962b48bebd836974e8cf90120000000000000000000000000000000000000000000000000000000000000000000000000

      at src/core/charms-sdk.ts:16:11

  console.error
    Stderr: No spell found in the transaction

      30 | 				}
      31 | 				if (stderr) {
    > 32 | 					console.error(`Stderr: ${stderr}`);
         | 					        ^
      33 | 				}
      34 | 				console.info(`Executed successfully: ${stdout}`);
      35 | 				resolve(stdout);

      at src/core/charms-sdk.ts:32:14

  console.info
    Executed successfully:

      at src/core/charms-sdk.ts:34:13

  console.log
    !!! 1 {
      spendable: true,
      value: 1250000000,
      txid: 'd8f83b39d2552e11aa1fcf4a69464e4bf3ee130de7bc36b7a23554cc8337eb50',
      vout: 0
    } undefined

      at src/core/spells.ts:216:12

  console.info
    Executing command: /Users/gadiguy/workspace/charms/target/release/charms tx show-spell --tx 020000000001010000000000000000000000000000000000000000000000000000000000000000ffffffff0402890100ffffffff02807c814a00000000160014c9d9cdc3642ca0458ccf3b6082b251ab8aa241730000000000000000266a24aa21a9ede2f61c3f71d1defd3fa999dfa36953755c690689799962b48bebd836974e8cf90120000000000000000000000000000000000000000000000000000000000000000000000000

      at src/core/charms-sdk.ts:16:11

  console.error
    Stderr: No spell found in the transaction

      30 | 				}
      31 | 				if (stderr) {
    > 32 | 					console.error(`Stderr: ${stderr}`);
         | 					        ^
      33 | 				}
      34 | 				console.info(`Executed successfully: ${stdout}`);
      35 | 				resolve(stdout);

      at src/core/charms-sdk.ts:32:14

  console.info
    Executed successfully:

      at src/core/charms-sdk.ts:34:13

  console.log
    !!! 1 {
      spendable: true,
      value: 1250000000,
      txid: '8535c38b1075e79dbadeb851308f59fc0f59ce5ad6e7493ca983bd6807ced341',
      vout: 0
    } undefined

      at src/core/spells.ts:216:12

  console.info
    Executing command: /Users/gadiguy/workspace/charms/target/release/charms tx show-spell --tx 020000000001010000000000000000000000000000000000000000000000000000000000000000ffffffff0402a00000ffffffff0200f9029500000000160014c9d9cdc3642ca0458ccf3b6082b251ab8aa241730000000000000000266a24aa21a9ede2f61c3f71d1defd3fa999dfa36953755c690689799962b48bebd836974e8cf90120000000000000000000000000000000000000000000000000000000000000000000000000

      at src/core/charms-sdk.ts:16:11

  console.error
    Stderr: No spell found in the transaction

      30 | 				}
      31 | 				if (stderr) {
    > 32 | 					console.error(`Stderr: ${stderr}`);
         | 					        ^
      33 | 				}
      34 | 				console.info(`Executed successfully: ${stdout}`);
      35 | 				resolve(stdout);

      at src/core/charms-sdk.ts:32:14

  console.info
    Executed successfully:

      at src/core/charms-sdk.ts:34:13

  console.log
    !!! 1 {
      spendable: true,
      value: 2500000000,
      txid: '8cb27d9308f3cec6c9c6f073881f9d3e9ea8d9df9f8318f215ec00cc40421f59',
      vout: 0
    } undefined

      at src/core/spells.ts:216:12

  console.info
    Executing command: /Users/gadiguy/workspace/charms/target/release/charms tx show-spell --tx 020000000001010000000000000000000000000000000000000000000000000000000000000000ffffffff0402ff0000ffffffff0200f9029500000000160014c9d9cdc3642ca0458ccf3b6082b251ab8aa241730000000000000000266a24aa21a9ede2f61c3f71d1defd3fa999dfa36953755c690689799962b48bebd836974e8cf90120000000000000000000000000000000000000000000000000000000000000000000000000

      at src/core/charms-sdk.ts:16:11

  console.error
    Stderr: No spell found in the transaction

      30 | 				}
      31 | 				if (stderr) {
    > 32 | 					console.error(`Stderr: ${stderr}`);
         | 					        ^
      33 | 				}
      34 | 				console.info(`Executed successfully: ${stdout}`);
      35 | 				resolve(stdout);

      at src/core/charms-sdk.ts:32:14

  console.info
    Executed successfully:

      at src/core/charms-sdk.ts:34:13

  console.log
    !!! 1 {
      spendable: true,
      value: 2500000000,
      txid: '0d5a1ff261c6aa4bc9bbf0474a9e47a00924279aec8bb966d33f1e5af376b18e',
      vout: 0
    } undefined

      at src/core/spells.ts:216:12

  console.info
    Executing command: /Users/gadiguy/workspace/charms/target/release/charms tx show-spell --tx 020000000001010000000000000000000000000000000000000000000000000000000000000000ffffffff0402570100ffffffff02807c814a00000000160014c9d9cdc3642ca0458ccf3b6082b251ab8aa241730000000000000000266a24aa21a9ede2f61c3f71d1defd3fa999dfa36953755c690689799962b48bebd836974e8cf90120000000000000000000000000000000000000000000000000000000000000000000000000

      at src/core/charms-sdk.ts:16:11

  console.error
    Stderr: No spell found in the transaction

      30 | 				}
      31 | 				if (stderr) {
    > 32 | 					console.error(`Stderr: ${stderr}`);
         | 					        ^
      33 | 				}
      34 | 				console.info(`Executed successfully: ${stdout}`);
      35 | 				resolve(stdout);

      at src/core/charms-sdk.ts:32:14

  console.info
    Executed successfully:

      at src/core/charms-sdk.ts:34:13

  console.log
    !!! 1 {
      spendable: true,
      value: 1250000000,
      txid: '7c0fd1fca4af8b085d47eae3f51469f67715e475d0afef6774c8cd254141eacf',
      vout: 0
    } undefined

      at src/core/spells.ts:216:12

  console.info
    Executing command: /Users/gadiguy/workspace/charms/target/release/charms tx show-spell --tx 020000000001010000000000000000000000000000000000000000000000000000000000000000ffffffff0402490400ffffffff02e40b540200000000160014c699b99a00cc336f2cd3615b2361af367128c86a0000000000000000266a24aa21a9ede2f61c3f71d1defd3fa999dfa36953755c690689799962b48bebd836974e8cf90120000000000000000000000000000000000000000000000000000000000000000000000000

      at src/core/charms-sdk.ts:16:11

  console.error
    Stderr: No spell found in the transaction

      30 | 				}
      31 | 				if (stderr) {
    > 32 | 					console.error(`Stderr: ${stderr}`);
         | 					        ^
      33 | 				}
      34 | 				console.info(`Executed successfully: ${stdout}`);
      35 | 				resolve(stdout);

      at src/core/charms-sdk.ts:32:14

  console.info
    Executed successfully:

      at src/core/charms-sdk.ts:34:13

  console.log
    !!! 1 {
      spendable: true,
      value: 39062500,
      txid: 'fa7a6e817790e06eb5fa9eaf4394aac025b3488ed7ee59ab9c22f2ba15fa4b63',
      vout: 0
    } undefined

      at src/core/spells.ts:216:12

  console.info
    Executing command: /Users/gadiguy/workspace/charms/target/release/charms tx show-spell --tx 020000000001010000000000000000000000000000000000000000000000000000000000000000ffffffff0402510200ffffffff0240be402500000000160014565dbe4e929f0f3587ef4ff2533f3dd04fce75c70000000000000000266a24aa21a9ede2f61c3f71d1defd3fa999dfa36953755c690689799962b48bebd836974e8cf90120000000000000000000000000000000000000000000000000000000000000000000000000

      at src/core/charms-sdk.ts:16:11

  console.error
    Stderr: No spell found in the transaction

      30 | 				}
      31 | 				if (stderr) {
    > 32 | 					console.error(`Stderr: ${stderr}`);
         | 					        ^
      33 | 				}
      34 | 				console.info(`Executed successfully: ${stdout}`);
      35 | 				resolve(stdout);

      at src/core/charms-sdk.ts:32:14

  console.info
    Executed successfully:

      at src/core/charms-sdk.ts:34:13

  console.log
    !!! 1 {
      spendable: true,
      value: 625000000,
      txid: '8063c3105a5e62103eeb7f87fafc6f9598747f210ae818a666a33628d77549db',
      vout: 0
    } undefined

      at src/core/spells.ts:216:12

  console.info
    Executing command: /Users/gadiguy/workspace/charms/target/release/charms tx show-spell --tx 020000000001010000000000000000000000000000000000000000000000000000000000000000ffffffff0402100200ffffffff0240be402500000000160014aeab9ce078ee26628c989f91d2e304c2c83cefc10000000000000000266a24aa21a9ede2f61c3f71d1defd3fa999dfa36953755c690689799962b48bebd836974e8cf90120000000000000000000000000000000000000000000000000000000000000000000000000

      at src/core/charms-sdk.ts:16:11

  console.error
    Stderr: No spell found in the transaction

      30 | 				}
      31 | 				if (stderr) {
    > 32 | 					console.error(`Stderr: ${stderr}`);
         | 					        ^
      33 | 				}
      34 | 				console.info(`Executed successfully: ${stdout}`);
      35 | 				resolve(stdout);

      at src/core/charms-sdk.ts:32:14

  console.info
    Executed successfully:

      at src/core/charms-sdk.ts:34:13

  console.log
    !!! 1 {
      spendable: true,
      value: 625000000,
      txid: 'a7efe00184b90df872fc37c99bad283e6159d5a2d917c6d20ef17d9b7a61d80f',
      vout: 0
    } undefined

      at src/core/spells.ts:216:12

  console.info
    Executing command: /Users/gadiguy/workspace/charms/target/release/charms tx show-spell --tx 020000000001010000000000000000000000000000000000000000000000000000000000000000ffffffff0402680300ffffffff02902f5009000000001600147ee0b7b0a06b1715257f82da01a3a4daa7a6aa780000000000000000266a24aa21a9ede2f61c3f71d1defd3fa999dfa36953755c690689799962b48bebd836974e8cf90120000000000000000000000000000000000000000000000000000000000000000000000000

      at src/core/charms-sdk.ts:16:11

  console.error
    Stderr: No spell found in the transaction

      30 | 				}
      31 | 				if (stderr) {
    > 32 | 					console.error(`Stderr: ${stderr}`);
         | 					        ^
      33 | 				}
      34 | 				console.info(`Executed successfully: ${stdout}`);
      35 | 				resolve(stdout);

      at src/core/charms-sdk.ts:32:14

  console.info
    Executed successfully:

      at src/core/charms-sdk.ts:34:13

  console.log
    !!! 1 {
      spendable: true,
      value: 156250000,
      txid: '1cf25c03c60283d5f67d78e96afb5ce4acdf602539e4069ba70171219170a093',
      vout: 0
    } undefined

      at src/core/spells.ts:216:12

  console.info
    Executing command: /Users/gadiguy/workspace/charms/target/release/charms tx show-spell --tx 0200000000010105b4dcb83e62b06dc172ff4707426798c897e0f0fd5070ade4c4b88ce6335f4c0000000000ffffffff02e803000000000000225120d52a4bff1f6935e0e268aaabf53feef19116dbba878c3971b66c34577a3efaa84df1029500000000160014923e482dfabf95e270960b17ac466a2fbdb67f980341d68fa8516bf2c7c313975b1510971e9f89698e54053a90aebb22a8463f9c16c74837d2d1dd594711da0ef7e44c0dda654a91af4fd1949382e762a2ad5ab360a981fd49030063057370656c6c4d080282a36776657273696f6e04627478a2647265667380646f75747381a100a27163757272656e745f636f7369676e65727378423032393131623864376364663537613165373735383538376466363631373234303762336534353934343030336239386638666265363930643462336364383962317163757272656e745f7468726573686f6c6401716170705f7075626c69635f696e70757473a183616e9820185418bc18be0b1856188b18ed1870187a18f318fb185e0018f5187d1869184818e1189a183e18f5189918bf183518fa18c71863182d187618fb18c203982018a718e418761821186518d11888181e18ed181a183c1831188e182a1831182d186518be18fc182e18f218741418751892151518711875182f1828181ea166616374696f6e666465706c6f7999010418a41859184c1859181a1837184b18ef187505189818d518c8188918ee18d818f8188618e51891188c186d18c2189118a5188c1842189f187118dd182318a018a7182616189e0418cb183d1844182a18c71318ed181a18fd188c18fc1871182318f718be1860181e181c18261854187a185e18f5184f0418f918dc18ae07189f18f91718b618ba0b185f05186b1875189418da00186d18c4186318ab18f118df18e71876186b18e018f018c2185e183f18b8181b18ec1822187f185a18ca181c18e4182318ff18ee18941418bd18dc18e318f118d91833188118744d100114188318f118a218bc181d18a91864181d1887187e18d7186d181b18ab18fb181d0718b718f5184401187c181818320a1118b7186f1895187518260118e20f1118961895188d18b818f6184618d71845186518a8182718b618d40d182818db18c118e218f2187018bc18d918e7182e186b0c18331845186e188212183d1893184d18d1060718f10e182b18db188a1828188c182c1821181a18410618fe18e818a7189a189418e718c9185a18eb18dd0c183318dd1873183918451896189718d11819183318fd188918541892187e1857187f182318c618861887182f18e818190b18ad18f8185118e90418a4183918c8182c188b189e189118a718a31868186918ff18fa187718a4183f18f318b9188f6820862b7142fb64b074b5d0987f82044cd2b904520ca02724f6711ac03ed95dccedac21c1862b7142fb64b074b5d0987f82044cd2b904520ca02724f6711ac03ed95dcced00000000

      at src/core/charms-sdk.ts:16:11

  console.info
    Executed successfully: version: 4
    apps:
      $0000: n/54bcbe0b568bed707af3fb5e00f57d6948e19a3ef599bf35fac7632d76fbc203/a7e4762165d1881eed1a3c318e2a312d65befc2ef274147592151571752f281e
    public_args:
      $0000:
        action: deploy
    ins: []
    outs:
    - charms:
        $0000:
          current_cosigners: 02911b8d7cdf57a1e7758587df66172407b3e45944003b98f8fbe690d4b3cd89b1
          current_threshold: 1

      at src/core/charms-sdk.ts:34:13

  console.log
    !!! 1 {
      spendable: true,
      value: 2499998029,
      txid: '683ad081be1868494d27d15515e788f854440d4ebb6678ec2f0bff4609d3aac6',
      vout: 1
    } undefined

      at src/core/spells.ts:216:12

  console.info
    Executing command: /Users/gadiguy/workspace/charms/target/release/charms tx show-spell --tx 020000000001010000000000000000000000000000000000000000000000000000000000000000ffffffff0402950200ffffffff02205fa01200000000160014be438a2710f608303168dfde261068040a60fb7a0000000000000000266a24aa21a9ede2f61c3f71d1defd3fa999dfa36953755c690689799962b48bebd836974e8cf90120000000000000000000000000000000000000000000000000000000000000000000000000

      at src/core/charms-sdk.ts:16:11

  console.error
    Stderr: No spell found in the transaction

      30 | 				}
      31 | 				if (stderr) {
    > 32 | 					console.error(`Stderr: ${stderr}`);
         | 					        ^
      33 | 				}
      34 | 				console.info(`Executed successfully: ${stdout}`);
      35 | 				resolve(stdout);

      at src/core/charms-sdk.ts:32:14

  console.info
    Executed successfully:

      at src/core/charms-sdk.ts:34:13

  console.log
    !!! 1 {
      spendable: true,
      value: 312500000,
      txid: '374217c756cf297bd87e9ba000fd693e2e0840f8ff5d134b7abd7b372ad5b6d2',
      vout: 0
    } undefined

      at src/core/spells.ts:216:12

  console.info
    Executing command: /Users/gadiguy/workspace/charms/target/release/charms tx show-spell --tx 020000000001010000000000000000000000000000000000000000000000000000000000000000ffffffff0402470100ffffffff02807c814a00000000160014c9d9cdc3642ca0458ccf3b6082b251ab8aa241730000000000000000266a24aa21a9ede2f61c3f71d1defd3fa999dfa36953755c690689799962b48bebd836974e8cf90120000000000000000000000000000000000000000000000000000000000000000000000000

      at src/core/charms-sdk.ts:16:11

  console.error
    Stderr: No spell found in the transaction

      30 | 				}
      31 | 				if (stderr) {
    > 32 | 					console.error(`Stderr: ${stderr}`);
         | 					        ^
      33 | 				}
      34 | 				console.info(`Executed successfully: ${stdout}`);
      35 | 				resolve(stdout);

      at src/core/charms-sdk.ts:32:14

  console.info
    Executed successfully:

      at src/core/charms-sdk.ts:34:13

  console.log
    !!! 1 {
      spendable: true,
      value: 1250000000,
      txid: 'a3ad622e94bc28424a1b4548acb461eeced54743e99cc31b240b41a057841444',
      vout: 0
    } undefined

      at src/core/spells.ts:216:12

  console.info
    Executing command: /Users/gadiguy/workspace/charms/target/release/charms tx show-spell --tx 020000000001010000000000000000000000000000000000000000000000000000000000000000ffffffff0402940000ffffffff0200f2052a01000000160014c9d9cdc3642ca0458ccf3b6082b251ab8aa241730000000000000000266a24aa21a9ede2f61c3f71d1defd3fa999dfa36953755c690689799962b48bebd836974e8cf90120000000000000000000000000000000000000000000000000000000000000000000000000

      at src/core/charms-sdk.ts:16:11

  console.error
    Stderr: No spell found in the transaction

      30 | 				}
      31 | 				if (stderr) {
    > 32 | 					console.error(`Stderr: ${stderr}`);
         | 					        ^
      33 | 				}
      34 | 				console.info(`Executed successfully: ${stdout}`);
      35 | 				resolve(stdout);

      at src/core/charms-sdk.ts:32:14

  console.info
    Executed successfully:

      at src/core/charms-sdk.ts:34:13

  console.log
    !!! 1 {
      spendable: true,
      value: 5000000000,
      txid: 'baa88670f8f112bb414eedd673443a073be103425f162103c0da2084ea440c29',
      vout: 0
    } undefined

      at src/core/spells.ts:216:12

  console.info
    Executing command: /Users/gadiguy/workspace/charms/target/release/charms tx show-spell --tx 020000000001010000000000000000000000000000000000000000000000000000000000000000ffffffff0402730200ffffffff02205fa01200000000160014565dbe4e929f0f3587ef4ff2533f3dd04fce75c70000000000000000266a24aa21a9ede2f61c3f71d1defd3fa999dfa36953755c690689799962b48bebd836974e8cf90120000000000000000000000000000000000000000000000000000000000000000000000000

      at src/core/charms-sdk.ts:16:11

  console.error
    Stderr: No spell found in the transaction

      30 | 				}
      31 | 				if (stderr) {
    > 32 | 					console.error(`Stderr: ${stderr}`);
         | 					        ^
      33 | 				}
      34 | 				console.info(`Executed successfully: ${stdout}`);
      35 | 				resolve(stdout);

      at src/core/charms-sdk.ts:32:14

  console.info
    Executed successfully:

      at src/core/charms-sdk.ts:34:13

  console.log
    !!! 1 {
      spendable: true,
      value: 312500000,
      txid: '14d03bff135f9d56c57da64289990730ee3870f30cb6b0fc719cd226280ad0d6',
      vout: 0
    } undefined

      at src/core/spells.ts:216:12

  console.info
    Executing command: /Users/gadiguy/workspace/charms/target/release/charms tx show-spell --tx 020000000001010000000000000000000000000000000000000000000000000000000000000000ffffffff0402e50000ffffffff0200f9029500000000160014c9d9cdc3642ca0458ccf3b6082b251ab8aa241730000000000000000266a24aa21a9ede2f61c3f71d1defd3fa999dfa36953755c690689799962b48bebd836974e8cf90120000000000000000000000000000000000000000000000000000000000000000000000000

      at src/core/charms-sdk.ts:16:11

  console.error
    Stderr: No spell found in the transaction

      30 | 				}
      31 | 				if (stderr) {
    > 32 | 					console.error(`Stderr: ${stderr}`);
         | 					        ^
      33 | 				}
      34 | 				console.info(`Executed successfully: ${stdout}`);
      35 | 				resolve(stdout);

      at src/core/charms-sdk.ts:32:14

  console.info
    Executed successfully:

      at src/core/charms-sdk.ts:34:13

  console.log
    !!! 1 {
      spendable: true,
      value: 2500000000,
      txid: 'd090d8ac405e99526a61322d6ef54a7debb37abfe58cea8450fe34286cbd1337',
      vout: 0
    } undefined

      at src/core/spells.ts:216:12

  console.info
    Executing command: /Users/gadiguy/workspace/charms/target/release/charms tx show-spell --tx 020000000001010000000000000000000000000000000000000000000000000000000000000000ffffffff0402100100ffffffff0200f9029500000000160014c9d9cdc3642ca0458ccf3b6082b251ab8aa241730000000000000000266a24aa21a9ede2f61c3f71d1defd3fa999dfa36953755c690689799962b48bebd836974e8cf90120000000000000000000000000000000000000000000000000000000000000000000000000

      at src/core/charms-sdk.ts:16:11

  console.error
    Stderr: No spell found in the transaction

      30 | 				}
      31 | 				if (stderr) {
    > 32 | 					console.error(`Stderr: ${stderr}`);
         | 					        ^
      33 | 				}
      34 | 				console.info(`Executed successfully: ${stdout}`);
      35 | 				resolve(stdout);

      at src/core/charms-sdk.ts:32:14

  console.info
    Executed successfully:

      at src/core/charms-sdk.ts:34:13

  console.log
    !!! 1 {
      spendable: true,
      value: 2500000000,
      txid: '1b1872b5416345d1feacab7a4f1768f8569c5a7a0cfa2877291a26990fa10818',
      vout: 0
    } undefined

      at src/core/spells.ts:216:12

  console.info
    Executing command: /Users/gadiguy/workspace/charms/target/release/charms tx show-spell --tx 020000000001010000000000000000000000000000000000000000000000000000000000000000ffffffff04029e0200ffffffff02205fa01200000000160014be438a2710f608303168dfde261068040a60fb7a0000000000000000266a24aa21a9ede2f61c3f71d1defd3fa999dfa36953755c690689799962b48bebd836974e8cf90120000000000000000000000000000000000000000000000000000000000000000000000000

      at src/core/charms-sdk.ts:16:11

  console.error
    Stderr: No spell found in the transaction

      30 | 				}
      31 | 				if (stderr) {
    > 32 | 					console.error(`Stderr: ${stderr}`);
         | 					        ^
      33 | 				}
      34 | 				console.info(`Executed successfully: ${stdout}`);
      35 | 				resolve(stdout);

      at src/core/charms-sdk.ts:32:14

  console.info
    Executed successfully:

      at src/core/charms-sdk.ts:34:13

  console.log
    !!! 1 {
      spendable: true,
      value: 312500000,
      txid: 'de59622b6e9a6f2ed01e1eb6338b337bf1d189d9b3cde316f9b301bf4a1bcce3',
      vout: 0
    } undefined

      at src/core/spells.ts:216:12

  console.info
    Executing command: /Users/gadiguy/workspace/charms/target/release/charms tx show-spell --tx 020000000001010000000000000000000000000000000000000000000000000000000000000000ffffffff0402330400ffffffff02e40b540200000000160014c699b99a00cc336f2cd3615b2361af367128c86a0000000000000000266a24aa21a9ede2f61c3f71d1defd3fa999dfa36953755c690689799962b48bebd836974e8cf90120000000000000000000000000000000000000000000000000000000000000000000000000

      at src/core/charms-sdk.ts:16:11

  console.error
    Stderr: No spell found in the transaction

      30 | 				}
      31 | 				if (stderr) {
    > 32 | 					console.error(`Stderr: ${stderr}`);
         | 					        ^
      33 | 				}
      34 | 				console.info(`Executed successfully: ${stdout}`);
      35 | 				resolve(stdout);

      at src/core/charms-sdk.ts:32:14

  console.info
    Executed successfully:

      at src/core/charms-sdk.ts:34:13

  console.log
    !!! 1 {
      spendable: true,
      value: 39062500,
      txid: '1d3960fbfb0705ec9738a178a95284da31c0d2aa8c7c0431b6a03dce8b343ba9',
      vout: 0
    } undefined

      at src/core/spells.ts:216:12

  console.info
    Executing command: /Users/gadiguy/workspace/charms/target/release/charms tx show-spell --tx 020000000001010000000000000000000000000000000000000000000000000000000000000000ffffffff0402530200ffffffff0240be402500000000160014565dbe4e929f0f3587ef4ff2533f3dd04fce75c70000000000000000266a24aa21a9ede2f61c3f71d1defd3fa999dfa36953755c690689799962b48bebd836974e8cf90120000000000000000000000000000000000000000000000000000000000000000000000000

      at src/core/charms-sdk.ts:16:11

  console.error
    Stderr: No spell found in the transaction

      30 | 				}
      31 | 				if (stderr) {
    > 32 | 					console.error(`Stderr: ${stderr}`);
         | 					        ^
      33 | 				}
      34 | 				console.info(`Executed successfully: ${stdout}`);
      35 | 				resolve(stdout);

      at src/core/charms-sdk.ts:32:14

  console.info
    Executed successfully:

      at src/core/charms-sdk.ts:34:13

  console.log
    !!! 1 {
      spendable: true,
      value: 625000000,
      txid: '6337c13e9dfa6b8af0b416e598f4ab084d576084e72a201d6779b9a0324befa1',
      vout: 0
    } undefined

      at src/core/spells.ts:216:12

  console.info
    Executing command: /Users/gadiguy/workspace/charms/target/release/charms tx show-spell --tx 020000000001010000000000000000000000000000000000000000000000000000000000000000ffffffff03017000ffffffff0200f2052a01000000160014c9d9cdc3642ca0458ccf3b6082b251ab8aa241730000000000000000266a24aa21a9ede2f61c3f71d1defd3fa999dfa36953755c690689799962b48bebd836974e8cf90120000000000000000000000000000000000000000000000000000000000000000000000000

      at src/core/charms-sdk.ts:16:11

  console.error
    Stderr: No spell found in the transaction

      30 | 				}
      31 | 				if (stderr) {
    > 32 | 					console.error(`Stderr: ${stderr}`);
         | 					        ^
      33 | 				}
      34 | 				console.info(`Executed successfully: ${stdout}`);
      35 | 				resolve(stdout);

      at src/core/charms-sdk.ts:32:14

  console.info
    Executed successfully:

      at src/core/charms-sdk.ts:34:13

  console.log
    !!! 1 {
      spendable: true,
      value: 5000000000,
      txid: 'd6d1764e29965b8f6f860007d0c53ebe43313f40e953fa7cf54fa47529c3b513',
      vout: 0
    } undefined

      at src/core/spells.ts:216:12

  console.info
    Executing command: /Users/gadiguy/workspace/charms/target/release/charms tx show-spell --tx 020000000001010000000000000000000000000000000000000000000000000000000000000000ffffffff0402e80000ffffffff0200f9029500000000160014c9d9cdc3642ca0458ccf3b6082b251ab8aa241730000000000000000266a24aa21a9ede2f61c3f71d1defd3fa999dfa36953755c690689799962b48bebd836974e8cf90120000000000000000000000000000000000000000000000000000000000000000000000000

      at src/core/charms-sdk.ts:16:11

  console.error
    Stderr: No spell found in the transaction

      30 | 				}
      31 | 				if (stderr) {
    > 32 | 					console.error(`Stderr: ${stderr}`);
         | 					        ^
      33 | 				}
      34 | 				console.info(`Executed successfully: ${stdout}`);
      35 | 				resolve(stdout);

      at src/core/charms-sdk.ts:32:14

  console.info
    Executed successfully:

      at src/core/charms-sdk.ts:34:13

  console.log
    !!! 1 {
      spendable: true,
      value: 2500000000,
      txid: 'e90ac2935e83f58c8c2213e970f542ae55dc347447ec2a716fce6517725a3227',
      vout: 0
    } undefined

      at src/core/spells.ts:216:12

  console.info
    Executing command: /Users/gadiguy/workspace/charms/target/release/charms tx show-spell --tx 020000000001010000000000000000000000000000000000000000000000000000000000000000ffffffff04028a0000ffffffff0200f2052a01000000160014c9d9cdc3642ca0458ccf3b6082b251ab8aa241730000000000000000266a24aa21a9ede2f61c3f71d1defd3fa999dfa36953755c690689799962b48bebd836974e8cf90120000000000000000000000000000000000000000000000000000000000000000000000000

      at src/core/charms-sdk.ts:16:11

  console.error
    Stderr: No spell found in the transaction

      30 | 				}
      31 | 				if (stderr) {
    > 32 | 					console.error(`Stderr: ${stderr}`);
         | 					        ^
      33 | 				}
      34 | 				console.info(`Executed successfully: ${stdout}`);
      35 | 				resolve(stdout);

      at src/core/charms-sdk.ts:32:14

  console.info
    Executed successfully:

      at src/core/charms-sdk.ts:34:13

  console.log
    !!! 1 {
      spendable: true,
      value: 5000000000,
      txid: '2ff841f14ced0d6553ad1b7191922a922adea256eb943156590728c19d2ea20b',
      vout: 0
    } undefined

      at src/core/spells.ts:216:12

  console.info
    Executing command: /Users/gadiguy/workspace/charms/target/release/charms tx show-spell --tx 020000000001010000000000000000000000000000000000000000000000000000000000000000ffffffff0402560400ffffffff02e40b540200000000160014c699b99a00cc336f2cd3615b2361af367128c86a0000000000000000266a24aa21a9ede2f61c3f71d1defd3fa999dfa36953755c690689799962b48bebd836974e8cf90120000000000000000000000000000000000000000000000000000000000000000000000000

      at src/core/charms-sdk.ts:16:11

  console.error
    Stderr: No spell found in the transaction

      30 | 				}
      31 | 				if (stderr) {
    > 32 | 					console.error(`Stderr: ${stderr}`);
         | 					        ^
      33 | 				}
      34 | 				console.info(`Executed successfully: ${stdout}`);
      35 | 				resolve(stdout);

      at src/core/charms-sdk.ts:32:14

  console.info
    Executed successfully:

      at src/core/charms-sdk.ts:34:13

  console.log
    !!! 1 {
      spendable: true,
      value: 39062500,
      txid: '8048036a2054ec054de3d86772f5f2a30a630c6c17e89c03e54ecaa11055efd3',
      vout: 0
    } undefined

      at src/core/spells.ts:216:12

  console.info
    Executing command: /Users/gadiguy/workspace/charms/target/release/charms tx show-spell --tx 020000000001010000000000000000000000000000000000000000000000000000000000000000ffffffff0402ae0200ffffffff02205fa01200000000160014be438a2710f608303168dfde261068040a60fb7a0000000000000000266a24aa21a9ede2f61c3f71d1defd3fa999dfa36953755c690689799962b48bebd836974e8cf90120000000000000000000000000000000000000000000000000000000000000000000000000

      at src/core/charms-sdk.ts:16:11

  console.error
    Stderr: No spell found in the transaction

      30 | 				}
      31 | 				if (stderr) {
    > 32 | 					console.error(`Stderr: ${stderr}`);
         | 					        ^
      33 | 				}
      34 | 				console.info(`Executed successfully: ${stdout}`);
      35 | 				resolve(stdout);

      at src/core/charms-sdk.ts:32:14

  console.info
    Executed successfully:

      at src/core/charms-sdk.ts:34:13

  console.log
    !!! 1 {
      spendable: true,
      value: 312500000,
      txid: 'e6669d742a184346c648ec0cea30cde70e20ace6403f4b5b0e6aa63b5e73771a',
      vout: 0
    } undefined

      at src/core/spells.ts:216:12

  console.info
    Executing command: /Users/gadiguy/workspace/charms/target/release/charms tx show-spell --tx 020000000001010000000000000000000000000000000000000000000000000000000000000000ffffffff0402b60100ffffffff02807c814a000000001600148dae6f2122b28418b4dcd043140798d3d20390c90000000000000000266a24aa21a9ede2f61c3f71d1defd3fa999dfa36953755c690689799962b48bebd836974e8cf90120000000000000000000000000000000000000000000000000000000000000000000000000

      at src/core/charms-sdk.ts:16:11

  console.error
    Stderr: No spell found in the transaction

      30 | 				}
      31 | 				if (stderr) {
    > 32 | 					console.error(`Stderr: ${stderr}`);
         | 					        ^
      33 | 				}
      34 | 				console.info(`Executed successfully: ${stdout}`);
      35 | 				resolve(stdout);

      at src/core/charms-sdk.ts:32:14

  console.info
    Executed successfully:

      at src/core/charms-sdk.ts:34:13

  console.log
    !!! 1 {
      spendable: true,
      value: 1250000000,
      txid: '297f20aacf309ba67f01cc88dd117863759e4b57f51b053a3d3eccfca8edc013',
      vout: 0
    } undefined

      at src/core/spells.ts:216:12

  console.info
    Executing command: /Users/gadiguy/workspace/charms/target/release/charms tx show-spell --tx 020000000001010000000000000000000000000000000000000000000000000000000000000000ffffffff04021c0400ffffffff02e40b540200000000160014c699b99a00cc336f2cd3615b2361af367128c86a0000000000000000266a24aa21a9ede2f61c3f71d1defd3fa999dfa36953755c690689799962b48bebd836974e8cf90120000000000000000000000000000000000000000000000000000000000000000000000000

      at src/core/charms-sdk.ts:16:11

  console.error
    Stderr: No spell found in the transaction

      30 | 				}
      31 | 				if (stderr) {
    > 32 | 					console.error(`Stderr: ${stderr}`);
         | 					        ^
      33 | 				}
      34 | 				console.info(`Executed successfully: ${stdout}`);
      35 | 				resolve(stdout);

      at src/core/charms-sdk.ts:32:14

  console.info
    Executed successfully:

      at src/core/charms-sdk.ts:34:13

  console.log
    !!! 1 {
      spendable: true,
      value: 39062500,
      txid: 'f5a4289ad3c47fa285cae5db0ef83e2ea069d1fd417379ffd2038b9f00792dd5',
      vout: 0
    } undefined

      at src/core/spells.ts:216:12

  console.info
    Executing command: /Users/gadiguy/workspace/charms/target/release/charms tx show-spell --tx 020000000001010000000000000000000000000000000000000000000000000000000000000000ffffffff0402f90100ffffffff0240be4025000000001600148dae6f2122b28418b4dcd043140798d3d20390c90000000000000000266a24aa21a9ede2f61c3f71d1defd3fa999dfa36953755c690689799962b48bebd836974e8cf90120000000000000000000000000000000000000000000000000000000000000000000000000

      at src/core/charms-sdk.ts:16:11

  console.error
    Stderr: No spell found in the transaction

      30 | 				}
      31 | 				if (stderr) {
    > 32 | 					console.error(`Stderr: ${stderr}`);
         | 					        ^
      33 | 				}
      34 | 				console.info(`Executed successfully: ${stdout}`);
      35 | 				resolve(stdout);

      at src/core/charms-sdk.ts:32:14

  console.info
    Executed successfully:

      at src/core/charms-sdk.ts:34:13

  console.log
    !!! 1 {
      spendable: true,
      value: 625000000,
      txid: '76467a8270bf7683802052a9f286245bcadf8b944eb53250f0e77573d50c84a7',
      vout: 0
    } undefined

      at src/core/spells.ts:216:12

  console.info
    Executing command: /Users/gadiguy/workspace/charms/target/release/charms tx show-spell --tx 020000000001010000000000000000000000000000000000000000000000000000000000000000ffffffff0402660100ffffffff02807c814a00000000160014c9d9cdc3642ca0458ccf3b6082b251ab8aa241730000000000000000266a24aa21a9ede2f61c3f71d1defd3fa999dfa36953755c690689799962b48bebd836974e8cf90120000000000000000000000000000000000000000000000000000000000000000000000000

      at src/core/charms-sdk.ts:16:11

  console.error
    Stderr: No spell found in the transaction

      30 | 				}
      31 | 				if (stderr) {
    > 32 | 					console.error(`Stderr: ${stderr}`);
         | 					        ^
      33 | 				}
      34 | 				console.info(`Executed successfully: ${stdout}`);
      35 | 				resolve(stdout);

      at src/core/charms-sdk.ts:32:14

  console.info
    Executed successfully:

      at src/core/charms-sdk.ts:34:13

  console.log
    !!! 1 {
      spendable: true,
      value: 1250000000,
      txid: 'cb2550c70960d2089bc2c9eaca320e9f605d5a3c7d9a07547dbf1fb31950a31e',
      vout: 0
    } undefined

      at src/core/spells.ts:216:12

  console.info
    Executing command: /Users/gadiguy/workspace/charms/target/release/charms tx show-spell --tx 020000000001010000000000000000000000000000000000000000000000000000000000000000ffffffff0402c90300ffffffff02c817a80400000000160014b3455ce530ba44de213c9a78c2d662785143c5f40000000000000000266a24aa21a9ede2f61c3f71d1defd3fa999dfa36953755c690689799962b48bebd836974e8cf90120000000000000000000000000000000000000000000000000000000000000000000000000

      at src/core/charms-sdk.ts:16:11

  console.error
    Stderr: No spell found in the transaction

      30 | 				}
      31 | 				if (stderr) {
    > 32 | 					console.error(`Stderr: ${stderr}`);
         | 					        ^
      33 | 				}
      34 | 				console.info(`Executed successfully: ${stdout}`);
      35 | 				resolve(stdout);

      at src/core/charms-sdk.ts:32:14

  console.info
    Executed successfully:

      at src/core/charms-sdk.ts:34:13

  console.log
    !!! 1 {
      spendable: true,
      value: 78125000,
      txid: '885faeb8131232aa49d3a9856cbfc1904946616fb9df90de9922a7573085faa0',
      vout: 0
    } undefined

      at src/core/spells.ts:216:12

  console.info
    Executing command: /Users/gadiguy/workspace/charms/target/release/charms tx show-spell --tx 020000000001010000000000000000000000000000000000000000000000000000000000000000ffffffff0402b30100ffffffff02807c814a000000001600148dae6f2122b28418b4dcd043140798d3d20390c90000000000000000266a24aa21a9ede2f61c3f71d1defd3fa999dfa36953755c690689799962b48bebd836974e8cf90120000000000000000000000000000000000000000000000000000000000000000000000000

      at src/core/charms-sdk.ts:16:11

  console.error
    Stderr: No spell found in the transaction

      30 | 				}
      31 | 				if (stderr) {
    > 32 | 					console.error(`Stderr: ${stderr}`);
         | 					        ^
      33 | 				}
      34 | 				console.info(`Executed successfully: ${stdout}`);
      35 | 				resolve(stdout);

      at src/core/charms-sdk.ts:32:14

  console.info
    Executed successfully:

      at src/core/charms-sdk.ts:34:13

  console.log
    !!! 1 {
      spendable: true,
      value: 1250000000,
      txid: '7b4000c74fdc0995a1f1d48f6a80943adf338c00eb3ae6c36ae241a09033b75f',
      vout: 0
    } undefined

      at src/core/spells.ts:216:12

  console.info
    Executing command: /Users/gadiguy/workspace/charms/target/release/charms tx show-spell --tx 020000000001010000000000000000000000000000000000000000000000000000000000000000ffffffff0402f60000ffffffff0200f9029500000000160014c9d9cdc3642ca0458ccf3b6082b251ab8aa241730000000000000000266a24aa21a9ede2f61c3f71d1defd3fa999dfa36953755c690689799962b48bebd836974e8cf90120000000000000000000000000000000000000000000000000000000000000000000000000

      at src/core/charms-sdk.ts:16:11

  console.error
    Stderr: No spell found in the transaction

      30 | 				}
      31 | 				if (stderr) {
    > 32 | 					console.error(`Stderr: ${stderr}`);
         | 					        ^
      33 | 				}
      34 | 				console.info(`Executed successfully: ${stdout}`);
      35 | 				resolve(stdout);

      at src/core/charms-sdk.ts:32:14

  console.info
    Executed successfully:

      at src/core/charms-sdk.ts:34:13

  console.log
    !!! 1 {
      spendable: true,
      value: 2500000000,
      txid: '1510180da8d954f69fbb14f9ff22ebf37d8a21b694c957905583a2f3644eab52',
      vout: 0
    } undefined

      at src/core/spells.ts:216:12

  console.info
    Executing command: /Users/gadiguy/workspace/charms/target/release/charms tx show-spell --tx 020000000001010000000000000000000000000000000000000000000000000000000000000000ffffffff0402f60300ffffffff02c817a80400000000160014b3455ce530ba44de213c9a78c2d662785143c5f40000000000000000266a24aa21a9ede2f61c3f71d1defd3fa999dfa36953755c690689799962b48bebd836974e8cf90120000000000000000000000000000000000000000000000000000000000000000000000000

      at src/core/charms-sdk.ts:16:11

  console.error
    Stderr: No spell found in the transaction

      30 | 				}
      31 | 				if (stderr) {
    > 32 | 					console.error(`Stderr: ${stderr}`);
         | 					        ^
      33 | 				}
      34 | 				console.info(`Executed successfully: ${stdout}`);
      35 | 				resolve(stdout);

      at src/core/charms-sdk.ts:32:14

  console.info
    Executed successfully:

      at src/core/charms-sdk.ts:34:13

  console.log
    !!! 1 {
      spendable: true,
      value: 78125000,
      txid: '85d3a7b38763dec700bc765ae938b22a42a011bbd163dd35bc4f7a08eb1e54a3',
      vout: 0
    } undefined

      at src/core/spells.ts:216:12

  console.info
    Executing command: /Users/gadiguy/workspace/charms/target/release/charms tx show-spell --tx 020000000001010000000000000000000000000000000000000000000000000000000000000000ffffffff04029c0000ffffffff0200f9029500000000160014c9d9cdc3642ca0458ccf3b6082b251ab8aa241730000000000000000266a24aa21a9ede2f61c3f71d1defd3fa999dfa36953755c690689799962b48bebd836974e8cf90120000000000000000000000000000000000000000000000000000000000000000000000000

      at src/core/charms-sdk.ts:16:11

  console.error
    Stderr: No spell found in the transaction

      30 | 				}
      31 | 				if (stderr) {
    > 32 | 					console.error(`Stderr: ${stderr}`);
         | 					        ^
      33 | 				}
      34 | 				console.info(`Executed successfully: ${stdout}`);
      35 | 				resolve(stdout);

      at src/core/charms-sdk.ts:32:14

  console.info
    Executed successfully:

      at src/core/charms-sdk.ts:34:13

  console.log
    !!! 1 {
      spendable: true,
      value: 2500000000,
      txid: '5a2250f925e078ae9a33aaa8733da85a36c273d12b89996bd8ffd962e157bf5a',
      vout: 0
    } undefined

      at src/core/spells.ts:216:12

  console.info
    Executing command: /Users/gadiguy/workspace/charms/target/release/charms tx show-spell --tx 020000000001010000000000000000000000000000000000000000000000000000000000000000ffffffff0402870100ffffffff02807c814a00000000160014c9d9cdc3642ca0458ccf3b6082b251ab8aa241730000000000000000266a24aa21a9ede2f61c3f71d1defd3fa999dfa36953755c690689799962b48bebd836974e8cf90120000000000000000000000000000000000000000000000000000000000000000000000000

      at src/core/charms-sdk.ts:16:11

  console.error
    Stderr: No spell found in the transaction

      30 | 				}
      31 | 				if (stderr) {
    > 32 | 					console.error(`Stderr: ${stderr}`);
         | 					        ^
      33 | 				}
      34 | 				console.info(`Executed successfully: ${stdout}`);
      35 | 				resolve(stdout);

      at src/core/charms-sdk.ts:32:14

  console.info
    Executed successfully:

      at src/core/charms-sdk.ts:34:13

  console.log
    !!! 1 {
      spendable: true,
      value: 1250000000,
      txid: 'a66505b5d3575eec8e0254b6aa992f4ef95c6dc29161fb5522b6699788a48f41',
      vout: 0
    } undefined

      at src/core/spells.ts:216:12

  console.info
    Executing command: /Users/gadiguy/workspace/charms/target/release/charms tx show-spell --tx 020000000001010000000000000000000000000000000000000000000000000000000000000000ffffffff0402b90000ffffffff0200f9029500000000160014c9d9cdc3642ca0458ccf3b6082b251ab8aa241730000000000000000266a24aa21a9ede2f61c3f71d1defd3fa999dfa36953755c690689799962b48bebd836974e8cf90120000000000000000000000000000000000000000000000000000000000000000000000000

      at src/core/charms-sdk.ts:16:11

  console.error
    Stderr: No spell found in the transaction

      30 | 				}
      31 | 				if (stderr) {
    > 32 | 					console.error(`Stderr: ${stderr}`);
         | 					        ^
      33 | 				}
      34 | 				console.info(`Executed successfully: ${stdout}`);
      35 | 				resolve(stdout);

      at src/core/charms-sdk.ts:32:14

  console.info
    Executed successfully:

      at src/core/charms-sdk.ts:34:13

  console.log
    !!! 1 {
      spendable: true,
      value: 2500000000,
      txid: '0d7d7cc5646db9c7ef08c78b505577c9ed46996c9b00dfb0e433f21ae0786740',
      vout: 0
    } undefined

      at src/core/spells.ts:216:12

  console.info
    Executing command: /Users/gadiguy/workspace/charms/target/release/charms tx show-spell --tx 020000000001010000000000000000000000000000000000000000000000000000000000000000ffffffff0402590100ffffffff02807c814a00000000160014c9d9cdc3642ca0458ccf3b6082b251ab8aa241730000000000000000266a24aa21a9ede2f61c3f71d1defd3fa999dfa36953755c690689799962b48bebd836974e8cf90120000000000000000000000000000000000000000000000000000000000000000000000000

      at src/core/charms-sdk.ts:16:11

  console.error
    Stderr: No spell found in the transaction

      30 | 				}
      31 | 				if (stderr) {
    > 32 | 					console.error(`Stderr: ${stderr}`);
         | 					        ^
      33 | 				}
      34 | 				console.info(`Executed successfully: ${stdout}`);
      35 | 				resolve(stdout);

      at src/core/charms-sdk.ts:32:14

  console.info
    Executed successfully:

      at src/core/charms-sdk.ts:34:13

  console.log
    !!! 1 {
      spendable: true,
      value: 1250000000,
      txid: '45886e28bc8eb33afba9841d389876956fd32f7aab76d97a9081634292d9205d',
      vout: 0
    } undefined

      at src/core/spells.ts:216:12

  console.info
    Executing command: /Users/gadiguy/workspace/charms/target/release/charms tx show-spell --tx 020000000001010000000000000000000000000000000000000000000000000000000000000000ffffffff0402a40100ffffffff02807c814a000000001600148dae6f2122b28418b4dcd043140798d3d20390c90000000000000000266a24aa21a9ede2f61c3f71d1defd3fa999dfa36953755c690689799962b48bebd836974e8cf90120000000000000000000000000000000000000000000000000000000000000000000000000

      at src/core/charms-sdk.ts:16:11

  console.error
    Stderr: No spell found in the transaction

      30 | 				}
      31 | 				if (stderr) {
    > 32 | 					console.error(`Stderr: ${stderr}`);
         | 					        ^
      33 | 				}
      34 | 				console.info(`Executed successfully: ${stdout}`);
      35 | 				resolve(stdout);

      at src/core/charms-sdk.ts:32:14

  console.info
    Executed successfully:

      at src/core/charms-sdk.ts:34:13

  console.log
    !!! 1 {
      spendable: true,
      value: 1250000000,
      txid: 'f7f4b6ce08352f05e56dbc8eadf670da08751d77813a856c913dd8adbcdd0f15',
      vout: 0
    } undefined

      at src/core/spells.ts:216:12

  console.info
    Executing command: /Users/gadiguy/workspace/charms/target/release/charms tx show-spell --tx 020000000001010000000000000000000000000000000000000000000000000000000000000000ffffffff0402b20100ffffffff02807c814a000000001600148dae6f2122b28418b4dcd043140798d3d20390c90000000000000000266a24aa21a9ede2f61c3f71d1defd3fa999dfa36953755c690689799962b48bebd836974e8cf90120000000000000000000000000000000000000000000000000000000000000000000000000

      at src/core/charms-sdk.ts:16:11

  console.error
    Stderr: No spell found in the transaction

      30 | 				}
      31 | 				if (stderr) {
    > 32 | 					console.error(`Stderr: ${stderr}`);
         | 					        ^
      33 | 				}
      34 | 				console.info(`Executed successfully: ${stdout}`);
      35 | 				resolve(stdout);

      at src/core/charms-sdk.ts:32:14

  console.info
    Executed successfully:

      at src/core/charms-sdk.ts:34:13

  console.log
    !!! 1 {
      spendable: true,
      value: 1250000000,
      txid: 'bf399f044842eca409781079bfb975cb1cf46ad6fa898f766d8b884ff983703e',
      vout: 0
    } undefined

      at src/core/spells.ts:216:12

  console.info
    Executing command: /Users/gadiguy/workspace/charms/target/release/charms tx show-spell --tx 020000000001010000000000000000000000000000000000000000000000000000000000000000ffffffff0402f40000ffffffff0200f9029500000000160014c9d9cdc3642ca0458ccf3b6082b251ab8aa241730000000000000000266a24aa21a9ede2f61c3f71d1defd3fa999dfa36953755c690689799962b48bebd836974e8cf90120000000000000000000000000000000000000000000000000000000000000000000000000

      at src/core/charms-sdk.ts:16:11

  console.error
    Stderr: No spell found in the transaction

      30 | 				}
      31 | 				if (stderr) {
    > 32 | 					console.error(`Stderr: ${stderr}`);
         | 					        ^
      33 | 				}
      34 | 				console.info(`Executed successfully: ${stdout}`);
      35 | 				resolve(stdout);

      at src/core/charms-sdk.ts:32:14

  console.info
    Executed successfully:

      at src/core/charms-sdk.ts:34:13

  console.log
    !!! 1 {
      spendable: true,
      value: 2500000000,
      txid: '35ee2673be67a9524501506be1ba4a6e83c7f6fdd036b246f8172b8912e9c766',
      vout: 0
    } undefined

      at src/core/spells.ts:216:12

  console.info
    Executing command: /Users/gadiguy/workspace/charms/target/release/charms tx show-spell --tx 02000000000101ff5aee26950a45a140e5044002e076285d19e91b123ce30a30e471812a34fb1a0000000000ffffffff02e80300000000000022512026e8809b66f148647fadc8fcb00ba6c4fe520b6df0d810b637f73a0d37c686e248ea48020000000016001486aa51eb1e2178ef838ec6159290973ab255e68a03419b087099be77cbc4b90ac07987937168ac1aac9858f7bcedb7d9a7b52493958581ea5207265e067fcecd279c940920acd12fbb20370ed91430c7ecf02e1ac91581fd65010063057370656c6c4d370182a36776657273696f6e04627478a2647265667380646f75747381a100a3667469636b657269475241494c2d4e46547163757272656e745f636f7369676e6572737840653630303336346437323038623636353861373930646438393734363231316164623635303833303634343938313337336437633536333466656463323262397163757272656e745f7468726573686f6c6401716170705f7075626c69635f696e70757473a183616e982018db18e00b18b51851183a0f18f518a61891186f18c8189d0306186d18d8186518311896189d184018d518eb186618ed186f001894183818621899982018d618d018761869184918e918de184f18510817183f184118ba184d18381866189318b9011876188318a0181f18af184918d01118a9186518821859a166616374696f6e666465706c6f7980682055e720b677d8f7a5d616844d9c1fb07197e5165a0f1c1a7fd967cc4dcba8e6fcac21c155e720b677d8f7a5d616844d9c1fb07197e5165a0f1c1a7fd967cc4dcba8e6fc00000000

      at src/core/charms-sdk.ts:16:11

  console.info
    Executed successfully: version: 4
    apps:
      $0000: n/dbe00bb5513a0ff5a6916fc89d03066dd86531969d40d5eb66ed6f0094386299/d6d0766949e9de4f5108173f41ba4d386693b9017683a01faf49d011a9658259
    public_args:
      $0000:
        action: deploy
    ins: []
    outs:
    - charms:
        $0000:
          ticker: GRAIL-NFT
          current_cosigners: e600364d7208b6658a790dd89746211adb650830644981373d7c5634fedc22b9
          current_threshold: 1

      at src/core/charms-sdk.ts:34:13

  console.log
    !!! 1 {
      spendable: true,
      value: 38333000,
      txid: 'b517518dca08c3cb4c7dd66341ee1816db09573682b4cdd0e0800dc848a2f458',
      vout: 1
    } undefined

      at src/core/spells.ts:216:12

  console.info
    Executing command: /Users/gadiguy/workspace/charms/target/release/charms tx show-spell --tx 020000000001010000000000000000000000000000000000000000000000000000000000000000ffffffff0402d40300ffffffff02c817a80400000000160014b3455ce530ba44de213c9a78c2d662785143c5f40000000000000000266a24aa21a9ede2f61c3f71d1defd3fa999dfa36953755c690689799962b48bebd836974e8cf90120000000000000000000000000000000000000000000000000000000000000000000000000

      at src/core/charms-sdk.ts:16:11

  console.error
    Stderr: No spell found in the transaction

      30 | 				}
      31 | 				if (stderr) {
    > 32 | 					console.error(`Stderr: ${stderr}`);
         | 					        ^
      33 | 				}
      34 | 				console.info(`Executed successfully: ${stdout}`);
      35 | 				resolve(stdout);

      at src/core/charms-sdk.ts:32:14

  console.info
    Executed successfully:

      at src/core/charms-sdk.ts:34:13

  console.log
    !!! 1 {
      spendable: true,
      value: 78125000,
      txid: '6e32cb4ea4ff8ec5ffb21c60e2007ada985a4fb27298239b83fd73f8518012a6',
      vout: 0
    } undefined

      at src/core/spells.ts:216:12

  console.info
    Executing command: /Users/gadiguy/workspace/charms/target/release/charms tx show-spell --tx 020000000001010000000000000000000000000000000000000000000000000000000000000000ffffffff0402790300ffffffff02902f5009000000001600147ee0b7b0a06b1715257f82da01a3a4daa7a6aa780000000000000000266a24aa21a9ede2f61c3f71d1defd3fa999dfa36953755c690689799962b48bebd836974e8cf90120000000000000000000000000000000000000000000000000000000000000000000000000

      at src/core/charms-sdk.ts:16:11

  console.error
    Stderr: No spell found in the transaction

      30 | 				}
      31 | 				if (stderr) {
    > 32 | 					console.error(`Stderr: ${stderr}`);
         | 					        ^
      33 | 				}
      34 | 				console.info(`Executed successfully: ${stdout}`);
      35 | 				resolve(stdout);

      at src/core/charms-sdk.ts:32:14

  console.info
    Executed successfully:

      at src/core/charms-sdk.ts:34:13

  console.log
    !!! 1 {
      spendable: true,
      value: 156250000,
      txid: '7a2318076c749ee8de70067ca550aa6d198bd4ad7d3fa3c7ab2951b30975e6ff',
      vout: 0
    } undefined

      at src/core/spells.ts:216:12

  console.info
    Executing command: /Users/gadiguy/workspace/charms/target/release/charms tx show-spell --tx 020000000001010000000000000000000000000000000000000000000000000000000000000000ffffffff04027a0200ffffffff02205fa01200000000160014565dbe4e929f0f3587ef4ff2533f3dd04fce75c70000000000000000266a24aa21a9ede2f61c3f71d1defd3fa999dfa36953755c690689799962b48bebd836974e8cf90120000000000000000000000000000000000000000000000000000000000000000000000000

      at src/core/charms-sdk.ts:16:11

  console.error
    Stderr: No spell found in the transaction

      30 | 				}
      31 | 				if (stderr) {
    > 32 | 					console.error(`Stderr: ${stderr}`);
         | 					        ^
      33 | 				}
      34 | 				console.info(`Executed successfully: ${stdout}`);
      35 | 				resolve(stdout);

      at src/core/charms-sdk.ts:32:14

  console.info
    Executed successfully:

      at src/core/charms-sdk.ts:34:13

  console.log
    !!! 1 {
      spendable: true,
      value: 312500000,
      txid: 'ef279385cf119e489fb63a660a1016652de16a779663d51a2192ec15ad8be76d',
      vout: 0
    } undefined

      at src/core/spells.ts:216:12

  console.info
    Executing command: /Users/gadiguy/workspace/charms/target/release/charms tx show-spell --tx 020000000001010000000000000000000000000000000000000000000000000000000000000000ffffffff0402c50100ffffffff0240be4025000000001600148dae6f2122b28418b4dcd043140798d3d20390c90000000000000000266a24aa21a9ede2f61c3f71d1defd3fa999dfa36953755c690689799962b48bebd836974e8cf90120000000000000000000000000000000000000000000000000000000000000000000000000

      at src/core/charms-sdk.ts:16:11

  console.error
    Stderr: No spell found in the transaction

      30 | 				}
      31 | 				if (stderr) {
    > 32 | 					console.error(`Stderr: ${stderr}`);
         | 					        ^
      33 | 				}
      34 | 				console.info(`Executed successfully: ${stdout}`);
      35 | 				resolve(stdout);

      at src/core/charms-sdk.ts:32:14

  console.info
    Executed successfully:

      at src/core/charms-sdk.ts:34:13

  console.log
    !!! 1 {
      spendable: true,
      value: 625000000,
      txid: 'a10571e650a5e45bbffb4e4702e9b6a9e54ee20bc2b3155e4009b34e75f38fa5',
      vout: 0
    } undefined

      at src/core/spells.ts:216:12

  console.info
    Executing command: /Users/gadiguy/workspace/charms/target/release/charms tx show-spell --tx 020000000001010000000000000000000000000000000000000000000000000000000000000000ffffffff0402380100ffffffff02807c814a00000000160014c9d9cdc3642ca0458ccf3b6082b251ab8aa241730000000000000000266a24aa21a9ede2f61c3f71d1defd3fa999dfa36953755c690689799962b48bebd836974e8cf90120000000000000000000000000000000000000000000000000000000000000000000000000

      at src/core/charms-sdk.ts:16:11

  console.error
    Stderr: No spell found in the transaction

      30 | 				}
      31 | 				if (stderr) {
    > 32 | 					console.error(`Stderr: ${stderr}`);
         | 					        ^
      33 | 				}
      34 | 				console.info(`Executed successfully: ${stdout}`);
      35 | 				resolve(stdout);

      at src/core/charms-sdk.ts:32:14

  console.info
    Executed successfully:

      at src/core/charms-sdk.ts:34:13

  console.log
    !!! 1 {
      spendable: true,
      value: 1250000000,
      txid: 'b65cdfc97deac58b92449c1ad3f328b7471595dddcbce54922faf53451be5c3e',
      vout: 0
    } undefined

      at src/core/spells.ts:216:12

  console.info
    Executing command: /Users/gadiguy/workspace/charms/target/release/charms tx show-spell --tx 020000000001010000000000000000000000000000000000000000000000000000000000000000ffffffff0402170100ffffffff0200f9029500000000160014c9d9cdc3642ca0458ccf3b6082b251ab8aa241730000000000000000266a24aa21a9ede2f61c3f71d1defd3fa999dfa36953755c690689799962b48bebd836974e8cf90120000000000000000000000000000000000000000000000000000000000000000000000000

      at src/core/charms-sdk.ts:16:11

  console.error
    Stderr: No spell found in the transaction

      30 | 				}
      31 | 				if (stderr) {
    > 32 | 					console.error(`Stderr: ${stderr}`);
         | 					        ^
      33 | 				}
      34 | 				console.info(`Executed successfully: ${stdout}`);
      35 | 				resolve(stdout);

      at src/core/charms-sdk.ts:32:14

  console.info
    Executed successfully:

      at src/core/charms-sdk.ts:34:13

  console.log
    !!! 1 {
      spendable: true,
      value: 2500000000,
      txid: '1234607af9fd5d52e22585120fcf8574f0562e6f0b76d00c087b409f63fc8534',
      vout: 0
    } undefined

      at src/core/spells.ts:216:12

  console.info
    Executing command: /Users/gadiguy/workspace/charms/target/release/charms tx show-spell --tx 020000000001010000000000000000000000000000000000000000000000000000000000000000ffffffff04025f0300ffffffff02902f5009000000001600147ee0b7b0a06b1715257f82da01a3a4daa7a6aa780000000000000000266a24aa21a9ede2f61c3f71d1defd3fa999dfa36953755c690689799962b48bebd836974e8cf90120000000000000000000000000000000000000000000000000000000000000000000000000

      at src/core/charms-sdk.ts:16:11

  console.error
    Stderr: No spell found in the transaction

      30 | 				}
      31 | 				if (stderr) {
    > 32 | 					console.error(`Stderr: ${stderr}`);
         | 					        ^
      33 | 				}
      34 | 				console.info(`Executed successfully: ${stdout}`);
      35 | 				resolve(stdout);

      at src/core/charms-sdk.ts:32:14

  console.info
    Executed successfully:

      at src/core/charms-sdk.ts:34:13

  console.log
    !!! 1 {
      spendable: true,
      value: 156250000,
      txid: '5f1d939c4fa0f3edb53a5423dece120b48fbf951ceefc6bee564be22f3b810f9',
      vout: 0
    } undefined

      at src/core/spells.ts:216:12

  console.info
    Executing command: /Users/gadiguy/workspace/charms/target/release/charms tx show-spell --tx 020000000001010000000000000000000000000000000000000000000000000000000000000000ffffffff04028f0300ffffffff02c817a804000000001600147ee0b7b0a06b1715257f82da01a3a4daa7a6aa780000000000000000266a24aa21a9ede2f61c3f71d1defd3fa999dfa36953755c690689799962b48bebd836974e8cf90120000000000000000000000000000000000000000000000000000000000000000000000000

      at src/core/charms-sdk.ts:16:11

  console.error
    Stderr: No spell found in the transaction

      30 | 				}
      31 | 				if (stderr) {
    > 32 | 					console.error(`Stderr: ${stderr}`);
         | 					        ^
      33 | 				}
      34 | 				console.info(`Executed successfully: ${stdout}`);
      35 | 				resolve(stdout);

      at src/core/charms-sdk.ts:32:14

  console.info
    Executed successfully:

      at src/core/charms-sdk.ts:34:13

  console.log
    !!! 1 {
      spendable: true,
      value: 78125000,
      txid: '736b0c3add82dad17510dd924ae65d5b712c8e56c055ab6c61c7481ccdd12ff0',
      vout: 0
    } undefined

      at src/core/spells.ts:216:12

  console.info
    Executing command: /Users/gadiguy/workspace/charms/target/release/charms tx show-spell --tx 020000000001010000000000000000000000000000000000000000000000000000000000000000ffffffff0402f40100ffffffff0240be4025000000001600148dae6f2122b28418b4dcd043140798d3d20390c90000000000000000266a24aa21a9ede2f61c3f71d1defd3fa999dfa36953755c690689799962b48bebd836974e8cf90120000000000000000000000000000000000000000000000000000000000000000000000000

      at src/core/charms-sdk.ts:16:11

  console.error
    Stderr: No spell found in the transaction

      30 | 				}
      31 | 				if (stderr) {
    > 32 | 					console.error(`Stderr: ${stderr}`);
         | 					        ^
      33 | 				}
      34 | 				console.info(`Executed successfully: ${stdout}`);
      35 | 				resolve(stdout);

      at src/core/charms-sdk.ts:32:14

  console.info
    Executed successfully:

      at src/core/charms-sdk.ts:34:13

  console.log
    !!! 1 {
      spendable: true,
      value: 625000000,
      txid: '7aa0cd226e1ca43bc2d7c71211826d9f7c957e02d0536993a0dd44a6071cd338',
      vout: 0
    } undefined

      at src/core/spells.ts:216:12

  console.info
    Executing command: /Users/gadiguy/workspace/charms/target/release/charms tx show-spell --tx 0200000000010283e58aa4aa0b1a7f4659c5d17804d7b614607fdb70524540f3e53b0fdddfb9e60000000000ffffffff3d8149e312a51501f2cec2788cb938623f3554c305aadd925e32209f1beea87e0000000000ffffffff04e8030000000000002251205afec6d38f99b81d705510fc0ac4832e9b02296b9ef16af760378af66fa3a3e2f247774a000000002251205afec6d38f99b81d705510fc0ac4832e9b02296b9ef16af760378af66fa3a3e2e8030000000000001600140c2ba5242064097fe376ac41be7c892a7abec8faa7230a0000000000160014c602883cd3bf77640fc9418953dd7acc9f23829f03402a981deef3a4d515419ba5b48accec2e92e72e37413f4a146016fe179e0f0c961afa486cc0a02f91cc648424940cd8115850bb8b6be9dfb684550fc53ff802662420b95552a6fa61ea56171e6e260cdba57d250b44ba1234dc928a177698f3f016daac519c21c050929b74c1a04954b78b4b6035e97a5e078a5a0f28ec96d547bfee9ace803ac00341bd1112e1688ccb1433f6c30450ba7a8b03ec40e7d222a496e568886b4cef3be61499d535a2304590cabd974adc894ad237c895d55c559dbd34298726fbe7806d81fd2f040063057370656c6c4d080282a36776657273696f6e04627478a2647265667380646f75747383a100a3667469636b657269475241494c2d4e46547163757272656e745f636f7369676e6572737881666636316530666333623735336163623463333239343334353264303962386636643165353861303565396565313430643765373634343161616237306334632c623935353532613666613631656135363137316536653236306364626135376432353062343462613132333464633932386131373736393866336630313664617163757272656e745f7468726573686f6c6401a0a101a166616d6f756e741a4a7747f2716170705f7075626c69635f696e70757473a283616e98201865184c18ad18450e18aa186c18c4181c181c0b18b418fb181c1836188a02185c181d18f118bf182018b518fb188618611859189a1884185e1898182c982018f418e1091831189618f3181f0f188e18be1856183c1880186018940a18271871181e170218d808184a181c14182c0718f318ab12182da166616374696f6e6675706461746583617498201865184c18ad18450e18aa186c18c4181c181c0b18b418fb181c1836188a02185c181d18f118bf182018b518fb188618611859189a1884185e1898182c982018f418e1091831189618f3181f0f188e18be1856183c1880186018940a18271871181e170218d808184a181c14182c0718f318ab12182da166616374696f6e644df6016d696e7499010418a41859184c1859183003183918a518c018ee18d118f3185518810418eb18cf18b10618de184a187918fb18d0188c18a218c11837181a187418c8182e183701187f1823183018551891185718c8182a1218a918dc18c4183d18811869182318ef185a18ec18d51822188d1868186b18f318be1870182b187b181f188218e818d0189a0918f318b6188e18ba18d7183b182a184318f318351861186918861839182e188e184f187f01186a182f187b18b41853181818a4187b18f405184b18c41518ad187b18bf18c218be18b618ee18bc18fe1823187e184118660318bf1844187f18cb182d18f118b318bd18f618cd182e18bd18ec184d186f188518181218f2181c185118c8182018e218c71881181a18b218b6186a18f518ce18a50b18b4189f186b18b418871825189318cc18fb18bb186c18d1188a187818691318521830188c18220e18cd18a218f5183c050a18981889188e17186318c2184818db188c1856185a18ca183b1839185c18c4183e18700e080c18d018e418e418bb1843189c18c818e6185518991834187218d808184218bf18c9182518191826184d181a18521896189a187f1897181b18ac185e184a182918601875185b18e003187d182a181e186418bd1618400618421849189d18230218cf181918af182f18cf18c51856188e186618e618a4181818b26820aebf5be1932a2bd4bafbde1715164bf0f2d52fbef1e03dafda8aef56746e7d2aac21c0aebf5be1932a2bd4bafbde1715164bf0f2d52fbef1e03dafda8aef56746e7d2a00000000

      at src/core/charms-sdk.ts:16:11

  console.info
    Executed successfully: version: 4
    apps:
      $0000: n/654cad450eaa6cc41c1c0bb4fb1c368a025c1df1bf20b5fb8661599a845e982c/f4e1093196f31f0f8ebe563c8060940a27711e1702d8084a1c142c07f3ab122d
      $0001: t/654cad450eaa6cc41c1c0bb4fb1c368a025c1df1bf20b5fb8661599a845e982c/f4e1093196f31f0f8ebe563c8060940a27711e1702d8084a1c142c07f3ab122d
    public_args:
      $0000:
        action: update
      $0001:
        action: mint
    ins:
    - utxo_id: e6b9dfdd0f3be5f340455270db7f6014b6d70478d1c559467f1a0baaa48ae583:0
    outs:
    - charms:
        $0000:
          ticker: GRAIL-NFT
          current_cosigners: ff61e0fc3b753acb4c32943452d09b8f6d1e58a05e9ee140d7e76441aab70c4c,b95552a6fa61ea56171e6e260cdba57d250b44ba1234dc928a177698f3f016da
          current_threshold: 1
    - {}
    - charms:
        $0001:
          amount: 1249331186

      at src/core/charms-sdk.ts:34:13

  console.log
    !!! 1 {
      spendable: true,
      value: 1000,
      txid: 'b605fab977b94e0696749f2a71145d1075c182971886586e778882865a44447a',
      vout: 2
    } undefined

      at src/core/spells.ts:216:12

  console.info
    Executing command: /Users/gadiguy/workspace/charms/target/release/charms tx show-spell --tx 020000000001010000000000000000000000000000000000000000000000000000000000000000ffffffff0402fe0000ffffffff0200f9029500000000160014c9d9cdc3642ca0458ccf3b6082b251ab8aa241730000000000000000266a24aa21a9ede2f61c3f71d1defd3fa999dfa36953755c690689799962b48bebd836974e8cf90120000000000000000000000000000000000000000000000000000000000000000000000000

      at src/core/charms-sdk.ts:16:11

  console.error
    Stderr: No spell found in the transaction

      30 | 				}
      31 | 				if (stderr) {
    > 32 | 					console.error(`Stderr: ${stderr}`);
         | 					        ^
      33 | 				}
      34 | 				console.info(`Executed successfully: ${stdout}`);
      35 | 				resolve(stdout);

      at src/core/charms-sdk.ts:32:14

  console.info
    Executed successfully:

      at src/core/charms-sdk.ts:34:13

  console.log
    !!! 1 {
      spendable: true,
      value: 2500000000,
      txid: 'a2bd9e17902043a6f12e072b378a4b3189b703dea00479e18391026e7e32a738',
      vout: 0
    } undefined

      at src/core/spells.ts:216:12

  console.info
    Executing command: /Users/gadiguy/workspace/charms/target/release/charms tx show-spell --tx 020000000001010000000000000000000000000000000000000000000000000000000000000000ffffffff0402380400ffffffff02e40b540200000000160014c699b99a00cc336f2cd3615b2361af367128c86a0000000000000000266a24aa21a9ede2f61c3f71d1defd3fa999dfa36953755c690689799962b48bebd836974e8cf90120000000000000000000000000000000000000000000000000000000000000000000000000

      at src/core/charms-sdk.ts:16:11

  console.error
    Stderr: No spell found in the transaction

      30 | 				}
      31 | 				if (stderr) {
    > 32 | 					console.error(`Stderr: ${stderr}`);
         | 					        ^
      33 | 				}
      34 | 				console.info(`Executed successfully: ${stdout}`);
      35 | 				resolve(stdout);

      at src/core/charms-sdk.ts:32:14

  console.info
    Executed successfully:

      at src/core/charms-sdk.ts:34:13

  console.log
    !!! 1 {
      spendable: true,
      value: 39062500,
      txid: '3d7f04d5de272ce70f563a4b1706087c93eca1a1c6a852c61fda9303408f11c5',
      vout: 0
    } undefined

      at src/core/spells.ts:216:12

  console.info
    Executing command: /Users/gadiguy/workspace/charms/target/release/charms tx show-spell --tx 020000000001010000000000000000000000000000000000000000000000000000000000000000ffffffff04029e0300ffffffff02c817a804000000001600147ee0b7b0a06b1715257f82da01a3a4daa7a6aa780000000000000000266a24aa21a9ede2f61c3f71d1defd3fa999dfa36953755c690689799962b48bebd836974e8cf90120000000000000000000000000000000000000000000000000000000000000000000000000

      at src/core/charms-sdk.ts:16:11

  console.error
    Stderr: No spell found in the transaction

      30 | 				}
      31 | 				if (stderr) {
    > 32 | 					console.error(`Stderr: ${stderr}`);
         | 					        ^
      33 | 				}
      34 | 				console.info(`Executed successfully: ${stdout}`);
      35 | 				resolve(stdout);

      at src/core/charms-sdk.ts:32:14

  console.info
    Executed successfully:

      at src/core/charms-sdk.ts:34:13

  console.log
    !!! 1 {
      spendable: true,
      value: 78125000,
      txid: '14cb05f9745162fe041967df14af30d014e67ec4e6e14798ea3bb67b95c16782',
      vout: 0
    } undefined

      at src/core/spells.ts:216:12

  console.info
    Executing command: /Users/gadiguy/workspace/charms/target/release/charms tx show-spell --tx 020000000001010000000000000000000000000000000000000000000000000000000000000000ffffffff0402990300ffffffff02c817a804000000001600147ee0b7b0a06b1715257f82da01a3a4daa7a6aa780000000000000000266a24aa21a9ede2f61c3f71d1defd3fa999dfa36953755c690689799962b48bebd836974e8cf90120000000000000000000000000000000000000000000000000000000000000000000000000

      at src/core/charms-sdk.ts:16:11

  console.error
    Stderr: No spell found in the transaction

      30 | 				}
      31 | 				if (stderr) {
    > 32 | 					console.error(`Stderr: ${stderr}`);
         | 					        ^
      33 | 				}
      34 | 				console.info(`Executed successfully: ${stdout}`);
      35 | 				resolve(stdout);

      at src/core/charms-sdk.ts:32:14

  console.info
    Executed successfully:

      at src/core/charms-sdk.ts:34:13

  console.log
    !!! 1 {
      spendable: true,
      value: 78125000,
      txid: 'a4fbbb8018b3514123ad84415efb88855668df306d823bd49a0c95a3f301253c',
      vout: 0
    } undefined

      at src/core/spells.ts:216:12

  console.info
    Executing command: /Users/gadiguy/workspace/charms/target/release/charms tx show-spell --tx 020000000001010000000000000000000000000000000000000000000000000000000000000000ffffffff0402b20000ffffffff0200f9029500000000160014c9d9cdc3642ca0458ccf3b6082b251ab8aa241730000000000000000266a24aa21a9ede2f61c3f71d1defd3fa999dfa36953755c690689799962b48bebd836974e8cf90120000000000000000000000000000000000000000000000000000000000000000000000000

      at src/core/charms-sdk.ts:16:11

  console.error
    Stderr: No spell found in the transaction

      30 | 				}
      31 | 				if (stderr) {
    > 32 | 					console.error(`Stderr: ${stderr}`);
         | 					        ^
      33 | 				}
      34 | 				console.info(`Executed successfully: ${stdout}`);
      35 | 				resolve(stdout);

      at src/core/charms-sdk.ts:32:14

  console.info
    Executed successfully:

      at src/core/charms-sdk.ts:34:13

  console.log
    !!! 1 {
      spendable: true,
      value: 2500000000,
      txid: 'e083e4446725905384535b7bdf00e500239bf2fa13ca78058fd4edba70d47280',
      vout: 0
    } undefined

      at src/core/spells.ts:216:12

  console.info
    Executing command: /Users/gadiguy/workspace/charms/target/release/charms tx show-spell --tx 020000000001010000000000000000000000000000000000000000000000000000000000000000ffffffff0402a50200ffffffff02205fa01200000000160014be438a2710f608303168dfde261068040a60fb7a0000000000000000266a24aa21a9ede2f61c3f71d1defd3fa999dfa36953755c690689799962b48bebd836974e8cf90120000000000000000000000000000000000000000000000000000000000000000000000000

      at src/core/charms-sdk.ts:16:11

  console.error
    Stderr: No spell found in the transaction

      30 | 				}
      31 | 				if (stderr) {
    > 32 | 					console.error(`Stderr: ${stderr}`);
         | 					        ^
      33 | 				}
      34 | 				console.info(`Executed successfully: ${stdout}`);
      35 | 				resolve(stdout);

      at src/core/charms-sdk.ts:32:14

  console.info
    Executed successfully:

      at src/core/charms-sdk.ts:34:13

  console.log
    !!! 1 {
      spendable: true,
      value: 312500000,
      txid: '44e06254c099ee627301473268eb6da82f2d9ad45a0cd741659ee5af7588d56d',
      vout: 0
    } undefined

      at src/core/spells.ts:216:12

  console.info
    Executing command: /Users/gadiguy/workspace/charms/target/release/charms tx show-spell --tx 020000000001010000000000000000000000000000000000000000000000000000000000000000ffffffff0402440100ffffffff02807c814a00000000160014c9d9cdc3642ca0458ccf3b6082b251ab8aa241730000000000000000266a24aa21a9ede2f61c3f71d1defd3fa999dfa36953755c690689799962b48bebd836974e8cf90120000000000000000000000000000000000000000000000000000000000000000000000000

      at src/core/charms-sdk.ts:16:11

  console.error
    Stderr: No spell found in the transaction

      30 | 				}
      31 | 				if (stderr) {
    > 32 | 					console.error(`Stderr: ${stderr}`);
         | 					        ^
      33 | 				}
      34 | 				console.info(`Executed successfully: ${stdout}`);
      35 | 				resolve(stdout);

      at src/core/charms-sdk.ts:32:14

  console.info
    Executed successfully:

      at src/core/charms-sdk.ts:34:13

  console.log
    !!! 1 {
      spendable: true,
      value: 1250000000,
      txid: 'dbf424a823c0519a148942022edfa9778613d6dfafe48370a2ae3fb40d1dc0e0',
      vout: 0
    } undefined

      at src/core/spells.ts:216:12

  console.info
    Executing command: /Users/gadiguy/workspace/charms/target/release/charms tx show-spell --tx 020000000001010000000000000000000000000000000000000000000000000000000000000000ffffffff0402120200ffffffff0240be402500000000160014679252ea8b9d9306c0943f46db08a0cf572745570000000000000000266a24aa21a9ede2f61c3f71d1defd3fa999dfa36953755c690689799962b48bebd836974e8cf90120000000000000000000000000000000000000000000000000000000000000000000000000

      at src/core/charms-sdk.ts:16:11

  console.error
    Stderr: No spell found in the transaction

      30 | 				}
      31 | 				if (stderr) {
    > 32 | 					console.error(`Stderr: ${stderr}`);
         | 					        ^
      33 | 				}
      34 | 				console.info(`Executed successfully: ${stdout}`);
      35 | 				resolve(stdout);

      at src/core/charms-sdk.ts:32:14

  console.info
    Executed successfully:

      at src/core/charms-sdk.ts:34:13

  console.log
    !!! 1 {
      spendable: true,
      value: 625000000,
      txid: 'd9d7366b70fa5121344018f508f7c56991a0b86c09e65a9a8cf3cacbdf19d256',
      vout: 0
    } undefined

      at src/core/spells.ts:216:12

  console.info
    Executing command: /Users/gadiguy/workspace/charms/target/release/charms tx show-spell --tx 020000000001010000000000000000000000000000000000000000000000000000000000000000ffffffff04028d0100ffffffff02807c814a00000000160014c9d9cdc3642ca0458ccf3b6082b251ab8aa241730000000000000000266a24aa21a9ede2f61c3f71d1defd3fa999dfa36953755c690689799962b48bebd836974e8cf90120000000000000000000000000000000000000000000000000000000000000000000000000

      at src/core/charms-sdk.ts:16:11

  console.error
    Stderr: No spell found in the transaction

      30 | 				}
      31 | 				if (stderr) {
    > 32 | 					console.error(`Stderr: ${stderr}`);
         | 					        ^
      33 | 				}
      34 | 				console.info(`Executed successfully: ${stdout}`);
      35 | 				resolve(stdout);

      at src/core/charms-sdk.ts:32:14

  console.info
    Executed successfully:

      at src/core/charms-sdk.ts:34:13

  console.log
    !!! 1 {
      spendable: true,
      value: 1250000000,
      txid: '57bf4df0bae574a6c54bb3935b98f6d30e5be588e6a6898fec385fe739c8a936',
      vout: 0
    } undefined

      at src/core/spells.ts:216:12

  console.info
    Executing command: /Users/gadiguy/workspace/charms/target/release/charms tx show-spell --tx 020000000001010000000000000000000000000000000000000000000000000000000000000000ffffffff0402560300ffffffff02902f5009000000001600147ee0b7b0a06b1715257f82da01a3a4daa7a6aa780000000000000000266a24aa21a9ede2f61c3f71d1defd3fa999dfa36953755c690689799962b48bebd836974e8cf90120000000000000000000000000000000000000000000000000000000000000000000000000

      at src/core/charms-sdk.ts:16:11

  console.error
    Stderr: No spell found in the transaction

      30 | 				}
      31 | 				if (stderr) {
    > 32 | 					console.error(`Stderr: ${stderr}`);
         | 					        ^
      33 | 				}
      34 | 				console.info(`Executed successfully: ${stdout}`);
      35 | 				resolve(stdout);

      at src/core/charms-sdk.ts:32:14

  console.info
    Executed successfully:

      at src/core/charms-sdk.ts:34:13

  console.log
    !!! 1 {
      spendable: true,
      value: 156250000,
      txid: '54b5f14ab905763517bc741bac8b0729115aa47f7ee7d1b66bb87a49fa664262',
      vout: 0
    } undefined

      at src/core/spells.ts:216:12

  console.info
    Executing command: /Users/gadiguy/workspace/charms/target/release/charms tx show-spell --tx 020000000001010000000000000000000000000000000000000000000000000000000000000000ffffffff0402c70100ffffffff0240be4025000000001600148dae6f2122b28418b4dcd043140798d3d20390c90000000000000000266a24aa21a9ede2f61c3f71d1defd3fa999dfa36953755c690689799962b48bebd836974e8cf90120000000000000000000000000000000000000000000000000000000000000000000000000

      at src/core/charms-sdk.ts:16:11

  console.error
    Stderr: No spell found in the transaction

      30 | 				}
      31 | 				if (stderr) {
    > 32 | 					console.error(`Stderr: ${stderr}`);
         | 					        ^
      33 | 				}
      34 | 				console.info(`Executed successfully: ${stdout}`);
      35 | 				resolve(stdout);

      at src/core/charms-sdk.ts:32:14

  console.info
    Executed successfully:

      at src/core/charms-sdk.ts:34:13

  console.log
    !!! 1 {
      spendable: true,
      value: 625000000,
      txid: '5a9e5294cd9150a6218afbea11820365912aeb439d54c6715e80c7a729817ddb',
      vout: 0
    } undefined

      at src/core/spells.ts:216:12

  console.info
    Executing command: /Users/gadiguy/workspace/charms/target/release/charms tx show-spell --tx 020000000001010000000000000000000000000000000000000000000000000000000000000000ffffffff04024d0100ffffffff02807c814a00000000160014c9d9cdc3642ca0458ccf3b6082b251ab8aa241730000000000000000266a24aa21a9ede2f61c3f71d1defd3fa999dfa36953755c690689799962b48bebd836974e8cf90120000000000000000000000000000000000000000000000000000000000000000000000000

      at src/core/charms-sdk.ts:16:11

  console.error
    Stderr: No spell found in the transaction

      30 | 				}
      31 | 				if (stderr) {
    > 32 | 					console.error(`Stderr: ${stderr}`);
         | 					        ^
      33 | 				}
      34 | 				console.info(`Executed successfully: ${stdout}`);
      35 | 				resolve(stdout);

      at src/core/charms-sdk.ts:32:14

  console.info
    Executed successfully:

      at src/core/charms-sdk.ts:34:13

  console.log
    !!! 1 {
      spendable: true,
      value: 1250000000,
      txid: 'ab712af790346c33b6d699e5ed95fa62eb996076622ddbb8bb7ab7935aa8a5b2',
      vout: 0
    } undefined

      at src/core/spells.ts:216:12

  console.info
    Executing command: /Users/gadiguy/workspace/charms/target/release/charms tx show-spell --tx 020000000001010000000000000000000000000000000000000000000000000000000000000000ffffffff0402cf0300ffffffff02c817a80400000000160014b3455ce530ba44de213c9a78c2d662785143c5f40000000000000000266a24aa21a9ede2f61c3f71d1defd3fa999dfa36953755c690689799962b48bebd836974e8cf90120000000000000000000000000000000000000000000000000000000000000000000000000

      at src/core/charms-sdk.ts:16:11

  console.error
    Stderr: No spell found in the transaction

      30 | 				}
      31 | 				if (stderr) {
    > 32 | 					console.error(`Stderr: ${stderr}`);
         | 					        ^
      33 | 				}
      34 | 				console.info(`Executed successfully: ${stdout}`);
      35 | 				resolve(stdout);

      at src/core/charms-sdk.ts:32:14

  console.info
    Executed successfully:

      at src/core/charms-sdk.ts:34:13

  console.log
    !!! 1 {
      spendable: true,
      value: 78125000,
      txid: 'f0bed62a46f9230d4abad3016a8c308f633053681d5a218868364bd3a2a49e89',
      vout: 0
    } undefined

      at src/core/spells.ts:216:12

  console.info
    Executing command: /Users/gadiguy/workspace/charms/target/release/charms tx show-spell --tx 020000000001010000000000000000000000000000000000000000000000000000000000000000ffffffff04021f0100ffffffff0200f9029500000000160014c9d9cdc3642ca0458ccf3b6082b251ab8aa241730000000000000000266a24aa21a9ede2f61c3f71d1defd3fa999dfa36953755c690689799962b48bebd836974e8cf90120000000000000000000000000000000000000000000000000000000000000000000000000

      at src/core/charms-sdk.ts:16:11

  console.error
    Stderr: No spell found in the transaction

      30 | 				}
      31 | 				if (stderr) {
    > 32 | 					console.error(`Stderr: ${stderr}`);
         | 					        ^
      33 | 				}
      34 | 				console.info(`Executed successfully: ${stdout}`);
      35 | 				resolve(stdout);

      at src/core/charms-sdk.ts:32:14

  console.info
    Executed successfully:

      at src/core/charms-sdk.ts:34:13

  console.log
    !!! 1 {
      spendable: true,
      value: 2500000000,
      txid: '44beab00e22f9917b31479efd6f30f6f92a2e83f8cb6aef79ba7ed5601ad6a55',
      vout: 0
    } undefined

      at src/core/spells.ts:216:12

  console.info
    Executing command: /Users/gadiguy/workspace/charms/target/release/charms tx show-spell --tx 020000000001010000000000000000000000000000000000000000000000000000000000000000ffffffff0402430100ffffffff02807c814a00000000160014c9d9cdc3642ca0458ccf3b6082b251ab8aa241730000000000000000266a24aa21a9ede2f61c3f71d1defd3fa999dfa36953755c690689799962b48bebd836974e8cf90120000000000000000000000000000000000000000000000000000000000000000000000000

      at src/core/charms-sdk.ts:16:11

  console.error
    Stderr: No spell found in the transaction

      30 | 				}
      31 | 				if (stderr) {
    > 32 | 					console.error(`Stderr: ${stderr}`);
         | 					        ^
      33 | 				}
      34 | 				console.info(`Executed successfully: ${stdout}`);
      35 | 				resolve(stdout);

      at src/core/charms-sdk.ts:32:14

  console.info
    Executed successfully:

      at src/core/charms-sdk.ts:34:13

  console.log
    !!! 1 {
      spendable: true,
      value: 1250000000,
      txid: '7277b4f4c069bfc1e6b0dc48cd4f4e466d7a06c1b0aa305f32c2dcf945352e38',
      vout: 0
    } undefined

      at src/core/spells.ts:216:12

  console.info
    Executing command: /Users/gadiguy/workspace/charms/target/release/charms tx show-spell --tx 020000000001010000000000000000000000000000000000000000000000000000000000000000ffffffff0402dd0100ffffffff0240be4025000000001600148dae6f2122b28418b4dcd043140798d3d20390c90000000000000000266a24aa21a9ede2f61c3f71d1defd3fa999dfa36953755c690689799962b48bebd836974e8cf90120000000000000000000000000000000000000000000000000000000000000000000000000

      at src/core/charms-sdk.ts:16:11

  console.error
    Stderr: No spell found in the transaction

      30 | 				}
      31 | 				if (stderr) {
    > 32 | 					console.error(`Stderr: ${stderr}`);
         | 					        ^
      33 | 				}
      34 | 				console.info(`Executed successfully: ${stdout}`);
      35 | 				resolve(stdout);

      at src/core/charms-sdk.ts:32:14

  console.info
    Executed successfully:

      at src/core/charms-sdk.ts:34:13

  console.log
    !!! 1 {
      spendable: true,
      value: 625000000,
      txid: '3f103c9fc1775ae7acba8c1ffff2f074bf87ab368c15119ae054991bf7e406df',
      vout: 0
    } undefined

      at src/core/spells.ts:216:12

  console.info
    Executing command: /Users/gadiguy/workspace/charms/target/release/charms tx show-spell --tx 020000000001010000000000000000000000000000000000000000000000000000000000000000ffffffff0402470200ffffffff0240be402500000000160014565dbe4e929f0f3587ef4ff2533f3dd04fce75c70000000000000000266a24aa21a9ede2f61c3f71d1defd3fa999dfa36953755c690689799962b48bebd836974e8cf90120000000000000000000000000000000000000000000000000000000000000000000000000

      at src/core/charms-sdk.ts:16:11

  console.error
    Stderr: No spell found in the transaction

      30 | 				}
      31 | 				if (stderr) {
    > 32 | 					console.error(`Stderr: ${stderr}`);
         | 					        ^
      33 | 				}
      34 | 				console.info(`Executed successfully: ${stdout}`);
      35 | 				resolve(stdout);

      at src/core/charms-sdk.ts:32:14

  console.info
    Executed successfully:

      at src/core/charms-sdk.ts:34:13

  console.log
    !!! 1 {
      spendable: true,
      value: 625000000,
      txid: '2546b5d79551853b161a7eb69dbe12f9719d955aa4c76bea3d8827f54b5157aa',
      vout: 0
    } undefined

      at src/core/spells.ts:216:12

  console.info
    Executing command: /Users/gadiguy/workspace/charms/target/release/charms tx show-spell --tx 02000000000102aa8cf15b04980ef6fc0efbbaa34a127f6677cd485cb785405d2f73a90104ab010000000000ffffffff20e2c16349c2d98e0b3f97fe6f55ff31cc8089dab35a163d5a820a782d0839d40000000000ffffffff03e8030000000000002251205afec6d38f99b81d705510fc0ac4832e9b02296b9ef16af760378af66fa3a3e2e8030000000000001600140c2ba5242064097fe376ac41be7c892a7abec8fa2ef00295000000001600140f8539582cc3752cfbabd23951c0e81472cba6b20340813764c757334aaf451192e81904120562d69d4eccdee2c76ac5f6b8c4aa7620cdc00355af5324b983de34694ae6040319e5e82410fb8d9bd6778bdfceb097b22420b95552a6fa61ea56171e6e260cdba57d250b44ba1234dc928a177698f3f016daac519c21c050929b74c1a04954b78b4b6035e97a5e078a5a0f28ec96d547bfee9ace803ac003417199410c71a484e2abc2288eacc8e336a4be6ebc1ee2d551d8dc4acf9c699e2dad0ed7e36c8d337759c735f8bc8bebda6726b09e47f6b7af69415190ec3347ba81fd28040063057370656c6c4d080282a36776657273696f6e04627478a2647265667380646f75747382a100a27163757272656e745f636f7369676e6572737881666636316530666333623735336163623463333239343334353264303962386636643165353861303565396565313430643765373634343161616237306334632c623935353532613666613631656135363137316536653236306364626135376432353062343462613132333464633932386131373736393866336630313664617163757272656e745f7468726573686f6c6401a101a166616d6f756e741903e8716170705f7075626c69635f696e70757473a283616e9820189d18891825188518501873184400181f18341886183918b118a518bf0618ed18430118561832186918d0189d18401884187718ce18af18c9182618fd9820186118af18e1186718f2184b18c0170f18a118c3183e0318de18d91846188018891881185c183118b518de182d1860187718620d18e618e5185f183ca166616374696f6e667570646174658361749820189d18891825188518501873184400181f18341886183918b118a518bf0618ed18430118561832186918d0189d18401884187718ce18af18c9182618fd9820186118af18e1186718f2184b18c0170f18a118c3183e0318de18d91846188018891881185c183118b518de182d1860187718620d18e618e5185f183ca166616374696f6e646d696e7499010418a4184def0159184c185918291822188118210e18c41888189918e1189d18691871183a189418ff1818189e181f18e81832182c18f718910118a4185f18fb18e218f0187818481818182018bb186f18ae182218b018e218ad181f182818f518c71894189418d618e0184618e318d41819181e18821872184918ee1874189b187518c5182a18c2186e181a188a189c188f18720e187118e2182b18921880185918d9189718ee188b18b418a5187018921841188218a918e8181f0c188902183d184a18dd18e400184218261845185918ab18e818de18db1842186e18a3189f18d018a818b018e818db187618e718e218400e183d1831182a18a4189718ff18c918be100618a91889187518e01858150d18d6187018af1834182b18aa18cd183e185118b518fa186c188d18d81889187218ff189d185b18c0182518d618eb18df182d186b189718e918d918dd1845189e18a218410e18b91859189c186c188a188618f218d9188018741890183e189d1860189e1874188002185a18cc0d182d18f0184f1822188118a1186518b9187d18b218241856181b18e118b318f918da0e18c618a4184c182b18b7182e1851181c188818fb185e18660f18390718ff1853001880183503188118b91840186a189518b218cf07186011182b05182018f418ba188d184d185018f8188618df18b318f0186918726820d25c1be112e591fe1e9bce1eecc51a02a23ab17cda358b95da56bbf068beb220ac21c0d25c1be112e591fe1e9bce1eecc51a02a23ab17cda358b95da56bbf068beb22000000000

      at src/core/charms-sdk.ts:16:11

  console.info
    Executed successfully: version: 4
    apps:
      $0000: n/9d892585507344001f348639b1a5bf06ed4301563269d09d408477ceafc926fd/61afe167f24bc0170fa1c33e03ded9468089815c31b5de2d6077620de6e55f3c
      $0001: t/9d892585507344001f348639b1a5bf06ed4301563269d09d408477ceafc926fd/61afe167f24bc0170fa1c33e03ded9468089815c31b5de2d6077620de6e55f3c
    public_args:
      $0000:
        action: update
      $0001:
        action: mint
    ins:
    - utxo_id: 01ab0401a9732f5d4085b75c48cd77667f124aa3bafb0efcf60e98045bf18caa:0
    outs:
    - charms:
        $0000:
          current_cosigners: ff61e0fc3b753acb4c32943452d09b8f6d1e58a05e9ee140d7e76441aab70c4c,b95552a6fa61ea56171e6e260cdba57d250b44ba1234dc928a177698f3f016da
          current_threshold: 1
    - charms:
        $0001:
          amount: 1000

      at src/core/charms-sdk.ts:34:13

  console.log
    !!! 1 {
      spendable: true,
      value: 1000,
      txid: '3a185a92d5921a49b64ffd1e55dc35f7eb74175d6a787ade66e8f04d3ad0b595',
      vout: 1
    } undefined

      at src/core/spells.ts:216:12

  console.info
    Executing command: /Users/gadiguy/workspace/charms/target/release/charms tx show-spell --tx 020000000001010000000000000000000000000000000000000000000000000000000000000000ffffffff0402490200ffffffff0240be402500000000160014565dbe4e929f0f3587ef4ff2533f3dd04fce75c70000000000000000266a24aa21a9ede2f61c3f71d1defd3fa999dfa36953755c690689799962b48bebd836974e8cf90120000000000000000000000000000000000000000000000000000000000000000000000000

      at src/core/charms-sdk.ts:16:11

  console.error
    Stderr: No spell found in the transaction

      30 | 				}
      31 | 				if (stderr) {
    > 32 | 					console.error(`Stderr: ${stderr}`);
         | 					        ^
      33 | 				}
      34 | 				console.info(`Executed successfully: ${stdout}`);
      35 | 				resolve(stdout);

      at src/core/charms-sdk.ts:32:14

  console.info
    Executed successfully:

      at src/core/charms-sdk.ts:34:13

  console.log
    !!! 1 {
      spendable: true,
      value: 625000000,
      txid: '35d7f1aed5f7bf620ec89986de53b676d99eccd7680235c56cc4d03a09ee5f3f',
      vout: 0
    } undefined

      at src/core/spells.ts:216:12

  console.info
    Executing command: /Users/gadiguy/workspace/charms/target/release/charms tx show-spell --tx 020000000001010000000000000000000000000000000000000000000000000000000000000000ffffffff0402830000ffffffff0200f2052a01000000160014c9d9cdc3642ca0458ccf3b6082b251ab8aa241730000000000000000266a24aa21a9ede2f61c3f71d1defd3fa999dfa36953755c690689799962b48bebd836974e8cf90120000000000000000000000000000000000000000000000000000000000000000000000000

      at src/core/charms-sdk.ts:16:11

  console.error
    Stderr: No spell found in the transaction

      30 | 				}
      31 | 				if (stderr) {
    > 32 | 					console.error(`Stderr: ${stderr}`);
         | 					        ^
      33 | 				}
      34 | 				console.info(`Executed successfully: ${stdout}`);
      35 | 				resolve(stdout);

      at src/core/charms-sdk.ts:32:14

  console.info
    Executed successfully:

      at src/core/charms-sdk.ts:34:13

  console.log
    !!! 1 {
      spendable: true,
      value: 5000000000,
      txid: '6d1661519cd4cd73d7b33ac521080a71f1de029eb3792daa62dafdefe4b62921',
      vout: 0
    } undefined

      at src/core/spells.ts:216:12

  console.info
    Executing command: /Users/gadiguy/workspace/charms/target/release/charms tx show-spell --tx 020000000001010000000000000000000000000000000000000000000000000000000000000000ffffffff0402840000ffffffff0200f2052a01000000160014c9d9cdc3642ca0458ccf3b6082b251ab8aa241730000000000000000266a24aa21a9ede2f61c3f71d1defd3fa999dfa36953755c690689799962b48bebd836974e8cf90120000000000000000000000000000000000000000000000000000000000000000000000000

      at src/core/charms-sdk.ts:16:11

  console.error
    Stderr: No spell found in the transaction

      30 | 				}
      31 | 				if (stderr) {
    > 32 | 					console.error(`Stderr: ${stderr}`);
         | 					        ^
      33 | 				}
      34 | 				console.info(`Executed successfully: ${stdout}`);
      35 | 				resolve(stdout);

      at src/core/charms-sdk.ts:32:14

  console.info
    Executed successfully:

      at src/core/charms-sdk.ts:34:13

  console.log
    !!! 1 {
      spendable: true,
      value: 5000000000,
      txid: 'e6a0c306eef89d7ea700c441c72e68acd731a7485574aef89f0773ba49303b59',
      vout: 0
    } undefined

      at src/core/spells.ts:216:12

  console.info
    Executing command: /Users/gadiguy/workspace/charms/target/release/charms tx show-spell --tx 020000000001010000000000000000000000000000000000000000000000000000000000000000ffffffff04025b0100ffffffff02807c814a00000000160014c9d9cdc3642ca0458ccf3b6082b251ab8aa241730000000000000000266a24aa21a9ede2f61c3f71d1defd3fa999dfa36953755c690689799962b48bebd836974e8cf90120000000000000000000000000000000000000000000000000000000000000000000000000

      at src/core/charms-sdk.ts:16:11

  console.error
    Stderr: No spell found in the transaction

      30 | 				}
      31 | 				if (stderr) {
    > 32 | 					console.error(`Stderr: ${stderr}`);
         | 					        ^
      33 | 				}
      34 | 				console.info(`Executed successfully: ${stdout}`);
      35 | 				resolve(stdout);

      at src/core/charms-sdk.ts:32:14

  console.info
    Executed successfully:

      at src/core/charms-sdk.ts:34:13

  console.log
    !!! 1 {
      spendable: true,
      value: 1250000000,
      txid: '268c86413276b9ba431d32129a42d30f5da866c0c15d4bf2ca8453cbc0947636',
      vout: 0
    } undefined

      at src/core/spells.ts:216:12

  console.info
    Executing command: /Users/gadiguy/workspace/charms/target/release/charms tx show-spell --tx 020000000001010000000000000000000000000000000000000000000000000000000000000000ffffffff04020b0200ffffffff02fec940250000000016001472c5491c905a48410fa92e15ebbb6e150bdb661f0000000000000000266a24aa21a9ed52e00c636f39685f4b2d9de53b3adc0547760e556809500a68b4c4e00bf13f370120000000000000000000000000000000000000000000000000000000000000000000000000

      at src/core/charms-sdk.ts:16:11

  console.error
    Stderr: No spell found in the transaction

      30 | 				}
      31 | 				if (stderr) {
    > 32 | 					console.error(`Stderr: ${stderr}`);
         | 					        ^
      33 | 				}
      34 | 				console.info(`Executed successfully: ${stdout}`);
      35 | 				resolve(stdout);

      at src/core/charms-sdk.ts:32:14

  console.info
    Executed successfully:

      at src/core/charms-sdk.ts:34:13

  console.log
    !!! 1 {
      spendable: true,
      value: 625003006,
      txid: 'e68df5bbe272d6c097eb92b02dcc35fc9897f2152833e7446de8cf6c383b964a',
      vout: 0
    } undefined

      at src/core/spells.ts:216:12

  console.info
    Executing command: /Users/gadiguy/workspace/charms/target/release/charms tx show-spell --tx 020000000001010000000000000000000000000000000000000000000000000000000000000000ffffffff0402720200ffffffff02205fa01200000000160014565dbe4e929f0f3587ef4ff2533f3dd04fce75c70000000000000000266a24aa21a9ede2f61c3f71d1defd3fa999dfa36953755c690689799962b48bebd836974e8cf90120000000000000000000000000000000000000000000000000000000000000000000000000

      at src/core/charms-sdk.ts:16:11

  console.error
    Stderr: No spell found in the transaction

      30 | 				}
      31 | 				if (stderr) {
    > 32 | 					console.error(`Stderr: ${stderr}`);
         | 					        ^
      33 | 				}
      34 | 				console.info(`Executed successfully: ${stdout}`);
      35 | 				resolve(stdout);

      at src/core/charms-sdk.ts:32:14

  console.info
    Executed successfully:

      at src/core/charms-sdk.ts:34:13

  console.log
    !!! 1 {
      spendable: true,
      value: 312500000,
      txid: 'b79609506ef9da4192a9bb0d4e047c05f0dabc0505ba9fe0e74d80907e8c694b',
      vout: 0
    } undefined

      at src/core/spells.ts:216:12

  console.info
    Executing command: /Users/gadiguy/workspace/charms/target/release/charms tx show-spell --tx 020000000001010000000000000000000000000000000000000000000000000000000000000000ffffffff0402a00100ffffffff02807c814a000000001600148dae6f2122b28418b4dcd043140798d3d20390c90000000000000000266a24aa21a9ede2f61c3f71d1defd3fa999dfa36953755c690689799962b48bebd836974e8cf90120000000000000000000000000000000000000000000000000000000000000000000000000

      at src/core/charms-sdk.ts:16:11

  console.error
    Stderr: No spell found in the transaction

      30 | 				}
      31 | 				if (stderr) {
    > 32 | 					console.error(`Stderr: ${stderr}`);
         | 					        ^
      33 | 				}
      34 | 				console.info(`Executed successfully: ${stdout}`);
      35 | 				resolve(stdout);

      at src/core/charms-sdk.ts:32:14

  console.info
    Executed successfully:

      at src/core/charms-sdk.ts:34:13

  console.log
    !!! 1 {
      spendable: true,
      value: 1250000000,
      txid: 'db0d9c1276935cac7dcd96f965a9cbf9f8a62bdf53b291cc05d305388fadc4cc',
      vout: 0
    } undefined

      at src/core/spells.ts:216:12

  console.info
    Executing command: /Users/gadiguy/workspace/charms/target/release/charms tx show-spell --tx 020000000001010000000000000000000000000000000000000000000000000000000000000000ffffffff0402880100ffffffff02807c814a00000000160014c9d9cdc3642ca0458ccf3b6082b251ab8aa241730000000000000000266a24aa21a9ede2f61c3f71d1defd3fa999dfa36953755c690689799962b48bebd836974e8cf90120000000000000000000000000000000000000000000000000000000000000000000000000

      at src/core/charms-sdk.ts:16:11

  console.error
    Stderr: No spell found in the transaction

      30 | 				}
      31 | 				if (stderr) {
    > 32 | 					console.error(`Stderr: ${stderr}`);
         | 					        ^
      33 | 				}
      34 | 				console.info(`Executed successfully: ${stdout}`);
      35 | 				resolve(stdout);

      at src/core/charms-sdk.ts:32:14

  console.info
    Executed successfully:

      at src/core/charms-sdk.ts:34:13

  console.log
    !!! 1 {
      spendable: true,
      value: 1250000000,
      txid: '7b13ec42e4512828178d400ac82b2e40314a3ce8b307e3d4962dfb337d226049',
      vout: 0
    } undefined

      at src/core/spells.ts:216:12

  console.info
    Executing command: /Users/gadiguy/workspace/charms/target/release/charms tx show-spell --tx 020000000001010000000000000000000000000000000000000000000000000000000000000000ffffffff0402e20100ffffffff0240be4025000000001600148dae6f2122b28418b4dcd043140798d3d20390c90000000000000000266a24aa21a9ede2f61c3f71d1defd3fa999dfa36953755c690689799962b48bebd836974e8cf90120000000000000000000000000000000000000000000000000000000000000000000000000

      at src/core/charms-sdk.ts:16:11

  console.error
    Stderr: No spell found in the transaction

      30 | 				}
      31 | 				if (stderr) {
    > 32 | 					console.error(`Stderr: ${stderr}`);
         | 					        ^
      33 | 				}
      34 | 				console.info(`Executed successfully: ${stdout}`);
      35 | 				resolve(stdout);

      at src/core/charms-sdk.ts:32:14

  console.info
    Executed successfully:

      at src/core/charms-sdk.ts:34:13

  console.log
    !!! 1 {
      spendable: true,
      value: 625000000,
      txid: '5c7d7b88c0a7d417486fd8ef87e351b725e077cba5fa8e51eb2fb6148b4d0f07',
      vout: 0
    } undefined

      at src/core/spells.ts:216:12

  console.info
    Executing command: /Users/gadiguy/workspace/charms/target/release/charms tx show-spell --tx 020000000001012ad76b74fa36a05f1b795046b06beaf905b478e7a7f632b9bc5ca28047ca5c450000000000ffffffff02e803000000000000225120d80763edd7017c4ba252db5fa75841dd0f65197f4e96ab960f1bf3f861213f1e83ea029500000000160014851f931044a35fb6550b0d667afe2862df73ed0d0341a4046d605deaf930bf3e3c9b77cb0823b2358d81a7df469758de7b7dd3d6b88bb34e188548e9794438c738bfaf161bae052c8cf5d505fecd8f56b0bb4c14441e81fd6b010063057370656c6c4d3d0182a36776657273696f6e04627478a2647265667380646f75747381a100a3667469636b657269475241494c2d4e46547163757272656e745f636f7369676e6572737840363630363134646333613831626239663762633039383839373835326230613263343131313231346131306533663764383039653936323463373666356331347163757272656e745f7468726573686f6c6401716170705f7075626c69635f696e70757473a183616e9820186018a30a186518801870188618e11823188818c018e91871187a18fb18881839187b18e5187c185a18ff18d718d318971824185d188318931862187518609820187618f618ea1826183c18511835184818c118f118591518a41886187c187118be188318f1183c18eb183018380f18d4183f188f183218d118da1842185ba166616374696f6e666465706c6f798068202d9a1794f470ff4fc5693474b013ca66c057c62ca7eb75955479d50602545698ac21c02d9a1794f470ff4fc5693474b013ca66c057c62ca7eb75955479d5060254569800000000

      at src/core/charms-sdk.ts:16:11

  console.info
    Executed successfully: version: 4
    apps:
      $0000: n/60a30a65807086e12388c0e9717afb88397be57c5affd7d397245d8393627560/76f6ea263c513548c1f15915a4867c71be83f13ceb30380fd43f8f32d1da425b
    public_args:
      $0000:
        action: deploy
    ins: []
    outs:
    - charms:
        $0000:
          ticker: GRAIL-NFT
          current_cosigners: 660614dc3a81bb9f7bc098897852b0a2c4111214a10e3f7d809e9624c76f5c14
          current_threshold: 1

      at src/core/charms-sdk.ts:34:13

  console.log
    !!! 1 {
      spendable: true,
      value: 2499996291,
      txid: '74d2f8f81174914814fd6d1be054a7543a3a02b2c841bc0b1d2b12470b9897a4',
      vout: 1
    } undefined

      at src/core/spells.ts:216:12

  console.info
    Executing command: /Users/gadiguy/workspace/charms/target/release/charms tx show-spell --tx 020000000001010000000000000000000000000000000000000000000000000000000000000000ffffffff04020d0300ffffffff02902f500900000000160014df2907ba1c43324bcddd8f295bb3d2d09dd62c290000000000000000266a24aa21a9ede2f61c3f71d1defd3fa999dfa36953755c690689799962b48bebd836974e8cf90120000000000000000000000000000000000000000000000000000000000000000000000000

      at src/core/charms-sdk.ts:16:11

  console.error
    Stderr: No spell found in the transaction

      30 | 				}
      31 | 				if (stderr) {
    > 32 | 					console.error(`Stderr: ${stderr}`);
         | 					        ^
      33 | 				}
      34 | 				console.info(`Executed successfully: ${stdout}`);
      35 | 				resolve(stdout);

      at src/core/charms-sdk.ts:32:14

  console.info
    Executed successfully:

      at src/core/charms-sdk.ts:34:13

  console.log
    !!! 1 {
      spendable: true,
      value: 156250000,
      txid: '334ed353ce70f36854038572a5f557992385d13eb469b53fdd7f93e9a2e29baa',
      vout: 0
    } undefined

      at src/core/spells.ts:216:12

  console.info
    Executing command: /Users/gadiguy/workspace/charms/target/release/charms tx show-spell --tx 020000000001010000000000000000000000000000000000000000000000000000000000000000ffffffff0402490100ffffffff02807c814a00000000160014c9d9cdc3642ca0458ccf3b6082b251ab8aa241730000000000000000266a24aa21a9ede2f61c3f71d1defd3fa999dfa36953755c690689799962b48bebd836974e8cf90120000000000000000000000000000000000000000000000000000000000000000000000000

      at src/core/charms-sdk.ts:16:11

  console.error
    Stderr: No spell found in the transaction

      30 | 				}
      31 | 				if (stderr) {
    > 32 | 					console.error(`Stderr: ${stderr}`);
         | 					        ^
      33 | 				}
      34 | 				console.info(`Executed successfully: ${stdout}`);
      35 | 				resolve(stdout);

      at src/core/charms-sdk.ts:32:14

  console.info
    Executed successfully:

      at src/core/charms-sdk.ts:34:13

  console.log
    !!! 1 {
      spendable: true,
      value: 1250000000,
      txid: '9f0e1d7e8dc5cb88abbbe6feff6e825630430e1239dc84bbaf0337e41b141243',
      vout: 0
    } undefined

      at src/core/spells.ts:216:12

  console.info
    Executing command: /Users/gadiguy/workspace/charms/target/release/charms tx show-spell --tx 02000000000103f5ae9670d5234424865eeba20384e5cd032ee2b6520c805bc2deb22e9dcac1ab0000000000ffffffff70be89a2e45d4ed082dc4493583d92ebe74dbf91f73bad8081c23ef7d0c72f0d0100000000fffffffff264446b7fea9eef9b489dada653b03e87c02c5be3822fbf10665037132d384f0000000000ffffffff04e803000000000000225120d80763edd7017c4ba252db5fa75841dd0f65197f4e96ab960f1bf3f861213f1e2a2c0a0000000000225120d80763edd7017c4ba252db5fa75841dd0f65197f4e96ab960f1bf3f861213f1ee8030000000000001600148cb011291a654615e49b106cf085712084b9b5f9f473814a00000000160014074e699aafd2a1c4dd1bfe3df9c5303376db62f703406c412cad990760bcebbf5672e24a41fe81f92876a1b956ff6eda2dc08f0e6021181f7c22225895a54889bb082f264d08aed159746e6698eac6dde61c1be26a162420660614dc3a81bb9f7bc098897852b0a2c4111214a10e3f7d809e9624c76f5c14ac519c21c050929b74c1a04954b78b4b6035e97a5e078a5a0f28ec96d547bfee9ace803ac003403cbecdab08aeb3c15da73e9cc580e53376b87ae6fab83ed104c565b54a51ff247e3c84046dc00ff0cf89dbfff3b926b77b4b3d45d586d203367e90381c5987ea2420660614dc3a81bb9f7bc098897852b0a2c4111214a10e3f7d809e9624c76f5c14ac519c41c050929b74c1a04954b78b4b6035e97a5e078a5a0f28ec96d547bfee9ace803ac0011969a39182afd5c52d8a4a01f8cf26b1410146fab83a672e660d38682c512d03404a03bb37166fa012583b9d659654d220d83c4a108773809c7c723cb6a98b0bf955a0a81a06546d09d98d2bfd2736f097abed77dd49ccd05ff2ec5c9f61a0e0b0fd0a020063057370656c6c4ddc0182a36776657273696f6e04627478a2647265667380646f75747383a100a3667469636b657269475241494c2d4e46547163757272656e745f636f7369676e6572737840363630363134646333613831626239663762633039383839373835326230613263343131313231346131306533663764383039653936323463373666356331347163757272656e745f7468726573686f6c6401a0a101a166616d6f756e741a000a2c2a716170705f7075626c69635f696e70757473a283616e9820181e185c18d018ba18ab184118f318a01855182f1828185c18d518ec1870183418851877182d183618531718a2188a183918bb186118d7189b0b187718b19820187618f618ea1826183c18511835184818c118f118591518a41886187c187118be188318f1183c18eb183018380f18d4183f188f183218d118da1842185ba166616374696f6e667570646174658361749820181e185c18d018ba18ab184118f318a01855182f1828185c18d518ec1870183418851877182d183618531718a2188a183918bb186118d7189b0b187718b19820187618f618ea1826183c18511835184818c118f118591518a41886187c187118be188318f1183c18eb183018380f18d4183f188f183218d118da1842185ba166616374696f6e646d696e74806820830cc2dca57292f2aa80515e59316d2bb7e622cbc9fc12e40d27dff3397d5e20ac21c1830cc2dca57292f2aa80515e59316d2bb7e622cbc9fc12e40d27dff3397d5e2000000000

      at src/core/charms-sdk.ts:16:11

  console.info
    Executed successfully: version: 4
    apps:
      $0000: n/1e5cd0baab41f3a0552f285cd5ec703485772d365317a28a39bb61d79b0b77b1/76f6ea263c513548c1f15915a4867c71be83f13ceb30380fd43f8f32d1da425b
      $0001: t/1e5cd0baab41f3a0552f285cd5ec703485772d365317a28a39bb61d79b0b77b1/76f6ea263c513548c1f15915a4867c71be83f13ceb30380fd43f8f32d1da425b
    public_args:
      $0000:
        action: update
      $0001:
        action: mint
    ins:
    - utxo_id: abc1ca9d2eb2dec25b800c52b6e22e03cde58403a2eb5e86244423d57096aef5:0
    - utxo_id: 0d2fc7d0f73ec28180ad3bf791bf4de7eb923d589344dc82d04e5de4a289be70:1
    outs:
    - charms:
        $0000:
          ticker: GRAIL-NFT
          current_cosigners: 660614dc3a81bb9f7bc098897852b0a2c4111214a10e3f7d809e9624c76f5c14
          current_threshold: 1
    - {}
    - charms:
        $0001:
          amount: 666666

      at src/core/charms-sdk.ts:34:13

  console.log
    !!! 1 {
      spendable: true,
      value: 1000,
      txid: '363419d5d94d8f4604b4e47892603d8f7a13c999d51c1718c0e78004947d6394',
      vout: 2
    } undefined

      at src/core/spells.ts:216:12

  console.info
    Executing command: /Users/gadiguy/workspace/charms/target/release/charms tx show-spell --tx 020000000001010000000000000000000000000000000000000000000000000000000000000000ffffffff0402cb0100ffffffff0240be4025000000001600148dae6f2122b28418b4dcd043140798d3d20390c90000000000000000266a24aa21a9ede2f61c3f71d1defd3fa999dfa36953755c690689799962b48bebd836974e8cf90120000000000000000000000000000000000000000000000000000000000000000000000000

      at src/core/charms-sdk.ts:16:11

  console.error
    Stderr: No spell found in the transaction

      30 | 				}
      31 | 				if (stderr) {
    > 32 | 					console.error(`Stderr: ${stderr}`);
         | 					        ^
      33 | 				}
      34 | 				console.info(`Executed successfully: ${stdout}`);
      35 | 				resolve(stdout);

      at src/core/charms-sdk.ts:32:14

  console.info
    Executed successfully:

      at src/core/charms-sdk.ts:34:13

  console.log
    !!! 1 {
      spendable: true,
      value: 625000000,
      txid: 'b46233964344506a24482ac8f00167e4e82f76c0762c4da3c2ecb9b62a94f71d',
      vout: 0
    } undefined

      at src/core/spells.ts:216:12

  console.info
    Executing command: /Users/gadiguy/workspace/charms/target/release/charms tx show-spell --tx 020000000001010000000000000000000000000000000000000000000000000000000000000000ffffffff0402cf0100ffffffff0240be4025000000001600148dae6f2122b28418b4dcd043140798d3d20390c90000000000000000266a24aa21a9ede2f61c3f71d1defd3fa999dfa36953755c690689799962b48bebd836974e8cf90120000000000000000000000000000000000000000000000000000000000000000000000000

      at src/core/charms-sdk.ts:16:11

  console.error
    Stderr: No spell found in the transaction

      30 | 				}
      31 | 				if (stderr) {
    > 32 | 					console.error(`Stderr: ${stderr}`);
         | 					        ^
      33 | 				}
      34 | 				console.info(`Executed successfully: ${stdout}`);
      35 | 				resolve(stdout);

      at src/core/charms-sdk.ts:32:14

  console.info
    Executed successfully:

      at src/core/charms-sdk.ts:34:13

  console.log
    !!! 1 {
      spendable: true,
      value: 625000000,
      txid: 'a82fbe2e9fdf0f9011112bb09796aaca67fff3a04e6274121964da6b63467c30',
      vout: 0
    } undefined

      at src/core/spells.ts:216:12

  console.info
    Executing command: /Users/gadiguy/workspace/charms/target/release/charms tx show-spell --tx 020000000001010000000000000000000000000000000000000000000000000000000000000000ffffffff04020c0100ffffffff0200f9029500000000160014c9d9cdc3642ca0458ccf3b6082b251ab8aa241730000000000000000266a24aa21a9ede2f61c3f71d1defd3fa999dfa36953755c690689799962b48bebd836974e8cf90120000000000000000000000000000000000000000000000000000000000000000000000000

      at src/core/charms-sdk.ts:16:11

  console.error
    Stderr: No spell found in the transaction

      30 | 				}
      31 | 				if (stderr) {
    > 32 | 					console.error(`Stderr: ${stderr}`);
         | 					        ^
      33 | 				}
      34 | 				console.info(`Executed successfully: ${stdout}`);
      35 | 				resolve(stdout);

      at src/core/charms-sdk.ts:32:14

  console.info
    Executed successfully:

      at src/core/charms-sdk.ts:34:13

  console.log
    !!! 1 {
      spendable: true,
      value: 2500000000,
      txid: '68ae0b6b169a5c5b7c7819715bee379db74fb90bbe1f1480de1d7204e224074b',
      vout: 0
    } undefined

      at src/core/spells.ts:216:12

  console.info
    Executing command: /Users/gadiguy/workspace/charms/target/release/charms tx show-spell --tx 020000000001010000000000000000000000000000000000000000000000000000000000000000ffffffff0402f30100ffffffff0240be4025000000001600148dae6f2122b28418b4dcd043140798d3d20390c90000000000000000266a24aa21a9ede2f61c3f71d1defd3fa999dfa36953755c690689799962b48bebd836974e8cf90120000000000000000000000000000000000000000000000000000000000000000000000000

      at src/core/charms-sdk.ts:16:11

  console.error
    Stderr: No spell found in the transaction

      30 | 				}
      31 | 				if (stderr) {
    > 32 | 					console.error(`Stderr: ${stderr}`);
         | 					        ^
      33 | 				}
      34 | 				console.info(`Executed successfully: ${stdout}`);
      35 | 				resolve(stdout);

      at src/core/charms-sdk.ts:32:14

  console.info
    Executed successfully:

      at src/core/charms-sdk.ts:34:13

  console.log
    !!! 1 {
      spendable: true,
      value: 625000000,
      txid: 'e9ddd5c7cff6d23f4c8116ce736db01e8b3bb08821b4362c4e0d96751da8db34',
      vout: 0
    } undefined

      at src/core/spells.ts:216:12

  console.info
    Executing command: /Users/gadiguy/workspace/charms/target/release/charms tx show-spell --tx 020000000001010000000000000000000000000000000000000000000000000000000000000000ffffffff0402740200ffffffff02205fa01200000000160014565dbe4e929f0f3587ef4ff2533f3dd04fce75c70000000000000000266a24aa21a9ede2f61c3f71d1defd3fa999dfa36953755c690689799962b48bebd836974e8cf90120000000000000000000000000000000000000000000000000000000000000000000000000

      at src/core/charms-sdk.ts:16:11

  console.error
    Stderr: No spell found in the transaction

      30 | 				}
      31 | 				if (stderr) {
    > 32 | 					console.error(`Stderr: ${stderr}`);
         | 					        ^
      33 | 				}
      34 | 				console.info(`Executed successfully: ${stdout}`);
      35 | 				resolve(stdout);

      at src/core/charms-sdk.ts:32:14

  console.info
    Executed successfully:

      at src/core/charms-sdk.ts:34:13

  console.log
    !!! 1 {
      spendable: true,
      value: 312500000,
      txid: 'c94f91c12f53d7396d692afc99db69c41c26c6d318778b96003fd072b84e0849',
      vout: 0
    } undefined

      at src/core/spells.ts:216:12

  console.info
    Executing command: /Users/gadiguy/workspace/charms/target/release/charms tx show-spell --tx 020000000001010000000000000000000000000000000000000000000000000000000000000000ffffffff0402b10000ffffffff0200f9029500000000160014c9d9cdc3642ca0458ccf3b6082b251ab8aa241730000000000000000266a24aa21a9ede2f61c3f71d1defd3fa999dfa36953755c690689799962b48bebd836974e8cf90120000000000000000000000000000000000000000000000000000000000000000000000000

      at src/core/charms-sdk.ts:16:11

  console.error
    Stderr: No spell found in the transaction

      30 | 				}
      31 | 				if (stderr) {
    > 32 | 					console.error(`Stderr: ${stderr}`);
         | 					        ^
      33 | 				}
      34 | 				console.info(`Executed successfully: ${stdout}`);
      35 | 				resolve(stdout);

      at src/core/charms-sdk.ts:32:14

  console.info
    Executed successfully:

      at src/core/charms-sdk.ts:34:13

  console.log
    !!! 1 {
      spendable: true,
      value: 2500000000,
      txid: 'fea69ad7451190c83b509657c98d7374ee94f97cbfe0eff7bfba573fde201a40',
      vout: 0
    } undefined

      at src/core/spells.ts:216:12

  console.info
    Executing command: /Users/gadiguy/workspace/charms/target/release/charms tx show-spell --tx 020000000001010000000000000000000000000000000000000000000000000000000000000000ffffffff0402210100ffffffff0200f9029500000000160014c9d9cdc3642ca0458ccf3b6082b251ab8aa241730000000000000000266a24aa21a9ede2f61c3f71d1defd3fa999dfa36953755c690689799962b48bebd836974e8cf90120000000000000000000000000000000000000000000000000000000000000000000000000

      at src/core/charms-sdk.ts:16:11

  console.error
    Stderr: No spell found in the transaction

      30 | 				}
      31 | 				if (stderr) {
    > 32 | 					console.error(`Stderr: ${stderr}`);
         | 					        ^
      33 | 				}
      34 | 				console.info(`Executed successfully: ${stdout}`);
      35 | 				resolve(stdout);

      at src/core/charms-sdk.ts:32:14

  console.info
    Executed successfully:

      at src/core/charms-sdk.ts:34:13

  console.log
    !!! 1 {
      spendable: true,
      value: 2500000000,
      txid: 'af53a9c02470232761aaff7ee7bd6a722594be08901c9a528d505712fb06e491',
      vout: 0
    } undefined

      at src/core/spells.ts:216:12

  console.info
    Executing command: /Users/gadiguy/workspace/charms/target/release/charms tx show-spell --tx 020000000001010000000000000000000000000000000000000000000000000000000000000000ffffffff0402990100ffffffff02807c814a00000000160014c9d9cdc3642ca0458ccf3b6082b251ab8aa241730000000000000000266a24aa21a9ede2f61c3f71d1defd3fa999dfa36953755c690689799962b48bebd836974e8cf90120000000000000000000000000000000000000000000000000000000000000000000000000

      at src/core/charms-sdk.ts:16:11

  console.error
    Stderr: No spell found in the transaction

      30 | 				}
      31 | 				if (stderr) {
    > 32 | 					console.error(`Stderr: ${stderr}`);
         | 					        ^
      33 | 				}
      34 | 				console.info(`Executed successfully: ${stdout}`);
      35 | 				resolve(stdout);

      at src/core/charms-sdk.ts:32:14

  console.info
    Executed successfully:

      at src/core/charms-sdk.ts:34:13

  console.log
    !!! 1 {
      spendable: true,
      value: 1250000000,
      txid: 'a0ed00425c6869314fc32b35d1bbda55da50fb6730be52a1dccfedcd1b6a1883',
      vout: 0
    } undefined

      at src/core/spells.ts:216:12

  console.info
    Executing command: /Users/gadiguy/workspace/charms/target/release/charms tx show-spell --tx 020000000001010000000000000000000000000000000000000000000000000000000000000000ffffffff0402fb0000ffffffff0200f9029500000000160014c9d9cdc3642ca0458ccf3b6082b251ab8aa241730000000000000000266a24aa21a9ede2f61c3f71d1defd3fa999dfa36953755c690689799962b48bebd836974e8cf90120000000000000000000000000000000000000000000000000000000000000000000000000

      at src/core/charms-sdk.ts:16:11

  console.error
    Stderr: No spell found in the transaction

      30 | 				}
      31 | 				if (stderr) {
    > 32 | 					console.error(`Stderr: ${stderr}`);
         | 					        ^
      33 | 				}
      34 | 				console.info(`Executed successfully: ${stdout}`);
      35 | 				resolve(stdout);

      at src/core/charms-sdk.ts:32:14

  console.info
    Executed successfully:

      at src/core/charms-sdk.ts:34:13

  console.log
    !!! 1 {
      spendable: true,
      value: 2500000000,
      txid: '85643a948c324327854c62ab83b4822fa50b5bdfe36b29dda7abddbb9bf85560',
      vout: 0
    } undefined

      at src/core/spells.ts:216:12

  console.info
    Executing command: /Users/gadiguy/workspace/charms/target/release/charms tx show-spell --tx 020000000001010000000000000000000000000000000000000000000000000000000000000000ffffffff04028a0200ffffffff02205fa01200000000160014be438a2710f608303168dfde261068040a60fb7a0000000000000000266a24aa21a9ede2f61c3f71d1defd3fa999dfa36953755c690689799962b48bebd836974e8cf90120000000000000000000000000000000000000000000000000000000000000000000000000

      at src/core/charms-sdk.ts:16:11

  console.error
    Stderr: No spell found in the transaction

      30 | 				}
      31 | 				if (stderr) {
    > 32 | 					console.error(`Stderr: ${stderr}`);
         | 					        ^
      33 | 				}
      34 | 				console.info(`Executed successfully: ${stdout}`);
      35 | 				resolve(stdout);

      at src/core/charms-sdk.ts:32:14

  console.info
    Executed successfully:

      at src/core/charms-sdk.ts:34:13

  console.log
    !!! 1 {
      spendable: true,
      value: 312500000,
      txid: '42f8f24984499bd3c8d1e6de904576faa97613b3f23bf7fa1e7084184766e95f',
      vout: 0
    } undefined

      at src/core/spells.ts:216:12

  console.info
    Executing command: /Users/gadiguy/workspace/charms/target/release/charms tx show-spell --tx 020000000001010000000000000000000000000000000000000000000000000000000000000000ffffffff0402c80000ffffffff0200f9029500000000160014c9d9cdc3642ca0458ccf3b6082b251ab8aa241730000000000000000266a24aa21a9ede2f61c3f71d1defd3fa999dfa36953755c690689799962b48bebd836974e8cf90120000000000000000000000000000000000000000000000000000000000000000000000000

      at src/core/charms-sdk.ts:16:11

  console.error
    Stderr: No spell found in the transaction

      30 | 				}
      31 | 				if (stderr) {
    > 32 | 					console.error(`Stderr: ${stderr}`);
         | 					        ^
      33 | 				}
      34 | 				console.info(`Executed successfully: ${stdout}`);
      35 | 				resolve(stdout);

      at src/core/charms-sdk.ts:32:14

  console.info
    Executed successfully:

      at src/core/charms-sdk.ts:34:13

  console.log
    !!! 1 {
      spendable: true,
      value: 2500000000,
      txid: '3f0c1f8aa037ee02418d6c6237ebdecf736d494acf76080c1707ab005c9d6027',
      vout: 0
    } undefined

      at src/core/spells.ts:216:12

  console.info
    Executing command: /Users/gadiguy/workspace/charms/target/release/charms tx show-spell --tx 02000000000101e389f394ea6c01f653d59b30412b82c4d152b81c38059101cb6d07a8db05b4380000000000ffffffff02e803000000000000225120f18378e6d04c9e2926c59667a778e8996cf7ad83b242a20ef29ace41fd582878ece29a0400000000160014473ebd73bd87485450436ea679bc6752c8631531034197b02d020aa5ce170bfede25ab9f06342730ad8a367485c5a3e16c579711ff4b3b29d265329d48ec94a3a2c5d8c564a59c4a1070085eefe63792d5e84f9ae6a681fd67010063057370656c6c4d390182a36776657273696f6e04627478a2647265667380646f75747381a100a3667469636b657269475241494c2d4e46547163757272656e745f636f7369676e6572737840353438336666666238376466376661326163306135306632336234616264353466393333636432393836333432373162636265386132623834306532636336347163757272656e745f7468726573686f6c6401716170705f7075626c69635f696e70757473a183616e9820188a18520d18c0189918c218ba184f187c18a718e718ce18b2011822182b18b6189318bc1873189518f4186118ef18a516185018fa1899186a183c18cf982018d618d018761869184918e918de184f18510817183f184118ba184d18381866189318b9011876188318a0181f18af184918d01118a9186518821859a166616374696f6e666465706c6f79806820e2f1efe64500573996c071609dd128628de6001682c250e5d6d985a3881bb990ac21c1e2f1efe64500573996c071609dd128628de6001682c250e5d6d985a3881bb99000000000

      at src/core/charms-sdk.ts:16:11

  console.info
    Executed successfully: version: 4
    apps:
      $0000: n/8a520dc099c2ba4f7ca7e7ceb201222bb693bc7395f461efa51650fa996a3ccf/d6d0766949e9de4f5108173f41ba4d386693b9017683a01faf49d011a9658259
    public_args:
      $0000:
        action: deploy
    ins: []
    outs:
    - charms:
        $0000:
          ticker: GRAIL-NFT
          current_cosigners: 5483fffb87df7fa2ac0a50f23b4abd54f933cd298634271bcbe8a2b840e2cc64
          current_threshold: 1

      at src/core/charms-sdk.ts:34:13

  console.log
    !!! 1 {
      spendable: true,
      value: 77259500,
      txid: '550975e5f80ce1b3e0ea9ecdc064e346a0bbc28c03f8b38695b9b64cdf2241f3',
      vout: 1
    } undefined

      at src/core/spells.ts:216:12

  console.info
    Executing command: /Users/gadiguy/workspace/charms/target/release/charms tx show-spell --tx 020000000001010000000000000000000000000000000000000000000000000000000000000000ffffffff0402700100ffffffff02807c814a00000000160014c9d9cdc3642ca0458ccf3b6082b251ab8aa241730000000000000000266a24aa21a9ede2f61c3f71d1defd3fa999dfa36953755c690689799962b48bebd836974e8cf90120000000000000000000000000000000000000000000000000000000000000000000000000

      at src/core/charms-sdk.ts:16:11

  console.error
    Stderr: No spell found in the transaction

      30 | 				}
      31 | 				if (stderr) {
    > 32 | 					console.error(`Stderr: ${stderr}`);
         | 					        ^
      33 | 				}
      34 | 				console.info(`Executed successfully: ${stdout}`);
      35 | 				resolve(stdout);

      at src/core/charms-sdk.ts:32:14

  console.info
    Executed successfully:

      at src/core/charms-sdk.ts:34:13

  console.log
    !!! 1 {
      spendable: true,
      value: 1250000000,
      txid: 'a90d46edcedc2872234ccb4956b91696ad344c7e435753406f34a14084e7cc0f',
      vout: 0
    } undefined

      at src/core/spells.ts:216:12

  console.info
    Executing command: /Users/gadiguy/workspace/charms/target/release/charms tx show-spell --tx 020000000001010000000000000000000000000000000000000000000000000000000000000000ffffffff04025b0200ffffffff02205fa01200000000160014565dbe4e929f0f3587ef4ff2533f3dd04fce75c70000000000000000266a24aa21a9ede2f61c3f71d1defd3fa999dfa36953755c690689799962b48bebd836974e8cf90120000000000000000000000000000000000000000000000000000000000000000000000000

      at src/core/charms-sdk.ts:16:11

  console.error
    Stderr: No spell found in the transaction

      30 | 				}
      31 | 				if (stderr) {
    > 32 | 					console.error(`Stderr: ${stderr}`);
         | 					        ^
      33 | 				}
      34 | 				console.info(`Executed successfully: ${stdout}`);
      35 | 				resolve(stdout);

      at src/core/charms-sdk.ts:32:14

  console.info
    Executed successfully:

      at src/core/charms-sdk.ts:34:13

  console.log
    !!! 1 {
      spendable: true,
      value: 312500000,
      txid: '97fab9432ab9aefcedf99f5da4dd0f2ad86a8d7838c41c5f665888694debe936',
      vout: 0
    } undefined

      at src/core/spells.ts:216:12

  console.info
    Executing command: /Users/gadiguy/workspace/charms/target/release/charms tx show-spell --tx 020000000001010000000000000000000000000000000000000000000000000000000000000000ffffffff0402820100ffffffff02807c814a00000000160014c9d9cdc3642ca0458ccf3b6082b251ab8aa241730000000000000000266a24aa21a9ede2f61c3f71d1defd3fa999dfa36953755c690689799962b48bebd836974e8cf90120000000000000000000000000000000000000000000000000000000000000000000000000

      at src/core/charms-sdk.ts:16:11

  console.error
    Stderr: No spell found in the transaction

      30 | 				}
      31 | 				if (stderr) {
    > 32 | 					console.error(`Stderr: ${stderr}`);
         | 					        ^
      33 | 				}
      34 | 				console.info(`Executed successfully: ${stdout}`);
      35 | 				resolve(stdout);

      at src/core/charms-sdk.ts:32:14

  console.info
    Executed successfully:

      at src/core/charms-sdk.ts:34:13

  console.log
    !!! 1 {
      spendable: true,
      value: 1250000000,
      txid: 'b2416499d75cafd8f7a838f289df3beaefd6825daf74941248c67e70b847742d',
      vout: 0
    } undefined

      at src/core/spells.ts:216:12

  console.info
    Executing command: /Users/gadiguy/workspace/charms/target/release/charms tx show-spell --tx 020000000001010000000000000000000000000000000000000000000000000000000000000000ffffffff04027d0300ffffffff02902f5009000000001600147ee0b7b0a06b1715257f82da01a3a4daa7a6aa780000000000000000266a24aa21a9ede2f61c3f71d1defd3fa999dfa36953755c690689799962b48bebd836974e8cf90120000000000000000000000000000000000000000000000000000000000000000000000000

      at src/core/charms-sdk.ts:16:11

  console.error
    Stderr: No spell found in the transaction

      30 | 				}
      31 | 				if (stderr) {
    > 32 | 					console.error(`Stderr: ${stderr}`);
         | 					        ^
      33 | 				}
      34 | 				console.info(`Executed successfully: ${stdout}`);
      35 | 				resolve(stdout);

      at src/core/charms-sdk.ts:32:14

  console.info
    Executed successfully:

      at src/core/charms-sdk.ts:34:13

  console.log
    !!! 1 {
      spendable: true,
      value: 156250000,
      txid: 'bdff3b7a281c245e3e0e6d745e7acb737b49169252f802c23674074ed322368f',
      vout: 0
    } undefined

      at src/core/spells.ts:216:12

  console.info
    Executing command: /Users/gadiguy/workspace/charms/target/release/charms tx show-spell --tx 020000000001010000000000000000000000000000000000000000000000000000000000000000ffffffff0402ee0100ffffffff0240be4025000000001600148dae6f2122b28418b4dcd043140798d3d20390c90000000000000000266a24aa21a9ede2f61c3f71d1defd3fa999dfa36953755c690689799962b48bebd836974e8cf90120000000000000000000000000000000000000000000000000000000000000000000000000

      at src/core/charms-sdk.ts:16:11

  console.error
    Stderr: No spell found in the transaction

      30 | 				}
      31 | 				if (stderr) {
    > 32 | 					console.error(`Stderr: ${stderr}`);
         | 					        ^
      33 | 				}
      34 | 				console.info(`Executed successfully: ${stdout}`);
      35 | 				resolve(stdout);

      at src/core/charms-sdk.ts:32:14

  console.info
    Executed successfully:

      at src/core/charms-sdk.ts:34:13

  console.log
    !!! 1 {
      spendable: true,
      value: 625000000,
      txid: '657ee740fe4de49e8d4431f94140eaf856fb0d958291df9a175e181dddafd90b',
      vout: 0
    } undefined

      at src/core/spells.ts:216:12

  console.info
    Executing command: /Users/gadiguy/workspace/charms/target/release/charms tx show-spell --tx 020000000001010000000000000000000000000000000000000000000000000000000000000000ffffffff0402bf0200ffffffff02205fa01200000000160014be438a2710f608303168dfde261068040a60fb7a0000000000000000266a24aa21a9ede2f61c3f71d1defd3fa999dfa36953755c690689799962b48bebd836974e8cf90120000000000000000000000000000000000000000000000000000000000000000000000000

      at src/core/charms-sdk.ts:16:11

  console.error
    Stderr: No spell found in the transaction

      30 | 				}
      31 | 				if (stderr) {
    > 32 | 					console.error(`Stderr: ${stderr}`);
         | 					        ^
      33 | 				}
      34 | 				console.info(`Executed successfully: ${stdout}`);
      35 | 				resolve(stdout);

      at src/core/charms-sdk.ts:32:14

  console.info
    Executed successfully:

      at src/core/charms-sdk.ts:34:13

  console.log
    !!! 1 {
      spendable: true,
      value: 312500000,
      txid: 'afe599ad73659eea5a7bfb174086fca747e002c18ab2c7dbda52190fd825d700',
      vout: 0
    } undefined

      at src/core/spells.ts:216:12

  console.info
    Executing command: /Users/gadiguy/workspace/charms/target/release/charms tx show-spell --tx 020000000001010000000000000000000000000000000000000000000000000000000000000000ffffffff0402bc0000ffffffff0200f9029500000000160014c9d9cdc3642ca0458ccf3b6082b251ab8aa241730000000000000000266a24aa21a9ede2f61c3f71d1defd3fa999dfa36953755c690689799962b48bebd836974e8cf90120000000000000000000000000000000000000000000000000000000000000000000000000

      at src/core/charms-sdk.ts:16:11

  console.error
    Stderr: No spell found in the transaction

      30 | 				}
      31 | 				if (stderr) {
    > 32 | 					console.error(`Stderr: ${stderr}`);
         | 					        ^
      33 | 				}
      34 | 				console.info(`Executed successfully: ${stdout}`);
      35 | 				resolve(stdout);

      at src/core/charms-sdk.ts:32:14

  console.info
    Executed successfully:

      at src/core/charms-sdk.ts:34:13

  console.log
    !!! 1 {
      spendable: true,
      value: 2500000000,
      txid: '77f5cc81bc60eb42cac97d378b9aa405117ef2fb392d813db03c3c3bc505c9a7',
      vout: 0
    } undefined

      at src/core/spells.ts:216:12

  console.info
    Executing command: /Users/gadiguy/workspace/charms/target/release/charms tx show-spell --tx 020000000001010000000000000000000000000000000000000000000000000000000000000000ffffffff0402970000ffffffff0200f9029500000000160014c9d9cdc3642ca0458ccf3b6082b251ab8aa241730000000000000000266a24aa21a9ede2f61c3f71d1defd3fa999dfa36953755c690689799962b48bebd836974e8cf90120000000000000000000000000000000000000000000000000000000000000000000000000

      at src/core/charms-sdk.ts:16:11

  console.error
    Stderr: No spell found in the transaction

      30 | 				}
      31 | 				if (stderr) {
    > 32 | 					console.error(`Stderr: ${stderr}`);
         | 					        ^
      33 | 				}
      34 | 				console.info(`Executed successfully: ${stdout}`);
      35 | 				resolve(stdout);

      at src/core/charms-sdk.ts:32:14

  console.info
    Executed successfully:

      at src/core/charms-sdk.ts:34:13

  console.log
    !!! 1 {
      spendable: true,
      value: 2500000000,
      txid: '7180f9c86af05b5a6111e470b897c6875b9b1e1879641f3c4dba02826aabd42a',
      vout: 0
    } undefined

      at src/core/spells.ts:216:12

  console.info
    Executing command: /Users/gadiguy/workspace/charms/target/release/charms tx show-spell --tx 020000000001010000000000000000000000000000000000000000000000000000000000000000ffffffff0402c40100ffffffff0240be4025000000001600148dae6f2122b28418b4dcd043140798d3d20390c90000000000000000266a24aa21a9ede2f61c3f71d1defd3fa999dfa36953755c690689799962b48bebd836974e8cf90120000000000000000000000000000000000000000000000000000000000000000000000000

      at src/core/charms-sdk.ts:16:11

  console.error
    Stderr: No spell found in the transaction

      30 | 				}
      31 | 				if (stderr) {
    > 32 | 					console.error(`Stderr: ${stderr}`);
         | 					        ^
      33 | 				}
      34 | 				console.info(`Executed successfully: ${stdout}`);
      35 | 				resolve(stdout);

      at src/core/charms-sdk.ts:32:14

  console.info
    Executed successfully:

      at src/core/charms-sdk.ts:34:13

  console.log
    !!! 1 {
      spendable: true,
      value: 625000000,
      txid: '5e295e27d3353be7a4ba49e1f94a13fd8c5c4405b0812f0297f8aa5b2ab79795',
      vout: 0
    } undefined

      at src/core/spells.ts:216:12

  console.info
    Executing command: /Users/gadiguy/workspace/charms/target/release/charms tx show-spell --tx 020000000001010000000000000000000000000000000000000000000000000000000000000000ffffffff0402ed0200ffffffff02205fa01200000000160014df2907ba1c43324bcddd8f295bb3d2d09dd62c290000000000000000266a24aa21a9ede2f61c3f71d1defd3fa999dfa36953755c690689799962b48bebd836974e8cf90120000000000000000000000000000000000000000000000000000000000000000000000000

      at src/core/charms-sdk.ts:16:11

  console.error
    Stderr: No spell found in the transaction

      30 | 				}
      31 | 				if (stderr) {
    > 32 | 					console.error(`Stderr: ${stderr}`);
         | 					        ^
      33 | 				}
      34 | 				console.info(`Executed successfully: ${stdout}`);
      35 | 				resolve(stdout);

      at src/core/charms-sdk.ts:32:14

  console.info
    Executed successfully:

      at src/core/charms-sdk.ts:34:13

  console.log
    !!! 1 {
      spendable: true,
      value: 312500000,
      txid: '09a6f5c23c821c1e9d8ddec4841da8df1d96f91acd66a1ac9df3763d3329ce24',
      vout: 0
    } undefined

      at src/core/spells.ts:216:12

  console.info
    Executing command: /Users/gadiguy/workspace/charms/target/release/charms tx show-spell --tx 020000000001010000000000000000000000000000000000000000000000000000000000000000ffffffff0402d70000ffffffff0200f9029500000000160014c9d9cdc3642ca0458ccf3b6082b251ab8aa241730000000000000000266a24aa21a9ede2f61c3f71d1defd3fa999dfa36953755c690689799962b48bebd836974e8cf90120000000000000000000000000000000000000000000000000000000000000000000000000

      at src/core/charms-sdk.ts:16:11

  console.error
    Stderr: No spell found in the transaction

      30 | 				}
      31 | 				if (stderr) {
    > 32 | 					console.error(`Stderr: ${stderr}`);
         | 					        ^
      33 | 				}
      34 | 				console.info(`Executed successfully: ${stdout}`);
      35 | 				resolve(stdout);

      at src/core/charms-sdk.ts:32:14

  console.info
    Executed successfully:

      at src/core/charms-sdk.ts:34:13

  console.log
    !!! 1 {
      spendable: true,
      value: 2500000000,
      txid: '8d7f5a05a43d28bc662ceb469ab346ed4a6c8dd38a15e1786afde3c56068812a',
      vout: 0
    } undefined

      at src/core/spells.ts:216:12

  console.info
    Executing command: /Users/gadiguy/workspace/charms/target/release/charms tx show-spell --tx 020000000001010000000000000000000000000000000000000000000000000000000000000000ffffffff0402ab0100ffffffff02807c814a000000001600148dae6f2122b28418b4dcd043140798d3d20390c90000000000000000266a24aa21a9ede2f61c3f71d1defd3fa999dfa36953755c690689799962b48bebd836974e8cf90120000000000000000000000000000000000000000000000000000000000000000000000000

      at src/core/charms-sdk.ts:16:11

  console.error
    Stderr: No spell found in the transaction

      30 | 				}
      31 | 				if (stderr) {
    > 32 | 					console.error(`Stderr: ${stderr}`);
         | 					        ^
      33 | 				}
      34 | 				console.info(`Executed successfully: ${stdout}`);
      35 | 				resolve(stdout);

      at src/core/charms-sdk.ts:32:14

  console.info
    Executed successfully:

      at src/core/charms-sdk.ts:34:13

  console.log
    !!! 1 {
      spendable: true,
      value: 1250000000,
      txid: '54f0e717575ae6372f870d4eca34289f0330722932d4e0e2a52fd69e7dd823cb',
      vout: 0
    } undefined

      at src/core/spells.ts:216:12

  console.info
    Executing command: /Users/gadiguy/workspace/charms/target/release/charms tx show-spell --tx 020000000001010000000000000000000000000000000000000000000000000000000000000000ffffffff0402580100ffffffff02807c814a00000000160014c9d9cdc3642ca0458ccf3b6082b251ab8aa241730000000000000000266a24aa21a9ede2f61c3f71d1defd3fa999dfa36953755c690689799962b48bebd836974e8cf90120000000000000000000000000000000000000000000000000000000000000000000000000

      at src/core/charms-sdk.ts:16:11

  console.error
    Stderr: No spell found in the transaction

      30 | 				}
      31 | 				if (stderr) {
    > 32 | 					console.error(`Stderr: ${stderr}`);
         | 					        ^
      33 | 				}
      34 | 				console.info(`Executed successfully: ${stdout}`);
      35 | 				resolve(stdout);

      at src/core/charms-sdk.ts:32:14

  console.info
    Executed successfully:

      at src/core/charms-sdk.ts:34:13

  console.log
    !!! 1 {
      spendable: true,
      value: 1250000000,
      txid: '5d5157e18293e42e549770758e1a3a46257b9e630b4f2d72b82f15c1de2aaf02',
      vout: 0
    } undefined

      at src/core/spells.ts:216:12

  console.info
    Executing command: /Users/gadiguy/workspace/charms/target/release/charms tx show-spell --tx 020000000001010000000000000000000000000000000000000000000000000000000000000000ffffffff04024d0200ffffffff0240be402500000000160014565dbe4e929f0f3587ef4ff2533f3dd04fce75c70000000000000000266a24aa21a9ede2f61c3f71d1defd3fa999dfa36953755c690689799962b48bebd836974e8cf90120000000000000000000000000000000000000000000000000000000000000000000000000

      at src/core/charms-sdk.ts:16:11

  console.error
    Stderr: No spell found in the transaction

      30 | 				}
      31 | 				if (stderr) {
    > 32 | 					console.error(`Stderr: ${stderr}`);
         | 					        ^
      33 | 				}
      34 | 				console.info(`Executed successfully: ${stdout}`);
      35 | 				resolve(stdout);

      at src/core/charms-sdk.ts:32:14

  console.info
    Executed successfully:

      at src/core/charms-sdk.ts:34:13

  console.log
    !!! 1 {
      spendable: true,
      value: 625000000,
      txid: 'a48ef29af004f535759c506befdbaabb7d7c31baf2ffe3e5d1aa14792874fb8c',
      vout: 0
    } undefined

      at src/core/spells.ts:216:12

  console.info
    Executing command: /Users/gadiguy/workspace/charms/target/release/charms tx show-spell --tx 020000000001010000000000000000000000000000000000000000000000000000000000000000ffffffff04020b0100ffffffff0200f9029500000000160014c9d9cdc3642ca0458ccf3b6082b251ab8aa241730000000000000000266a24aa21a9ede2f61c3f71d1defd3fa999dfa36953755c690689799962b48bebd836974e8cf90120000000000000000000000000000000000000000000000000000000000000000000000000

      at src/core/charms-sdk.ts:16:11

  console.error
    Stderr: No spell found in the transaction

      30 | 				}
      31 | 				if (stderr) {
    > 32 | 					console.error(`Stderr: ${stderr}`);
         | 					        ^
      33 | 				}
      34 | 				console.info(`Executed successfully: ${stdout}`);
      35 | 				resolve(stdout);

      at src/core/charms-sdk.ts:32:14

  console.info
    Executed successfully:

      at src/core/charms-sdk.ts:34:13

  console.log
    !!! 1 {
      spendable: true,
      value: 2500000000,
      txid: '051629fac357eb855bbe43d56115993d3875d788d5b6298eea491a75e0579e26',
      vout: 0
    } undefined

      at src/core/spells.ts:216:12

  console.info
    Executing command: /Users/gadiguy/workspace/charms/target/release/charms tx show-spell --tx 020000000001010000000000000000000000000000000000000000000000000000000000000000ffffffff0402bd0200ffffffff02205fa01200000000160014be438a2710f608303168dfde261068040a60fb7a0000000000000000266a24aa21a9ede2f61c3f71d1defd3fa999dfa36953755c690689799962b48bebd836974e8cf90120000000000000000000000000000000000000000000000000000000000000000000000000

      at src/core/charms-sdk.ts:16:11

  console.error
    Stderr: No spell found in the transaction

      30 | 				}
      31 | 				if (stderr) {
    > 32 | 					console.error(`Stderr: ${stderr}`);
         | 					        ^
      33 | 				}
      34 | 				console.info(`Executed successfully: ${stdout}`);
      35 | 				resolve(stdout);

      at src/core/charms-sdk.ts:32:14

  console.info
    Executed successfully:

      at src/core/charms-sdk.ts:34:13

  console.log
    !!! 1 {
      spendable: true,
      value: 312500000,
      txid: '111a66d1aac9b41fb9f3be0e26b2f9a2ca4d7417792125ce483c396d01e08541',
      vout: 0
    } undefined

      at src/core/spells.ts:216:12

  console.info
    Executing command: /Users/gadiguy/workspace/charms/target/release/charms tx show-spell --tx 020000000001010000000000000000000000000000000000000000000000000000000000000000ffffffff0402fd0300ffffffff02c817a80400000000160014b3455ce530ba44de213c9a78c2d662785143c5f40000000000000000266a24aa21a9ede2f61c3f71d1defd3fa999dfa36953755c690689799962b48bebd836974e8cf90120000000000000000000000000000000000000000000000000000000000000000000000000

      at src/core/charms-sdk.ts:16:11

  console.error
    Stderr: No spell found in the transaction

      30 | 				}
      31 | 				if (stderr) {
    > 32 | 					console.error(`Stderr: ${stderr}`);
         | 					        ^
      33 | 				}
      34 | 				console.info(`Executed successfully: ${stdout}`);
      35 | 				resolve(stdout);

      at src/core/charms-sdk.ts:32:14

  console.info
    Executed successfully:

      at src/core/charms-sdk.ts:34:13

  console.log
    !!! 1 {
      spendable: true,
      value: 78125000,
      txid: '6baa623f50b46c065ec8fa094219b152374bbbf2f4a9c1764ab880e45ab1a078',
      vout: 0
    } undefined

      at src/core/spells.ts:216:12

  console.info
    Executing command: /Users/gadiguy/workspace/charms/target/release/charms tx show-spell --tx 020000000001010000000000000000000000000000000000000000000000000000000000000000ffffffff0402aa0000ffffffff0200f9029500000000160014c9d9cdc3642ca0458ccf3b6082b251ab8aa241730000000000000000266a24aa21a9ede2f61c3f71d1defd3fa999dfa36953755c690689799962b48bebd836974e8cf90120000000000000000000000000000000000000000000000000000000000000000000000000

      at src/core/charms-sdk.ts:16:11

  console.error
    Stderr: No spell found in the transaction

      30 | 				}
      31 | 				if (stderr) {
    > 32 | 					console.error(`Stderr: ${stderr}`);
         | 					        ^
      33 | 				}
      34 | 				console.info(`Executed successfully: ${stdout}`);
      35 | 				resolve(stdout);

      at src/core/charms-sdk.ts:32:14

  console.info
    Executed successfully:

      at src/core/charms-sdk.ts:34:13

  console.log
    !!! 1 {
      spendable: true,
      value: 2500000000,
      txid: '47c97e9a296c80c1366abcffb591944bb916a828d0f1201280f1525f95268123',
      vout: 0
    } undefined

      at src/core/spells.ts:216:12

  console.info
    Executing command: /Users/gadiguy/workspace/charms/target/release/charms tx show-spell --tx 020000000001010000000000000000000000000000000000000000000000000000000000000000ffffffff0402a50000ffffffff0200f9029500000000160014c9d9cdc3642ca0458ccf3b6082b251ab8aa241730000000000000000266a24aa21a9ede2f61c3f71d1defd3fa999dfa36953755c690689799962b48bebd836974e8cf90120000000000000000000000000000000000000000000000000000000000000000000000000

      at src/core/charms-sdk.ts:16:11

  console.error
    Stderr: No spell found in the transaction

      30 | 				}
      31 | 				if (stderr) {
    > 32 | 					console.error(`Stderr: ${stderr}`);
         | 					        ^
      33 | 				}
      34 | 				console.info(`Executed successfully: ${stdout}`);
      35 | 				resolve(stdout);

      at src/core/charms-sdk.ts:32:14

  console.info
    Executed successfully:

      at src/core/charms-sdk.ts:34:13

  console.log
    !!! 1 {
      spendable: true,
      value: 2500000000,
      txid: 'b6a49403ad7edf1f7a973a802b8a9e2440dda25c9c59048dba1adb4353fb9f24',
      vout: 0
    } undefined

      at src/core/spells.ts:216:12

  console.info
    Executing command: /Users/gadiguy/workspace/charms/target/release/charms tx show-spell --tx 020000000001010000000000000000000000000000000000000000000000000000000000000000ffffffff0402c40000ffffffff0200f9029500000000160014c9d9cdc3642ca0458ccf3b6082b251ab8aa241730000000000000000266a24aa21a9ede2f61c3f71d1defd3fa999dfa36953755c690689799962b48bebd836974e8cf90120000000000000000000000000000000000000000000000000000000000000000000000000

      at src/core/charms-sdk.ts:16:11

  console.error
    Stderr: No spell found in the transaction

      30 | 				}
      31 | 				if (stderr) {
    > 32 | 					console.error(`Stderr: ${stderr}`);
         | 					        ^
      33 | 				}
      34 | 				console.info(`Executed successfully: ${stdout}`);
      35 | 				resolve(stdout);

      at src/core/charms-sdk.ts:32:14

  console.info
    Executed successfully:

      at src/core/charms-sdk.ts:34:13

  console.log
    !!! 1 {
      spendable: true,
      value: 2500000000,
      txid: '236fc188d641ce19c9078937f48b4feb89bee8e7b96eccf8fa04930c056d8706',
      vout: 0
    } undefined

      at src/core/spells.ts:216:12

  console.info
    Executing command: /Users/gadiguy/workspace/charms/target/release/charms tx show-spell --tx 020000000001010000000000000000000000000000000000000000000000000000000000000000ffffffff0402c60000ffffffff0200f9029500000000160014c9d9cdc3642ca0458ccf3b6082b251ab8aa241730000000000000000266a24aa21a9ede2f61c3f71d1defd3fa999dfa36953755c690689799962b48bebd836974e8cf90120000000000000000000000000000000000000000000000000000000000000000000000000

      at src/core/charms-sdk.ts:16:11

  console.error
    Stderr: No spell found in the transaction

      30 | 				}
      31 | 				if (stderr) {
    > 32 | 					console.error(`Stderr: ${stderr}`);
         | 					        ^
      33 | 				}
      34 | 				console.info(`Executed successfully: ${stdout}`);
      35 | 				resolve(stdout);

      at src/core/charms-sdk.ts:32:14

  console.info
    Executed successfully:

      at src/core/charms-sdk.ts:34:13

  console.log
    !!! 1 {
      spendable: true,
      value: 2500000000,
      txid: '96bdb8c81d40ff090b2c18da47cc127adc7f419e3fe9a8ed001c595d5088ab23',
      vout: 0
    } undefined

      at src/core/spells.ts:216:12

  console.info
    Executing command: /Users/gadiguy/workspace/charms/target/release/charms tx show-spell --tx 020000000001010e2d80df0e1b689f18c4d2e6a2b687adef92dac53d5f6953d1e0e00d3b0b2ed70000000000ffffffff02e803000000000000225120d80763edd7017c4ba252db5fa75841dd0f65197f4e96ab960f1bf3f861213f1ebd75814a00000000160014479148b0efaf14b51645a2e8122db7c2d046abff0341c9fe11cfe0dd9a6d4ea9051de0152c7fce1ec87c2bb9ce61c728721f49de263ea87299c697a76e9cdeb165b87e912448b11f599b9d3202ae2220d0e0541e77fc81fd6a010063057370656c6c4d3c0182a36776657273696f6e04627478a2647265667380646f75747381a100a3667469636b657269475241494c2d4e46547163757272656e745f636f7369676e6572737840363630363134646333613831626239663762633039383839373835326230613263343131313231346131306533663764383039653936323463373666356331347163757272656e745f7468726573686f6c6401716170705f7075626c69635f696e70757473a183616e982018ef10182e18fe1852182f18771860188d18e218c4185718fa186b18e818a91832182e1880185717189718f618f518f4188718af183418501888184018ee9820187618f618ea1826183c18511835184818c118f118591518a41886187c187118be188318f1183c18eb183018380f18d4183f188f183218d118da1842185ba166616374696f6e666465706c6f798068201ea0650676229e072de0358c4b3b04e7dd52ddffce64d2dd07d607436163dabfac21c11ea0650676229e072de0358c4b3b04e7dd52ddffce64d2dd07d607436163dabf00000000

      at src/core/charms-sdk.ts:16:11

  console.info
    Executed successfully: version: 4
    apps:
      $0000: n/ef102efe522f77608de2c457fa6be8a9322e80571797f6f5f487af34508840ee/76f6ea263c513548c1f15915a4867c71be83f13ceb30380fd43f8f32d1da425b
    public_args:
      $0000:
        action: deploy
    ins: []
    outs:
    - charms:
        $0000:
          ticker: GRAIL-NFT
          current_cosigners: 660614dc3a81bb9f7bc098897852b0a2c4111214a10e3f7d809e9624c76f5c14
          current_threshold: 1

      at src/core/charms-sdk.ts:34:13

  console.log
    !!! 1 {
      spendable: true,
      value: 1249998269,
      txid: '59318c1db18032ed4b1aff54bd8d4b6b1795b13806d5c659bd330aa7f3d20a48',
      vout: 1
    } undefined

      at src/core/spells.ts:216:12

  console.info
    Executing command: /Users/gadiguy/workspace/charms/target/release/charms tx show-spell --tx 020000000001010000000000000000000000000000000000000000000000000000000000000000ffffffff0402400300ffffffff02902f500900000000160014df2907ba1c43324bcddd8f295bb3d2d09dd62c290000000000000000266a24aa21a9ede2f61c3f71d1defd3fa999dfa36953755c690689799962b48bebd836974e8cf90120000000000000000000000000000000000000000000000000000000000000000000000000

      at src/core/charms-sdk.ts:16:11

  console.error
    Stderr: No spell found in the transaction

      30 | 				}
      31 | 				if (stderr) {
    > 32 | 					console.error(`Stderr: ${stderr}`);
         | 					        ^
      33 | 				}
      34 | 				console.info(`Executed successfully: ${stdout}`);
      35 | 				resolve(stdout);

      at src/core/charms-sdk.ts:32:14

  console.info
    Executed successfully:

      at src/core/charms-sdk.ts:34:13

  console.log
    !!! 1 {
      spendable: true,
      value: 156250000,
      txid: '8009e6ddb4517f825a1e7b25ee4955d7052ff430eee476bb0fcc00c4cd6b7b50',
      vout: 0
    } undefined

      at src/core/spells.ts:216:12

  console.info
    Executing command: /Users/gadiguy/workspace/charms/target/release/charms tx show-spell --tx 020000000001010000000000000000000000000000000000000000000000000000000000000000ffffffff0402cd0100ffffffff0240be4025000000001600148dae6f2122b28418b4dcd043140798d3d20390c90000000000000000266a24aa21a9ede2f61c3f71d1defd3fa999dfa36953755c690689799962b48bebd836974e8cf90120000000000000000000000000000000000000000000000000000000000000000000000000

      at src/core/charms-sdk.ts:16:11

  console.error
    Stderr: No spell found in the transaction

      30 | 				}
      31 | 				if (stderr) {
    > 32 | 					console.error(`Stderr: ${stderr}`);
         | 					        ^
      33 | 				}
      34 | 				console.info(`Executed successfully: ${stdout}`);
      35 | 				resolve(stdout);

      at src/core/charms-sdk.ts:32:14

  console.info
    Executed successfully:

      at src/core/charms-sdk.ts:34:13

  console.log
    !!! 1 {
      spendable: true,
      value: 625000000,
      txid: 'e20c02ef73eee1f10a3ee8fabbf60edc27bb8288c51626358d5ba27316ccfe64',
      vout: 0
    } undefined

      at src/core/spells.ts:216:12

  console.info
    Executing command: /Users/gadiguy/workspace/charms/target/release/charms tx show-spell --tx 02000000000102480ad2f3a70a33bd59c6d50638b195176b4b8dbd54ff1a4bed3280b11d8c31590000000000ffffffff37d253e255951695d9332c59e72ffb4049660267736a9c313d19c8c590c4170a0000000000ffffffff02e8030000000000002251209c60cda3a5de2ffbb54bc3523e9645b841ceec5bbd99256b098c16ef93b7b285ecec0295000000001600141174571386d56195193c4cdbbae38fd17b2b332e0340c9c5a0de7e0bd5d0a74203a14e8995c131744bf98a5e8f5a0fe02202e1ccf5585a322a0c6607a58481666cdd3dd5123a21fa478fe75ea12a807bc336d52303e42420660614dc3a81bb9f7bc098897852b0a2c4111214a10e3f7d809e9624c76f5c14ac519c21c050929b74c1a04954b78b4b6035e97a5e078a5a0f28ec96d547bfee9ace803ac00340d2bfb0c63ada6bbc0f8a65a1beada4ee72ac8f78b081bd5279286c43e22ee9766d2a7e4ec41294e51e77c03b6f8dbc55006e70d949401990ae692ff5d7f8e6bafd6a010063057370656c6c4d3c0182a36776657273696f6e04627478a2647265667380646f75747381a100a3667469636b657269475241494c2d4e46547163757272656e745f636f7369676e6572737840373666366561323633633531333534386331663135393135613438363763373162653833663133636562333033383066643433663866333264316461343235627163757272656e745f7468726573686f6c6401716170705f7075626c69635f696e70757473a183616e982018ef10182e18fe1852182f18771860188d18e218c4185718fa186b18e818a91832182e1880185717189718f618f518f4188718af183418501888184018ee9820187618f618ea1826183c18511835184818c118f118591518a41886187c187118be188318f1183c18eb183018380f18d4183f188f183218d118da1842185ba166616374696f6e6675706461746580682044c84328aaa5345f5d3bd4ae5f57f95881dffbbc5e5649fa30464a5c0d841ed8ac21c044c84328aaa5345f5d3bd4ae5f57f95881dffbbc5e5649fa30464a5c0d841ed800000000

      at src/core/charms-sdk.ts:16:11

  console.info
    Executed successfully: version: 4
    apps:
      $0000: n/ef102efe522f77608de2c457fa6be8a9322e80571797f6f5f487af34508840ee/76f6ea263c513548c1f15915a4867c71be83f13ceb30380fd43f8f32d1da425b
    public_args:
      $0000:
        action: update
    ins:
    - utxo_id: 59318c1db18032ed4b1aff54bd8d4b6b1795b13806d5c659bd330aa7f3d20a48:0
    outs:
    - charms:
        $0000:
          ticker: GRAIL-NFT
          current_cosigners: 76f6ea263c513548c1f15915a4867c71be83f13ceb30380fd43f8f32d1da425b
          current_threshold: 1

      at src/core/charms-sdk.ts:34:13

  console.log
    !!! 1 {
      spendable: true,
      value: 2499996908,
      txid: '8cb73409ffaa496b489aa329beb5e955914d19a660fba1aa7d9c8b4caa368fe6',
      vout: 1
    } undefined

      at src/core/spells.ts:216:12

  console.info
    Executing command: /Users/gadiguy/workspace/charms/target/release/charms tx show-spell --tx 020000000001010000000000000000000000000000000000000000000000000000000000000000ffffffff0402ce0200ffffffff02205fa01200000000160014be438a2710f608303168dfde261068040a60fb7a0000000000000000266a24aa21a9ede2f61c3f71d1defd3fa999dfa36953755c690689799962b48bebd836974e8cf90120000000000000000000000000000000000000000000000000000000000000000000000000

      at src/core/charms-sdk.ts:16:11

  console.error
    Stderr: No spell found in the transaction

      30 | 				}
      31 | 				if (stderr) {
    > 32 | 					console.error(`Stderr: ${stderr}`);
         | 					        ^
      33 | 				}
      34 | 				console.info(`Executed successfully: ${stdout}`);
      35 | 				resolve(stdout);

      at src/core/charms-sdk.ts:32:14

  console.info
    Executed successfully:

      at src/core/charms-sdk.ts:34:13

  console.log
    !!! 1 {
      spendable: true,
      value: 312500000,
      txid: 'de0070c2396103eb00e8453e95f609f9931d2b73d2289b540fa2a37034bc125b',
      vout: 0
    } undefined

      at src/core/spells.ts:216:12

  console.info
    Executing command: /Users/gadiguy/workspace/charms/target/release/charms tx show-spell --tx 020000000001010000000000000000000000000000000000000000000000000000000000000000ffffffff0402be0200ffffffff02205fa01200000000160014be438a2710f608303168dfde261068040a60fb7a0000000000000000266a24aa21a9ede2f61c3f71d1defd3fa999dfa36953755c690689799962b48bebd836974e8cf90120000000000000000000000000000000000000000000000000000000000000000000000000

      at src/core/charms-sdk.ts:16:11

  console.error
    Stderr: No spell found in the transaction

      30 | 				}
      31 | 				if (stderr) {
    > 32 | 					console.error(`Stderr: ${stderr}`);
         | 					        ^
      33 | 				}
      34 | 				console.info(`Executed successfully: ${stdout}`);
      35 | 				resolve(stdout);

      at src/core/charms-sdk.ts:32:14

  console.info
    Executed successfully:

      at src/core/charms-sdk.ts:34:13

  console.log
    !!! 1 {
      spendable: true,
      value: 312500000,
      txid: '0abfb8f7e2af4f4221016ca0a4313fae3ca8332e514a4d0cc37e59ccf4ffcbf8',
      vout: 0
    } undefined

      at src/core/spells.ts:216:12

  console.info
    Executing command: /Users/gadiguy/workspace/charms/target/release/charms tx show-spell --tx 020000000001010000000000000000000000000000000000000000000000000000000000000000ffffffff0402a60000ffffffff0200f9029500000000160014c9d9cdc3642ca0458ccf3b6082b251ab8aa241730000000000000000266a24aa21a9ede2f61c3f71d1defd3fa999dfa36953755c690689799962b48bebd836974e8cf90120000000000000000000000000000000000000000000000000000000000000000000000000

      at src/core/charms-sdk.ts:16:11

  console.error
    Stderr: No spell found in the transaction

      30 | 				}
      31 | 				if (stderr) {
    > 32 | 					console.error(`Stderr: ${stderr}`);
         | 					        ^
      33 | 				}
      34 | 				console.info(`Executed successfully: ${stdout}`);
      35 | 				resolve(stdout);

      at src/core/charms-sdk.ts:32:14

  console.info
    Executed successfully:

      at src/core/charms-sdk.ts:34:13

  console.log
    !!! 1 {
      spendable: true,
      value: 2500000000,
      txid: '91a67d64540d96ae71a4481aca361a7cf3e4d0c88062dad9834514a38a3e2554',
      vout: 0
    } undefined

      at src/core/spells.ts:216:12

  console.info
    Executing command: /Users/gadiguy/workspace/charms/target/release/charms tx show-spell --tx 020000000001010000000000000000000000000000000000000000000000000000000000000000ffffffff0402a30300ffffffff02c817a804000000001600147ee0b7b0a06b1715257f82da01a3a4daa7a6aa780000000000000000266a24aa21a9ede2f61c3f71d1defd3fa999dfa36953755c690689799962b48bebd836974e8cf90120000000000000000000000000000000000000000000000000000000000000000000000000

      at src/core/charms-sdk.ts:16:11

  console.error
    Stderr: No spell found in the transaction

      30 | 				}
      31 | 				if (stderr) {
    > 32 | 					console.error(`Stderr: ${stderr}`);
         | 					        ^
      33 | 				}
      34 | 				console.info(`Executed successfully: ${stdout}`);
      35 | 				resolve(stdout);

      at src/core/charms-sdk.ts:32:14

  console.info
    Executed successfully:

      at src/core/charms-sdk.ts:34:13

  console.log
    !!! 1 {
      spendable: true,
      value: 78125000,
      txid: 'c27b2e795f5d2a33971524fd50c709eac5a989499618aa5209ee68d9caebaff6',
      vout: 0
    } undefined

      at src/core/spells.ts:216:12

  console.info
    Executing command: /Users/gadiguy/workspace/charms/target/release/charms tx show-spell --tx 020000000001010000000000000000000000000000000000000000000000000000000000000000ffffffff04026d0100ffffffff02807c814a00000000160014c9d9cdc3642ca0458ccf3b6082b251ab8aa241730000000000000000266a24aa21a9ede2f61c3f71d1defd3fa999dfa36953755c690689799962b48bebd836974e8cf90120000000000000000000000000000000000000000000000000000000000000000000000000

      at src/core/charms-sdk.ts:16:11

  console.error
    Stderr: No spell found in the transaction

      30 | 				}
      31 | 				if (stderr) {
    > 32 | 					console.error(`Stderr: ${stderr}`);
         | 					        ^
      33 | 				}
      34 | 				console.info(`Executed successfully: ${stdout}`);
      35 | 				resolve(stdout);

      at src/core/charms-sdk.ts:32:14

  console.info
    Executed successfully:

      at src/core/charms-sdk.ts:34:13

  console.log
    !!! 1 {
      spendable: true,
      value: 1250000000,
      txid: '511c0d1042a505fa345bcd130d620e9bb0bb717778e7c63ca653c6493eb4762b',
      vout: 0
    } undefined

      at src/core/spells.ts:216:12

  console.info
    Executing command: /Users/gadiguy/workspace/charms/target/release/charms tx show-spell --tx 02000000000101a287772f7cb8243816bbc64f504ec15fe09f0f4514c0ebf1bc937993f148aff90000000000ffffffff02e803000000000000225120b2869018f2a7b30ad052eb3e5f6da4c7da2c4c1943d29658f4eeef74ab6a38e5a8296b4a00000000160014ade99d3bb246a2ca63e704be77169ec0ba4c01050341265e5f9c68ca9e973c81863c62006fae6feaac7e0ae85b5799b3c04a8650b153e33ddedab786141ee310b9ce910986731333e76f733d6b0c2753ede88bdcc77081fd69010063057370656c6c4d3b0182a36776657273696f6e04627478a2647265667380646f75747381a100a3667469636b657269475241494c2d4e46547163757272656e745f636f7369676e6572737840306239376539343966343533313238303036636338303330303462356661623836663639326632313262626530653236346664633166666235646439343535647163757272656e745f7468726573686f6c6401716170705f7075626c69635f696e70757473a183616e982018b4187a1829182318e018bd18d8183b18f7183c18f6189c186218e21827189b0718610100184c18ba18bc181b18650b187a18f918a81889185b1871982018ea18d6184b182818a51885184f184b18e41836183718301853186218f3183b183218fa1853183e18bd182118cc182c18da1896188404185018f418211851a166616374696f6e666465706c6f79806820ff3b3e2ea7a36a8e4e9a40fc92e6ef5c36a591db00779b147b7e2dca8d06853aac21c0ff3b3e2ea7a36a8e4e9a40fc92e6ef5c36a591db00779b147b7e2dca8d06853a00000000

      at src/core/charms-sdk.ts:16:11

  console.info
    Executed successfully: version: 4
    apps:
      $0000: n/b47a2923e0bdd83bf73cf69c62e2279b076101004cbabc1b650b7af9a8895b71/ead64b28a5854f4be43637305362f33b32fa533ebd21cc2cda96840450f42151
    public_args:
      $0000:
        action: deploy
    ins: []
    outs:
    - charms:
        $0000:
          ticker: GRAIL-NFT
          current_cosigners: 0b97e949f453128006cc803004b5fab86f692f212bbe0e264fdc1ffb5dd9455d
          current_threshold: 1

      at src/core/charms-sdk.ts:34:13

  console.log
    !!! 1 {
      spendable: true,
      value: 1248537000,
      txid: '38693746879041e0991959a85b75e04427a65e0201bc3c16d81c07f7382d46a4',
      vout: 1
    } undefined

      at src/core/spells.ts:216:12

  console.info
    Executing command: /Users/gadiguy/workspace/charms/target/release/charms tx show-spell --tx 020000000001010000000000000000000000000000000000000000000000000000000000000000ffffffff0402ea0200ffffffff02205fa01200000000160014df2907ba1c43324bcddd8f295bb3d2d09dd62c290000000000000000266a24aa21a9ede2f61c3f71d1defd3fa999dfa36953755c690689799962b48bebd836974e8cf90120000000000000000000000000000000000000000000000000000000000000000000000000

      at src/core/charms-sdk.ts:16:11

  console.error
    Stderr: No spell found in the transaction

      30 | 				}
      31 | 				if (stderr) {
    > 32 | 					console.error(`Stderr: ${stderr}`);
         | 					        ^
      33 | 				}
      34 | 				console.info(`Executed successfully: ${stdout}`);
      35 | 				resolve(stdout);

      at src/core/charms-sdk.ts:32:14

  console.info
    Executed successfully:

      at src/core/charms-sdk.ts:34:13

  console.log
    !!! 1 {
      spendable: true,
      value: 312500000,
      txid: '72693fd15d7cbe95d3ca88b45b6016ab76d685a5e05076b62e96594055fec50c',
      vout: 0
    } undefined

      at src/core/spells.ts:216:12

  console.info
    Executing command: /Users/gadiguy/workspace/charms/target/release/charms tx show-spell --tx 020000000001010000000000000000000000000000000000000000000000000000000000000000ffffffff0402e00000ffffffff0200f9029500000000160014c9d9cdc3642ca0458ccf3b6082b251ab8aa241730000000000000000266a24aa21a9ede2f61c3f71d1defd3fa999dfa36953755c690689799962b48bebd836974e8cf90120000000000000000000000000000000000000000000000000000000000000000000000000

      at src/core/charms-sdk.ts:16:11

  console.error
    Stderr: No spell found in the transaction

      30 | 				}
      31 | 				if (stderr) {
    > 32 | 					console.error(`Stderr: ${stderr}`);
         | 					        ^
      33 | 				}
      34 | 				console.info(`Executed successfully: ${stdout}`);
      35 | 				resolve(stdout);

      at src/core/charms-sdk.ts:32:14

  console.info
    Executed successfully:

      at src/core/charms-sdk.ts:34:13

  console.log
    !!! 1 {
      spendable: true,
      value: 2500000000,
      txid: 'cf2ac78621df9c9938f37a39507928913e58ddfb0e6fb60dac5af20de999a506',
      vout: 0
    } undefined

      at src/core/spells.ts:216:12

  console.info
    Executing command: /Users/gadiguy/workspace/charms/target/release/charms tx show-spell --tx 020000000001010000000000000000000000000000000000000000000000000000000000000000ffffffff0402d20000ffffffff02def9029500000000160014c9d9cdc3642ca0458ccf3b6082b251ab8aa241730000000000000000266a24aa21a9eddadf6932bcbe4e08b0ad727e857c50d77662d90552012977744bc0e5e926250f0120000000000000000000000000000000000000000000000000000000000000000000000000

      at src/core/charms-sdk.ts:16:11

  console.error
    Stderr: No spell found in the transaction

      30 | 				}
      31 | 				if (stderr) {
    > 32 | 					console.error(`Stderr: ${stderr}`);
         | 					        ^
      33 | 				}
      34 | 				console.info(`Executed successfully: ${stdout}`);
      35 | 				resolve(stdout);

      at src/core/charms-sdk.ts:32:14

  console.info
    Executed successfully:

      at src/core/charms-sdk.ts:34:13

  console.log
    !!! 1 {
      spendable: true,
      value: 2500000222,
      txid: '013a4e697edac5e8d1c54f1693d0d7bcd45caae720cfde388c8f057c70dad127',
      vout: 0
    } undefined

      at src/core/spells.ts:216:12

  console.info
    Executing command: /Users/gadiguy/workspace/charms/target/release/charms tx show-spell --tx 020000000001010000000000000000000000000000000000000000000000000000000000000000ffffffff0402030400ffffffff02c817a80400000000160014b3455ce530ba44de213c9a78c2d662785143c5f40000000000000000266a24aa21a9ede2f61c3f71d1defd3fa999dfa36953755c690689799962b48bebd836974e8cf90120000000000000000000000000000000000000000000000000000000000000000000000000

      at src/core/charms-sdk.ts:16:11

  console.error
    Stderr: No spell found in the transaction

      30 | 				}
      31 | 				if (stderr) {
    > 32 | 					console.error(`Stderr: ${stderr}`);
         | 					        ^
      33 | 				}
      34 | 				console.info(`Executed successfully: ${stdout}`);
      35 | 				resolve(stdout);

      at src/core/charms-sdk.ts:32:14

  console.info
    Executed successfully:

      at src/core/charms-sdk.ts:34:13

  console.log
    !!! 1 {
      spendable: true,
      value: 78125000,
      txid: 'e3c6464c1f50cd840e38a8bb02c78c11a7d0fccb94038cf750ce6f5c288da9c6',
      vout: 0
    } undefined

      at src/core/spells.ts:216:12

  console.info
    Executing command: /Users/gadiguy/workspace/charms/target/release/charms tx show-spell --tx 020000000001010000000000000000000000000000000000000000000000000000000000000000ffffffff0402ff0300ffffffff02c817a80400000000160014b3455ce530ba44de213c9a78c2d662785143c5f40000000000000000266a24aa21a9ede2f61c3f71d1defd3fa999dfa36953755c690689799962b48bebd836974e8cf90120000000000000000000000000000000000000000000000000000000000000000000000000

      at src/core/charms-sdk.ts:16:11

  console.error
    Stderr: No spell found in the transaction

      30 | 				}
      31 | 				if (stderr) {
    > 32 | 					console.error(`Stderr: ${stderr}`);
         | 					        ^
      33 | 				}
      34 | 				console.info(`Executed successfully: ${stdout}`);
      35 | 				resolve(stdout);

      at src/core/charms-sdk.ts:32:14

  console.info
    Executed successfully:

      at src/core/charms-sdk.ts:34:13

  console.log
    !!! 1 {
      spendable: true,
      value: 78125000,
      txid: '9a01acc7d27ca8c588bf56c4d68c4069bf57f44834f94db583c57ec2b515367e',
      vout: 0
    } undefined

      at src/core/spells.ts:216:12

  console.info
    Executing command: /Users/gadiguy/workspace/charms/target/release/charms tx show-spell --tx 020000000001010000000000000000000000000000000000000000000000000000000000000000ffffffff0402cb0300ffffffff02c817a80400000000160014b3455ce530ba44de213c9a78c2d662785143c5f40000000000000000266a24aa21a9ede2f61c3f71d1defd3fa999dfa36953755c690689799962b48bebd836974e8cf90120000000000000000000000000000000000000000000000000000000000000000000000000

      at src/core/charms-sdk.ts:16:11

  console.error
    Stderr: No spell found in the transaction

      30 | 				}
      31 | 				if (stderr) {
    > 32 | 					console.error(`Stderr: ${stderr}`);
         | 					        ^
      33 | 				}
      34 | 				console.info(`Executed successfully: ${stdout}`);
      35 | 				resolve(stdout);

      at src/core/charms-sdk.ts:32:14

  console.info
    Executed successfully:

      at src/core/charms-sdk.ts:34:13

  console.log
    !!! 1 {
      spendable: true,
      value: 78125000,
      txid: 'a9efbba3e59b80b54ee755f364297bad1b528caad66ee894a2771f0218f9130f',
      vout: 0
    } undefined

      at src/core/spells.ts:216:12

  console.info
    Executing command: /Users/gadiguy/workspace/charms/target/release/charms tx show-spell --tx 0200000000010126d89976863ed61b3613afbb4cdb427dce7dc526d903c5eaf9324dfb727fe0300000000000ffffffff02e803000000000000225120908b3500ab83c65b10de8b11224129515e17722b17b9e2ae9bb813d30703aa1c4ff1029500000000160014cf1da83472eb25817817ffa1365934267e9b8f620341ce7b192b370a895fc79e1f93418f394a50d6fe3006d28de9fe56d8f9adae40128dbd57a7718ddbc5f8a0185ffb657653a6d59c73160b1596b89c3b1475fc558681fd45030063057370656c6c4d080282a36776657273696f6e04627478a2647265667380646f75747381a100a27163757272656e745f636f7369676e65727378423032393131623864376364663537613165373735383538376466363631373234303762336534353934343030336239386638666265363930643462336364383962317163757272656e745f7468726573686f6c6401716170705f7075626c69635f696e70757473a183616e9820183118cd187f185018f618331891184618c618f2186b184c1875111892182618f618b618bc18f8189c1718d0189918d218ed18b718d018c6188e18fa18f39820120918ee184118a3183218ba185e0f18df1865101893181b183b181b186318df1884186e0a1896183318321704186a181918a1188a184f0ba166616374696f6e666465706c6f7999010418a41859184c18590c07183318ba18cc182118fb18981872188818f7186a188918f1185818bc0918bd188c18b818b5182118a702141818188a18cb1860188b18551845151833171867182c185418ba18bb187d18aa18ee1820186e18d01718b21888182c183c183118aa18a3187018a0182e18b518c4188b18eb186c182b18a5181b182e0418af188218a81854184f18e218a91898185c186818a4184018f2184318610218ff184418eb18e9183818d118f618f015188018c418940d0e18e918a3181f184518cd18bc186618270a186a184418ac188c0c1828187f18d418934d0c011836189718e118f918520c1618da186b1823185618d818850e188b18ae183f182b18f718c118ba1829185b1518a118bc18ef18c4183418e71820187a188a1018e718a118e71847189618f918e618c01896183f18f90a1879182d182418c918d8189118bc186f184618b518f8189b189e1823184d189e18c3186e18d9060a18da182818b718e41846185c185a00183f18fc182b18b018ec182518e118281849189f181f189718e81841189318eb1831186618da184e18c51849187a189618641218cf18631318c81865189518691886182e183c18f418b318c0188b18b2183b1833189118190b18e218b918ff18be18f6189c1860188318c3184e18a901187618cd18bb182418e00918d118e968202b68ce5bd265251b3fd86efd54830adf48696ebda61b3540f304ebf5676b6a67ac21c02b68ce5bd265251b3fd86efd54830adf48696ebda61b3540f304ebf5676b6a6700000000

      at src/core/charms-sdk.ts:16:11

  console.info
    Executed successfully: version: 4
    apps:
      $0000: n/31cd7f50f6339146c6f26b4c75119226f6b6bcf89c17d099d2edb7d0c68efaf3/1209ee41a332ba5e0fdf6510931b3b1b63df846e0a96333217046a19a18a4f0b
    public_args:
      $0000:
        action: deploy
    ins: []
    outs:
    - charms:
        $0000:
          current_cosigners: 02911b8d7cdf57a1e7758587df66172407b3e45944003b98f8fbe690d4b3cd89b1
          current_threshold: 1

      at src/core/charms-sdk.ts:34:13

  console.log
    !!! 1 {
      spendable: true,
      value: 2499998031,
      txid: 'efd8fd3729bf8d421e8abb3e4997013e1fd3277f0bb0408bcf6d4e63f25ad620',
      vout: 1
    } undefined

      at src/core/spells.ts:216:12

  console.info
    Executing command: /Users/gadiguy/workspace/charms/target/release/charms tx show-spell --tx 020000000001010000000000000000000000000000000000000000000000000000000000000000ffffffff0402b80200ffffffff02205fa01200000000160014be438a2710f608303168dfde261068040a60fb7a0000000000000000266a24aa21a9ede2f61c3f71d1defd3fa999dfa36953755c690689799962b48bebd836974e8cf90120000000000000000000000000000000000000000000000000000000000000000000000000

      at src/core/charms-sdk.ts:16:11

  console.error
    Stderr: No spell found in the transaction

      30 | 				}
      31 | 				if (stderr) {
    > 32 | 					console.error(`Stderr: ${stderr}`);
         | 					        ^
      33 | 				}
      34 | 				console.info(`Executed successfully: ${stdout}`);
      35 | 				resolve(stdout);

      at src/core/charms-sdk.ts:32:14

  console.info
    Executed successfully:

      at src/core/charms-sdk.ts:34:13

  console.log
    !!! 1 {
      spendable: true,
      value: 312500000,
      txid: 'ca4bb22800e988bee9ae0a2a83421f7abdb16d63087d168115dfc7f715d52de5',
      vout: 0
    } undefined

      at src/core/spells.ts:216:12

  console.info
    Executing command: /Users/gadiguy/workspace/charms/target/release/charms tx show-spell --tx 020000000001010000000000000000000000000000000000000000000000000000000000000000ffffffff0402bc0100ffffffff02807c814a000000001600148dae6f2122b28418b4dcd043140798d3d20390c90000000000000000266a24aa21a9ede2f61c3f71d1defd3fa999dfa36953755c690689799962b48bebd836974e8cf90120000000000000000000000000000000000000000000000000000000000000000000000000

      at src/core/charms-sdk.ts:16:11

  console.error
    Stderr: No spell found in the transaction

      30 | 				}
      31 | 				if (stderr) {
    > 32 | 					console.error(`Stderr: ${stderr}`);
         | 					        ^
      33 | 				}
      34 | 				console.info(`Executed successfully: ${stdout}`);
      35 | 				resolve(stdout);

      at src/core/charms-sdk.ts:32:14

  console.info
    Executed successfully:

      at src/core/charms-sdk.ts:34:13

  console.log
    !!! 1 {
      spendable: true,
      value: 1250000000,
      txid: 'f7dc97ecc60437ace7a4f9a80097ffad1310328eebd58652a9e5427753dea4bc',
      vout: 0
    } undefined

      at src/core/spells.ts:216:12

  console.info
    Executing command: /Users/gadiguy/workspace/charms/target/release/charms tx show-spell --tx 02000000000101b714f7e6420d72bd38417020e2674ecd265451209c873aa12f1d47629d443f450000000000ffffffff02e803000000000000225120037fbfa04399a85204f9b15d1ceff7e1791ce90a3cc7e0d3c768f4feae58440c8be2052a0100000016001485e38bea79643bb2b8e7589178bad1575ab3ae7303415e7058c0dff09cd1d2cc93620e4b784ccc41ea3b4c921b117914bdf518ba3f4c0c1eab65fb99cff00c33e2034ebd42e56c1bcc9c2e3a0879adcca4258c4cf11e81fd59030063057370656c6c4d080282a36776657273696f6e04627478a2647265667380646f75747381a100a3667469636b657269475241494c2d4e46547163757272656e745f636f7369676e6572737840623935353532613666613631656135363137316536653236306364626135376432353062343462613132333464633932386131373736393866336630313664617163757272656e745f7468726573686f6c6401716170705f7075626c69635f696e70757473a183616e982018951118bb18ba1869189c18f918f118bf187f18e91018e21853186a185118d9181a18af182118a918b8184818ca1821185c06189d18c6187618361879982018f418e1091831189618f3181f0f188e18be1856183c1880186018940a18271871181e170218d808184a181c14182c0718f318ab12182da166616374696f6e666465706c6f7999010418a41859184c1859181c188c18b9186818b0187f189e186818801851186718f1184418fb186f184e18cc1871186418bb04189a1891185d188818ce06187018921841185518471827185b18ac18c4189c18b8182e185b181c18c218e8187618f7184c184218961883081827184518c718ff185518fb18cb18c218ac184a18391819181f18d4182f1895184b189518f8184518bd18551824188118bc185a18f918a804184718961859181818fa0e18560418a418cb189015189b18fd18d918f418870e18c618ed18a51876185318b9182708184d20013418b4185118a018fa18ff18c11854185b18cf18bd181c18781856187718c2182018ef182a141850186218e40218cb18ca18a718d20018be101866184a18740018e8184718d91821186d1718e2189b1853185b18f9184b186f1897187d188e18fe1881185a189a182c18b218930a187218fe183c183c18c2185e188c18de18631835185c185a1821187b18a4182618dd185618af187c18ba187518b918a318fd18ce18df0b181918db183918851890185618bb1859185f18e318bf18af1829184c18ca187a18ff18e018b218f4183718cc18b3188718a618500718ac189118a0187118bd18260518e418f41863189d189518671856189b186718400c1897182e182f185318c9188918b1188e184d1218b7187e18cf182618231418bd18b1182e6820e173fc99a7b1aadaa8e376dd0af957aadcc395aac5f663b18ac49bb7e5abc2baac21c1e173fc99a7b1aadaa8e376dd0af957aadcc395aac5f663b18ac49bb7e5abc2ba00000000

      at src/core/charms-sdk.ts:16:11

  console.info
    Executed successfully: version: 4
    apps:
      $0000: n/9511bbba699cf9f1bf7fe910e2536a51d91aaf21a9b848ca215c069dc6763679/f4e1093196f31f0f8ebe563c8060940a27711e1702d8084a1c142c07f3ab122d
    public_args:
      $0000:
        action: deploy
    ins: []
    outs:
    - charms:
        $0000:
          ticker: GRAIL-NFT
          current_cosigners: b95552a6fa61ea56171e6e260cdba57d250b44ba1234dc928a177698f3f016da
          current_threshold: 1

      at src/core/charms-sdk.ts:34:13

  console.log
    !!! 1 {
      spendable: true,
      value: 4999996043,
      txid: '5a86db27901c85af6d7287d0433c38ecde8e17eb68e1d894121fb37badfd86db',
      vout: 1
    } undefined

      at src/core/spells.ts:216:12

  console.info
    Executing command: /Users/gadiguy/workspace/charms/target/release/charms tx show-spell --tx 020000000001010000000000000000000000000000000000000000000000000000000000000000ffffffff0402ef0000ffffffff0200f9029500000000160014c9d9cdc3642ca0458ccf3b6082b251ab8aa241730000000000000000266a24aa21a9ede2f61c3f71d1defd3fa999dfa36953755c690689799962b48bebd836974e8cf90120000000000000000000000000000000000000000000000000000000000000000000000000

      at src/core/charms-sdk.ts:16:11

  console.error
    Stderr: No spell found in the transaction

      30 | 				}
      31 | 				if (stderr) {
    > 32 | 					console.error(`Stderr: ${stderr}`);
         | 					        ^
      33 | 				}
      34 | 				console.info(`Executed successfully: ${stdout}`);
      35 | 				resolve(stdout);

      at src/core/charms-sdk.ts:32:14

  console.info
    Executed successfully:

      at src/core/charms-sdk.ts:34:13

  console.log
    !!! 1 {
      spendable: true,
      value: 2500000000,
      txid: 'bd4b34684ae9f2b12ee01fb15ee4ba712b3693163488cee1056f3ae99f08ae30',
      vout: 0
    } undefined

      at src/core/spells.ts:216:12

  console.info
    Executing command: /Users/gadiguy/workspace/charms/target/release/charms tx show-spell --tx 020000000001010000000000000000000000000000000000000000000000000000000000000000ffffffff0402c30100ffffffff0240be4025000000001600148dae6f2122b28418b4dcd043140798d3d20390c90000000000000000266a24aa21a9ede2f61c3f71d1defd3fa999dfa36953755c690689799962b48bebd836974e8cf90120000000000000000000000000000000000000000000000000000000000000000000000000

      at src/core/charms-sdk.ts:16:11

  console.error
    Stderr: No spell found in the transaction

      30 | 				}
      31 | 				if (stderr) {
    > 32 | 					console.error(`Stderr: ${stderr}`);
         | 					        ^
      33 | 				}
      34 | 				console.info(`Executed successfully: ${stdout}`);
      35 | 				resolve(stdout);

      at src/core/charms-sdk.ts:32:14

  console.info
    Executed successfully:

      at src/core/charms-sdk.ts:34:13

  console.log
    !!! 1 {
      spendable: true,
      value: 625000000,
      txid: 'bed7b67801297e93273872d978754cce61f4b19a4506ad5d1c67ef3a3680028a',
      vout: 0
    } undefined

      at src/core/spells.ts:216:12

  console.info
    Executing command: /Users/gadiguy/workspace/charms/target/release/charms tx show-spell --tx 020000000001010000000000000000000000000000000000000000000000000000000000000000ffffffff0402ee0000ffffffff0200f9029500000000160014c9d9cdc3642ca0458ccf3b6082b251ab8aa241730000000000000000266a24aa21a9ede2f61c3f71d1defd3fa999dfa36953755c690689799962b48bebd836974e8cf90120000000000000000000000000000000000000000000000000000000000000000000000000

      at src/core/charms-sdk.ts:16:11

  console.error
    Stderr: No spell found in the transaction

      30 | 				}
      31 | 				if (stderr) {
    > 32 | 					console.error(`Stderr: ${stderr}`);
         | 					        ^
      33 | 				}
      34 | 				console.info(`Executed successfully: ${stdout}`);
      35 | 				resolve(stdout);

      at src/core/charms-sdk.ts:32:14

  console.info
    Executed successfully:

      at src/core/charms-sdk.ts:34:13

  console.log
    !!! 1 {
      spendable: true,
      value: 2500000000,
      txid: 'a2ef878388f67b92f064f50b5b7ca5fc04a7ef29c23c6ed54552a03bf7bda8b0',
      vout: 0
    } undefined

      at src/core/spells.ts:216:12

  console.info
    Executing command: /Users/gadiguy/workspace/charms/target/release/charms tx show-spell --tx 020000000001010000000000000000000000000000000000000000000000000000000000000000ffffffff03017700ffffffff0200f2052a01000000160014c9d9cdc3642ca0458ccf3b6082b251ab8aa241730000000000000000266a24aa21a9ede2f61c3f71d1defd3fa999dfa36953755c690689799962b48bebd836974e8cf90120000000000000000000000000000000000000000000000000000000000000000000000000

      at src/core/charms-sdk.ts:16:11

  console.error
    Stderr: No spell found in the transaction

      30 | 				}
      31 | 				if (stderr) {
    > 32 | 					console.error(`Stderr: ${stderr}`);
         | 					        ^
      33 | 				}
      34 | 				console.info(`Executed successfully: ${stdout}`);
      35 | 				resolve(stdout);

      at src/core/charms-sdk.ts:32:14

  console.info
    Executed successfully:

      at src/core/charms-sdk.ts:34:13

  console.log
    !!! 1 {
      spendable: true,
      value: 5000000000,
      txid: '5713f28eada2f6ad8e1e4b0efe0c508f2db63125d03087334d0a3873f5a70500',
      vout: 0
    } undefined

      at src/core/spells.ts:216:12

  console.info
    Executing command: /Users/gadiguy/workspace/charms/target/release/charms tx show-spell --tx 02000000000101177b3d9799412bb024934f75b4258931c1f3bcb4a0335feb1c46d8f276e533330000000000ffffffff02e903000000000000225120037fbfa04399a85204f9b15d1ceff7e1791ce90a3cc7e0d3c768f4feae58440c44f102950000000016001449958256124e8958646d69a87a575bbc9bc45cce0341dcbab2b448f31c6ec198414df0f0cf778b51578e3f1e9dc0670c239466ba925a9e3db405e0190cac674484c2f9fd8598f4f57058505289d084f744892ba3968381fd5a030063057370656c6c4d080282a36776657273696f6e04627478a2647265667380646f75747381a100a3667469636b657269475241494c2d4e46547163757272656e745f636f7369676e6572737840623935353532613666613631656135363137316536653236306364626135376432353062343462613132333464633932386131373736393866336630313664617163757272656e745f7468726573686f6c6401716170705f7075626c69635f696e70757473a183616e982018401834184218b3182e186718cc18d9183a187918b7186b181c18f318f9189c187d184618b318b318ca18af18f418d715184a18a918b5181f186d183118aa98200c18ec18a2184118d81861183b0d18f8184514041318401846186f18f81827182918601827188e1889081845183718d918341880185418ef1854a166616374696f6e666465706c6f7999010418a41859184c1859140b189f18e6181d1018bc188c18a01896189818fb183718de185e185718a61886187f18c51849188e18f718d4189f18da18bc18d01859187b18f218980c1855184c1875183e18d718ac18921894185518b318fb18ee182918f7181a181a185b18e818a118e518fc187a185d186d184a0618ff18d618b5188618671821031854182c184b0718d6184a18cf18aa18ed185018d918a718301890189e187e189a18471872185f18c018931849182a186518e418a1187518bc01181e18bb1827187118a31866184d2101d0188518d21896187318781820188f18b8189b18ed187b18a71843188d188c1844184118bf18fc18d8184618b4183318d0181f02186418c818bf185e07184318911895188d188c189d18fe1886186e18b118c218e6184818b51833185f18e2182018790d186b18ff18ad1867183a18b218201857189d18c008186c18dc0f18be1879188618d718331847187b189a18ac184a18a51218e2185d1888189118e7188c18441318c518af0018c106183f184118e318b6189f011873189a18f218ac17184b181b184e18d3189a18c718b0187f18bc18c1187e188c18851869182d18c518fd186618770a09187618c018a816184318e50c18d1182f18f518a6184218e5187815131871182918d7186418d218a9187b18c31842189b18a0185a18ae182706682049b315d01aec862bf4bebe189a229f6baddacdff27cf8048d355a383b7616538ac21c149b315d01aec862bf4bebe189a229f6baddacdff27cf8048d355a383b761653800000000

      at src/core/charms-sdk.ts:16:11

  console.info
    Executed successfully: version: 4
    apps:
      $0000: n/403442b32e67ccd93a79b76b1cf3f99c7d46b3b3caaff4d7154aa9b51f6d31aa/0ceca241d8613b0df84514041340466ff8272960278e89084537d9348054ef54
    public_args:
      $0000:
        action: deploy
    ins: []
    outs:
    - charms:
        $0000:
          ticker: GRAIL-NFT
          current_cosigners: b95552a6fa61ea56171e6e260cdba57d250b44ba1234dc928a177698f3f016da
          current_threshold: 1

      at src/core/charms-sdk.ts:34:13

  console.log
    !!! 1 {
      spendable: true,
      value: 2499998020,
      txid: 'fd70804cbaa929cf9d04e32bdb9c72c5c2bbfa208fcf481ea39a7ef7ec813f15',
      vout: 1
    } undefined

      at src/core/spells.ts:216:12

  console.info
    Executing command: /Users/gadiguy/workspace/charms/target/release/charms tx show-spell --tx 020000000001010000000000000000000000000000000000000000000000000000000000000000ffffffff04024b0400ffffffff02e40b540200000000160014c699b99a00cc336f2cd3615b2361af367128c86a0000000000000000266a24aa21a9ede2f61c3f71d1defd3fa999dfa36953755c690689799962b48bebd836974e8cf90120000000000000000000000000000000000000000000000000000000000000000000000000

      at src/core/charms-sdk.ts:16:11

  console.error
    Stderr: No spell found in the transaction

      30 | 				}
      31 | 				if (stderr) {
    > 32 | 					console.error(`Stderr: ${stderr}`);
         | 					        ^
      33 | 				}
      34 | 				console.info(`Executed successfully: ${stdout}`);
      35 | 				resolve(stdout);

      at src/core/charms-sdk.ts:32:14

  console.info
    Executed successfully:

      at src/core/charms-sdk.ts:34:13

  console.log
    !!! 1 {
      spendable: true,
      value: 39062500,
      txid: '737e7fe6991bca4af3357228185063d2b4c2d71281f34a89df790b4608e2b956',
      vout: 0
    } undefined

      at src/core/spells.ts:216:12

  console.info
    Executing command: /Users/gadiguy/workspace/charms/target/release/charms tx show-spell --tx 020000000001010000000000000000000000000000000000000000000000000000000000000000ffffffff0402f20000ffffffff0200f9029500000000160014c9d9cdc3642ca0458ccf3b6082b251ab8aa241730000000000000000266a24aa21a9ede2f61c3f71d1defd3fa999dfa36953755c690689799962b48bebd836974e8cf90120000000000000000000000000000000000000000000000000000000000000000000000000

      at src/core/charms-sdk.ts:16:11

  console.error
    Stderr: No spell found in the transaction

      30 | 				}
      31 | 				if (stderr) {
    > 32 | 					console.error(`Stderr: ${stderr}`);
         | 					        ^
      33 | 				}
      34 | 				console.info(`Executed successfully: ${stdout}`);
      35 | 				resolve(stdout);

      at src/core/charms-sdk.ts:32:14

  console.info
    Executed successfully:

      at src/core/charms-sdk.ts:34:13

  console.log
    !!! 1 {
      spendable: true,
      value: 2500000000,
      txid: 'b6dbd68e32e2bc4d17e8f1e956feb3dddac3dc8afb16f1628f4f8ce26400db0d',
      vout: 0
    } undefined

      at src/core/spells.ts:216:12

  console.info
    Executing command: /Users/gadiguy/workspace/charms/target/release/charms tx show-spell --tx 020000000001010000000000000000000000000000000000000000000000000000000000000000ffffffff0402320300ffffffff02902f500900000000160014df2907ba1c43324bcddd8f295bb3d2d09dd62c290000000000000000266a24aa21a9ede2f61c3f71d1defd3fa999dfa36953755c690689799962b48bebd836974e8cf90120000000000000000000000000000000000000000000000000000000000000000000000000

      at src/core/charms-sdk.ts:16:11

  console.error
    Stderr: No spell found in the transaction

      30 | 				}
      31 | 				if (stderr) {
    > 32 | 					console.error(`Stderr: ${stderr}`);
         | 					        ^
      33 | 				}
      34 | 				console.info(`Executed successfully: ${stdout}`);
      35 | 				resolve(stdout);

      at src/core/charms-sdk.ts:32:14

  console.info
    Executed successfully:

      at src/core/charms-sdk.ts:34:13

  console.log
    !!! 1 {
      spendable: true,
      value: 156250000,
      txid: 'f397e9149d377c4e0ceca013020e49ec7f472928e6981439e678625cf176d6d1',
      vout: 0
    } undefined

      at src/core/spells.ts:216:12

  console.info
    Executing command: /Users/gadiguy/workspace/charms/target/release/charms tx show-spell --tx 020000000001010000000000000000000000000000000000000000000000000000000000000000ffffffff0402520100ffffffff02807c814a00000000160014c9d9cdc3642ca0458ccf3b6082b251ab8aa241730000000000000000266a24aa21a9ede2f61c3f71d1defd3fa999dfa36953755c690689799962b48bebd836974e8cf90120000000000000000000000000000000000000000000000000000000000000000000000000

      at src/core/charms-sdk.ts:16:11

  console.error
    Stderr: No spell found in the transaction

      30 | 				}
      31 | 				if (stderr) {
    > 32 | 					console.error(`Stderr: ${stderr}`);
         | 					        ^
      33 | 				}
      34 | 				console.info(`Executed successfully: ${stdout}`);
      35 | 				resolve(stdout);

      at src/core/charms-sdk.ts:32:14

  console.info
    Executed successfully:

      at src/core/charms-sdk.ts:34:13

  console.log
    !!! 1 {
      spendable: true,
      value: 1250000000,
      txid: 'c5716f9822fc13f19c78eef64e2146bd3c044d7d0f5f207c3998cbf042b3f47f',
      vout: 0
    } undefined

      at src/core/spells.ts:216:12

  console.info
    Executing command: /Users/gadiguy/workspace/charms/target/release/charms tx show-spell --tx 020000000001010000000000000000000000000000000000000000000000000000000000000000ffffffff04022a0200ffffffff0240be402500000000160014565dbe4e929f0f3587ef4ff2533f3dd04fce75c70000000000000000266a24aa21a9ede2f61c3f71d1defd3fa999dfa36953755c690689799962b48bebd836974e8cf90120000000000000000000000000000000000000000000000000000000000000000000000000

      at src/core/charms-sdk.ts:16:11

  console.error
    Stderr: No spell found in the transaction

      30 | 				}
      31 | 				if (stderr) {
    > 32 | 					console.error(`Stderr: ${stderr}`);
         | 					        ^
      33 | 				}
      34 | 				console.info(`Executed successfully: ${stdout}`);
      35 | 				resolve(stdout);

      at src/core/charms-sdk.ts:32:14

  console.info
    Executed successfully:

      at src/core/charms-sdk.ts:34:13

  console.log
    !!! 1 {
      spendable: true,
      value: 625000000,
      txid: '4a86f52701962ef24c501f47fc515303ad01803bcf782bbd4bc621485133794b',
      vout: 0
    } undefined

      at src/core/spells.ts:216:12

  console.info
    Executing command: /Users/gadiguy/workspace/charms/target/release/charms tx show-spell --tx 020000000001010000000000000000000000000000000000000000000000000000000000000000ffffffff0402a70000ffffffff0200f9029500000000160014c9d9cdc3642ca0458ccf3b6082b251ab8aa241730000000000000000266a24aa21a9ede2f61c3f71d1defd3fa999dfa36953755c690689799962b48bebd836974e8cf90120000000000000000000000000000000000000000000000000000000000000000000000000

      at src/core/charms-sdk.ts:16:11

  console.error
    Stderr: No spell found in the transaction

      30 | 				}
      31 | 				if (stderr) {
    > 32 | 					console.error(`Stderr: ${stderr}`);
         | 					        ^
      33 | 				}
      34 | 				console.info(`Executed successfully: ${stdout}`);
      35 | 				resolve(stdout);

      at src/core/charms-sdk.ts:32:14

  console.info
    Executed successfully:

      at src/core/charms-sdk.ts:34:13

  console.log
    !!! 1 {
      spendable: true,
      value: 2500000000,
      txid: 'fbbeb145f54da641d91aa100ea37a0b98b0af2085e239e94a8ad4a9239b7ccdc',
      vout: 0
    } undefined

      at src/core/spells.ts:216:12

  console.info
    Executing command: /Users/gadiguy/workspace/charms/target/release/charms tx show-spell --tx 020000000001010000000000000000000000000000000000000000000000000000000000000000ffffffff0402d30200ffffffff02205fa01200000000160014be438a2710f608303168dfde261068040a60fb7a0000000000000000266a24aa21a9ede2f61c3f71d1defd3fa999dfa36953755c690689799962b48bebd836974e8cf90120000000000000000000000000000000000000000000000000000000000000000000000000

      at src/core/charms-sdk.ts:16:11

  console.error
    Stderr: No spell found in the transaction

      30 | 				}
      31 | 				if (stderr) {
    > 32 | 					console.error(`Stderr: ${stderr}`);
         | 					        ^
      33 | 				}
      34 | 				console.info(`Executed successfully: ${stdout}`);
      35 | 				resolve(stdout);

      at src/core/charms-sdk.ts:32:14

  console.info
    Executed successfully:

      at src/core/charms-sdk.ts:34:13

  console.log
    !!! 1 {
      spendable: true,
      value: 312500000,
      txid: '6ad03990a3f596aadef1201c39c105ed20f18005df19c4fcda387b9a5d87a4ac',
      vout: 0
    } undefined

      at src/core/spells.ts:216:12

  console.info
    Executing command: /Users/gadiguy/workspace/charms/target/release/charms tx show-spell --tx 020000000001010000000000000000000000000000000000000000000000000000000000000000ffffffff0402c20000ffffffff0200f9029500000000160014c9d9cdc3642ca0458ccf3b6082b251ab8aa241730000000000000000266a24aa21a9ede2f61c3f71d1defd3fa999dfa36953755c690689799962b48bebd836974e8cf90120000000000000000000000000000000000000000000000000000000000000000000000000

      at src/core/charms-sdk.ts:16:11

  console.error
    Stderr: No spell found in the transaction

      30 | 				}
      31 | 				if (stderr) {
    > 32 | 					console.error(`Stderr: ${stderr}`);
         | 					        ^
      33 | 				}
      34 | 				console.info(`Executed successfully: ${stdout}`);
      35 | 				resolve(stdout);

      at src/core/charms-sdk.ts:32:14

  console.info
    Executed successfully:

      at src/core/charms-sdk.ts:34:13

  console.log
    !!! 1 {
      spendable: true,
      value: 2500000000,
      txid: '07b4cf823f5d0e3a877e496f502d43616e60f273dfaa6fc3f8a69db27fdba8d9',
      vout: 0
    } undefined

      at src/core/spells.ts:216:12

  console.info
    Executing command: /Users/gadiguy/workspace/charms/target/release/charms tx show-spell --tx 020000000001010000000000000000000000000000000000000000000000000000000000000000ffffffff0402a20000ffffffff0200f9029500000000160014c9d9cdc3642ca0458ccf3b6082b251ab8aa241730000000000000000266a24aa21a9ede2f61c3f71d1defd3fa999dfa36953755c690689799962b48bebd836974e8cf90120000000000000000000000000000000000000000000000000000000000000000000000000

      at src/core/charms-sdk.ts:16:11

  console.error
    Stderr: No spell found in the transaction

      30 | 				}
      31 | 				if (stderr) {
    > 32 | 					console.error(`Stderr: ${stderr}`);
         | 					        ^
      33 | 				}
      34 | 				console.info(`Executed successfully: ${stdout}`);
      35 | 				resolve(stdout);

      at src/core/charms-sdk.ts:32:14

  console.info
    Executed successfully:

      at src/core/charms-sdk.ts:34:13

  console.log
    !!! 1 {
      spendable: true,
      value: 2500000000,
      txid: '9067defc05b92e84c5a2ea8866ef39513e64d0bbf90f2e398db583b55c2d6c02',
      vout: 0
    } undefined

      at src/core/spells.ts:216:12

  console.info
    Executing command: /Users/gadiguy/workspace/charms/target/release/charms tx show-spell --tx 020000000001010000000000000000000000000000000000000000000000000000000000000000ffffffff0402ca0100ffffffff0240be4025000000001600148dae6f2122b28418b4dcd043140798d3d20390c90000000000000000266a24aa21a9ede2f61c3f71d1defd3fa999dfa36953755c690689799962b48bebd836974e8cf90120000000000000000000000000000000000000000000000000000000000000000000000000

      at src/core/charms-sdk.ts:16:11

  console.error
    Stderr: No spell found in the transaction

      30 | 				}
      31 | 				if (stderr) {
    > 32 | 					console.error(`Stderr: ${stderr}`);
         | 					        ^
      33 | 				}
      34 | 				console.info(`Executed successfully: ${stdout}`);
      35 | 				resolve(stdout);

      at src/core/charms-sdk.ts:32:14

  console.info
    Executed successfully:

      at src/core/charms-sdk.ts:34:13

  console.log
    !!! 1 {
      spendable: true,
      value: 625000000,
      txid: 'd84069507145b198723d88b917a16d79f77c16d7b7892d050bc9dc5d7b5e2467',
      vout: 0
    } undefined

      at src/core/spells.ts:216:12

  console.info
    Executing command: /Users/gadiguy/workspace/charms/target/release/charms tx show-spell --tx 020000000001010000000000000000000000000000000000000000000000000000000000000000ffffffff04027f0100ffffffff02807c814a00000000160014c9d9cdc3642ca0458ccf3b6082b251ab8aa241730000000000000000266a24aa21a9ede2f61c3f71d1defd3fa999dfa36953755c690689799962b48bebd836974e8cf90120000000000000000000000000000000000000000000000000000000000000000000000000

      at src/core/charms-sdk.ts:16:11

  console.error
    Stderr: No spell found in the transaction

      30 | 				}
      31 | 				if (stderr) {
    > 32 | 					console.error(`Stderr: ${stderr}`);
         | 					        ^
      33 | 				}
      34 | 				console.info(`Executed successfully: ${stdout}`);
      35 | 				resolve(stdout);

      at src/core/charms-sdk.ts:32:14

  console.info
    Executed successfully:

      at src/core/charms-sdk.ts:34:13

  console.log
    !!! 1 {
      spendable: true,
      value: 1250000000,
      txid: '544796677d1844bcf428518ff3ad2b6ad7cd9093b3404e288191407227beef30',
      vout: 0
    } undefined

      at src/core/spells.ts:216:12

  console.info
    Executing command: /Users/gadiguy/workspace/charms/target/release/charms tx show-spell --tx 020000000001010000000000000000000000000000000000000000000000000000000000000000ffffffff0402fd0100ffffffff0240be4025000000001600148dae6f2122b28418b4dcd043140798d3d20390c90000000000000000266a24aa21a9ede2f61c3f71d1defd3fa999dfa36953755c690689799962b48bebd836974e8cf90120000000000000000000000000000000000000000000000000000000000000000000000000

      at src/core/charms-sdk.ts:16:11

  console.error
    Stderr: No spell found in the transaction

      30 | 				}
      31 | 				if (stderr) {
    > 32 | 					console.error(`Stderr: ${stderr}`);
         | 					        ^
      33 | 				}
      34 | 				console.info(`Executed successfully: ${stdout}`);
      35 | 				resolve(stdout);

      at src/core/charms-sdk.ts:32:14

  console.info
    Executed successfully:

      at src/core/charms-sdk.ts:34:13

  console.log
    !!! 1 {
      spendable: true,
      value: 625000000,
      txid: 'c9a12b1a5e935e06a56cba3be78225da485d565f21a38a3a4259c6c7f828eb8b',
      vout: 0
    } undefined

      at src/core/spells.ts:216:12

  console.info
    Executing command: /Users/gadiguy/workspace/charms/target/release/charms tx show-spell --tx 020000000001010000000000000000000000000000000000000000000000000000000000000000ffffffff0402850200ffffffff02205fa01200000000160014be438a2710f608303168dfde261068040a60fb7a0000000000000000266a24aa21a9ede2f61c3f71d1defd3fa999dfa36953755c690689799962b48bebd836974e8cf90120000000000000000000000000000000000000000000000000000000000000000000000000

      at src/core/charms-sdk.ts:16:11

  console.error
    Stderr: No spell found in the transaction

      30 | 				}
      31 | 				if (stderr) {
    > 32 | 					console.error(`Stderr: ${stderr}`);
         | 					        ^
      33 | 				}
      34 | 				console.info(`Executed successfully: ${stdout}`);
      35 | 				resolve(stdout);

      at src/core/charms-sdk.ts:32:14

  console.info
    Executed successfully:

      at src/core/charms-sdk.ts:34:13

  console.log
    !!! 1 {
      spendable: true,
      value: 312500000,
      txid: 'c99adc19d98def9ce1749051cfae0968f60da9bed903682d33f5ad3463de215c',
      vout: 0
    } undefined

      at src/core/spells.ts:216:12

  console.info
    Executing command: /Users/gadiguy/workspace/charms/target/release/charms tx show-spell --tx 020000000001010000000000000000000000000000000000000000000000000000000000000000ffffffff04026f0400ffffffff02e40b540200000000160014c699b99a00cc336f2cd3615b2361af367128c86a0000000000000000266a24aa21a9ede2f61c3f71d1defd3fa999dfa36953755c690689799962b48bebd836974e8cf90120000000000000000000000000000000000000000000000000000000000000000000000000

      at src/core/charms-sdk.ts:16:11

  console.error
    Stderr: No spell found in the transaction

      30 | 				}
      31 | 				if (stderr) {
    > 32 | 					console.error(`Stderr: ${stderr}`);
         | 					        ^
      33 | 				}
      34 | 				console.info(`Executed successfully: ${stdout}`);
      35 | 				resolve(stdout);

      at src/core/charms-sdk.ts:32:14

  console.info
    Executed successfully:

      at src/core/charms-sdk.ts:34:13

  console.log
    !!! 1 {
      spendable: true,
      value: 39062500,
      txid: '672c70403bf84d9fbc4e66268468639e3e41befed4cbe0fbc25442289f268c8d',
      vout: 0
    } undefined

      at src/core/spells.ts:216:12

  console.info
    Executing command: /Users/gadiguy/workspace/charms/target/release/charms tx show-spell --tx 020000000001010000000000000000000000000000000000000000000000000000000000000000ffffffff0402e60300ffffffff02c817a80400000000160014b3455ce530ba44de213c9a78c2d662785143c5f40000000000000000266a24aa21a9ede2f61c3f71d1defd3fa999dfa36953755c690689799962b48bebd836974e8cf90120000000000000000000000000000000000000000000000000000000000000000000000000

      at src/core/charms-sdk.ts:16:11

  console.error
    Stderr: No spell found in the transaction

      30 | 				}
      31 | 				if (stderr) {
    > 32 | 					console.error(`Stderr: ${stderr}`);
         | 					        ^
      33 | 				}
      34 | 				console.info(`Executed successfully: ${stdout}`);
      35 | 				resolve(stdout);

      at src/core/charms-sdk.ts:32:14

  console.info
    Executed successfully:

      at src/core/charms-sdk.ts:34:13

  console.log
    !!! 1 {
      spendable: true,
      value: 78125000,
      txid: '7c8f8a42bbb6bb4e2d7abc784c601b9fb4a025be5eda534192d44d7e4531f9dc',
      vout: 0
    } undefined

      at src/core/spells.ts:216:12

  console.info
    Executing command: /Users/gadiguy/workspace/charms/target/release/charms tx show-spell --tx 020000000001010000000000000000000000000000000000000000000000000000000000000000ffffffff0402730100ffffffff02807c814a00000000160014c9d9cdc3642ca0458ccf3b6082b251ab8aa241730000000000000000266a24aa21a9ede2f61c3f71d1defd3fa999dfa36953755c690689799962b48bebd836974e8cf90120000000000000000000000000000000000000000000000000000000000000000000000000

      at src/core/charms-sdk.ts:16:11

  console.error
    Stderr: No spell found in the transaction

      30 | 				}
      31 | 				if (stderr) {
    > 32 | 					console.error(`Stderr: ${stderr}`);
         | 					        ^
      33 | 				}
      34 | 				console.info(`Executed successfully: ${stdout}`);
      35 | 				resolve(stdout);

      at src/core/charms-sdk.ts:32:14

  console.info
    Executed successfully:

      at src/core/charms-sdk.ts:34:13

  console.log
    !!! 1 {
      spendable: true,
      value: 1250000000,
      txid: 'ae4fca7f8e6431a38e970e987e6b1077185d8eb23bf484241b698efb04ab0d06',
      vout: 0
    } undefined

      at src/core/spells.ts:216:12

  console.info
    Executing command: /Users/gadiguy/workspace/charms/target/release/charms tx show-spell --tx 020000000001010000000000000000000000000000000000000000000000000000000000000000ffffffff0402460300ffffffff02902f5009000000001600147ee0b7b0a06b1715257f82da01a3a4daa7a6aa780000000000000000266a24aa21a9ede2f61c3f71d1defd3fa999dfa36953755c690689799962b48bebd836974e8cf90120000000000000000000000000000000000000000000000000000000000000000000000000

      at src/core/charms-sdk.ts:16:11

  console.error
    Stderr: No spell found in the transaction

      30 | 				}
      31 | 				if (stderr) {
    > 32 | 					console.error(`Stderr: ${stderr}`);
         | 					        ^
      33 | 				}
      34 | 				console.info(`Executed successfully: ${stdout}`);
      35 | 				resolve(stdout);

      at src/core/charms-sdk.ts:32:14

  console.info
    Executed successfully:

      at src/core/charms-sdk.ts:34:13

  console.log
    !!! 1 {
      spendable: true,
      value: 156250000,
      txid: '80b690d6ce6b384f727a94be6dd27b0b698fd62ec1015a16a7cb02820e8db822',
      vout: 0
    } undefined

      at src/core/spells.ts:216:12

  console.info
    Executing command: /Users/gadiguy/workspace/charms/target/release/charms tx show-spell --tx 020000000001010000000000000000000000000000000000000000000000000000000000000000ffffffff04025d0100ffffffff02807c814a00000000160014c9d9cdc3642ca0458ccf3b6082b251ab8aa241730000000000000000266a24aa21a9ede2f61c3f71d1defd3fa999dfa36953755c690689799962b48bebd836974e8cf90120000000000000000000000000000000000000000000000000000000000000000000000000

      at src/core/charms-sdk.ts:16:11

  console.error
    Stderr: No spell found in the transaction

      30 | 				}
      31 | 				if (stderr) {
    > 32 | 					console.error(`Stderr: ${stderr}`);
         | 					        ^
      33 | 				}
      34 | 				console.info(`Executed successfully: ${stdout}`);
      35 | 				resolve(stdout);

      at src/core/charms-sdk.ts:32:14

  console.info
    Executed successfully:

      at src/core/charms-sdk.ts:34:13

  console.log
    !!! 1 {
      spendable: true,
      value: 1250000000,
      txid: '8b94e939486cf36b7cc4b34c361c2328847f6178eec68181bad6ef90c69b2791',
      vout: 0
    } undefined

      at src/core/spells.ts:216:12

  console.info
    Executing command: /Users/gadiguy/workspace/charms/target/release/charms tx show-spell --tx 020000000001010000000000000000000000000000000000000000000000000000000000000000ffffffff04022b0400ffffffff02e40b540200000000160014c699b99a00cc336f2cd3615b2361af367128c86a0000000000000000266a24aa21a9ede2f61c3f71d1defd3fa999dfa36953755c690689799962b48bebd836974e8cf90120000000000000000000000000000000000000000000000000000000000000000000000000

      at src/core/charms-sdk.ts:16:11

  console.error
    Stderr: No spell found in the transaction

      30 | 				}
      31 | 				if (stderr) {
    > 32 | 					console.error(`Stderr: ${stderr}`);
         | 					        ^
      33 | 				}
      34 | 				console.info(`Executed successfully: ${stdout}`);
      35 | 				resolve(stdout);

      at src/core/charms-sdk.ts:32:14

  console.info
    Executed successfully:

      at src/core/charms-sdk.ts:34:13

  console.log
    !!! 1 {
      spendable: true,
      value: 39062500,
      txid: '18d9fd9a916b53022f0ec63f9666351c45710541e3cf5b0da65b0b81e425c8c5',
      vout: 0
    } undefined

      at src/core/spells.ts:216:12

  console.info
    Executing command: /Users/gadiguy/workspace/charms/target/release/charms tx show-spell --tx 020000000001010000000000000000000000000000000000000000000000000000000000000000ffffffff0402df0000ffffffff0200f9029500000000160014c9d9cdc3642ca0458ccf3b6082b251ab8aa241730000000000000000266a24aa21a9ede2f61c3f71d1defd3fa999dfa36953755c690689799962b48bebd836974e8cf90120000000000000000000000000000000000000000000000000000000000000000000000000

      at src/core/charms-sdk.ts:16:11

  console.error
    Stderr: No spell found in the transaction

      30 | 				}
      31 | 				if (stderr) {
    > 32 | 					console.error(`Stderr: ${stderr}`);
         | 					        ^
      33 | 				}
      34 | 				console.info(`Executed successfully: ${stdout}`);
      35 | 				resolve(stdout);

      at src/core/charms-sdk.ts:32:14

  console.info
    Executed successfully:

      at src/core/charms-sdk.ts:34:13

  console.log
    !!! 1 {
      spendable: true,
      value: 2500000000,
      txid: 'e418a53ededd455249e4dd37bd04c2d7b299a5e7bdffae16020b78517dbe7747',
      vout: 0
    } undefined

      at src/core/spells.ts:216:12

  console.info
    Executing command: /Users/gadiguy/workspace/charms/target/release/charms tx show-spell --tx 020000000001010000000000000000000000000000000000000000000000000000000000000000ffffffff0402ec0100ffffffff0240be4025000000001600148dae6f2122b28418b4dcd043140798d3d20390c90000000000000000266a24aa21a9ede2f61c3f71d1defd3fa999dfa36953755c690689799962b48bebd836974e8cf90120000000000000000000000000000000000000000000000000000000000000000000000000

      at src/core/charms-sdk.ts:16:11

  console.error
    Stderr: No spell found in the transaction

      30 | 				}
      31 | 				if (stderr) {
    > 32 | 					console.error(`Stderr: ${stderr}`);
         | 					        ^
      33 | 				}
      34 | 				console.info(`Executed successfully: ${stdout}`);
      35 | 				resolve(stdout);

      at src/core/charms-sdk.ts:32:14

  console.info
    Executed successfully:

      at src/core/charms-sdk.ts:34:13

  console.log
    !!! 1 {
      spendable: true,
      value: 625000000,
      txid: '2d44ac7fe17d12cb11254fbcb23b40fbf72bac4fbe544297c1fe0dcb34af2dc6',
      vout: 0
    } undefined

      at src/core/spells.ts:216:12

  console.info
    Executing command: /Users/gadiguy/workspace/charms/target/release/charms tx show-spell --tx 020000000001010000000000000000000000000000000000000000000000000000000000000000ffffffff0402190100ffffffff0200f9029500000000160014c9d9cdc3642ca0458ccf3b6082b251ab8aa241730000000000000000266a24aa21a9ede2f61c3f71d1defd3fa999dfa36953755c690689799962b48bebd836974e8cf90120000000000000000000000000000000000000000000000000000000000000000000000000

      at src/core/charms-sdk.ts:16:11

  console.error
    Stderr: No spell found in the transaction

      30 | 				}
      31 | 				if (stderr) {
    > 32 | 					console.error(`Stderr: ${stderr}`);
         | 					        ^
      33 | 				}
      34 | 				console.info(`Executed successfully: ${stdout}`);
      35 | 				resolve(stdout);

      at src/core/charms-sdk.ts:32:14

  console.info
    Executed successfully:

      at src/core/charms-sdk.ts:34:13

  console.log
    !!! 1 {
      spendable: true,
      value: 2500000000,
      txid: '8d73cd03748254abeccf17239599ace1960f29110e05e129dbb5d4284c76ebda',
      vout: 0
    } undefined

      at src/core/spells.ts:216:12

  console.info
    Executing command: /Users/gadiguy/workspace/charms/target/release/charms tx show-spell --tx 020000000001010000000000000000000000000000000000000000000000000000000000000000ffffffff04023a0100ffffffff02807c814a00000000160014c9d9cdc3642ca0458ccf3b6082b251ab8aa241730000000000000000266a24aa21a9ede2f61c3f71d1defd3fa999dfa36953755c690689799962b48bebd836974e8cf90120000000000000000000000000000000000000000000000000000000000000000000000000

      at src/core/charms-sdk.ts:16:11

  console.error
    Stderr: No spell found in the transaction

      30 | 				}
      31 | 				if (stderr) {
    > 32 | 					console.error(`Stderr: ${stderr}`);
         | 					        ^
      33 | 				}
      34 | 				console.info(`Executed successfully: ${stdout}`);
      35 | 				resolve(stdout);

      at src/core/charms-sdk.ts:32:14

  console.info
    Executed successfully:

      at src/core/charms-sdk.ts:34:13

  console.log
    !!! 1 {
      spendable: true,
      value: 1250000000,
      txid: 'f96c3dfcad36fa3cbaa261033e5260dcb8025d70c1ae7ef5b98eeb34b945850d',
      vout: 0
    } undefined

      at src/core/spells.ts:216:12

  console.info
    Executing command: /Users/gadiguy/workspace/charms/target/release/charms tx show-spell --tx 020000000001010000000000000000000000000000000000000000000000000000000000000000ffffffff04024d0400ffffffff02e40b540200000000160014c699b99a00cc336f2cd3615b2361af367128c86a0000000000000000266a24aa21a9ede2f61c3f71d1defd3fa999dfa36953755c690689799962b48bebd836974e8cf90120000000000000000000000000000000000000000000000000000000000000000000000000

      at src/core/charms-sdk.ts:16:11

  console.error
    Stderr: No spell found in the transaction

      30 | 				}
      31 | 				if (stderr) {
    > 32 | 					console.error(`Stderr: ${stderr}`);
         | 					        ^
      33 | 				}
      34 | 				console.info(`Executed successfully: ${stdout}`);
      35 | 				resolve(stdout);

      at src/core/charms-sdk.ts:32:14

  console.info
    Executed successfully:

      at src/core/charms-sdk.ts:34:13

  console.log
    !!! 1 {
      spendable: true,
      value: 39062500,
      txid: '42956c0fda860a614c3f0e505b61fafedea43d57a943266a50c3a25d283d18ec',
      vout: 0
    } undefined

      at src/core/spells.ts:216:12

  console.info
    Executing command: /Users/gadiguy/workspace/charms/target/release/charms tx show-spell --tx 020000000001010000000000000000000000000000000000000000000000000000000000000000ffffffff0402d50000ffffffff0200f9029500000000160014c9d9cdc3642ca0458ccf3b6082b251ab8aa241730000000000000000266a24aa21a9ede2f61c3f71d1defd3fa999dfa36953755c690689799962b48bebd836974e8cf90120000000000000000000000000000000000000000000000000000000000000000000000000

      at src/core/charms-sdk.ts:16:11

  console.error
    Stderr: No spell found in the transaction

      30 | 				}
      31 | 				if (stderr) {
    > 32 | 					console.error(`Stderr: ${stderr}`);
         | 					        ^
      33 | 				}
      34 | 				console.info(`Executed successfully: ${stdout}`);
      35 | 				resolve(stdout);

      at src/core/charms-sdk.ts:32:14

  console.info
    Executed successfully:

      at src/core/charms-sdk.ts:34:13

  console.log
    !!! 1 {
      spendable: true,
      value: 2500000000,
      txid: 'def1c3f620f3633c0e53a1cc6a646157d9f78f4314df6370dde4692c6e689729',
      vout: 0
    } undefined

      at src/core/spells.ts:216:12

  console.info
    Executing command: /Users/gadiguy/workspace/charms/target/release/charms tx show-spell --tx 020000000001010000000000000000000000000000000000000000000000000000000000000000ffffffff0402c30000ffffffff0200f9029500000000160014c9d9cdc3642ca0458ccf3b6082b251ab8aa241730000000000000000266a24aa21a9ede2f61c3f71d1defd3fa999dfa36953755c690689799962b48bebd836974e8cf90120000000000000000000000000000000000000000000000000000000000000000000000000

      at src/core/charms-sdk.ts:16:11

  console.error
    Stderr: No spell found in the transaction

      30 | 				}
      31 | 				if (stderr) {
    > 32 | 					console.error(`Stderr: ${stderr}`);
         | 					        ^
      33 | 				}
      34 | 				console.info(`Executed successfully: ${stdout}`);
      35 | 				resolve(stdout);

      at src/core/charms-sdk.ts:32:14

  console.info
    Executed successfully:

      at src/core/charms-sdk.ts:34:13

  console.log
    !!! 1 {
      spendable: true,
      value: 2500000000,
      txid: '4d07931f12b6d866a8e19b2cc94df7a773f4679660b28343baf76b485ca16164',
      vout: 0
    } undefined

      at src/core/spells.ts:216:12

  console.info
    Executing command: /Users/gadiguy/workspace/charms/target/release/charms tx show-spell --tx 020000000001010000000000000000000000000000000000000000000000000000000000000000ffffffff0402b80000ffffffff0200f9029500000000160014c9d9cdc3642ca0458ccf3b6082b251ab8aa241730000000000000000266a24aa21a9ede2f61c3f71d1defd3fa999dfa36953755c690689799962b48bebd836974e8cf90120000000000000000000000000000000000000000000000000000000000000000000000000

      at src/core/charms-sdk.ts:16:11

  console.error
    Stderr: No spell found in the transaction

      30 | 				}
      31 | 				if (stderr) {
    > 32 | 					console.error(`Stderr: ${stderr}`);
         | 					        ^
      33 | 				}
      34 | 				console.info(`Executed successfully: ${stdout}`);
      35 | 				resolve(stdout);

      at src/core/charms-sdk.ts:32:14

  console.info
    Executed successfully:

      at src/core/charms-sdk.ts:34:13

  console.log
    !!! 1 {
      spendable: true,
      value: 2500000000,
      txid: 'fb9c77c41afe9a5fa3a1d953037574291c00daf28cda2941f683ef33ccbf6b13',
      vout: 0
    } undefined

      at src/core/spells.ts:216:12

  console.info
    Executing command: /Users/gadiguy/workspace/charms/target/release/charms tx show-spell --tx 020000000001010000000000000000000000000000000000000000000000000000000000000000ffffffff0402be0300ffffffff02c817a80400000000160014b3455ce530ba44de213c9a78c2d662785143c5f40000000000000000266a24aa21a9ede2f61c3f71d1defd3fa999dfa36953755c690689799962b48bebd836974e8cf90120000000000000000000000000000000000000000000000000000000000000000000000000

      at src/core/charms-sdk.ts:16:11

  console.error
    Stderr: No spell found in the transaction

      30 | 				}
      31 | 				if (stderr) {
    > 32 | 					console.error(`Stderr: ${stderr}`);
         | 					        ^
      33 | 				}
      34 | 				console.info(`Executed successfully: ${stdout}`);
      35 | 				resolve(stdout);

      at src/core/charms-sdk.ts:32:14

  console.info
    Executed successfully:

      at src/core/charms-sdk.ts:34:13

  console.log
    !!! 1 {
      spendable: true,
      value: 78125000,
      txid: '985647633722febb6f496e861fa35ba4ed67c3327a02f4aca863bc54e7f2fe11',
      vout: 0
    } undefined

      at src/core/spells.ts:216:12

  console.info
    Executing command: /Users/gadiguy/workspace/charms/target/release/charms tx show-spell --tx 020000000001010000000000000000000000000000000000000000000000000000000000000000ffffffff0402620200ffffffff02205fa01200000000160014565dbe4e929f0f3587ef4ff2533f3dd04fce75c70000000000000000266a24aa21a9ede2f61c3f71d1defd3fa999dfa36953755c690689799962b48bebd836974e8cf90120000000000000000000000000000000000000000000000000000000000000000000000000

      at src/core/charms-sdk.ts:16:11

  console.error
    Stderr: No spell found in the transaction

      30 | 				}
      31 | 				if (stderr) {
    > 32 | 					console.error(`Stderr: ${stderr}`);
         | 					        ^
      33 | 				}
      34 | 				console.info(`Executed successfully: ${stdout}`);
      35 | 				resolve(stdout);

      at src/core/charms-sdk.ts:32:14

  console.info
    Executed successfully:

      at src/core/charms-sdk.ts:34:13

  console.log
    !!! 1 {
      spendable: true,
      value: 312500000,
      txid: '089d4f85d16ac6e826973204be306c866f76e5e243da2d6450ee77103f52ad56',
      vout: 0
    } undefined

      at src/core/spells.ts:216:12

  console.info
    Executing command: /Users/gadiguy/workspace/charms/target/release/charms tx show-spell --tx 020000000001010000000000000000000000000000000000000000000000000000000000000000ffffffff0402450100ffffffff02807c814a00000000160014c9d9cdc3642ca0458ccf3b6082b251ab8aa241730000000000000000266a24aa21a9ede2f61c3f71d1defd3fa999dfa36953755c690689799962b48bebd836974e8cf90120000000000000000000000000000000000000000000000000000000000000000000000000

      at src/core/charms-sdk.ts:16:11

  console.error
    Stderr: No spell found in the transaction

      30 | 				}
      31 | 				if (stderr) {
    > 32 | 					console.error(`Stderr: ${stderr}`);
         | 					        ^
      33 | 				}
      34 | 				console.info(`Executed successfully: ${stdout}`);
      35 | 				resolve(stdout);

      at src/core/charms-sdk.ts:32:14

  console.info
    Executed successfully:

      at src/core/charms-sdk.ts:34:13

  console.log
    !!! 1 {
      spendable: true,
      value: 1250000000,
      txid: 'b31d21baa60e8f6d9bcc2bda166b16826b9af5c612e2a4fe9d9fcfa75f1ce20d',
      vout: 0
    } undefined

      at src/core/spells.ts:216:12

  console.info
    Executing command: /Users/gadiguy/workspace/charms/target/release/charms tx show-spell --tx 020000000001010000000000000000000000000000000000000000000000000000000000000000ffffffff03017d00ffffffff0200f2052a01000000160014c9d9cdc3642ca0458ccf3b6082b251ab8aa241730000000000000000266a24aa21a9ede2f61c3f71d1defd3fa999dfa36953755c690689799962b48bebd836974e8cf90120000000000000000000000000000000000000000000000000000000000000000000000000

      at src/core/charms-sdk.ts:16:11

  console.error
    Stderr: No spell found in the transaction

      30 | 				}
      31 | 				if (stderr) {
    > 32 | 					console.error(`Stderr: ${stderr}`);
         | 					        ^
      33 | 				}
      34 | 				console.info(`Executed successfully: ${stdout}`);
      35 | 				resolve(stdout);

      at src/core/charms-sdk.ts:32:14

  console.info
    Executed successfully:

      at src/core/charms-sdk.ts:34:13

  console.log
    !!! 1 {
      spendable: true,
      value: 5000000000,
      txid: 'd5df226c8aed487ecf72050dc6116f333f7a091997dcb0d448e3f5b34ce2f112',
      vout: 0
    } undefined

      at src/core/spells.ts:216:12

  console.info
    Executing command: /Users/gadiguy/workspace/charms/target/release/charms tx show-spell --tx 020000000001010000000000000000000000000000000000000000000000000000000000000000ffffffff04028c0100ffffffff02807c814a00000000160014c9d9cdc3642ca0458ccf3b6082b251ab8aa241730000000000000000266a24aa21a9ede2f61c3f71d1defd3fa999dfa36953755c690689799962b48bebd836974e8cf90120000000000000000000000000000000000000000000000000000000000000000000000000

      at src/core/charms-sdk.ts:16:11

  console.error
    Stderr: No spell found in the transaction

      30 | 				}
      31 | 				if (stderr) {
    > 32 | 					console.error(`Stderr: ${stderr}`);
         | 					        ^
      33 | 				}
      34 | 				console.info(`Executed successfully: ${stdout}`);
      35 | 				resolve(stdout);

      at src/core/charms-sdk.ts:32:14

  console.info
    Executed successfully:

      at src/core/charms-sdk.ts:34:13

  console.log
    !!! 1 {
      spendable: true,
      value: 1250000000,
      txid: '35c36d6b91383088d1d7c16e7928768c063b77aa072ff070e64f38ad1ce8cc10',
      vout: 0
    } undefined

      at src/core/spells.ts:216:12

  console.info
    Executing command: /Users/gadiguy/workspace/charms/target/release/charms tx show-spell --tx 020000000001010000000000000000000000000000000000000000000000000000000000000000ffffffff0402ed0300ffffffff02c817a80400000000160014b3455ce530ba44de213c9a78c2d662785143c5f40000000000000000266a24aa21a9ede2f61c3f71d1defd3fa999dfa36953755c690689799962b48bebd836974e8cf90120000000000000000000000000000000000000000000000000000000000000000000000000

      at src/core/charms-sdk.ts:16:11

  console.error
    Stderr: No spell found in the transaction

      30 | 				}
      31 | 				if (stderr) {
    > 32 | 					console.error(`Stderr: ${stderr}`);
         | 					        ^
      33 | 				}
      34 | 				console.info(`Executed successfully: ${stdout}`);
      35 | 				resolve(stdout);

      at src/core/charms-sdk.ts:32:14

  console.info
    Executed successfully:

      at src/core/charms-sdk.ts:34:13

  console.log
    !!! 1 {
      spendable: true,
      value: 78125000,
      txid: 'ad4439dddfe7588e778ca91422212d48951d477a19749b7804e624b3318d4ded',
      vout: 0
    } undefined

      at src/core/spells.ts:216:12

  console.info
    Executing command: /Users/gadiguy/workspace/charms/target/release/charms tx show-spell --tx 020000000001010000000000000000000000000000000000000000000000000000000000000000ffffffff0402c20200ffffffff02205fa01200000000160014be438a2710f608303168dfde261068040a60fb7a0000000000000000266a24aa21a9ede2f61c3f71d1defd3fa999dfa36953755c690689799962b48bebd836974e8cf90120000000000000000000000000000000000000000000000000000000000000000000000000

      at src/core/charms-sdk.ts:16:11

  console.error
    Stderr: No spell found in the transaction

      30 | 				}
      31 | 				if (stderr) {
    > 32 | 					console.error(`Stderr: ${stderr}`);
         | 					        ^
      33 | 				}
      34 | 				console.info(`Executed successfully: ${stdout}`);
      35 | 				resolve(stdout);

      at src/core/charms-sdk.ts:32:14

  console.info
    Executed successfully:

      at src/core/charms-sdk.ts:34:13

  console.log
    !!! 1 {
      spendable: true,
      value: 312500000,
      txid: 'ed1bad99df53492b9de2a26368cc711c582343c14d6be60a3b751a1a16b28f5c',
      vout: 0
    } undefined

      at src/core/spells.ts:216:12

  console.info
    Executing command: /Users/gadiguy/workspace/charms/target/release/charms tx show-spell --tx 020000000001010000000000000000000000000000000000000000000000000000000000000000ffffffff0402f70100ffffffff0240be4025000000001600148dae6f2122b28418b4dcd043140798d3d20390c90000000000000000266a24aa21a9ede2f61c3f71d1defd3fa999dfa36953755c690689799962b48bebd836974e8cf90120000000000000000000000000000000000000000000000000000000000000000000000000

      at src/core/charms-sdk.ts:16:11

  console.error
    Stderr: No spell found in the transaction

      30 | 				}
      31 | 				if (stderr) {
    > 32 | 					console.error(`Stderr: ${stderr}`);
         | 					        ^
      33 | 				}
      34 | 				console.info(`Executed successfully: ${stdout}`);
      35 | 				resolve(stdout);

      at src/core/charms-sdk.ts:32:14

  console.info
    Executed successfully:

      at src/core/charms-sdk.ts:34:13

  console.log
    !!! 1 {
      spendable: true,
      value: 625000000,
      txid: 'c40dc6828db89d0e72a040f1b58aae0ec7579cb52736bd0d5dc3edf85a38c5f9',
      vout: 0
    } undefined

      at src/core/spells.ts:216:12

  console.info
    Executing command: /Users/gadiguy/workspace/charms/target/release/charms tx show-spell --tx 020000000001010000000000000000000000000000000000000000000000000000000000000000ffffffff0402e50200ffffffff02205fa01200000000160014df2907ba1c43324bcddd8f295bb3d2d09dd62c290000000000000000266a24aa21a9ede2f61c3f71d1defd3fa999dfa36953755c690689799962b48bebd836974e8cf90120000000000000000000000000000000000000000000000000000000000000000000000000

      at src/core/charms-sdk.ts:16:11

  console.error
    Stderr: No spell found in the transaction

      30 | 				}
      31 | 				if (stderr) {
    > 32 | 					console.error(`Stderr: ${stderr}`);
         | 					        ^
      33 | 				}
      34 | 				console.info(`Executed successfully: ${stdout}`);
      35 | 				resolve(stdout);

      at src/core/charms-sdk.ts:32:14

  console.info
    Executed successfully:

      at src/core/charms-sdk.ts:34:13

  console.log
    !!! 1 {
      spendable: true,
      value: 312500000,
      txid: 'f9eab4a31b7cb05c45ff05e6c78feef09da13f464b695ca73f3d92eae4a36e1a',
      vout: 0
    } undefined

      at src/core/spells.ts:216:12

  console.info
    Executing command: /Users/gadiguy/workspace/charms/target/release/charms tx show-spell --tx 020000000001010000000000000000000000000000000000000000000000000000000000000000ffffffff0402aa0100ffffffff02807c814a000000001600148dae6f2122b28418b4dcd043140798d3d20390c90000000000000000266a24aa21a9ede2f61c3f71d1defd3fa999dfa36953755c690689799962b48bebd836974e8cf90120000000000000000000000000000000000000000000000000000000000000000000000000

      at src/core/charms-sdk.ts:16:11

  console.error
    Stderr: No spell found in the transaction

      30 | 				}
      31 | 				if (stderr) {
    > 32 | 					console.error(`Stderr: ${stderr}`);
         | 					        ^
      33 | 				}
      34 | 				console.info(`Executed successfully: ${stdout}`);
      35 | 				resolve(stdout);

      at src/core/charms-sdk.ts:32:14

  console.info
    Executed successfully:

      at src/core/charms-sdk.ts:34:13

  console.log
    !!! 1 {
      spendable: true,
      value: 1250000000,
      txid: '714f2963f3ef345ee8902f02e6bf741c5a697944d5e18826535fdfe983a2d25d',
      vout: 0
    } undefined

      at src/core/spells.ts:216:12

  console.info
    Executing command: /Users/gadiguy/workspace/charms/target/release/charms tx show-spell --tx 020000000001010000000000000000000000000000000000000000000000000000000000000000ffffffff0402e80100ffffffff0240be4025000000001600148dae6f2122b28418b4dcd043140798d3d20390c90000000000000000266a24aa21a9ede2f61c3f71d1defd3fa999dfa36953755c690689799962b48bebd836974e8cf90120000000000000000000000000000000000000000000000000000000000000000000000000

      at src/core/charms-sdk.ts:16:11

  console.error
    Stderr: No spell found in the transaction

      30 | 				}
      31 | 				if (stderr) {
    > 32 | 					console.error(`Stderr: ${stderr}`);
         | 					        ^
      33 | 				}
      34 | 				console.info(`Executed successfully: ${stdout}`);
      35 | 				resolve(stdout);

      at src/core/charms-sdk.ts:32:14

  console.info
    Executed successfully:

      at src/core/charms-sdk.ts:34:13

  console.log
    !!! 1 {
      spendable: true,
      value: 625000000,
      txid: 'f377deab41c89aec1a69cb1db754ca981f256c8eca2361337ff4cd7c9f839011',
      vout: 0
    } undefined

      at src/core/spells.ts:216:12

  console.info
    Executing command: /Users/gadiguy/workspace/charms/target/release/charms tx show-spell --tx 020000000001010000000000000000000000000000000000000000000000000000000000000000ffffffff0402980200ffffffff02205fa01200000000160014be438a2710f608303168dfde261068040a60fb7a0000000000000000266a24aa21a9ede2f61c3f71d1defd3fa999dfa36953755c690689799962b48bebd836974e8cf90120000000000000000000000000000000000000000000000000000000000000000000000000

      at src/core/charms-sdk.ts:16:11

  console.error
    Stderr: No spell found in the transaction

      30 | 				}
      31 | 				if (stderr) {
    > 32 | 					console.error(`Stderr: ${stderr}`);
         | 					        ^
      33 | 				}
      34 | 				console.info(`Executed successfully: ${stdout}`);
      35 | 				resolve(stdout);

      at src/core/charms-sdk.ts:32:14

  console.info
    Executed successfully:

      at src/core/charms-sdk.ts:34:13

  console.log
    !!! 1 {
      spendable: true,
      value: 312500000,
      txid: '7f3f53b0c07b7271f713b02204de33ff79d08ca91355f6babce9f4fc13d5ff63',
      vout: 0
    } undefined

      at src/core/spells.ts:216:12

  console.info
    Executing command: /Users/gadiguy/workspace/charms/target/release/charms tx show-spell --tx 020000000001014dc48472705a17ac0e4d6681e4c03d904a3dbdf29304baf341f65b1b90d431920000000000ffffffff02e803000000000000225120e9012dc74a382823abd4d3fcbc025d1ea13d1ab9f856c6699f85b1a4e663ee5ccc236b4a00000000160014c74c669ee1725be6f1dff8087e47697e062005ac0341c5bb74781c8ae49d7eba2ddc0500222b9ffd3a86a848424412c24074c04aba552f6623062f4493eeed135c013d660892fd3ba6c74a838420f27a783f4284217081fd6c010063057370656c6c4d3e0182a36776657273696f6e04627478a2647265667380646f75747381a100a3667469636b657269475241494c2d4e46547163757272656e745f636f7369676e6572737840663531376332363536373637313836656132626439313632656333333130363462333461366232373661376132613131313637313762303037326466643164647163757272656e745f7468726573686f6c6401716170705f7075626c69635f696e70757473a183616e982018ee187018b31860185418e61859186918fa1843185418a218441862181c188618f11818186318c1184218b70118ee18e0185c188118f718cf1820188318e5982018ea18d6184b182818a51885184f184b18e41836183718301853186218f3183b183218fa1853183e18bd182118cc182c18da1896188404185018f418211851a166616374696f6e666465706c6f7980682039bb399a95cc07ef14860e3df104c662b6afd7bc27b8f3e1fc60179fd098deffac21c039bb399a95cc07ef14860e3df104c662b6afd7bc27b8f3e1fc60179fd098deff00000000

      at src/core/charms-sdk.ts:16:11

  console.info
    Executed successfully: version: 4
    apps:
      $0000: n/ee70b36054e65969fa4354a244621c86f11863c142b701eee05c81f7cf2083e5/ead64b28a5854f4be43637305362f33b32fa533ebd21cc2cda96840450f42151
    public_args:
      $0000:
        action: deploy
    ins: []
    outs:
    - charms:
        $0000:
          ticker: GRAIL-NFT
          current_cosigners: f517c2656767186ea2bd9162ec331064b34a6b276a7a2a1116717b0072dfd1dd
          current_threshold: 1

      at src/core/charms-sdk.ts:34:13

  console.log
    !!! 1 {
      spendable: true,
      value: 1248535500,
      txid: 'd80a3c984cb58e2cbad0673de73d6255bd55fc1cf0d8e1184c961500885d3927',
      vout: 1
    } undefined

      at src/core/spells.ts:216:12

  console.info
    Executing command: /Users/gadiguy/workspace/charms/target/release/charms tx show-spell --tx 020000000001010000000000000000000000000000000000000000000000000000000000000000ffffffff0402030100ffffffff0200f9029500000000160014c9d9cdc3642ca0458ccf3b6082b251ab8aa241730000000000000000266a24aa21a9ede2f61c3f71d1defd3fa999dfa36953755c690689799962b48bebd836974e8cf90120000000000000000000000000000000000000000000000000000000000000000000000000

      at src/core/charms-sdk.ts:16:11

  console.error
    Stderr: No spell found in the transaction

      30 | 				}
      31 | 				if (stderr) {
    > 32 | 					console.error(`Stderr: ${stderr}`);
         | 					        ^
      33 | 				}
      34 | 				console.info(`Executed successfully: ${stdout}`);
      35 | 				resolve(stdout);

      at src/core/charms-sdk.ts:32:14

  console.info
    Executed successfully:

      at src/core/charms-sdk.ts:34:13

  console.log
    !!! 1 {
      spendable: true,
      value: 2500000000,
      txid: 'c4252255a0b136532b51091d37d3973bc6adc14727498626c84cf3c3aa70d916',
      vout: 0
    } undefined

      at src/core/spells.ts:216:12

  console.info
    Executing command: /Users/gadiguy/workspace/charms/target/release/charms tx show-spell --tx 020000000001010000000000000000000000000000000000000000000000000000000000000000ffffffff0402e70100ffffffff0240be4025000000001600148dae6f2122b28418b4dcd043140798d3d20390c90000000000000000266a24aa21a9ede2f61c3f71d1defd3fa999dfa36953755c690689799962b48bebd836974e8cf90120000000000000000000000000000000000000000000000000000000000000000000000000

      at src/core/charms-sdk.ts:16:11

  console.error
    Stderr: No spell found in the transaction

      30 | 				}
      31 | 				if (stderr) {
    > 32 | 					console.error(`Stderr: ${stderr}`);
         | 					        ^
      33 | 				}
      34 | 				console.info(`Executed successfully: ${stdout}`);
      35 | 				resolve(stdout);

      at src/core/charms-sdk.ts:32:14

  console.info
    Executed successfully:

      at src/core/charms-sdk.ts:34:13

  console.log
    !!! 1 {
      spendable: true,
      value: 625000000,
      txid: '8bd3b7ed8976facb3a03cafd3aa4cd31af0dfa28a577092aa5c6d15662a6620c',
      vout: 0
    } undefined

      at src/core/spells.ts:216:12

  console.info
    Executing command: /Users/gadiguy/workspace/charms/target/release/charms tx show-spell --tx 020000000001010000000000000000000000000000000000000000000000000000000000000000ffffffff0402370200ffffffff0240be402500000000160014565dbe4e929f0f3587ef4ff2533f3dd04fce75c70000000000000000266a24aa21a9ede2f61c3f71d1defd3fa999dfa36953755c690689799962b48bebd836974e8cf90120000000000000000000000000000000000000000000000000000000000000000000000000

      at src/core/charms-sdk.ts:16:11

  console.error
    Stderr: No spell found in the transaction

      30 | 				}
      31 | 				if (stderr) {
    > 32 | 					console.error(`Stderr: ${stderr}`);
         | 					        ^
      33 | 				}
      34 | 				console.info(`Executed successfully: ${stdout}`);
      35 | 				resolve(stdout);

      at src/core/charms-sdk.ts:32:14

  console.info
    Executed successfully:

      at src/core/charms-sdk.ts:34:13

  console.log
    !!! 1 {
      spendable: true,
      value: 625000000,
      txid: '0976528abd7710c36192df5306048c9ce048198ebab3ce2a0dd544428633c11e',
      vout: 0
    } undefined

      at src/core/spells.ts:216:12

  console.info
    Executing command: /Users/gadiguy/workspace/charms/target/release/charms tx show-spell --tx 020000000001010000000000000000000000000000000000000000000000000000000000000000ffffffff0402e50300ffffffff02c817a80400000000160014b3455ce530ba44de213c9a78c2d662785143c5f40000000000000000266a24aa21a9ede2f61c3f71d1defd3fa999dfa36953755c690689799962b48bebd836974e8cf90120000000000000000000000000000000000000000000000000000000000000000000000000

      at src/core/charms-sdk.ts:16:11

  console.error
    Stderr: No spell found in the transaction

      30 | 				}
      31 | 				if (stderr) {
    > 32 | 					console.error(`Stderr: ${stderr}`);
         | 					        ^
      33 | 				}
      34 | 				console.info(`Executed successfully: ${stdout}`);
      35 | 				resolve(stdout);

      at src/core/charms-sdk.ts:32:14

  console.info
    Executed successfully:

      at src/core/charms-sdk.ts:34:13

  console.log
    !!! 1 {
      spendable: true,
      value: 78125000,
      txid: '6c1f1262e12fa511f7e2c4f21f676874a997cc2e9dbd03063b0a5eaee75a97b3',
      vout: 0
    } undefined

      at src/core/spells.ts:216:12

  console.info
    Executing command: /Users/gadiguy/workspace/charms/target/release/charms tx show-spell --tx 020000000001010000000000000000000000000000000000000000000000000000000000000000ffffffff04021b0100ffffffff0200f9029500000000160014c9d9cdc3642ca0458ccf3b6082b251ab8aa241730000000000000000266a24aa21a9ede2f61c3f71d1defd3fa999dfa36953755c690689799962b48bebd836974e8cf90120000000000000000000000000000000000000000000000000000000000000000000000000

      at src/core/charms-sdk.ts:16:11

  console.error
    Stderr: No spell found in the transaction

      30 | 				}
      31 | 				if (stderr) {
    > 32 | 					console.error(`Stderr: ${stderr}`);
         | 					        ^
      33 | 				}
      34 | 				console.info(`Executed successfully: ${stdout}`);
      35 | 				resolve(stdout);

      at src/core/charms-sdk.ts:32:14

  console.info
    Executed successfully:

      at src/core/charms-sdk.ts:34:13

  console.log
    !!! 1 {
      spendable: true,
      value: 2500000000,
      txid: 'a67c30c0bcc352bafdc07c97aed9b79d2968a50d503d8d1d8d84dee8e450fd91',
      vout: 0
    } undefined

      at src/core/spells.ts:216:12

  console.info
    Executing command: /Users/gadiguy/workspace/charms/target/release/charms tx show-spell --tx 020000000001010000000000000000000000000000000000000000000000000000000000000000ffffffff0402910000ffffffff0200f2052a01000000160014c9d9cdc3642ca0458ccf3b6082b251ab8aa241730000000000000000266a24aa21a9ede2f61c3f71d1defd3fa999dfa36953755c690689799962b48bebd836974e8cf90120000000000000000000000000000000000000000000000000000000000000000000000000

      at src/core/charms-sdk.ts:16:11

  console.error
    Stderr: No spell found in the transaction

      30 | 				}
      31 | 				if (stderr) {
    > 32 | 					console.error(`Stderr: ${stderr}`);
         | 					        ^
      33 | 				}
      34 | 				console.info(`Executed successfully: ${stdout}`);
      35 | 				resolve(stdout);

      at src/core/charms-sdk.ts:32:14

  console.info
    Executed successfully:

      at src/core/charms-sdk.ts:34:13

  console.log
    !!! 1 {
      spendable: true,
      value: 5000000000,
      txid: 'aa7d800382851328871e4bb9101e619e2837a5b6fd3be183338af2c3187be70b',
      vout: 0
    } undefined

      at src/core/spells.ts:216:12

  console.info
    Executing command: /Users/gadiguy/workspace/charms/target/release/charms tx show-spell --tx 020000000001010000000000000000000000000000000000000000000000000000000000000000ffffffff04023e0200ffffffff0240be402500000000160014565dbe4e929f0f3587ef4ff2533f3dd04fce75c70000000000000000266a24aa21a9ede2f61c3f71d1defd3fa999dfa36953755c690689799962b48bebd836974e8cf90120000000000000000000000000000000000000000000000000000000000000000000000000

      at src/core/charms-sdk.ts:16:11

  console.error
    Stderr: No spell found in the transaction

      30 | 				}
      31 | 				if (stderr) {
    > 32 | 					console.error(`Stderr: ${stderr}`);
         | 					        ^
      33 | 				}
      34 | 				console.info(`Executed successfully: ${stdout}`);
      35 | 				resolve(stdout);

      at src/core/charms-sdk.ts:32:14

  console.info
    Executed successfully:

      at src/core/charms-sdk.ts:34:13

  console.log
    !!! 1 {
      spendable: true,
      value: 625000000,
      txid: '8c5cc7c8bfb4839a50a394eada6986a521316f722f8ba9fb4283b5bbffbf9a86',
      vout: 0
    } undefined

      at src/core/spells.ts:216:12

  console.info
    Executing command: /Users/gadiguy/workspace/charms/target/release/charms tx show-spell --tx 020000000001010000000000000000000000000000000000000000000000000000000000000000ffffffff0402cf0000ffffffff0200f9029500000000160014c9d9cdc3642ca0458ccf3b6082b251ab8aa241730000000000000000266a24aa21a9ede2f61c3f71d1defd3fa999dfa36953755c690689799962b48bebd836974e8cf90120000000000000000000000000000000000000000000000000000000000000000000000000

      at src/core/charms-sdk.ts:16:11

  console.error
    Stderr: No spell found in the transaction

      30 | 				}
      31 | 				if (stderr) {
    > 32 | 					console.error(`Stderr: ${stderr}`);
         | 					        ^
      33 | 				}
      34 | 				console.info(`Executed successfully: ${stdout}`);
      35 | 				resolve(stdout);

      at src/core/charms-sdk.ts:32:14

  console.info
    Executed successfully:

      at src/core/charms-sdk.ts:34:13

  console.log
    !!! 1 {
      spendable: true,
      value: 2500000000,
      txid: '3873e2661e5041da0d12fd3134f310b7c25fbe25a22f4ffa588a489a21cd14d9',
      vout: 0
    } undefined

      at src/core/spells.ts:216:12

  console.info
    Executing command: /Users/gadiguy/workspace/charms/target/release/charms tx show-spell --tx 020000000001010000000000000000000000000000000000000000000000000000000000000000ffffffff04020d0200ffffffff022ecd4025000000001600147daa360617c4c926561fb1e7f258a11efe5ab4a60000000000000000266a24aa21a9ed151b50d4ae0ee432e89cdb6f826df0ead40f00b181d6751312579dd1baced2ec0120000000000000000000000000000000000000000000000000000000000000000000000000

      at src/core/charms-sdk.ts:16:11

  console.error
    Stderr: No spell found in the transaction

      30 | 				}
      31 | 				if (stderr) {
    > 32 | 					console.error(`Stderr: ${stderr}`);
         | 					        ^
      33 | 				}
      34 | 				console.info(`Executed successfully: ${stdout}`);
      35 | 				resolve(stdout);

      at src/core/charms-sdk.ts:32:14

  console.info
    Executed successfully:

      at src/core/charms-sdk.ts:34:13

  console.log
    !!! 1 {
      spendable: true,
      value: 625003822,
      txid: '12c7399da9673939f25c4af2c91fbe4591d39b0d056c6e722a58118284b16481',
      vout: 0
    } undefined

      at src/core/spells.ts:216:12

  console.info
    Executing command: /Users/gadiguy/workspace/charms/target/release/charms tx show-spell --tx 020000000001010000000000000000000000000000000000000000000000000000000000000000ffffffff0402530300ffffffff02902f5009000000001600147ee0b7b0a06b1715257f82da01a3a4daa7a6aa780000000000000000266a24aa21a9ede2f61c3f71d1defd3fa999dfa36953755c690689799962b48bebd836974e8cf90120000000000000000000000000000000000000000000000000000000000000000000000000

      at src/core/charms-sdk.ts:16:11

  console.error
    Stderr: No spell found in the transaction

      30 | 				}
      31 | 				if (stderr) {
    > 32 | 					console.error(`Stderr: ${stderr}`);
         | 					        ^
      33 | 				}
      34 | 				console.info(`Executed successfully: ${stdout}`);
      35 | 				resolve(stdout);

      at src/core/charms-sdk.ts:32:14

  console.info
    Executed successfully:

      at src/core/charms-sdk.ts:34:13

  console.log
    !!! 1 {
      spendable: true,
      value: 156250000,
      txid: '9b4fd5866136245350db2d132eb546e4244085b072c17a7ca4cef8acf1b45eb3',
      vout: 0
    } undefined

      at src/core/spells.ts:216:12

  console.info
    Executing command: /Users/gadiguy/workspace/charms/target/release/charms tx show-spell --tx 020000000001010000000000000000000000000000000000000000000000000000000000000000ffffffff04026f0100ffffffff02807c814a00000000160014c9d9cdc3642ca0458ccf3b6082b251ab8aa241730000000000000000266a24aa21a9ede2f61c3f71d1defd3fa999dfa36953755c690689799962b48bebd836974e8cf90120000000000000000000000000000000000000000000000000000000000000000000000000

      at src/core/charms-sdk.ts:16:11

  console.error
    Stderr: No spell found in the transaction

      30 | 				}
      31 | 				if (stderr) {
    > 32 | 					console.error(`Stderr: ${stderr}`);
         | 					        ^
      33 | 				}
      34 | 				console.info(`Executed successfully: ${stdout}`);
      35 | 				resolve(stdout);

      at src/core/charms-sdk.ts:32:14

  console.info
    Executed successfully:

      at src/core/charms-sdk.ts:34:13

  console.log
    !!! 1 {
      spendable: true,
      value: 1250000000,
      txid: 'd0b87d047667409fecc3020055c16094a1b5907208c81d43133f4d34bbf68006',
      vout: 0
    } undefined

      at src/core/spells.ts:216:12

  console.info
    Executing command: /Users/gadiguy/workspace/charms/target/release/charms tx show-spell --tx 02000000000102047c1c68d32af4595819305deb5ef952bf9ca82c84b9716a59fac681074793480000000000ffffffff0e5328a684d06ebf043a7738ba54fcf133bbc1011e622781897a4eb3a7c041170000000000ffffffff02e803000000000000225120d80763edd7017c4ba252db5fa75841dd0f65197f4e96ab960f1bf3f861213f1e33e80295000000001600143df5607467b31f85ed25e3ef47922ae762f585be03405350429e7d34800f405c321406d17032f4e20d557ff9ecc8823faefe512fe78de84862eb00d5e13c2b4e0aa1019f5e4b5fcac03f31316c43636f4aef6fa6cff92420660614dc3a81bb9f7bc098897852b0a2c4111214a10e3f7d809e9624c76f5c14ac519c21c050929b74c1a04954b78b4b6035e97a5e078a5a0f28ec96d547bfee9ace803ac0034092d5d9bd2667af06358c2f8e640cf6cb47441854be73018a9b593bd2d0b426687e324cc7bc91cac53a785f55be2c0dba379611bf1e2e8ede3c131726ae04b3dafd66010063057370656c6c4d380182a36776657273696f6e04627478a2647265667380646f75747381a100a3667469636b657269475241494c2d4e46547163757272656e745f636f7369676e6572737840363630363134646333613831626239663762633039383839373835326230613263343131313231346131306533663764383039653936323463373666356331347163757272656e745f7468726573686f6c6401716170705f7075626c69635f696e70757473a183616e982018f81884188c185e0c11183d18c718b002188f187518d70718d3184318c71896183d187718c61302187d18c8182218281837183d1898182818889820187618f618ea1826183c18511835184818c118f118591518a41886187c187118be188318f1183c18eb183018380f18d4183f188f183218d118da1842185ba166616374696f6e66757064617465806820579a8341ebda4b375428d540c99398d99efa2c1c72c8aa2f05169b66a22de75cac21c0579a8341ebda4b375428d540c99398d99efa2c1c72c8aa2f05169b66a22de75c00000000

      at src/core/charms-sdk.ts:16:11

  console.info
    Executed successfully: version: 4
    apps:
      $0000: n/f8848c5e0c113dc7b0028f75d707d343c7963d77c613027dc82228373d982888/76f6ea263c513548c1f15915a4867c71be83f13ceb30380fd43f8f32d1da425b
    public_args:
      $0000:
        action: update
    ins:
    - utxo_id: 4893470781c6fa596a71b9842ca89cbf52f95eeb5d30195859f42ad3681c7c04:0
    outs:
    - charms:
        $0000:
          ticker: GRAIL-NFT
          current_cosigners: 660614dc3a81bb9f7bc098897852b0a2c4111214a10e3f7d809e9624c76f5c14
          current_threshold: 1

      at src/core/charms-sdk.ts:34:13

  console.log
    !!! 1 {
      spendable: true,
      value: 2499995699,
      txid: 'f5aa321d230150f60d7949dfed4bb5b3f2c0928bc7eb0cc0503f92911aeba777',
      vout: 1
    } undefined

      at src/core/spells.ts:216:12

  console.info
    Executing command: /Users/gadiguy/workspace/charms/target/release/charms tx show-spell --tx 020000000001010000000000000000000000000000000000000000000000000000000000000000ffffffff0402660300ffffffff02902f5009000000001600147ee0b7b0a06b1715257f82da01a3a4daa7a6aa780000000000000000266a24aa21a9ede2f61c3f71d1defd3fa999dfa36953755c690689799962b48bebd836974e8cf90120000000000000000000000000000000000000000000000000000000000000000000000000

      at src/core/charms-sdk.ts:16:11

  console.error
    Stderr: No spell found in the transaction

      30 | 				}
      31 | 				if (stderr) {
    > 32 | 					console.error(`Stderr: ${stderr}`);
         | 					        ^
      33 | 				}
      34 | 				console.info(`Executed successfully: ${stdout}`);
      35 | 				resolve(stdout);

      at src/core/charms-sdk.ts:32:14

  console.info
    Executed successfully:

      at src/core/charms-sdk.ts:34:13

  console.log
    !!! 1 {
      spendable: true,
      value: 156250000,
      txid: 'a392dfbfbdcfb5adbcd8ced9d74069658c303a66a1619804dd5cbf995cb9f305',
      vout: 0
    } undefined

      at src/core/spells.ts:216:12

  console.info
    Executing command: /Users/gadiguy/workspace/charms/target/release/charms tx show-spell --tx 020000000001010000000000000000000000000000000000000000000000000000000000000000ffffffff04024f0100ffffffff02807c814a00000000160014c9d9cdc3642ca0458ccf3b6082b251ab8aa241730000000000000000266a24aa21a9ede2f61c3f71d1defd3fa999dfa36953755c690689799962b48bebd836974e8cf90120000000000000000000000000000000000000000000000000000000000000000000000000

      at src/core/charms-sdk.ts:16:11

  console.error
    Stderr: No spell found in the transaction

      30 | 				}
      31 | 				if (stderr) {
    > 32 | 					console.error(`Stderr: ${stderr}`);
         | 					        ^
      33 | 				}
      34 | 				console.info(`Executed successfully: ${stdout}`);
      35 | 				resolve(stdout);

      at src/core/charms-sdk.ts:32:14

  console.info
    Executed successfully:

      at src/core/charms-sdk.ts:34:13

  console.log
    !!! 1 {
      spendable: true,
      value: 1250000000,
      txid: '4ca45fbc88f2a0d358b9bab1acb068df08beca275f751082b10eb1aeaf519709',
      vout: 0
    } undefined

      at src/core/spells.ts:216:12

  console.info
    Executing command: /Users/gadiguy/workspace/charms/target/release/charms tx show-spell --tx 020000000001010000000000000000000000000000000000000000000000000000000000000000ffffffff0402980300ffffffff02c817a804000000001600147ee0b7b0a06b1715257f82da01a3a4daa7a6aa780000000000000000266a24aa21a9ede2f61c3f71d1defd3fa999dfa36953755c690689799962b48bebd836974e8cf90120000000000000000000000000000000000000000000000000000000000000000000000000

      at src/core/charms-sdk.ts:16:11

  console.error
    Stderr: No spell found in the transaction

      30 | 				}
      31 | 				if (stderr) {
    > 32 | 					console.error(`Stderr: ${stderr}`);
         | 					        ^
      33 | 				}
      34 | 				console.info(`Executed successfully: ${stdout}`);
      35 | 				resolve(stdout);

      at src/core/charms-sdk.ts:32:14

  console.info
    Executed successfully:

      at src/core/charms-sdk.ts:34:13

  console.log
    !!! 1 {
      spendable: true,
      value: 78125000,
      txid: '12496312f35f4cc87afb11128571ff627b28515d6977072d5a5fc0fe46707567',
      vout: 0
    } undefined

      at src/core/spells.ts:216:12

  console.info
    Executing command: /Users/gadiguy/workspace/charms/target/release/charms tx show-spell --tx 020000000001010000000000000000000000000000000000000000000000000000000000000000ffffffff0402b40100ffffffff02807c814a000000001600148dae6f2122b28418b4dcd043140798d3d20390c90000000000000000266a24aa21a9ede2f61c3f71d1defd3fa999dfa36953755c690689799962b48bebd836974e8cf90120000000000000000000000000000000000000000000000000000000000000000000000000

      at src/core/charms-sdk.ts:16:11

  console.error
    Stderr: No spell found in the transaction

      30 | 				}
      31 | 				if (stderr) {
    > 32 | 					console.error(`Stderr: ${stderr}`);
         | 					        ^
      33 | 				}
      34 | 				console.info(`Executed successfully: ${stdout}`);
      35 | 				resolve(stdout);

      at src/core/charms-sdk.ts:32:14

  console.info
    Executed successfully:

      at src/core/charms-sdk.ts:34:13

  console.log
    !!! 1 {
      spendable: true,
      value: 1250000000,
      txid: '3d6906d6afdeed1c94119666eb6176147033252a60bbe6e9fca252db103d1f07',
      vout: 0
    } undefined

      at src/core/spells.ts:216:12

  console.info
    Executing command: /Users/gadiguy/workspace/charms/target/release/charms tx show-spell --tx 020000000001010000000000000000000000000000000000000000000000000000000000000000ffffffff0402b70100ffffffff02807c814a000000001600148dae6f2122b28418b4dcd043140798d3d20390c90000000000000000266a24aa21a9ede2f61c3f71d1defd3fa999dfa36953755c690689799962b48bebd836974e8cf90120000000000000000000000000000000000000000000000000000000000000000000000000

      at src/core/charms-sdk.ts:16:11

  console.error
    Stderr: No spell found in the transaction

      30 | 				}
      31 | 				if (stderr) {
    > 32 | 					console.error(`Stderr: ${stderr}`);
         | 					        ^
      33 | 				}
      34 | 				console.info(`Executed successfully: ${stdout}`);
      35 | 				resolve(stdout);

      at src/core/charms-sdk.ts:32:14

  console.info
    Executed successfully:

      at src/core/charms-sdk.ts:34:13

  console.log
    !!! 1 {
      spendable: true,
      value: 1250000000,
      txid: '0a47203fb1fd9c642ed43d8cb5ed3070179cf37c184fc030d7286e2f52a4f3c1',
      vout: 0
    } undefined

      at src/core/spells.ts:216:12

  console.info
    Executing command: /Users/gadiguy/workspace/charms/target/release/charms tx show-spell --tx 020000000001010000000000000000000000000000000000000000000000000000000000000000ffffffff0402820000ffffffff0200f2052a01000000160014c9d9cdc3642ca0458ccf3b6082b251ab8aa241730000000000000000266a24aa21a9ede2f61c3f71d1defd3fa999dfa36953755c690689799962b48bebd836974e8cf90120000000000000000000000000000000000000000000000000000000000000000000000000

      at src/core/charms-sdk.ts:16:11

  console.error
    Stderr: No spell found in the transaction

      30 | 				}
      31 | 				if (stderr) {
    > 32 | 					console.error(`Stderr: ${stderr}`);
         | 					        ^
      33 | 				}
      34 | 				console.info(`Executed successfully: ${stdout}`);
      35 | 				resolve(stdout);

      at src/core/charms-sdk.ts:32:14

  console.info
    Executed successfully:

      at src/core/charms-sdk.ts:34:13

  console.log
    !!! 1 {
      spendable: true,
      value: 5000000000,
      txid: '874a860e1d5a4786f70c16b15c9e6cd5dc0eeeab3e5df8b826695ce5b22a4b02',
      vout: 0
    } undefined

      at src/core/spells.ts:216:12

  console.info
    Executing command: /Users/gadiguy/workspace/charms/target/release/charms tx show-spell --tx 020000000001010000000000000000000000000000000000000000000000000000000000000000ffffffff0402590200ffffffff02205fa01200000000160014565dbe4e929f0f3587ef4ff2533f3dd04fce75c70000000000000000266a24aa21a9ede2f61c3f71d1defd3fa999dfa36953755c690689799962b48bebd836974e8cf90120000000000000000000000000000000000000000000000000000000000000000000000000

      at src/core/charms-sdk.ts:16:11

  console.error
    Stderr: No spell found in the transaction

      30 | 				}
      31 | 				if (stderr) {
    > 32 | 					console.error(`Stderr: ${stderr}`);
         | 					        ^
      33 | 				}
      34 | 				console.info(`Executed successfully: ${stdout}`);
      35 | 				resolve(stdout);

      at src/core/charms-sdk.ts:32:14

  console.info
    Executed successfully:

      at src/core/charms-sdk.ts:34:13

  console.log
    !!! 1 {
      spendable: true,
      value: 312500000,
      txid: '2e19303abb2eb31a0cb2918b09e295da2858f26239359cdfa4f87b81a7c49040',
      vout: 0
    } undefined

      at src/core/spells.ts:216:12

  console.info
    Executing command: /Users/gadiguy/workspace/charms/target/release/charms tx show-spell --tx 020000000001010000000000000000000000000000000000000000000000000000000000000000ffffffff0402da0300ffffffff02c817a80400000000160014b3455ce530ba44de213c9a78c2d662785143c5f40000000000000000266a24aa21a9ede2f61c3f71d1defd3fa999dfa36953755c690689799962b48bebd836974e8cf90120000000000000000000000000000000000000000000000000000000000000000000000000

      at src/core/charms-sdk.ts:16:11

  console.error
    Stderr: No spell found in the transaction

      30 | 				}
      31 | 				if (stderr) {
    > 32 | 					console.error(`Stderr: ${stderr}`);
         | 					        ^
      33 | 				}
      34 | 				console.info(`Executed successfully: ${stdout}`);
      35 | 				resolve(stdout);

      at src/core/charms-sdk.ts:32:14

  console.info
    Executed successfully:

      at src/core/charms-sdk.ts:34:13

  console.log
    !!! 1 {
      spendable: true,
      value: 78125000,
      txid: '18957d10c9dd4aef5244fa12f6ad72379293d52341c48a4e01abdebca752b8ae',
      vout: 0
    } undefined

      at src/core/spells.ts:216:12

  console.info
    Executing command: /Users/gadiguy/workspace/charms/target/release/charms tx show-spell --tx 020000000001010000000000000000000000000000000000000000000000000000000000000000ffffffff0402ab0300ffffffff02c817a80400000000160014b3455ce530ba44de213c9a78c2d662785143c5f40000000000000000266a24aa21a9ede2f61c3f71d1defd3fa999dfa36953755c690689799962b48bebd836974e8cf90120000000000000000000000000000000000000000000000000000000000000000000000000

      at src/core/charms-sdk.ts:16:11

  console.error
    Stderr: No spell found in the transaction

      30 | 				}
      31 | 				if (stderr) {
    > 32 | 					console.error(`Stderr: ${stderr}`);
         | 					        ^
      33 | 				}
      34 | 				console.info(`Executed successfully: ${stdout}`);
      35 | 				resolve(stdout);

      at src/core/charms-sdk.ts:32:14

  console.info
    Executed successfully:

      at src/core/charms-sdk.ts:34:13

  console.log
    !!! 1 {
      spendable: true,
      value: 78125000,
      txid: '425e00585f086351f223807b7add0de68b01afe028b7900b3e8086bd0b67c6da',
      vout: 0
    } undefined

      at src/core/spells.ts:216:12

  console.info
    Executing command: /Users/gadiguy/workspace/charms/target/release/charms tx show-spell --tx 020000000001010000000000000000000000000000000000000000000000000000000000000000ffffffff0402ea0100ffffffff0240be4025000000001600148dae6f2122b28418b4dcd043140798d3d20390c90000000000000000266a24aa21a9ede2f61c3f71d1defd3fa999dfa36953755c690689799962b48bebd836974e8cf90120000000000000000000000000000000000000000000000000000000000000000000000000

      at src/core/charms-sdk.ts:16:11

  console.error
    Stderr: No spell found in the transaction

      30 | 				}
      31 | 				if (stderr) {
    > 32 | 					console.error(`Stderr: ${stderr}`);
         | 					        ^
      33 | 				}
      34 | 				console.info(`Executed successfully: ${stdout}`);
      35 | 				resolve(stdout);

      at src/core/charms-sdk.ts:32:14

  console.info
    Executed successfully:

      at src/core/charms-sdk.ts:34:13

  console.log
    !!! 1 {
      spendable: true,
      value: 625000000,
      txid: 'a11782590ddc92ddeae3dccff560ce21a3a86eaf5608f1e72519646f15e2bb17',
      vout: 0
    } undefined

      at src/core/spells.ts:216:12

  console.info
    Executing command: /Users/gadiguy/workspace/charms/target/release/charms tx show-spell --tx 020000000001010000000000000000000000000000000000000000000000000000000000000000ffffffff0402070100ffffffff0200f9029500000000160014c9d9cdc3642ca0458ccf3b6082b251ab8aa241730000000000000000266a24aa21a9ede2f61c3f71d1defd3fa999dfa36953755c690689799962b48bebd836974e8cf90120000000000000000000000000000000000000000000000000000000000000000000000000

      at src/core/charms-sdk.ts:16:11

  console.error
    Stderr: No spell found in the transaction

      30 | 				}
      31 | 				if (stderr) {
    > 32 | 					console.error(`Stderr: ${stderr}`);
         | 					        ^
      33 | 				}
      34 | 				console.info(`Executed successfully: ${stdout}`);
      35 | 				resolve(stdout);

      at src/core/charms-sdk.ts:32:14

  console.info
    Executed successfully:

      at src/core/charms-sdk.ts:34:13

  console.log
    !!! 1 {
      spendable: true,
      value: 2500000000,
      txid: 'cff3970b03b78d43e025d9aecd73da3f897958d23e37c20f21b4687caad7dd38',
      vout: 0
    } undefined

      at src/core/spells.ts:216:12

  console.info
    Executing command: /Users/gadiguy/workspace/charms/target/release/charms tx show-spell --tx 020000000001032eec4cf07c8ec1044dc4b2f0d283b48ba54d9a945a4f0419232a098eb13c51ca0000000000ffffffffd8f7eb7b528c96e6c8db41e6221c0a555d84637aefb74eefd3b85d7b897206f40000000000fffffffff6062a0464ba11d0954181d2f1ee6520f159b76de8f7a88a6b08cb4d939765b90000000000ffffffff03e80300000000000022512058ad1803713c081a37ee9497aa78a7e3f93301a5d15098b8501eea0722eea889e8030000000000002251204290d3df2e4edcbbccd8080cbf5648f58bedb5765a6468f58c926ccb9652e4aed8de4602000000001600141733bcb7f776e24cc86ef466af3473dd6cccf9b7034082541b4cfe4269e9f94baa96b4b778488e8a87742cd14c50eb32359d696c3ea6c1e8a0558d385636fec90ad3fc03d9cebe5121e89f3cb2c7505a84eca541072f2420b330ff7591dcabe02147dbc4d97a8a88273a31cff4ea5aa0c736e77c166df188ac519c21c150929b74c1a04954b78b4b6035e97a5e078a5a0f28ec96d547bfee9ace803ac0034075eab798a9d5c3405120230a36469ba499ccad3c5d49e4a0614bdb337a7354878315c96bb7763a75fc839a4e4e65ef88f388a06a95ebd546213dc934c69f669824203cda856c63cafffa5b658775356f569ba9a425e505bf79ae0983ac63398c0f49ac519c41c150929b74c1a04954b78b4b6035e97a5e078a5a0f28ec96d547bfee9ace803ac0476a2734d03fc0a4b5a7dbc3b2889821b5c87fd51f1c47fb8f7254b8aa053ee803400ea1e3032c44665071da19b50be4280d7d2338501246b8bff007443170d2a43077f46af90658a4a673b7b515445bc06b22f3c5fc4a521aa2de2612f71e5614cdfd16020063057370656c6c4de80182a36776657273696f6e04627478a2647265667380646f75747382a100a3667469636b657269475241494c2d4e46547163757272656e745f636f7369676e6572737840336364613835366336336361666666613562363538373735333536663536396261396134323565353035626637396165303938336163363333393863306634397163757272656e745f7468726573686f6c6401a200a164747970656b757365725f636861726d7301a166616d6f756e741a000f4240716170705f7075626c69635f696e70757473a283616e98201826187118e3183718fe18e9185218ff182d185b185e18b204188218eb185b18a6182c18db182418c818c3185b0d1823184d1855187618ef184b18d213982018d618d018761869184918e918de184f18510817183f184118ba184d18381866189318b9011876188318a0181f18af184918d01118a9186518821859a166616374696f6e6675706461746583617498201826187118e3183718fe18e9185218ff182d185b185e18b204188218eb185b18a6182c18db182418c818c3185b0d1823184d1855187618ef184b18d213982018d618d018761869184918e918de184f18510817183f184118ba184d18381866189318b9011876188318a0181f18af184918d01118a9186518821859a166616374696f6e646d696e748068204aad5d300ae0a0a5ce4a2248642add98435604fe12c5f9dd29c48a4418a5c1a0ac21c14aad5d300ae0a0a5ce4a2248642add98435604fe12c5f9dd29c48a4418a5c1a000000000

      at src/core/charms-sdk.ts:16:11

  console.info
    Executed successfully: version: 4
    apps:
      $0000: n/2671e337fee952ff2d5b5eb20482eb5ba62cdb24c8c35b0d234d5576ef4bd213/d6d0766949e9de4f5108173f41ba4d386693b9017683a01faf49d011a9658259
      $0001: t/2671e337fee952ff2d5b5eb20482eb5ba62cdb24c8c35b0d234d5576ef4bd213/d6d0766949e9de4f5108173f41ba4d386693b9017683a01faf49d011a9658259
    public_args:
      $0000:
        action: update
      $0001:
        action: mint
    ins:
    - utxo_id: ca513cb18e092a2319044f5a949a4da58bb483d2f0b2c44d04c18e7cf04cec2e:0
    - utxo_id: f40672897b5db8d3ef4eb7ef7a63845d550a1c22e641dbc8e6968c527bebf7d8:0
    outs:
    - charms:
        $0000:
          ticker: GRAIL-NFT
          current_cosigners: 3cda856c63cafffa5b658775356f569ba9a425e505bf79ae0983ac63398c0f49
          current_threshold: 1
    - charms:
        $0000:
          type: user_charms
        $0001:
          amount: 1000000

      at src/core/charms-sdk.ts:34:13

  console.log
    !!! 1 {
      spendable: true,
      value: 1000,
      txid: 'a94c32f88d6da20a67ab527bc903e226d13cd070a14086fb8440ffde219ca6c9',
      vout: 1
    } { amount: 1000000 }

      at src/core/spells.ts:216:12

  console.log
    !!! 2 {
      spendable: true,
      value: 1000,
      txid: 'a94c32f88d6da20a67ab527bc903e226d13cd070a14086fb8440ffde219ca6c9',
      vout: 1
    } { amount: 1000000 }

      at src/core/spells.ts:218:12

  console.log
    Output address: bcrt1q54t4spme2smd4x5smgg5paqsffn89duvgzgdnm

      at transmitCli (src/cli/transmit.ts:72:10)

  console.log
    Change address: bcrt1q7a0543fq8py03vmpvmhlphv7vtdpdteq4a647c

      at transmitCli (src/cli/transmit.ts:76:10)

  console.log
    Creating spell...

      at createSpell (src/core/spells.ts:153:10)

  console.log
    Executing spell creation with Yaml:  version: 4
    apps:
      $00: >-
        t/2671e337fee952ff2d5b5eb20482eb5ba62cdb24c8c35b0d234d5576ef4bd213/d6d0766949e9de4f5108173f41ba4d386693b9017683a01faf49d011a9658259
    public_inputs:
      $00:
        action: transmit
    ins:
      - utxo_id: a94c32f88d6da20a67ab527bc903e226d13cd070a14086fb8440ffde219ca6c9:1
        charms:
          $00:
            amount: 1000000
    outs:
      - address: bcrt1q54t4spme2smd4x5smgg5paqsffn89duvgzgdnm
        charms:
          $00:
            amount: 666666
      - address: bcrt1q7a0543fq8py03vmpvmhlphv7vtdpdteq4a647c
        charms:
          $00:
            amount: 333334

      at createSpell (src/core/spells.ts:161:10)

  console.info
    Executing command: /Users/gadiguy/workspace/charms/target/release/charms spell prove --spell /var/folders/xg/k82dtxmx2vjd9rfw69vsjl0m0000gn/T/charms-TAx147/spell.yaml --fee-rate 2000 --app-bins ./zkapp/target/charms-app --funding-utxo a94c32f88d6da20a67ab527bc903e226d13cd070a14086fb8440ffde219ca6c9:2 --funding-utxo-value 38199000 --change-address bcrt1q9v0jr7yaawpams9w6l0d2gp9skreywu866etj4 --prev-txs 020000000001032eec4cf07c8ec1044dc4b2f0d283b48ba54d9a945a4f0419232a098eb13c51ca0000000000ffffffffd8f7eb7b528c96e6c8db41e6221c0a555d84637aefb74eefd3b85d7b897206f40000000000fffffffff6062a0464ba11d0954181d2f1ee6520f159b76de8f7a88a6b08cb4d939765b90000000000ffffffff03e80300000000000022512058ad1803713c081a37ee9497aa78a7e3f93301a5d15098b8501eea0722eea889e8030000000000002251204290d3df2e4edcbbccd8080cbf5648f58bedb5765a6468f58c926ccb9652e4aed8de4602000000001600141733bcb7f776e24cc86ef466af3473dd6cccf9b7034082541b4cfe4269e9f94baa96b4b778488e8a87742cd14c50eb32359d696c3ea6c1e8a0558d385636fec90ad3fc03d9cebe5121e89f3cb2c7505a84eca541072f2420b330ff7591dcabe02147dbc4d97a8a88273a31cff4ea5aa0c736e77c166df188ac519c21c150929b74c1a04954b78b4b6035e97a5e078a5a0f28ec96d547bfee9ace803ac0034075eab798a9d5c3405120230a36469ba499ccad3c5d49e4a0614bdb337a7354878315c96bb7763a75fc839a4e4e65ef88f388a06a95ebd546213dc934c69f669824203cda856c63cafffa5b658775356f569ba9a425e505bf79ae0983ac63398c0f49ac519c41c150929b74c1a04954b78b4b6035e97a5e078a5a0f28ec96d547bfee9ace803ac0476a2734d03fc0a4b5a7dbc3b2889821b5c87fd51f1c47fb8f7254b8aa053ee803400ea1e3032c44665071da19b50be4280d7d2338501246b8bff007443170d2a43077f46af90658a4a673b7b515445bc06b22f3c5fc4a521aa2de2612f71e5614cdfd16020063057370656c6c4de80182a36776657273696f6e04627478a2647265667380646f75747382a100a3667469636b657269475241494c2d4e46547163757272656e745f636f7369676e6572737840336364613835366336336361666666613562363538373735333536663536396261396134323565353035626637396165303938336163363333393863306634397163757272656e745f7468726573686f6c6401a200a164747970656b757365725f636861726d7301a166616d6f756e741a000f4240716170705f7075626c69635f696e70757473a283616e98201826187118e3183718fe18e9185218ff182d185b185e18b204188218eb185b18a6182c18db182418c818c3185b0d1823184d1855187618ef184b18d213982018d618d018761869184918e918de184f18510817183f184118ba184d18381866189318b9011876188318a0181f18af184918d01118a9186518821859a166616374696f6e6675706461746583617498201826187118e3183718fe18e9185218ff182d185b185e18b204188218eb185b18a6182c18db182418c818c3185b0d1823184d1855187618ef184b18d213982018d618d018761869184918e918de184f18510817183f184118ba184d18381866189318b9011876188318a0181f18af184918d01118a9186518821859a166616374696f6e646d696e748068204aad5d300ae0a0a5ce4a2248642add98435604fe12c5f9dd29c48a4418a5c1a0ac21c14aad5d300ae0a0a5ce4a2248642add98435604fe12c5f9dd29c48a4418a5c1a000000000 --temporary-secret-str 92a0e251de3da23464c67c2c0f81062c41c49146d94852f650cd280f5084ae9e

      at src/core/charms-sdk.ts:16:11

  console.error
    Stderr: detected old compiler flags: recompile the ELF for additional security
    [src/spell.rs:427:9] input_vec.len() = 2744
    detected old compiler flags: recompile the ELF for additional security
    detected old compiler flags: recompile the ELF for additional security
    [2m2025-07-30T09:09:24.648128Z[0m [32m INFO[0m [1mprove_core[0m: new
    stdout: app: App(t/2671e337fee952ff2d5b5eb20482eb5ba62cdb24c8c35b0d234d5576ef4bd213/d6d0766949e9de4f5108173f41ba4d386693b9017683a01faf49d011a9658259)
    stdout: tx.ins: {UtxoId(a94c32f88d6da20a67ab527bc903e226d13cd070a14086fb8440ffde219ca6c9:1): {App(n/2671e337fee952ff2d5b5eb20482eb5ba62cdb24c8c35b0d234d5576ef4bd213/d6d0766949e9de4f5108173f41ba4d386693b9017683a01faf49d011a9658259): Data(Map([(Text("type"), Text("user_charms"))])), App(t/2671e337fee952ff2d5b5eb20482eb5ba62cdb24c8c35b0d234d5576ef4bd213/d6d0766949e9de4f5108173f41ba4d386693b9017683a01faf49d011a9658259): Data(Map([(Text("amount"), Integer(Integer(1000000)))]))}}
    stdout: tx.outs: [{App(t/2671e337fee952ff2d5b5eb20482eb5ba62cdb24c8c35b0d234d5576ef4bd213/d6d0766949e9de4f5108173f41ba4d386693b9017683a01faf49d011a9658259): Data(Map([(Text("amount"), Integer(Integer(666666)))]))}, {App(t/2671e337fee952ff2d5b5eb20482eb5ba62cdb24c8c35b0d234d5576ef4bd213/d6d0766949e9de4f5108173f41ba4d386693b9017683a01faf49d011a9658259): Data(Map([(Text("amount"), Integer(Integer(333334)))]))}]
    stderr: WARNING: Using insecure random number generator.
    stdout: public_inputs: {"action": "transmit"}
    stdout: app: App(t/2671e337fee952ff2d5b5eb20482eb5ba62cdb24c8c35b0d234d5576ef4bd213/d6d0766949e9de4f5108173f41ba4d386693b9017683a01faf49d011a9658259)
    stdout: tx.ins: {UtxoId(a94c32f88d6da20a67ab527bc903e226d13cd070a14086fb8440ffde219ca6c9:1): {App(n/2671e337fee952ff2d5b5eb20482eb5ba62cdb24c8c35b0d234d5576ef4bd213/d6d0766949e9de4f5108173f41ba4d386693b9017683a01faf49d011a9658259): Data(Map([(Text("type"), Text("user_charms"))])), App(t/2671e337fee952ff2d5b5eb20482eb5ba62cdb24c8c35b0d234d5576ef4bd213/d6d0766949e9de4f5108173f41ba4d386693b9017683a01faf49d011a9658259): Data(Map([(Text("amount"), Integer(Integer(1000000)))]))}}
    stdout: tx.outs: [{App(t/2671e337fee952ff2d5b5eb20482eb5ba62cdb24c8c35b0d234d5576ef4bd213/d6d0766949e9de4f5108173f41ba4d386693b9017683a01faf49d011a9658259): Data(Map([(Text("amount"), Integer(Integer(666666)))]))}, {App(t/2671e337fee952ff2d5b5eb20482eb5ba62cdb24c8c35b0d234d5576ef4bd213/d6d0766949e9de4f5108173f41ba4d386693b9017683a01faf49d011a9658259): Data(Map([(Text("amount"), Integer(Integer(333334)))]))}]
    stderr: WARNING: Using insecure random number generator.
    stdout: public_inputs: {"action": "transmit"}
    [2m2025-07-30T09:09:34.819257Z[0m [32m INFO[0m [1mprove_core[0m: close [3mtime.busy[0m[2m=[0m9.95s [3mtime.idle[0m[2m=[0m221ms
    [2m2025-07-30T09:09:34.819296Z[0m [32m INFO[0m [1mcompress[0m: new
    [2m2025-07-30T09:10:00.270265Z[0m [32m INFO[0m [1mcompress[0m: close [3mtime.busy[0m[2m=[0m25.4s [3mtime.idle[0m[2m=[0m2.45ms
    detected old compiler flags: recompile the ELF for additional security
    [src/tx/bitcoin_tx.rs:143:27] tx.weight() + Weight::from_wu(2) = Weight(
        454,
    )
    [src/tx/bitcoin_tx.rs:144:11] signatures_weight = Weight(
        66,
    )
    [src/tx/bitcoin_tx.rs:145:11] script_input_weight = Weight(
        535,
    )
    [src/tx/bitcoin_tx.rs:146:11] change_output_weight = Weight(
        172,
    )
    [src/tx/bitcoin_tx.rs:148:31] total_tx_weight = Weight(
        1227,
    )
    [src/tx/bitcoin_tx.rs:115:5] (tx.input[0].witness.size(), tx.input[0].base_size(),
    tx.input[0].total_size()) = (
        1,
        41,
        42,
    )
    [src/tx/bitcoin_tx.rs:120:5] (script_len, tx.input[spell_input_idx].witness.size(),
    tx.input[spell_input_idx].base_size(), tx.input[spell_input_idx].total_size()) = (
        267,
        371,
        41,
        412,
    )
    [src/tx/bitcoin_tx.rs:126:5] tx.output[tx.output.len() - 1].size() = 31

      30 | 				}
      31 | 				if (stderr) {
    > 32 | 					console.error(`Stderr: ${stderr}`);
         | 					        ^
      33 | 				}
      34 | 				console.info(`Executed successfully: ${stdout}`);
      35 | 				resolve(stdout);

      at src/core/charms-sdk.ts:32:14

  console.info
    Executed successfully: 1753866564 Proving spell
    1753866600 Proof obtained 1
    Using mock proof!
    1753866603 Proof obtained 2
    ["0200000001c9a69c21deff4084fb8640a170d03cd126e203c97b52ab670aa26d8df8324ca90200000000ffffffff01a87b4302000000002251207165e41159de03b0e6b376e5b1de37023ed4934278eba066f2d3042b0d534ca800000000","02000000000102c9a69c21deff4084fb8640a170d03cd126e203c97b52ab670aa26d8df8324ca90100000000ffffffff19b317f4bbe26736c51daa1a2cca22eec53dc1bfefd8c4db1f51c0fb7e097f930000000000ffffffff03e803000000000000160014a5575807795436da9a90da1140f4104a6672b78ce803000000000000160014f75f4ac5203848f8b36166eff0dd9e62da16af20441b3a02000000001600142b1f21f89deb83ddc0aed7ded520258587923b8700034148232aac6147519e6679dfcd6ed422db1e89b37c4884db11ccbe2bab888fb139b0955527bd5899363c5d7fccbe0bf505c21cc17c572376bae970f74f3b6fedd081fd0b010063057370656c6c4cde82a36776657273696f6e04627478a2647265667380646f75747382a100a166616d6f756e741a000a2c2aa100a166616d6f756e741a00051616716170705f7075626c69635f696e70757473a183617498201826187118e3183718fe18e9185218ff182d185b185e18b204188218eb185b18a6182c18db182418c818c3185b0d1823184d1855187618ef184b18d213982018d618d018761869184918e918de184f18510817183f184118ba184d18381866189318b9011876188318a0181f18af184918d01118a9186518821859a166616374696f6e687472616e736d6974806820cc67dd7ac49de12185e17037e5b483e65ecc59743fdb3a7fbaa333a8860a5d22ac21c0cc67dd7ac49de12185e17037e5b483e65ecc59743fdb3a7fbaa333a8860a5d2200000000"]

      at src/core/charms-sdk.ts:34:13

  console.log
    Spell created successfully: {
      "commitmentTxBytes": "0x0200000001c9a69c21deff4084fb8640a170d03cd126e203c97b52ab670aa26d8df8324ca90200000000ffffffff01a87b4302000000002251207165e41159de03b0e6b376e5b1de37023ed4934278eba066f2d3042b0d534ca800000000",
      "spellTxBytes": "0x02000000000102c9a69c21deff4084fb8640a170d03cd126e203c97b52ab670aa26d8df8324ca90100000000ffffffff19b317f4bbe26736c51daa1a2cca22eec53dc1bfefd8c4db1f51c0fb7e097f930000000000ffffffff03e803000000000000160014a5575807795436da9a90da1140f4104a6672b78ce803000000000000160014f75f4ac5203848f8b36166eff0dd9e62da16af20441b3a02000000001600142b1f21f89deb83ddc0aed7ded520258587923b8700034148232aac6147519e6679dfcd6ed422db1e89b37c4884db11ccbe2bab888fb139b0955527bd5899363c5d7fccbe0bf505c21cc17c572376bae970f74f3b6fedd081fd0b010063057370656c6c4cde82a36776657273696f6e04627478a2647265667380646f75747382a100a166616d6f756e741a000a2c2aa100a166616d6f756e741a00051616716170705f7075626c69635f696e70757473a183617498201826187118e3183718fe18e9185218ff182d185b185e18b204188218eb185b18a6182c18db182418c818c3185b0d1823184d1855187618ef184b18d213982018d618d018761869184918e918de184f18510817183f184118ba184d18381866189318b9011876188318a0181f18af184918d01118a9186518821859a166616374696f6e687472616e736d6974806820cc67dd7ac49de12185e17037e5b483e65ecc59743fdb3a7fbaa333a8860a5d22ac21c0cc67dd7ac49de12185e17037e5b483e65ecc59743fdb3a7fbaa333a8860a5d2200000000"
    }

      at createSpell (src/core/spells.ts:171:10)

  console.log
    Transmit spell created: {
      "commitmentTxBytes": "0x0200000001c9a69c21deff4084fb8640a170d03cd126e203c97b52ab670aa26d8df8324ca90200000000ffffffff01a87b4302000000002251207165e41159de03b0e6b376e5b1de37023ed4934278eba066f2d3042b0d534ca800000000",
      "spellTxBytes": "0x02000000000102c9a69c21deff4084fb8640a170d03cd126e203c97b52ab670aa26d8df8324ca90100000000ffffffff19b317f4bbe26736c51daa1a2cca22eec53dc1bfefd8c4db1f51c0fb7e097f930000000000ffffffff03e803000000000000160014a5575807795436da9a90da1140f4104a6672b78ce803000000000000160014f75f4ac5203848f8b36166eff0dd9e62da16af20441b3a02000000001600142b1f21f89deb83ddc0aed7ded520258587923b8700034148232aac6147519e6679dfcd6ed422db1e89b37c4884db11ccbe2bab888fb139b0955527bd5899363c5d7fccbe0bf505c21cc17c572376bae970f74f3b6fedd081fd0b010063057370656c6c4cde82a36776657273696f6e04627478a2647265667380646f75747382a100a166616d6f756e741a000a2c2aa100a166616d6f756e741a00051616716170705f7075626c69635f696e70757473a183617498201826187118e3183718fe18e9185218ff182d185b185e18b204188218eb185b18a6182c18db182418c818c3185b0d1823184d1855187618ef184b18d213982018d618d018761869184918e918de184f18510817183f184118ba184d18381866189318b9011876188318a0181f18af184918d01118a9186518821859a166616374696f6e687472616e736d6974806820cc67dd7ac49de12185e17037e5b483e65ecc59743fdb3a7fbaa333a8860a5d22ac21c0cc67dd7ac49de12185e17037e5b483e65ecc59743fdb3a7fbaa333a8860a5d2200000000"
    }

      at createTransmitSpell (src/api/create-transmit-spell.ts:93:10)

  console.log
    Spell created: {
      "commitmentTxBytes": "0x0200000001c9a69c21deff4084fb8640a170d03cd126e203c97b52ab670aa26d8df8324ca90200000000ffffffff01a87b4302000000002251207165e41159de03b0e6b376e5b1de37023ed4934278eba066f2d3042b0d534ca800000000",
      "spellTxBytes": "0x02000000000102c9a69c21deff4084fb8640a170d03cd126e203c97b52ab670aa26d8df8324ca90100000000ffffffff19b317f4bbe26736c51daa1a2cca22eec53dc1bfefd8c4db1f51c0fb7e097f930000000000ffffffff03e803000000000000160014a5575807795436da9a90da1140f4104a6672b78ce803000000000000160014f75f4ac5203848f8b36166eff0dd9e62da16af20441b3a02000000001600142b1f21f89deb83ddc0aed7ded520258587923b8700034148232aac6147519e6679dfcd6ed422db1e89b37c4884db11ccbe2bab888fb139b0955527bd5899363c5d7fccbe0bf505c21cc17c572376bae970f74f3b6fedd081fd0b010063057370656c6c4cde82a36776657273696f6e04627478a2647265667380646f75747382a100a166616d6f756e741a000a2c2aa100a166616d6f756e741a00051616716170705f7075626c69635f696e70757473a183617498201826187118e3183718fe18e9185218ff182d185b185e18b204188218eb185b18a6182c18db182418c818c3185b0d1823184d1855187618ef184b18d213982018d618d018761869184918e918de184f18510817183f184118ba184d18381866189318b9011876188318a0181f18af184918d01118a9186518821859a166616374696f6e687472616e736d6974806820cc67dd7ac49de12185e17037e5b483e65ecc59743fdb3a7fbaa333a8860a5d22ac21c0cc67dd7ac49de12185e17037e5b483e65ecc59743fdb3a7fbaa333a8860a5d2200000000"
    }

      at transmitCli (src/cli/transmit.ts:87:10)

  console.log
    !!!!!! Signing transaction with inputs: [
      {
        txid: 'a94c32f88d6da20a67ab527bc903e226d13cd070a14086fb8440ffde219ca6c9',
        vout: 1,
        scriptPubKey: '51204290d3df2e4edcbbccd8080cbf5648f58bedb5765a6468f58c926ccb9652e4ae',
        redeemScript: '',
        witnessScript: '',
        amount: 0.00001
      },
      {
        txid: '937f097efbc0511fdbc4d8efbfc13dc5ee22ca2c1aaa1dc53667e2bbf417b319',
        vout: 0,
        scriptPubKey: '51207165e41159de03b0e6b376e5b1de37023ed4934278eba066f2d3042b0d534ca8',
        redeemScript: '',
        witnessScript: '',
        amount: 0.37977
      }
    ]

      at BitcoinClient.signTransaction (src/core/bitcoin.ts:153:11)

  console.log
    Signed spell transaction bytes: 02000000000102c9a69c21deff4084fb8640a170d03cd126e203c97b52ab670aa26d8df8324ca90100000000ffffffff19b317f4bbe26736c51daa1a2cca22eec53dc1bfefd8c4db1f51c0fb7e097f930000000000ffffffff03e803000000000000160014a5575807795436da9a90da1140f4104a6672b78ce803000000000000160014f75f4ac5203848f8b36166eff0dd9e62da16af20441b3a02000000001600142b1f21f89deb83ddc0aed7ded520258587923b87014181165a3f83a0ebfcc4cba02d21c77bc57d6bcaa70ea87beb431fced7fc386801aa382e31c0ebbd824e5beda6b59bf9eaba274c2da7611b21284321df21521a0481034148232aac6147519e6679dfcd6ed422db1e89b37c4884db11ccbe2bab888fb139b0955527bd5899363c5d7fccbe0bf505c21cc17c572376bae970f74f3b6fedd081fd0b010063057370656c6c4cde82a36776657273696f6e04627478a2647265667380646f75747382a100a166616d6f756e741a000a2c2aa100a166616d6f756e741a00051616716170705f7075626c69635f696e70757473a183617498201826187118e3183718fe18e9185218ff182d185b185e18b204188218eb185b18a6182c18db182418c818c3185b0d1823184d1855187618ef184b18d213982018d618d018761869184918e918de184f18510817183f184118ba184d18381866189318b9011876188318a0181f18af184918d01118a9186518821859a166616374696f6e687472616e736d6974806820cc67dd7ac49de12185e17037e5b483e65ecc59743fdb3a7fbaa333a8860a5d22ac21c0cc67dd7ac49de12185e17037e5b483e65ecc59743fdb3a7fbaa333a8860a5d2200000000

      at transmitCli (src/cli/transmit.ts:100:10)

  console.log
    Transmitting spell...

      at transmitSpell (src/api/spell-operations.ts:178:10)

  console.log
    !!!!!! Signing transaction with inputs: undefined

      at BitcoinClient.signTransaction (src/core/bitcoin.ts:153:11)

  console.info
    Sending commitment transaction: 02000000000101c9a69c21deff4084fb8640a170d03cd126e203c97b52ab670aa26d8df8324ca90200000000ffffffff01a87b4302000000002251207165e41159de03b0e6b376e5b1de37023ed4934278eba066f2d3042b0d534ca80247304402203056f3949cdaa9ea1d30079dcc584fdc8b74067ce25f06c6693a0914b38353c3022065f24527b00c5b37dd670a25a48f9c2e5c186b34438da780f6809b8d2bda0d868121031f3c9097af083bed2ccbaaa1f576ff92b88ff590bcc7c70c3a0d7e678d2c6bc500000000

      at transmitSpell (src/api/spell-operations.ts:186:10)

  console.info
    Sending spell transaction: 02000000000102c9a69c21deff4084fb8640a170d03cd126e203c97b52ab670aa26d8df8324ca90100000000ffffffff19b317f4bbe26736c51daa1a2cca22eec53dc1bfefd8c4db1f51c0fb7e097f930000000000ffffffff03e803000000000000160014a5575807795436da9a90da1140f4104a6672b78ce803000000000000160014f75f4ac5203848f8b36166eff0dd9e62da16af20441b3a02000000001600142b1f21f89deb83ddc0aed7ded520258587923b87014181165a3f83a0ebfcc4cba02d21c77bc57d6bcaa70ea87beb431fced7fc386801aa382e31c0ebbd824e5beda6b59bf9eaba274c2da7611b21284321df21521a0481034148232aac6147519e6679dfcd6ed422db1e89b37c4884db11ccbe2bab888fb139b0955527bd5899363c5d7fccbe0bf505c21cc17c572376bae970f74f3b6fedd081fd0b010063057370656c6c4cde82a36776657273696f6e04627478a2647265667380646f75747382a100a166616d6f756e741a000a2c2aa100a166616d6f756e741a00051616716170705f7075626c69635f696e70757473a183617498201826187118e3183718fe18e9185218ff182d185b185e18b204188218eb185b18a6182c18db182418c818c3185b0d1823184d1855187618ef184b18d213982018d618d018761869184918e918de184f18510817183f184118ba184d18381866189318b9011876188318a0181f18af184918d01118a9186518821859a166616374696f6e687472616e736d6974806820cc67dd7ac49de12185e17037e5b483e65ecc59743fdb3a7fbaa333a8860a5d22ac21c0cc67dd7ac49de12185e17037e5b483e65ecc59743fdb3a7fbaa333a8860a5d2200000000

      at transmitSpell (src/api/spell-operations.ts:194:10)

  console.log
    Spell transmitted successfully: [
      '937f097efbc0511fdbc4d8efbfc13dc5ee22ca2c1aaa1dc53667e2bbf417b319',
      '560dabc69cec244007d76f081ec2bbaaee35e4d8a38ee95bff66ced9017e3280'
    ]

      at transmitSpell (src/api/spell-operations.ts:200:10)

  console.log
    Transmit Result: [
      '937f097efbc0511fdbc4d8efbfc13dc5ee22ca2c1aaa1dc53667e2bbf417b319',
      '560dabc69cec244007d76f081ec2bbaaee35e4d8a38ee95bff66ced9017e3280'
    ]

      at Object.<anonymous> (tests/pegin-transmit-e2e.test.ts:89:13)

PASS tests/pegin-transmit-e2e.test.ts (180.139 s)
  peg-in and transmit e2e test
    ✓ should deploy, then peg-in, then transmit successfully (179403 ms)

Test Suites: 1 passed, 1 total
Tests:       1 passed, 1 total
Snapshots:   0 total
Time:        180.186 s
Ran all test suites matching /\/Users\/gadiguy\/workspace\/grail-pro-charms\/tests\/pegin-transmit-e2e.test.ts/i with tests matching "peg-in and transmit e2e test".
